e:\mt3\client\mt3win32app\mt3.debug.win32\vc120.pdb
e:\mt3\client\mt3win32app\mt3.debug.win32\vc120.idb
e:\mt3\client\mt3win32app\mt3.debug.win32\crashdump.obj
e:\mt3\client\mt3win32app\mt3.debug.win32\main.obj
e:\mt3\client\mt3win32app\mt3.debug.win32\platform_stub.obj
e:\mt3\client\mt3win32app\debug.win32\mt3.exe
e:\mt3\client\mt3win32app\debug.win32\mt3.map
e:\mt3\client\mt3win32app\debug.win32\mt3.lib
e:\mt3\client\mt3win32app\debug.win32\mt3.exp
e:\mt3\client\mt3win32app\mt3.debug.win32\mt3.res
e:\mt3\client\mt3win32app\mt3.debug.win32\mt3.tlog\cl.command.1.tlog
e:\mt3\client\mt3win32app\mt3.debug.win32\mt3.tlog\cl.read.1.tlog
e:\mt3\client\mt3win32app\mt3.debug.win32\mt3.tlog\cl.write.1.tlog
e:\mt3\client\mt3win32app\mt3.debug.win32\mt3.tlog\link.command.1.tlog
e:\mt3\client\mt3win32app\mt3.debug.win32\mt3.tlog\link.read.1.tlog
e:\mt3\client\mt3win32app\mt3.debug.win32\mt3.tlog\link.write.1.tlog
e:\mt3\client\mt3win32app\mt3.debug.win32\mt3.tlog\mt3.write.1u.tlog
e:\mt3\client\mt3win32app\mt3.debug.win32\mt3.tlog\rc.command.1.tlog
e:\mt3\client\mt3win32app\mt3.debug.win32\mt3.tlog\rc.read.1.tlog
e:\mt3\client\mt3win32app\mt3.debug.win32\mt3.tlog\rc.write.1.tlog
