e:\mt3\client\mt3win32app\fireclient.debug.win32\amr_dec.obj
e:\mt3\client\mt3win32app\fireclient.debug.win32\amr_enc.obj
e:\mt3\client\mt3win32app\fireclient.debug.win32\arttextmanager.obj
e:\mt3\client\mt3win32app\fireclient.debug.win32\audio.obj
e:\mt3\client\mt3win32app\fireclient.debug.win32\base64.obj
e:\mt3\client\mt3win32app\fireclient.debug.win32\battleillusion.obj
e:\mt3\client\mt3win32app\fireclient.debug.win32\battlemagiccontrol.obj
e:\mt3\client\mt3win32app\fireclient.debug.win32\battlemanagerdemo.obj
e:\mt3\client\mt3win32app\fireclient.debug.win32\battlemanageroperate.obj
e:\mt3\client\mt3win32app\fireclient.debug.win32\battlemanager_ai.obj
e:\mt3\client\mt3win32app\fireclient.debug.win32\battlemanager_protocol.obj
e:\mt3\client\mt3win32app\fireclient.debug.win32\battlemanager_render.obj
e:\mt3\client\mt3win32app\fireclient.debug.win32\battlemanager_replay.obj
e:\mt3\client\mt3win32app\fireclient.debug.win32\battlemanager_watch.obj
e:\mt3\client\mt3win32app\fireclient.debug.win32\battler.obj
e:\mt3\client\mt3win32app\fireclient.debug.win32\battlereplaymanager.obj
e:\mt3\client\mt3win32app\fireclient.debug.win32\battlescriptplayer.obj
e:\mt3\client\mt3win32app\fireclient.debug.win32\callluautil.obj
e:\mt3\client\mt3win32app\fireclient.debug.win32\ceguiimedelegate.obj
e:\mt3\client\mt3win32app\fireclient.debug.win32\channelmanager.obj
e:\mt3\client\mt3win32app\fireclient.debug.win32\character.obj
e:\mt3\client\mt3win32app\fireclient.debug.win32\chinesecode.obj
e:\mt3\client\mt3win32app\fireclient.debug.win32\componentsobject.obj
e:\mt3\client\mt3win32app\fireclient.debug.win32\configmanager.obj
e:\mt3\client\mt3win32app\fireclient.debug.win32\connectgetserverinfo.obj
e:\mt3\client\mt3win32app\fireclient.debug.win32\devicedata.obj
e:\mt3\client\mt3win32app\fireclient.debug.win32\deviceinfo.obj
e:\mt3\client\mt3win32app\fireclient.debug.win32\dialog.obj
e:\mt3\client\mt3win32app\fireclient.debug.win32\downloadmanager.obj
e:\mt3\client\mt3win32app\fireclient.debug.win32\droptitem.obj
e:\mt3\client\mt3win32app\fireclient.debug.win32\emotionmanager.obj
e:\mt3\client\mt3win32app\fireclient.debug.win32\follownpc.obj
e:\mt3\client\mt3win32app\fireclient.debug.win32\fossicknpc.obj
e:\mt3\client\mt3win32app\fireclient.debug.win32\friendvisitor.obj
e:\mt3\client\mt3win32app\fireclient.debug.win32\gameapplication.obj
e:\mt3\client\mt3win32app\fireclient.debug.win32\gamecenter_crossplatform.obj
e:\mt3\client\mt3win32app\fireclient.debug.win32\gamecenter_nonios.obj
e:\mt3\client\mt3win32app\fireclient.debug.win32\gameoperatestate.obj
e:\mt3\client\mt3win32app\fireclient.debug.win32\gamescene.obj
e:\mt3\client\mt3win32app\fireclient.debug.win32\gamestatemanager.obj
e:\mt3\client\mt3win32app\fireclient.debug.win32\gameuimanager.obj
e:\mt3\client\mt3win32app\fireclient.debug.win32\gwebbrowser.obj
e:\mt3\client\mt3win32app\fireclient.debug.win32\httpclient.obj
e:\mt3\client\mt3win32app\fireclient.debug.win32\iconmanager.obj
e:\mt3\client\mt3win32app\fireclient.debug.win32\inimanager.obj
e:\mt3\client\mt3win32app\fireclient.debug.win32\iticktimer.obj
e:\mt3\client\mt3win32app\fireclient.debug.win32\locationdetector_crossplatform.obj
e:\mt3\client\mt3win32app\fireclient.debug.win32\locationdetector_win32.obj
e:\mt3\client\mt3win32app\fireclient.debug.win32\loginmanager.obj
e:\mt3\client\mt3win32app\fireclient.debug.win32\luaenginewin32.obj
e:\mt3\client\mt3win32app\fireclient.debug.win32\luafireclientwin32.obj
e:\mt3\client\mt3win32app\fireclient.debug.win32\luamessagetask.obj
e:\mt3\client\mt3win32app\fireclient.debug.win32\luatickerregister.obj
e:\mt3\client\mt3win32app\fireclient.debug.win32\luaxprendereffect.obj
e:\mt3\client\mt3win32app\fireclient.debug.win32\lyrics.obj
e:\mt3\client\mt3win32app\fireclient.debug.win32\maincharacter.obj
e:\mt3\client\mt3win32app\fireclient.debug.win32\mainroledatamanager.obj
e:\mt3\client\mt3win32app\fireclient.debug.win32\mapwalker.obj
e:\mt3\client\mt3win32app\fireclient.debug.win32\messagemanager.obj
e:\mt3\client\mt3win32app\fireclient.debug.win32\messagetask.obj
e:\mt3\client\mt3win32app\fireclient.debug.win32\moviescenenpc.obj
e:\mt3\client\mt3win32app\fireclient.debug.win32\moviesection.obj
e:\mt3\client\mt3win32app\fireclient.debug.win32\musicsoundvolumemixer.obj
e:\mt3\client\mt3win32app\fireclient.debug.win32\mywebbrowser.obj
e:\mt3\client\mt3win32app\fireclient.debug.win32\netconnection.obj
e:\mt3\client\mt3win32app\fireclient.debug.win32\newroleguidemanager.obj
e:\mt3\client\mt3win32app\fireclient.debug.win32\npc.obj
e:\mt3\client\mt3win32app\fireclient.debug.win32\oggenc.obj
e:\mt3\client\mt3win32app\fireclient.debug.win32\olecontainer.obj
e:\mt3\client\mt3win32app\fireclient.debug.win32\pet.obj
e:\mt3\client\mt3win32app\fireclient.debug.win32\platform.obj
e:\mt3\client\mt3win32app\fireclient.debug.win32\protocolluafunmanager.obj
e:\mt3\client\mt3win32app\fireclient.debug.win32\resample.obj
e:\mt3\client\mt3win32app\fireclient.debug.win32\resolutionadapter.obj
e:\mt3\client\mt3win32app\fireclient.debug.win32\roleitem.obj
e:\mt3\client\mt3win32app\fireclient.debug.win32\roleitemmanager.obj
e:\mt3\client\mt3win32app\fireclient.debug.win32\rpcgen.obj
e:\mt3\client\mt3win32app\fireclient.debug.win32\sceneeffect.obj
e:\mt3\client\mt3win32app\fireclient.debug.win32\scenemoviemanager.obj
e:\mt3\client\mt3win32app\fireclient.debug.win32\scenenpc.obj
e:\mt3\client\mt3win32app\fireclient.debug.win32\sceneobject.obj
e:\mt3\client\mt3win32app\fireclient.debug.win32\skeleton.obj
e:\mt3\client\mt3win32app\fireclient.debug.win32\skill.obj
e:\mt3\client\mt3win32app\fireclient.debug.win32\skillbuilder.obj
e:\mt3\client\mt3win32app\fireclient.debug.win32\soundcapturer.obj
e:\mt3\client\mt3win32app\fireclient.debug.win32\spacemanager.obj
e:\mt3\client\mt3win32app\fireclient.debug.win32\sp_dec.obj
e:\mt3\client\mt3win32app\fireclient.debug.win32\sp_enc.obj
e:\mt3\client\mt3win32app\fireclient.debug.win32\stdafx.obj
e:\mt3\client\mt3win32app\fireclient.debug.win32\tabledatamanager.obj
e:\mt3\client\mt3win32app\fireclient.debug.win32\taskonoffeffectmanager.obj
e:\mt3\client\mt3win32app\fireclient.debug.win32\uispinesprite.obj
e:\mt3\client\mt3win32app\fireclient.debug.win32\uisprite.obj
e:\mt3\client\mt3win32app\fireclient.debug.win32\utils2.obj
e:\mt3\client\mt3win32app\fireclient.debug.win32\voice.obj
e:\mt3\client\mt3win32app\fireclient.debug.win32\voicemanager.obj
e:\mt3\client\mt3win32app\fireclient.debug.win32\wavefile.obj
e:\mt3\client\mt3win32app\fireclient.debug.win32\wavrecorder.obj
e:\mt3\client\mt3win32app\fireclient.debug.win32\winsdk.obj
e:\mt3\client\mt3win32app\fireclient.debug.win32\xprendereffect.obj
e:\mt3\client\mt3win32app\fireclient.debug.win32\fireclient.pch
e:\mt3\client\mt3win32app\fireclient.debug.win32\vc120.idb
e:\mt3\client\mt3win32app\fireclient.debug.win32\vc120.pdb
e:\mt3\client\mt3win32app\debug.win32\fireclient.lib
