e:\mt3\cocos2d-x-2.2.6\external\chipmunk\proj.win32\debug.win32\vc120.pdb
e:\mt3\cocos2d-x-2.2.6\external\chipmunk\proj.win32\debug.win32\vc120.idb
e:\mt3\cocos2d-x-2.2.6\external\chipmunk\proj.win32\debug.win32\cpshape.obj
e:\mt3\cocos2d-x-2.2.6\external\chipmunk\proj.win32\debug.win32\cpspace.obj
e:\mt3\cocos2d-x-2.2.6\external\chipmunk\proj.win32\debug.win32\cpspacecomponent.obj
e:\mt3\cocos2d-x-2.2.6\external\chipmunk\proj.win32\debug.win32\cpspacehash.obj
e:\mt3\cocos2d-x-2.2.6\external\chipmunk\proj.win32\debug.win32\cpspacequery.obj
e:\mt3\cocos2d-x-2.2.6\external\chipmunk\proj.win32\debug.win32\cpspacestep.obj
e:\mt3\cocos2d-x-2.2.6\external\chipmunk\proj.win32\debug.win32\cpspatialindex.obj
e:\mt3\cocos2d-x-2.2.6\external\chipmunk\proj.win32\debug.win32\cpsweep1d.obj
e:\mt3\cocos2d-x-2.2.6\external\chipmunk\proj.win32\debug.win32\cpvect.obj
e:\mt3\cocos2d-x-2.2.6\external\chipmunk\proj.win32\debug.win32\cpconstraint.obj
e:\mt3\cocos2d-x-2.2.6\external\chipmunk\proj.win32\debug.win32\cpdampedrotaryspring.obj
e:\mt3\cocos2d-x-2.2.6\external\chipmunk\proj.win32\debug.win32\cpdampedspring.obj
e:\mt3\cocos2d-x-2.2.6\external\chipmunk\proj.win32\debug.win32\cpgearjoint.obj
e:\mt3\cocos2d-x-2.2.6\external\chipmunk\proj.win32\debug.win32\cpgroovejoint.obj
e:\mt3\cocos2d-x-2.2.6\external\chipmunk\proj.win32\debug.win32\cppinjoint.obj
e:\mt3\cocos2d-x-2.2.6\external\chipmunk\proj.win32\debug.win32\cppivotjoint.obj
e:\mt3\cocos2d-x-2.2.6\external\chipmunk\proj.win32\debug.win32\cpratchetjoint.obj
e:\mt3\cocos2d-x-2.2.6\external\chipmunk\proj.win32\debug.win32\cprotarylimitjoint.obj
e:\mt3\cocos2d-x-2.2.6\external\chipmunk\proj.win32\debug.win32\cpsimplemotor.obj
e:\mt3\cocos2d-x-2.2.6\external\chipmunk\proj.win32\debug.win32\cpslidejoint.obj
e:\mt3\cocos2d-x-2.2.6\external\chipmunk\proj.win32\debug.win32\chipmunk.obj
e:\mt3\cocos2d-x-2.2.6\external\chipmunk\proj.win32\debug.win32\cparbiter.obj
e:\mt3\cocos2d-x-2.2.6\external\chipmunk\proj.win32\debug.win32\cparray.obj
e:\mt3\cocos2d-x-2.2.6\external\chipmunk\proj.win32\debug.win32\cpbb.obj
e:\mt3\cocos2d-x-2.2.6\external\chipmunk\proj.win32\debug.win32\cpbbtree.obj
e:\mt3\cocos2d-x-2.2.6\external\chipmunk\proj.win32\debug.win32\cpbody.obj
e:\mt3\cocos2d-x-2.2.6\external\chipmunk\proj.win32\debug.win32\cpcollision.obj
e:\mt3\cocos2d-x-2.2.6\external\chipmunk\proj.win32\debug.win32\cphashset.obj
e:\mt3\cocos2d-x-2.2.6\external\chipmunk\proj.win32\debug.win32\cppolyshape.obj
e:\mt3\cocos2d-x-2.2.6\debug.win32\libchipmunk.lib
e:\mt3\cocos2d-x-2.2.6\external\chipmunk\proj.win32\debug.win32\libchipmunk.tlog\cl.command.1.tlog
e:\mt3\cocos2d-x-2.2.6\external\chipmunk\proj.win32\debug.win32\libchipmunk.tlog\cl.read.1.tlog
e:\mt3\cocos2d-x-2.2.6\external\chipmunk\proj.win32\debug.win32\libchipmunk.tlog\cl.write.1.tlog
e:\mt3\cocos2d-x-2.2.6\external\chipmunk\proj.win32\debug.win32\libchipmunk.tlog\lib-link.read.1.tlog
e:\mt3\cocos2d-x-2.2.6\external\chipmunk\proj.win32\debug.win32\libchipmunk.tlog\lib-link.write.1.tlog
e:\mt3\cocos2d-x-2.2.6\external\chipmunk\proj.win32\debug.win32\libchipmunk.tlog\lib.command.1.tlog
