22/07/2026 20:58:25 (Std) 	+-+-+-+-+-+-+-+-+-+-+-+-+-+-+-+-+-+-+-+-+-+-+-+-+-+-+-+-+-+-+-+-+-+-+-+-+-+-+-+
22/07/2026 20:58:25 (Std) 	+                     Crazy Eddie's GUI System - Event log                    +
22/07/2026 20:58:25 (Std) 	+                          (http://www.cegui.org.uk/)                         +
22/07/2026 20:58:25 (Std) 	+-+-+-+-+-+-+-+-+-+-+-+-+-+-+-+-+-+-+-+-+-+-+-+-+-+-+-+-+-+-+-+-+-+-+-+-+-+-+-+

22/07/2026 20:58:25 (Std) 	CEGUI::Logger singleton created. (16C49B00)
22/07/2026 20:58:25 (Std) 	
22/07/2026 20:58:25 (Std) 	********************************************************************************
22/07/2026 20:58:25 (Std) 	* Important:                                                                   *
22/07/2026 20:58:25 (Std) 	*     To get support at the CEGUI forums, you must post _at least_ the section *
22/07/2026 20:58:25 (Std) 	*     of this log file indicated below.  Failure to do this will result in no  *
22/07/2026 20:58:25 (Std) 	*     support being given; please do not waste our time.                       *
22/07/2026 20:58:25 (Std) 	********************************************************************************
22/07/2026 20:58:25 (Std) 	********************************************************************************
22/07/2026 20:58:25 (Std) 	* -------- START OF ESSENTIAL SECTION TO BE POSTED ON THE FORUM       -------- *
22/07/2026 20:58:25 (Std) 	********************************************************************************
22/07/2026 20:58:25 (Std) 	---- Version 0.7.1 (Build: Jan 11 2026 Microsoft Windows MSVC++ Great Scott! 32 bit) ----
22/07/2026 20:58:25 (Std) 	---- Renderer module is: CEGUI::OpenGLRenderer - Official OpenGL based 2nd generation renderer module.  TextureTarget support enabled via FBO extension. ----
22/07/2026 20:58:25 (Std) 	---- XML Parser module is: CEGUI::ExpatParser - Official expat based parser module for CEGUI ----
22/07/2026 20:58:25 (Std) 	---- Image Codec module is: SILLYImageCodec - Official SILLY based image codec ----
22/07/2026 20:58:25 (Std) 	---- Scripting module is: None ----
22/07/2026 20:58:25 (Std) 	********************************************************************************
22/07/2026 20:58:25 (Std) 	* -------- END OF ESSENTIAL SECTION TO BE POSTED ON THE FORUM         -------- *
22/07/2026 20:58:25 (Std) 	********************************************************************************
22/07/2026 20:58:25 (Std) 	
22/07/2026 20:58:25 (Std) 	---- Begining CEGUI System initialisation ----
22/07/2026 20:58:25 (Std) 	CEGUI::ImagesetManager singleton created (00D239E0)
22/07/2026 20:58:25 (Std) 	CEGUI::FontManager singleton created. (00D228A0)
22/07/2026 20:58:25 (Std) 	CEGUI::WindowFactoryManager singleton created
22/07/2026 20:58:25 (Std) 	CEGUI::WindowManager singleton created (0F56CFC0)
22/07/2026 20:58:25 (Std) 	CEGUI::SchemeManager singleton created. (00D23260)
22/07/2026 20:58:25 (Std) 	CEGUI::MouseCursor singleton created. (084515F8)
22/07/2026 20:58:25 (Std) 	CEGUI::GlobalEventSet singleton created. (08337800)
22/07/2026 20:58:25 (Std) 	CEGUI::WidgetLookManager singleton created. (08336D40)
22/07/2026 20:58:25 (Std) 	CEGUI::WindowRendererManager singleton created (08336D70)
22/07/2026 20:58:25 (Std) 	Created WindowFactory for 'DefaultWindow' windows.
22/07/2026 20:58:25 (Std) 	WindowFactory for 'DefaultWindow' windows added. (06D948F8)
22/07/2026 20:58:25 (Std) 	Created WindowFactory for 'DragContainer' windows.
22/07/2026 20:58:25 (Std) 	WindowFactory for 'DragContainer' windows added. (06D94A48)
22/07/2026 20:58:25 (Std) 	Created WindowFactory for 'ScrolledContainer' windows.
22/07/2026 20:58:25 (Std) 	WindowFactory for 'ScrolledContainer' windows added. (06D95810)
22/07/2026 20:58:25 (Std) 	Created WindowFactory for 'ClippedContainer' windows.
22/07/2026 20:58:25 (Std) 	WindowFactory for 'ClippedContainer' windows added. (06D958B8)
22/07/2026 20:58:25 (Std) 	Created WindowFactory for 'CEGUI/Checkbox' windows.
22/07/2026 20:58:25 (Std) 	WindowFactory for 'CEGUI/Checkbox' windows added. (06D94AF0)
22/07/2026 20:58:25 (Std) 	Created WindowFactory for 'CEGUI/PushButton' windows.
22/07/2026 20:58:25 (Std) 	WindowFactory for 'CEGUI/PushButton' windows added. (06D94EE0)
22/07/2026 20:58:25 (Std) 	Created WindowFactory for 'CEGUI/RadioButton' windows.
22/07/2026 20:58:25 (Std) 	WindowFactory for 'CEGUI/RadioButton' windows added. (00D09988)
22/07/2026 20:58:25 (Std) 	Created WindowFactory for 'CEGUI/Combobox' windows.
22/07/2026 20:58:25 (Std) 	WindowFactory for 'CEGUI/Combobox' windows added. (00D09448)
22/07/2026 20:58:25 (Std) 	Created WindowFactory for 'CEGUI/ComboDropList' windows.
22/07/2026 20:58:25 (Std) 	WindowFactory for 'CEGUI/ComboDropList' windows added. (00D094F0)
22/07/2026 20:58:25 (Std) 	Created WindowFactory for 'CEGUI/Editbox' windows.
22/07/2026 20:58:25 (Std) 	WindowFactory for 'CEGUI/Editbox' windows added. (00D09790)
22/07/2026 20:58:25 (Std) 	Created WindowFactory for 'CEGUI/FrameWindow' windows.
22/07/2026 20:58:25 (Std) 	WindowFactory for 'CEGUI/FrameWindow' windows added. (00D09838)
22/07/2026 20:58:25 (Std) 	Created WindowFactory for 'CEGUI/ItemEntry' windows.
22/07/2026 20:58:25 (Std) 	WindowFactory for 'CEGUI/ItemEntry' windows added. (00D098E0)
22/07/2026 20:58:25 (Std) 	Created WindowFactory for 'CEGUI/Listbox' windows.
22/07/2026 20:58:25 (Std) 	WindowFactory for 'CEGUI/Listbox' windows added. (16C6AEE8)
22/07/2026 20:58:25 (Std) 	Created WindowFactory for 'CEGUI/ListHeader' windows.
22/07/2026 20:58:25 (Std) 	WindowFactory for 'CEGUI/ListHeader' windows added. (16C6B4D0)
22/07/2026 20:58:25 (Std) 	Created WindowFactory for 'CEGUI/ListHeaderSegment' windows.
22/07/2026 20:58:25 (Std) 	WindowFactory for 'CEGUI/ListHeaderSegment' windows added. (16C6B6C8)
22/07/2026 20:58:25 (Std) 	Created WindowFactory for 'CEGUI/Menubar' windows.
22/07/2026 20:58:25 (Std) 	WindowFactory for 'CEGUI/Menubar' windows added. (16C6B770)
22/07/2026 20:58:25 (Std) 	Created WindowFactory for 'CEGUI/PopupMenu' windows.
22/07/2026 20:58:25 (Std) 	WindowFactory for 'CEGUI/PopupMenu' windows added. (16C6AD98)
22/07/2026 20:58:25 (Std) 	Created WindowFactory for 'CEGUI/MenuItem' windows.
22/07/2026 20:58:25 (Std) 	WindowFactory for 'CEGUI/MenuItem' windows added. (16C6B2D8)
22/07/2026 20:58:25 (Std) 	Created WindowFactory for 'CEGUI/MultiColumnList' windows.
22/07/2026 20:58:25 (Std) 	WindowFactory for 'CEGUI/MultiColumnList' windows added. (16C6B818)
22/07/2026 20:58:25 (Std) 	Created WindowFactory for 'CEGUI/MultiLineEditbox' windows.
22/07/2026 20:58:25 (Std) 	WindowFactory for 'CEGUI/MultiLineEditbox' windows added. (16C6AE40)
22/07/2026 20:58:25 (Std) 	Created WindowFactory for 'CEGUI/ProgressBar' windows.
22/07/2026 20:58:25 (Std) 	WindowFactory for 'CEGUI/ProgressBar' windows added. (16C6BAB8)
22/07/2026 20:58:25 (Std) 	Created WindowFactory for 'CEGUI/ScrollablePane' windows.
22/07/2026 20:58:25 (Std) 	WindowFactory for 'CEGUI/ScrollablePane' windows added. (16C6B620)
22/07/2026 20:58:25 (Std) 	Created WindowFactory for 'CEGUI/Scrollbar' windows.
22/07/2026 20:58:25 (Std) 	WindowFactory for 'CEGUI/Scrollbar' windows added. (16C6B8C0)
22/07/2026 20:58:25 (Std) 	Created WindowFactory for 'CEGUI/Slider' windows.
22/07/2026 20:58:25 (Std) 	WindowFactory for 'CEGUI/Slider' windows added. (16C6B0E0)
22/07/2026 20:58:25 (Std) 	Created WindowFactory for 'CEGUI/Spinner' windows.
22/07/2026 20:58:25 (Std) 	WindowFactory for 'CEGUI/Spinner' windows added. (16C6B968)
22/07/2026 20:58:25 (Std) 	Created WindowFactory for 'CEGUI/TabButton' windows.
22/07/2026 20:58:25 (Std) 	WindowFactory for 'CEGUI/TabButton' windows added. (16C6B188)
22/07/2026 20:58:25 (Std) 	Created WindowFactory for 'CEGUI/TabControl' windows.
22/07/2026 20:58:25 (Std) 	WindowFactory for 'CEGUI/TabControl' windows added. (16C6AF90)
22/07/2026 20:58:25 (Std) 	Created WindowFactory for 'CEGUI/Thumb' windows.
22/07/2026 20:58:25 (Std) 	WindowFactory for 'CEGUI/Thumb' windows added. (16C6AA50)
22/07/2026 20:58:25 (Std) 	Created WindowFactory for 'CEGUI/Titlebar' windows.
22/07/2026 20:58:25 (Std) 	WindowFactory for 'CEGUI/Titlebar' windows added. (16C6AAF8)
22/07/2026 20:58:25 (Std) 	Created WindowFactory for 'CEGUI/Tooltip' windows.
22/07/2026 20:58:25 (Std) 	WindowFactory for 'CEGUI/Tooltip' windows added. (16C6B230)
22/07/2026 20:58:25 (Std) 	Created WindowFactory for 'CEGUI/ItemListbox' windows.
22/07/2026 20:58:25 (Std) 	WindowFactory for 'CEGUI/ItemListbox' windows added. (16C6A7B0)
22/07/2026 20:58:25 (Std) 	Created WindowFactory for 'CEGUI/GroupBox' windows.
22/07/2026 20:58:25 (Std) 	WindowFactory for 'CEGUI/GroupBox' windows added. (16C6BB60)
22/07/2026 20:58:25 (Std) 	Created WindowFactory for 'CEGUI/Tree' windows.
22/07/2026 20:58:25 (Std) 	WindowFactory for 'CEGUI/Tree' windows added. (16C6B380)
22/07/2026 20:58:25 (Std) 	Window type alias named 'DefaultGUISheet' added for window type 'DefaultWindow'.
22/07/2026 20:58:25 (Std) 	CEGUI::System singleton created. (16C49930)
22/07/2026 20:58:25 (Std) 	---- CEGUI System initialisation completed ----
22/07/2026 20:58:25 (Std) 	
22/07/2026 20:58:25 (Info) 	CEImagesetEditor: Logger level configured
22/07/2026 20:58:25 (Info) 	CEImagesetEditor: registering ElasticBox factories
22/07/2026 20:58:25 (Std) 	WindowFactory for 'CEImagesetEditor/ElasticBox' windows added. (00819CA0)
22/07/2026 20:58:25 (Std) 	WindowRendererFactory 'CEImagesetEditor/ElasticBoxRenderer' added. (00819D48)
22/07/2026 20:58:25 (Info) 	CEImagesetEditor: ElasticBox factories registered
22/07/2026 20:58:25 (Info) 	CEImagesetEditor: resource group 'editor_data' = \MT3\client\resource\tools\CEImagesetEditor-0.7.1\data/
22/07/2026 20:58:25 (Info) 	CEImagesetEditor: loading scheme CEImagesetEditor.scheme
22/07/2026 20:58:25 (Std) 	Started creation of Scheme from XML specification:
22/07/2026 20:58:25 (Std) 	---- CEGUI GUIScheme name: CEImagesetEditor
22/07/2026 20:58:25 (Info) 	Finished creation of GUIScheme 'CEImagesetEditor' via XML file. (06D81728)
22/07/2026 20:58:25 (Info) 	---- Begining resource loading for GUI scheme 'CEImagesetEditor' ----
22/07/2026 20:58:25 (Std) 	Started creation of Imageset from XML specification:
22/07/2026 20:58:25 (Std) 	---- CEGUI Imageset name: CEImagesetEditor
22/07/2026 20:58:25 (Std) 	---- Source texture file: CEImagesetEditor.tga in resource group: (Default)
22/07/2026 20:58:25 (Info) 	Finished creation of Imageset 'CEImagesetEditor' via XML file. (00C68230)
22/07/2026 20:58:25 (Std) 	===== Falagard 'root' element: look and feel parsing begins =====
22/07/2026 20:58:25 (Info) 	---> Start of definition for widget look 'CEImagesetEditor/StaticImage'.
22/07/2026 20:58:25 (Info) 	---< End of definition for widget look 'CEImagesetEditor/StaticImage'.
22/07/2026 20:58:25 (Info) 	---> Start of definition for widget look 'CEImagesetEditor/ElasticBox'.
22/07/2026 20:58:25 (Info) 	---< End of definition for widget look 'CEImagesetEditor/ElasticBox'.
22/07/2026 20:58:25 (Std) 	===== Look and feel parsing completed =====
22/07/2026 20:58:25 (Std) 	Created WindowRendererFactory for 'Falagard/StaticImage' WindowRenderers.
22/07/2026 20:58:25 (Std) 	WindowRendererFactory 'Falagard/StaticImage' added. (16C6B038)
22/07/2026 20:58:25 (Std) 	Creating falagard mapping for type 'CEImagesetEditor/StaticImage' using base type 'DefaultWindow', window renderer 'Falagard/StaticImage' and Look'N'Feel 'CEImagesetEditor/StaticImage'. (0019DBD0)
22/07/2026 20:58:25 (Std) 	Creating falagard mapping for type 'CEImagesetEditor/ImageRegion' using base type 'CEImagesetEditor/ElasticBox', window renderer 'CEImagesetEditor/ElasticBoxRenderer' and Look'N'Feel 'CEImagesetEditor/ElasticBox'. (0019DBD0)
22/07/2026 20:58:25 (Info) 	---- Resource loading for GUI scheme 'CEImagesetEditor' completed ----
22/07/2026 20:58:25 (Info) 	CEImagesetEditor: scheme loaded
22/07/2026 20:58:25 (Info) 	CEImagesetEditor: creating GUI sheet
22/07/2026 20:58:25 (Info) 	CEImagesetEditor: creating __editor_static_image__ window
22/07/2026 20:58:25 (Info) 	Window '__editor_static_image__' of type 'CEImagesetEditor/StaticImage' has been created. (16C82210)
22/07/2026 20:58:25 (Info) 	Assigning the window renderer 'Falagard/StaticImage' to the window '__editor_static_image__'
22/07/2026 20:58:25 (Info) 	Assigning LookNFeel 'CEImagesetEditor/StaticImage' to window '__editor_static_image__'.
22/07/2026 20:58:25 (Info) 	CEImagesetEditor: GUI sheet created
22/07/2026 20:58:25 (Std) 	Display resize: w=3486 h=1946
22/07/2026 20:58:25 (Std) 	Display resize: w=3512 h=1946
22/07/2026 20:58:25 (Std) 	Display resize: w=3512 h=1972
22/07/2026 21:11:29 (Info) 	CEImagesetEditor: cleanupCEGUI - removing custom factories
22/07/2026 21:11:29 (Std) 	WindowFactory for 'CEImagesetEditor/ElasticBox' windows removed. (00819CA0)
22/07/2026 21:11:29 (Info) 	CEImagesetEditor: ElasticBox factory removed
22/07/2026 21:11:29 (Std) 	WindowRendererFactory for 'CEImagesetEditor/ElasticBoxRenderer' WindowRenderers removed. (00819D48)
22/07/2026 21:11:29 (Info) 	CEImagesetEditor: ElasticBoxRenderer factory removed
22/07/2026 21:11:29 (Info) 	CEImagesetEditor: cleanupCEGUI - destroying CEGUI System
22/07/2026 21:11:29 (Std) 	---- Begining CEGUI System destruction ----
22/07/2026 21:11:29 (Info) 	Window '__editor_static_image__' has been added to dead pool. (16C82210)
22/07/2026 21:11:29 (Std) 	WindowFactory for 'CEGUI/Tree' windows removed. (16C6B380)
22/07/2026 21:11:29 (Std) 	Deleted WindowFactory for 'CEGUI/Tree' windows.
22/07/2026 21:11:29 (Std) 	WindowFactory for 'CEGUI/Thumb' windows removed. (16C6AA50)
22/07/2026 21:11:29 (Std) 	Deleted WindowFactory for 'CEGUI/Thumb' windows.
22/07/2026 21:11:29 (Std) 	WindowFactory for 'CEGUI/Slider' windows removed. (16C6B0E0)
22/07/2026 21:11:29 (Std) 	Deleted WindowFactory for 'CEGUI/Slider' windows.
22/07/2026 21:11:29 (Std) 	WindowFactory for 'CEGUI/Editbox' windows removed. (00D09790)
22/07/2026 21:11:29 (Std) 	Deleted WindowFactory for 'CEGUI/Editbox' windows.
22/07/2026 21:11:29 (Std) 	WindowFactory for 'CEGUI/Listbox' windows removed. (16C6AEE8)
22/07/2026 21:11:29 (Std) 	Deleted WindowFactory for 'CEGUI/Listbox' windows.
22/07/2026 21:11:29 (Std) 	WindowFactory for 'CEGUI/Menubar' windows removed. (16C6B770)
22/07/2026 21:11:29 (Std) 	Deleted WindowFactory for 'CEGUI/Menubar' windows.
22/07/2026 21:11:29 (Std) 	WindowFactory for 'CEGUI/Spinner' windows removed. (16C6B968)
22/07/2026 21:11:29 (Std) 	Deleted WindowFactory for 'CEGUI/Spinner' windows.
22/07/2026 21:11:29 (Std) 	WindowFactory for 'CEGUI/Tooltip' windows removed. (16C6B230)
22/07/2026 21:11:29 (Std) 	Deleted WindowFactory for 'CEGUI/Tooltip' windows.
22/07/2026 21:11:29 (Std) 	WindowFactory for 'DefaultWindow' windows removed. (06D948F8)
22/07/2026 21:11:29 (Std) 	Deleted WindowFactory for 'DefaultWindow' windows.
22/07/2026 21:11:29 (Std) 	WindowFactory for 'DragContainer' windows removed. (06D94A48)
22/07/2026 21:11:29 (Std) 	Deleted WindowFactory for 'DragContainer' windows.
22/07/2026 21:11:29 (Std) 	WindowFactory for 'CEGUI/Checkbox' windows removed. (06D94AF0)
22/07/2026 21:11:29 (Std) 	Deleted WindowFactory for 'CEGUI/Checkbox' windows.
22/07/2026 21:11:29 (Std) 	WindowFactory for 'CEGUI/Combobox' windows removed. (00D09448)
22/07/2026 21:11:29 (Std) 	Deleted WindowFactory for 'CEGUI/Combobox' windows.
22/07/2026 21:11:29 (Std) 	WindowFactory for 'CEGUI/GroupBox' windows removed. (16C6BB60)
22/07/2026 21:11:29 (Std) 	Deleted WindowFactory for 'CEGUI/GroupBox' windows.
22/07/2026 21:11:29 (Std) 	WindowFactory for 'CEGUI/MenuItem' windows removed. (16C6B2D8)
22/07/2026 21:11:29 (Std) 	Deleted WindowFactory for 'CEGUI/MenuItem' windows.
22/07/2026 21:11:29 (Std) 	WindowFactory for 'CEGUI/Titlebar' windows removed. (16C6AAF8)
22/07/2026 21:11:29 (Std) 	Deleted WindowFactory for 'CEGUI/Titlebar' windows.
22/07/2026 21:11:29 (Std) 	WindowFactory for 'CEGUI/ItemEntry' windows removed. (00D098E0)
22/07/2026 21:11:29 (Std) 	Deleted WindowFactory for 'CEGUI/ItemEntry' windows.
22/07/2026 21:11:29 (Std) 	WindowFactory for 'CEGUI/PopupMenu' windows removed. (16C6AD98)
22/07/2026 21:11:29 (Std) 	Deleted WindowFactory for 'CEGUI/PopupMenu' windows.
22/07/2026 21:11:29 (Std) 	WindowFactory for 'CEGUI/Scrollbar' windows removed. (16C6B8C0)
22/07/2026 21:11:29 (Std) 	Deleted WindowFactory for 'CEGUI/Scrollbar' windows.
22/07/2026 21:11:29 (Std) 	WindowFactory for 'CEGUI/TabButton' windows removed. (16C6B188)
22/07/2026 21:11:29 (Std) 	Deleted WindowFactory for 'CEGUI/TabButton' windows.
22/07/2026 21:11:29 (Std) 	WindowFactory for 'CEGUI/ListHeader' windows removed. (16C6B4D0)
22/07/2026 21:11:29 (Std) 	Deleted WindowFactory for 'CEGUI/ListHeader' windows.
22/07/2026 21:11:29 (Std) 	WindowFactory for 'CEGUI/PushButton' windows removed. (06D94EE0)
22/07/2026 21:11:29 (Std) 	Deleted WindowFactory for 'CEGUI/PushButton' windows.
22/07/2026 21:11:29 (Std) 	WindowFactory for 'CEGUI/TabControl' windows removed. (16C6AF90)
22/07/2026 21:11:29 (Std) 	Deleted WindowFactory for 'CEGUI/TabControl' windows.
22/07/2026 21:11:29 (Std) 	WindowFactory for 'ClippedContainer' windows removed. (06D958B8)
22/07/2026 21:11:29 (Std) 	Deleted WindowFactory for 'ClippedContainer' windows.
22/07/2026 21:11:29 (Std) 	WindowFactory for 'CEGUI/FrameWindow' windows removed. (00D09838)
22/07/2026 21:11:29 (Std) 	Deleted WindowFactory for 'CEGUI/FrameWindow' windows.
22/07/2026 21:11:29 (Std) 	WindowFactory for 'CEGUI/ItemListbox' windows removed. (16C6A7B0)
22/07/2026 21:11:29 (Std) 	Deleted WindowFactory for 'CEGUI/ItemListbox' windows.
22/07/2026 21:11:29 (Std) 	WindowFactory for 'CEGUI/ProgressBar' windows removed. (16C6BAB8)
22/07/2026 21:11:29 (Std) 	Deleted WindowFactory for 'CEGUI/ProgressBar' windows.
22/07/2026 21:11:29 (Std) 	WindowFactory for 'CEGUI/RadioButton' windows removed. (00D09988)
22/07/2026 21:11:29 (Std) 	Deleted WindowFactory for 'CEGUI/RadioButton' windows.
22/07/2026 21:11:29 (Std) 	WindowFactory for 'ScrolledContainer' windows removed. (06D95810)
22/07/2026 21:11:29 (Std) 	Deleted WindowFactory for 'ScrolledContainer' windows.
22/07/2026 21:11:29 (Std) 	WindowFactory for 'CEGUI/ComboDropList' windows removed. (00D094F0)
22/07/2026 21:11:29 (Std) 	Deleted WindowFactory for 'CEGUI/ComboDropList' windows.
22/07/2026 21:11:29 (Std) 	WindowFactory for 'CEGUI/ScrollablePane' windows removed. (16C6B620)
22/07/2026 21:11:29 (Std) 	Deleted WindowFactory for 'CEGUI/ScrollablePane' windows.
22/07/2026 21:11:29 (Std) 	WindowFactory for 'CEGUI/MultiColumnList' windows removed. (16C6B818)
22/07/2026 21:11:29 (Std) 	Deleted WindowFactory for 'CEGUI/MultiColumnList' windows.
22/07/2026 21:11:29 (Std) 	WindowFactory for 'CEGUI/MultiLineEditbox' windows removed. (16C6AE40)
22/07/2026 21:11:29 (Std) 	Deleted WindowFactory for 'CEGUI/MultiLineEditbox' windows.
22/07/2026 21:11:29 (Std) 	WindowFactory for 'CEGUI/ListHeaderSegment' windows removed. (16C6B6C8)
22/07/2026 21:11:29 (Std) 	Deleted WindowFactory for 'CEGUI/ListHeaderSegment' windows.
22/07/2026 21:11:29 (Std) 	---- Begining cleanup of GUI Scheme system ----
22/07/2026 21:11:29 (Info) 	Object of type 'Scheme' named 'CEImagesetEditor' has been destroyed. (06D81728)
22/07/2026 21:11:29 (Info) 	---- Begining resource cleanup for GUI scheme 'CEImagesetEditor' ----
22/07/2026 21:11:29 (Info) 	Object of type 'Imageset' named 'CEImagesetEditor' has been destroyed. (00C68230)
22/07/2026 21:11:29 (Std) 	WindowRendererFactory for 'Falagard/StaticImage' WindowRenderers removed. (16C6B038)
22/07/2026 21:11:29 (Std) 	Deleted WindowRendererFactory for 'Falagard/StaticImage' WindowRenderers.
22/07/2026 21:11:29 (Info) 	---- Resource cleanup for GUI scheme 'CEImagesetEditor' completed ----
22/07/2026 21:11:29 (Info) 	GUI scheme 'CEImagesetEditor' has been unloaded (object destructor). (06D81728)
22/07/2026 21:11:29 (Std) 	CEGUI::SchemeManager singleton destroyed. (00D23260)
22/07/2026 21:11:29 (Std) 	CEGUI::WindowManager singleton destroyed (0F56CFC0)
22/07/2026 21:11:29 (Std) 	CEGUI::WindowFactoryManager singleton destroyed
22/07/2026 21:11:29 (Std) 	CEGUI::WidgetLookManager singleton destroyed. (08336D40)
22/07/2026 21:11:29 (Std) 	CEGUI::WindowRendererManager singleton destroyed (08336D70)
22/07/2026 21:11:29 (Std) 	---- Begining cleanup of Font system ----
22/07/2026 21:11:29 (Std) 	CEGUI::FontManager singleton destroyed. (00D228A0)
22/07/2026 21:11:29 (Std) 	CEGUI::MouseCursor singleton destroyed. (084515F8)
22/07/2026 21:11:29 (Std) 	---- Begining cleanup of Imageset system ----
22/07/2026 21:11:29 (Std) 	CEGUI::ImagesetManager singleton destroyed (00D239E0)
22/07/2026 21:11:29 (Std) 	CEGUI::GlobalEventSet singleton destroyed. (08337800)
22/07/2026 21:11:29 (Std) 	CEGUI::System singleton destroyed. (16C49930)
22/07/2026 21:11:29 (Std) 	---- CEGUI System destruction completed ----
22/07/2026 21:11:29 (Std) 	CEGUI::Logger singleton destroyed. (16C49B00)
