e:\mt3\cocos2d-x-2.2.6\scripting\lua\proj.win32\release.win32\vc120.pdb
e:\mt3\cocos2d-x-2.2.6\scripting\lua\proj.win32\release.win32\xxtea.obj
e:\mt3\cocos2d-x-2.2.6\scripting\lua\proj.win32\release.win32\lua_extensions_ccb.obj
e:\mt3\cocos2d-x-2.2.6\scripting\lua\proj.win32\release.win32\lua_cocos2dx_manual.obj
e:\mt3\cocos2d-x-2.2.6\scripting\lua\proj.win32\release.win32\lua_cocos2dx_extensions_manual.obj
e:\mt3\cocos2d-x-2.2.6\scripting\lua\proj.win32\release.win32\lua_cocos2dx_cocostudio_manual.obj
e:\mt3\cocos2d-x-2.2.6\scripting\lua\proj.win32\release.win32\luacocostudio.obj
e:\mt3\cocos2d-x-2.2.6\scripting\lua\proj.win32\release.win32\luacocos2d.obj
e:\mt3\cocos2d-x-2.2.6\scripting\lua\proj.win32\release.win32\cocos2dxlualoader.obj
e:\mt3\cocos2d-x-2.2.6\scripting\lua\proj.win32\release.win32\ccluavalue.obj
e:\mt3\cocos2d-x-2.2.6\scripting\lua\proj.win32\release.win32\ccluastack.obj
e:\mt3\cocos2d-x-2.2.6\scripting\lua\proj.win32\release.win32\ccluaengine.obj
e:\mt3\cocos2d-x-2.2.6\scripting\lua\proj.win32\release.win32\ccluabridge.obj
e:\mt3\cocos2d-x-2.2.6\scripting\lua\proj.win32\release.win32\ccbproxy.obj
e:\mt3\cocos2d-x-2.2.6\scripting\lua\proj.win32\release.win32\tolua_to.obj
e:\mt3\cocos2d-x-2.2.6\scripting\lua\proj.win32\release.win32\tolua_push.obj
e:\mt3\cocos2d-x-2.2.6\scripting\lua\proj.win32\release.win32\tolua_map.obj
e:\mt3\cocos2d-x-2.2.6\scripting\lua\proj.win32\release.win32\tolua_is.obj
e:\mt3\cocos2d-x-2.2.6\scripting\lua\proj.win32\release.win32\tolua_event.obj
e:\mt3\cocos2d-x-2.2.6\scripting\lua\proj.win32\release.win32\tolua_fix.obj
e:\mt3\cocos2d-x-2.2.6\release.win32\liblua.lib
e:\mt3\cocos2d-x-2.2.6\scripting\lua\proj.win32\release.win32\liblua.tlog\cl.command.1.tlog
e:\mt3\cocos2d-x-2.2.6\scripting\lua\proj.win32\release.win32\liblua.tlog\cl.read.1.tlog
e:\mt3\cocos2d-x-2.2.6\scripting\lua\proj.win32\release.win32\liblua.tlog\cl.write.1.tlog
e:\mt3\cocos2d-x-2.2.6\scripting\lua\proj.win32\release.win32\liblua.tlog\lib-link.read.1.tlog
e:\mt3\cocos2d-x-2.2.6\scripting\lua\proj.win32\release.win32\liblua.tlog\lib-link.write.1.tlog
e:\mt3\cocos2d-x-2.2.6\scripting\lua\proj.win32\release.win32\liblua.tlog\lib.command.1.tlog
