20/12/2013 11:49:32 (Std) 	+-+-+-+-+-+-+-+-+-+-+-+-+-+-+-+-+-+-+-+-+-+-+-+-+-+-+-+-+-+-+-+-+-+-+-+-+-+-+-+
20/12/2013 11:49:32 (Std) 	+                     Crazy Eddie's GUI System - Event log                    +
20/12/2013 11:49:32 (Std) 	+                          (http://www.cegui.org.uk/)                         +
20/12/2013 11:49:32 (Std) 	+-+-+-+-+-+-+-+-+-+-+-+-+-+-+-+-+-+-+-+-+-+-+-+-+-+-+-+-+-+-+-+-+-+-+-+-+-+-+-+

20/12/2013 11:49:32 (Std) 	CEGUI::Logger singleton created. (049FB7B0)
20/12/2013 11:49:32 (Std) 	
20/12/2013 11:49:32 (Std) 	********************************************************************************
20/12/2013 11:49:32 (Std) 	* Important:                                                                   *
20/12/2013 11:49:32 (Std) 	*     To get support at the CEGUI forums, you must post _at least_ the section *
20/12/2013 11:49:32 (Std) 	*     of this log file indicated below.  Failure to do this will result in no  *
20/12/2013 11:49:32 (Std) 	*     support being given; please do not waste our time.                       *
20/12/2013 11:49:32 (Std) 	********************************************************************************
20/12/2013 11:49:32 (Std) 	********************************************************************************
20/12/2013 11:49:32 (Std) 	* -------- START OF ESSENTIAL SECTION TO BE POSTED ON THE FORUM       -------- *
20/12/2013 11:49:32 (Std) 	********************************************************************************
20/12/2013 11:49:32 (Std) 	---- Version 0.7.9 (Build: Dec 17 2013 Debug Microsoft Windows MSVC++ 10.0 32 bit) ----
20/12/2013 11:49:32 (Std) 	---- Renderer module is: CEGUI::Direct3D9Renderer - Official Direct3D 9 based 2nd generation renderer module. ----
20/12/2013 11:49:32 (Std) 	---- XML Parser module is: CEGUI::ExpatParser - Official expat based parser module for CEGUI ----
20/12/2013 11:49:32 (Std) 	---- Image Codec module is: SILLYImageCodec - Official SILLY based image codec ----
20/12/2013 11:49:32 (Std) 	---- Scripting module is: None ----
20/12/2013 11:49:32 (Std) 	********************************************************************************
20/12/2013 11:49:32 (Std) 	* -------- END OF ESSENTIAL SECTION TO BE POSTED ON THE FORUM         -------- *
20/12/2013 11:49:32 (Std) 	********************************************************************************
20/12/2013 11:49:32 (Std) 	
20/12/2013 11:49:32 (Std) 	---- Begining CEGUI System initialisation ----
20/12/2013 11:49:32 (Std) 	CEGUI::ImagesetManager singleton created (049FCD50)
20/12/2013 11:49:32 (Std) 	CEGUI::FontManager singleton created. (049FD2E8)
20/12/2013 11:49:32 (Std) 	CEGUI::WindowFactoryManager singleton created
20/12/2013 11:49:32 (Std) 	CEGUI::WindowManager singleton created (049FD830)
20/12/2013 11:49:32 (Std) 	CEGUI::SchemeManager singleton created. (049FF3E8)
20/12/2013 11:49:32 (Std) 	CEGUI::MouseCursor singleton created. (049FF750)
20/12/2013 11:49:32 (Std) 	CEGUI::GlobalEventSet singleton created. (049FFAB0)
20/12/2013 11:49:32 (Std) 	CEGUI::AnimationManager singleton created (049FBCC8)
20/12/2013 11:49:32 (Std) 	CEGUI::WidgetLookManager singleton created. (04A011E8)
20/12/2013 11:49:32 (Std) 	CEGUI::WindowRendererManager singleton created (04A014B0)
20/12/2013 11:49:32 (Std) 	CEGUI::RenderEffectManager singleton created (04A01630)
20/12/2013 11:49:32 (Std) 	Created WindowFactory for 'DefaultWindow' windows.
20/12/2013 11:49:32 (Std) 	WindowFactory for 'DefaultWindow' windows added. (04A01868)
20/12/2013 11:49:32 (Std) 	Created WindowFactory for 'DragContainer' windows.
20/12/2013 11:49:32 (Std) 	WindowFactory for 'DragContainer' windows added. (04A01A68)
20/12/2013 11:49:32 (Std) 	Created WindowFactory for 'ScrolledContainer' windows.
20/12/2013 11:49:32 (Std) 	WindowFactory for 'ScrolledContainer' windows added. (04A01C70)
20/12/2013 11:49:32 (Std) 	Created WindowFactory for 'ClippedContainer' windows.
20/12/2013 11:49:32 (Std) 	WindowFactory for 'ClippedContainer' windows added. (04A01E78)
20/12/2013 11:49:32 (Std) 	Created WindowFactory for 'CEGUI/Checkbox' windows.
20/12/2013 11:49:32 (Std) 	WindowFactory for 'CEGUI/Checkbox' windows added. (04A02088)
20/12/2013 11:49:32 (Std) 	Created WindowFactory for 'CEGUI/PushButton' windows.
20/12/2013 11:49:32 (Std) 	WindowFactory for 'CEGUI/PushButton' windows added. (04A022A0)
20/12/2013 11:49:32 (Std) 	Created WindowFactory for 'CEGUI/RadioButton' windows.
20/12/2013 11:49:32 (Std) 	WindowFactory for 'CEGUI/RadioButton' windows added. (04A02460)
20/12/2013 11:49:32 (Std) 	Created WindowFactory for 'CEGUI/Combobox' windows.
20/12/2013 11:49:32 (Std) 	WindowFactory for 'CEGUI/Combobox' windows added. (04A02680)
20/12/2013 11:49:32 (Std) 	Created WindowFactory for 'CEGUI/ComboDropList' windows.
20/12/2013 11:49:32 (Std) 	WindowFactory for 'CEGUI/ComboDropList' windows added. (04A02840)
20/12/2013 11:49:32 (Std) 	Created WindowFactory for 'CEGUI/Editbox' windows.
20/12/2013 11:49:32 (Std) 	WindowFactory for 'CEGUI/Editbox' windows added. (04A02A00)
20/12/2013 11:49:32 (Std) 	Created WindowFactory for 'CEGUI/FrameWindow' windows.
20/12/2013 11:49:32 (Std) 	WindowFactory for 'CEGUI/FrameWindow' windows added. (04A02C30)
20/12/2013 11:49:32 (Std) 	Created WindowFactory for 'CEGUI/ItemEntry' windows.
20/12/2013 11:49:32 (Std) 	WindowFactory for 'CEGUI/ItemEntry' windows added. (04A02DF0)
20/12/2013 11:49:32 (Std) 	Created WindowFactory for 'CEGUI/Listbox' windows.
20/12/2013 11:49:32 (Std) 	WindowFactory for 'CEGUI/Listbox' windows added. (04A02FB0)
20/12/2013 11:49:32 (Std) 	Created WindowFactory for 'CEGUI/ListHeader' windows.
20/12/2013 11:49:32 (Std) 	WindowFactory for 'CEGUI/ListHeader' windows added. (04A03170)
20/12/2013 11:49:32 (Std) 	Created WindowFactory for 'CEGUI/ListHeaderSegment' windows.
20/12/2013 11:49:32 (Std) 	WindowFactory for 'CEGUI/ListHeaderSegment' windows added. (04A03330)
20/12/2013 11:49:32 (Std) 	Created WindowFactory for 'CEGUI/Menubar' windows.
20/12/2013 11:49:32 (Std) 	WindowFactory for 'CEGUI/Menubar' windows added. (04A035C0)
20/12/2013 11:49:32 (Std) 	Created WindowFactory for 'CEGUI/PopupMenu' windows.
20/12/2013 11:49:32 (Std) 	WindowFactory for 'CEGUI/PopupMenu' windows added. (04A03980)
20/12/2013 11:49:32 (Std) 	Created WindowFactory for 'CEGUI/MenuItem' windows.
20/12/2013 11:49:32 (Std) 	WindowFactory for 'CEGUI/MenuItem' windows added. (04A03A58)
20/12/2013 11:49:32 (Std) 	Created WindowFactory for 'CEGUI/MultiColumnList' windows.
20/12/2013 11:49:32 (Std) 	WindowFactory for 'CEGUI/MultiColumnList' windows added. (04A03C18)
20/12/2013 11:49:32 (Std) 	Created WindowFactory for 'CEGUI/MultiLineEditbox' windows.
20/12/2013 11:49:32 (Std) 	WindowFactory for 'CEGUI/MultiLineEditbox' windows added. (04A03E78)
20/12/2013 11:49:32 (Std) 	Created WindowFactory for 'CEGUI/ProgressBar' windows.
20/12/2013 11:49:32 (Std) 	WindowFactory for 'CEGUI/ProgressBar' windows added. (04A040E8)
20/12/2013 11:49:32 (Std) 	Created WindowFactory for 'CEGUI/ScrollablePane' windows.
20/12/2013 11:49:32 (Std) 	WindowFactory for 'CEGUI/ScrollablePane' windows added. (04A042A8)
20/12/2013 11:49:32 (Std) 	Created WindowFactory for 'CEGUI/Scrollbar' windows.
20/12/2013 11:49:32 (Std) 	WindowFactory for 'CEGUI/Scrollbar' windows added. (04A04468)
20/12/2013 11:49:32 (Std) 	Created WindowFactory for 'CEGUI/Slider' windows.
20/12/2013 11:49:32 (Std) 	WindowFactory for 'CEGUI/Slider' windows added. (04A04628)
20/12/2013 11:49:32 (Std) 	Created WindowFactory for 'CEGUI/Spinner' windows.
20/12/2013 11:49:32 (Std) 	WindowFactory for 'CEGUI/Spinner' windows added. (04A047E8)
20/12/2013 11:49:32 (Std) 	Created WindowFactory for 'CEGUI/TabButton' windows.
20/12/2013 11:49:32 (Std) 	WindowFactory for 'CEGUI/TabButton' windows added. (04A049A8)
20/12/2013 11:49:32 (Std) 	Created WindowFactory for 'CEGUI/TabControl' windows.
20/12/2013 11:49:32 (Std) 	WindowFactory for 'CEGUI/TabControl' windows added. (04A04B68)
20/12/2013 11:49:32 (Std) 	Created WindowFactory for 'CEGUI/Thumb' windows.
20/12/2013 11:49:32 (Std) 	WindowFactory for 'CEGUI/Thumb' windows added. (04A04D28)
20/12/2013 11:49:32 (Std) 	Created WindowFactory for 'CEGUI/Titlebar' windows.
20/12/2013 11:49:32 (Std) 	WindowFactory for 'CEGUI/Titlebar' windows added. (04A04EE8)
20/12/2013 11:49:32 (Std) 	Created WindowFactory for 'CEGUI/Tooltip' windows.
20/12/2013 11:49:32 (Std) 	WindowFactory for 'CEGUI/Tooltip' windows added. (04A05190)
20/12/2013 11:49:32 (Std) 	Created WindowFactory for 'CEGUI/ItemListbox' windows.
20/12/2013 11:49:32 (Std) 	WindowFactory for 'CEGUI/ItemListbox' windows added. (04A05350)
20/12/2013 11:49:32 (Std) 	Created WindowFactory for 'CEGUI/GroupBox' windows.
20/12/2013 11:49:32 (Std) 	WindowFactory for 'CEGUI/GroupBox' windows added. (04A05510)
20/12/2013 11:49:32 (Std) 	Created WindowFactory for 'CEGUI/Tree' windows.
20/12/2013 11:49:32 (Std) 	WindowFactory for 'CEGUI/Tree' windows added. (04A056D0)
20/12/2013 11:49:32 (Std) 	Created WindowFactory for 'HorizontalLayoutContainer' windows.
20/12/2013 11:49:32 (Std) 	WindowFactory for 'HorizontalLayoutContainer' windows added. (04A05890)
20/12/2013 11:49:32 (Std) 	Created WindowFactory for 'VerticalLayoutContainer' windows.
20/12/2013 11:49:32 (Std) 	WindowFactory for 'VerticalLayoutContainer' windows added. (04A05A50)
20/12/2013 11:49:32 (Std) 	Created WindowFactory for 'GridLayoutContainer' windows.
20/12/2013 11:49:32 (Std) 	WindowFactory for 'GridLayoutContainer' windows added. (04A05C10)
20/12/2013 11:49:32 (Std) 	Window type alias named 'DefaultGUISheet' added for window type 'DefaultWindow'.
20/12/2013 11:49:32 (Std) 	CEGUI::System singleton created. (049FB1D8)
20/12/2013 11:49:32 (Std) 	---- CEGUI System initialisation completed ----
20/12/2013 11:49:32 (Std) 	
20/12/2013 11:49:32 (Std) 	Attempting to create Imageset 'cegui_logo' using image file 'logo.png'.
20/12/2013 11:49:36 (Std) 	Registered RenderEffect named 'WobblyWindow'
20/12/2013 11:49:36 (Std) 	Creating falagard mapping for type 'TaharezLook/WobblyFrameWindow' using base type 'CEGUI/FrameWindow', window renderer 'Falagard/FrameWindow' Look'N'Feel 'TaharezLook/FrameWindow' and RenderEffect 'WobblyWindow'. (004DE0B4)
20/12/2013 11:49:36 (Std) 	Started creation of Scheme from XML specification:
20/12/2013 11:49:36 (Std) 	---- CEGUI GUIScheme name: TaharezLook
20/12/2013 11:49:36 (Info) 	Finished creation of GUIScheme 'TaharezLook' via XML file. (04A0D0C8)
20/12/2013 11:49:36 (Info) 	---- Begining resource loading for GUI scheme 'TaharezLook' ----
20/12/2013 11:49:36 (Std) 	Started creation of Imageset from XML specification:
20/12/2013 11:49:36 (Std) 	---- CEGUI Imageset name: TaharezLook
20/12/2013 11:49:36 (Std) 	---- Source texture file: TaharezLook.tga in resource group: (Default)
20/12/2013 11:49:36 (Info) 	Finished creation of Imageset 'TaharezLook' via XML file. (04A14130)
20/12/2013 11:49:36 (Std) 	Started creation of Font from XML specification:
20/12/2013 11:49:36 (Std) 	---- CEGUI font name: DejaVuSans-10
20/12/2013 11:49:36 (Std) 	----       Font type: FreeType
20/12/2013 11:49:36 (Std) 	----     Source file: DejaVuSans.ttf in resource group: (Default)
20/12/2013 11:49:36 (Std) 	---- Real point size: 10
20/12/2013 11:49:36 (Info) 	Successfully loaded 3045 glyphs
20/12/2013 11:49:36 (Info) 	Finished creation of Font 'DejaVuSans-10' via XML file. (04A0F370)
20/12/2013 11:49:36 (Std) 	===== Falagard 'root' element: look and feel parsing begins =====
20/12/2013 11:49:36 (Info) 	---> Start of definition for widget look 'TaharezLook/Button'.
20/12/2013 11:49:36 (Info) 	---< End of definition for widget look 'TaharezLook/Button'.
20/12/2013 11:49:36 (Info) 	---> Start of definition for widget look 'TaharezLook/RadioButton'.
20/12/2013 11:49:36 (Info) 	---< End of definition for widget look 'TaharezLook/RadioButton'.
20/12/2013 11:49:36 (Info) 	---> Start of definition for widget look 'TaharezLook/Checkbox'.
20/12/2013 11:49:36 (Info) 	---< End of definition for widget look 'TaharezLook/Checkbox'.
20/12/2013 11:49:36 (Info) 	---> Start of definition for widget look 'TaharezLook/Editbox'.
20/12/2013 11:49:36 (Info) 	---< End of definition for widget look 'TaharezLook/Editbox'.
20/12/2013 11:49:36 (Info) 	---> Start of definition for widget look 'TaharezLook/Titlebar'.
20/12/2013 11:49:36 (Info) 	---< End of definition for widget look 'TaharezLook/Titlebar'.
20/12/2013 11:49:36 (Info) 	---> Start of definition for widget look 'TaharezLook/FrameWindow'.
20/12/2013 11:49:36 (Info) 	---< End of definition for widget look 'TaharezLook/FrameWindow'.
20/12/2013 11:49:36 (Info) 	---> Start of definition for widget look 'TaharezLook/GroupBox'.
20/12/2013 11:49:36 (Info) 	---< End of definition for widget look 'TaharezLook/GroupBox'.
20/12/2013 11:49:36 (Info) 	---> Start of definition for widget look 'TaharezLook/ProgressBar'.
20/12/2013 11:49:36 (Info) 	---< End of definition for widget look 'TaharezLook/ProgressBar'.
20/12/2013 11:49:36 (Info) 	---> Start of definition for widget look 'TaharezLook/AltProgressBar'.
20/12/2013 11:49:36 (Info) 	---< End of definition for widget look 'TaharezLook/AltProgressBar'.
20/12/2013 11:49:36 (Info) 	---> Start of definition for widget look 'TaharezLook/VUMeter'.
20/12/2013 11:49:36 (Info) 	---< End of definition for widget look 'TaharezLook/VUMeter'.
20/12/2013 11:49:36 (Info) 	---> Start of definition for widget look 'TaharezLook/SliderThumb'.
20/12/2013 11:49:36 (Info) 	---< End of definition for widget look 'TaharezLook/SliderThumb'.
20/12/2013 11:49:36 (Info) 	---> Start of definition for widget look 'TaharezLook/Slider'.
20/12/2013 11:49:36 (Info) 	---< End of definition for widget look 'TaharezLook/Slider'.
20/12/2013 11:49:36 (Info) 	---> Start of definition for widget look 'TaharezLook/HorizontalScrollbarThumb'.
20/12/2013 11:49:36 (Info) 	---< End of definition for widget look 'TaharezLook/HorizontalScrollbarThumb'.
20/12/2013 11:49:36 (Info) 	---> Start of definition for widget look 'TaharezLook/HorizontalScrollbar'.
20/12/2013 11:49:36 (Info) 	---< End of definition for widget look 'TaharezLook/HorizontalScrollbar'.
20/12/2013 11:49:36 (Info) 	---> Start of definition for widget look 'TaharezLook/VerticalScrollbarThumb'.
20/12/2013 11:49:36 (Info) 	---< End of definition for widget look 'TaharezLook/VerticalScrollbarThumb'.
20/12/2013 11:49:36 (Info) 	---> Start of definition for widget look 'TaharezLook/VerticalScrollbar'.
20/12/2013 11:49:36 (Info) 	---< End of definition for widget look 'TaharezLook/VerticalScrollbar'.
20/12/2013 11:49:36 (Info) 	---> Start of definition for widget look 'TaharezLook/Listbox'.
20/12/2013 11:49:36 (Info) 	---< End of definition for widget look 'TaharezLook/Listbox'.
20/12/2013 11:49:36 (Info) 	---> Start of definition for widget look 'TaharezLook/ComboDropList'.
20/12/2013 11:49:36 (Info) 	---< End of definition for widget look 'TaharezLook/ComboDropList'.
20/12/2013 11:49:36 (Info) 	---> Start of definition for widget look 'TaharezLook/ComboEditbox'.
20/12/2013 11:49:36 (Info) 	---< End of definition for widget look 'TaharezLook/ComboEditbox'.
20/12/2013 11:49:36 (Info) 	---> Start of definition for widget look 'TaharezLook/Combobox'.
20/12/2013 11:49:36 (Info) 	---< End of definition for widget look 'TaharezLook/Combobox'.
20/12/2013 11:49:36 (Info) 	---> Start of definition for widget look 'TaharezLook/Spinner'.
20/12/2013 11:49:36 (Info) 	---< End of definition for widget look 'TaharezLook/Spinner'.
20/12/2013 11:49:36 (Info) 	---> Start of definition for widget look 'TaharezLook/StaticShared'.
20/12/2013 11:49:36 (Info) 	---< End of definition for widget look 'TaharezLook/StaticShared'.
20/12/2013 11:49:36 (Info) 	---> Start of definition for widget look 'TaharezLook/StaticImage'.
20/12/2013 11:49:36 (Info) 	---< End of definition for widget look 'TaharezLook/StaticImage'.
20/12/2013 11:49:36 (Info) 	---> Start of definition for widget look 'TaharezLook/StaticText'.
20/12/2013 11:49:36 (Info) 	---< End of definition for widget look 'TaharezLook/StaticText'.
20/12/2013 11:49:36 (Info) 	---> Start of definition for widget look 'TaharezLook/ListHeaderSegment'.
20/12/2013 11:49:36 (Info) 	---< End of definition for widget look 'TaharezLook/ListHeaderSegment'.
20/12/2013 11:49:36 (Info) 	---> Start of definition for widget look 'TaharezLook/ListHeader'.
20/12/2013 11:49:36 (Info) 	---< End of definition for widget look 'TaharezLook/ListHeader'.
20/12/2013 11:49:36 (Info) 	---> Start of definition for widget look 'TaharezLook/MultiColumnList'.
20/12/2013 11:49:36 (Info) 	---< End of definition for widget look 'TaharezLook/MultiColumnList'.
20/12/2013 11:49:36 (Info) 	---> Start of definition for widget look 'TaharezLook/MultiLineEditbox'.
20/12/2013 11:49:36 (Info) 	---< End of definition for widget look 'TaharezLook/MultiLineEditbox'.
20/12/2013 11:49:36 (Info) 	---> Start of definition for widget look 'TaharezLook/Tooltip'.
20/12/2013 11:49:36 (Info) 	---< End of definition for widget look 'TaharezLook/Tooltip'.
20/12/2013 11:49:36 (Info) 	---> Start of definition for widget look 'TaharezLook/ScrollablePane'.
20/12/2013 11:49:36 (Info) 	---< End of definition for widget look 'TaharezLook/ScrollablePane'.
20/12/2013 11:49:36 (Info) 	---> Start of definition for widget look 'TaharezLook/TabButton'.
20/12/2013 11:49:36 (Info) 	---< End of definition for widget look 'TaharezLook/TabButton'.
20/12/2013 11:49:36 (Info) 	---> Start of definition for widget look 'TaharezLook/TabContentPane'.
20/12/2013 11:49:36 (Info) 	---< End of definition for widget look 'TaharezLook/TabContentPane'.
20/12/2013 11:49:36 (Info) 	---> Start of definition for widget look 'TaharezLook/TabButtonPane'.
20/12/2013 11:49:36 (Info) 	---< End of definition for widget look 'TaharezLook/TabButtonPane'.
20/12/2013 11:49:36 (Info) 	---> Start of definition for widget look 'TaharezLook/TabControl'.
20/12/2013 11:49:36 (Info) 	---< End of definition for widget look 'TaharezLook/TabControl'.
20/12/2013 11:49:36 (Info) 	---> Start of definition for widget look 'TaharezLook/MenuItem'.
20/12/2013 11:49:36 (Info) 	---< End of definition for widget look 'TaharezLook/MenuItem'.
20/12/2013 11:49:36 (Info) 	---> Start of definition for widget look 'TaharezLook/PopupMenu'.
20/12/2013 11:49:36 (Info) 	---< End of definition for widget look 'TaharezLook/PopupMenu'.
20/12/2013 11:49:36 (Info) 	---> Start of definition for widget look 'TaharezLook/Menubar'.
20/12/2013 11:49:36 (Info) 	---< End of definition for widget look 'TaharezLook/Menubar'.
20/12/2013 11:49:36 (Info) 	---> Start of definition for widget look 'TaharezLook/LargeVerticalScrollbarThumb'.
20/12/2013 11:49:36 (Info) 	---< End of definition for widget look 'TaharezLook/LargeVerticalScrollbarThumb'.
20/12/2013 11:49:36 (Info) 	---> Start of definition for widget look 'TaharezLook/LargeVerticalScrollbar'.
20/12/2013 11:49:36 (Info) 	---< End of definition for widget look 'TaharezLook/LargeVerticalScrollbar'.
20/12/2013 11:49:36 (Info) 	---> Start of definition for widget look 'TaharezLook/ImageButton'.
20/12/2013 11:49:36 (Info) 	---< End of definition for widget look 'TaharezLook/ImageButton'.
20/12/2013 11:49:36 (Info) 	---> Start of definition for widget look 'TaharezLook/ItemListbox'.
20/12/2013 11:49:36 (Info) 	---< End of definition for widget look 'TaharezLook/ItemListbox'.
20/12/2013 11:49:36 (Info) 	---> Start of definition for widget look 'TaharezLook/ListboxItem'.
20/12/2013 11:49:36 (Info) 	---< End of definition for widget look 'TaharezLook/ListboxItem'.
20/12/2013 11:49:36 (Info) 	---> Start of definition for widget look 'TaharezLook/Tree'.
20/12/2013 11:49:36 (Info) 	---< End of definition for widget look 'TaharezLook/Tree'.
20/12/2013 11:49:36 (Std) 	===== Look and feel parsing completed =====
20/12/2013 11:49:36 (Std) 	No window renderer factories specified for module 'CEGUIFalagardWRBase' - adding all available factories...
20/12/2013 11:49:36 (Std) 	Created WindowRendererFactory for 'Falagard/Button' WindowRenderers.
20/12/2013 11:49:36 (Std) 	WindowRendererFactory 'Falagard/Button' added. (089332C0)
20/12/2013 11:49:36 (Std) 	Created WindowRendererFactory for 'Falagard/Default' WindowRenderers.
20/12/2013 11:49:36 (Std) 	WindowRendererFactory 'Falagard/Default' added. (0887C948)
20/12/2013 11:49:36 (Std) 	Created WindowRendererFactory for 'Falagard/Editbox' WindowRenderers.
20/12/2013 11:49:36 (Std) 	WindowRendererFactory 'Falagard/Editbox' added. (04A16E68)
20/12/2013 11:49:36 (Std) 	Created WindowRendererFactory for 'Falagard/FrameWindow' WindowRenderers.
20/12/2013 11:49:36 (Std) 	WindowRendererFactory 'Falagard/FrameWindow' added. (04A13FD8)
20/12/2013 11:49:36 (Std) 	Created WindowRendererFactory for 'Falagard/ItemEntry' WindowRenderers.
20/12/2013 11:49:36 (Std) 	WindowRendererFactory 'Falagard/ItemEntry' added. (04A08700)
20/12/2013 11:49:36 (Std) 	Created WindowRendererFactory for 'Falagard/ListHeader' WindowRenderers.
20/12/2013 11:49:36 (Std) 	WindowRendererFactory 'Falagard/ListHeader' added. (0894A570)
20/12/2013 11:49:36 (Std) 	Created WindowRendererFactory for 'Falagard/ListHeaderSegment' WindowRenderers.
20/12/2013 11:49:36 (Std) 	WindowRendererFactory 'Falagard/ListHeaderSegment' added. (04A0CC38)
20/12/2013 11:49:36 (Std) 	Created WindowRendererFactory for 'Falagard/Listbox' WindowRenderers.
20/12/2013 11:49:36 (Std) 	WindowRendererFactory 'Falagard/Listbox' added. (04A33E50)
20/12/2013 11:49:36 (Std) 	Created WindowRendererFactory for 'Falagard/Menubar' WindowRenderers.
20/12/2013 11:49:36 (Std) 	WindowRendererFactory 'Falagard/Menubar' added. (04A14848)
20/12/2013 11:49:36 (Std) 	Created WindowRendererFactory for 'Falagard/MenuItem' WindowRenderers.
20/12/2013 11:49:36 (Std) 	WindowRendererFactory 'Falagard/MenuItem' added. (088FD470)
20/12/2013 11:49:36 (Std) 	Created WindowRendererFactory for 'Falagard/MultiColumnList' WindowRenderers.
20/12/2013 11:49:36 (Std) 	WindowRendererFactory 'Falagard/MultiColumnList' added. (0892F9F0)
20/12/2013 11:49:36 (Std) 	Created WindowRendererFactory for 'Falagard/MultiLineEditbox' WindowRenderers.
20/12/2013 11:49:36 (Std) 	WindowRendererFactory 'Falagard/MultiLineEditbox' added. (08960148)
20/12/2013 11:49:36 (Std) 	Created WindowRendererFactory for 'Falagard/PopupMenu' WindowRenderers.
20/12/2013 11:49:36 (Std) 	WindowRendererFactory 'Falagard/PopupMenu' added. (08973B50)
20/12/2013 11:49:36 (Std) 	Created WindowRendererFactory for 'Falagard/ProgressBar' WindowRenderers.
20/12/2013 11:49:36 (Std) 	WindowRendererFactory 'Falagard/ProgressBar' added. (08974180)
20/12/2013 11:49:36 (Std) 	Created WindowRendererFactory for 'Falagard/ScrollablePane' WindowRenderers.
20/12/2013 11:49:36 (Std) 	WindowRendererFactory 'Falagard/ScrollablePane' added. (08974340)
20/12/2013 11:49:36 (Std) 	Created WindowRendererFactory for 'Falagard/Scrollbar' WindowRenderers.
20/12/2013 11:49:36 (Std) 	WindowRendererFactory 'Falagard/Scrollbar' added. (08974500)
20/12/2013 11:49:36 (Std) 	Created WindowRendererFactory for 'Falagard/Slider' WindowRenderers.
20/12/2013 11:49:36 (Std) 	WindowRendererFactory 'Falagard/Slider' added. (089746C0)
20/12/2013 11:49:36 (Std) 	Created WindowRendererFactory for 'Falagard/Static' WindowRenderers.
20/12/2013 11:49:36 (Std) 	WindowRendererFactory 'Falagard/Static' added. (08974880)
20/12/2013 11:49:36 (Std) 	Created WindowRendererFactory for 'Falagard/StaticImage' WindowRenderers.
20/12/2013 11:49:36 (Std) 	WindowRendererFactory 'Falagard/StaticImage' added. (04A0DF28)
20/12/2013 11:49:36 (Std) 	Created WindowRendererFactory for 'Falagard/StaticText' WindowRenderers.
20/12/2013 11:49:36 (Std) 	WindowRendererFactory 'Falagard/StaticText' added. (04A0E0E8)
20/12/2013 11:49:36 (Std) 	Created WindowRendererFactory for 'Falagard/SystemButton' WindowRenderers.
20/12/2013 11:49:36 (Std) 	WindowRendererFactory 'Falagard/SystemButton' added. (04A0E2A8)
20/12/2013 11:49:36 (Std) 	Created WindowRendererFactory for 'Falagard/TabButton' WindowRenderers.
20/12/2013 11:49:36 (Std) 	WindowRendererFactory 'Falagard/TabButton' added. (04A0E468)
20/12/2013 11:49:36 (Std) 	Created WindowRendererFactory for 'Falagard/TabControl' WindowRenderers.
20/12/2013 11:49:36 (Std) 	WindowRendererFactory 'Falagard/TabControl' added. (04A07B40)
20/12/2013 11:49:36 (Std) 	Created WindowRendererFactory for 'Falagard/Titlebar' WindowRenderers.
20/12/2013 11:49:36 (Std) 	WindowRendererFactory 'Falagard/Titlebar' added. (04A07D00)
20/12/2013 11:49:36 (Std) 	Created WindowRendererFactory for 'Falagard/ToggleButton' WindowRenderers.
20/12/2013 11:49:36 (Std) 	WindowRendererFactory 'Falagard/ToggleButton' added. (04A07EC0)
20/12/2013 11:49:36 (Std) 	Created WindowRendererFactory for 'Falagard/Tooltip' WindowRenderers.
20/12/2013 11:49:36 (Std) 	WindowRendererFactory 'Falagard/Tooltip' added. (04A08080)
20/12/2013 11:49:36 (Std) 	Created WindowRendererFactory for 'Falagard/ItemListbox' WindowRenderers.
20/12/2013 11:49:36 (Std) 	WindowRendererFactory 'Falagard/ItemListbox' added. (04A08240)
20/12/2013 11:49:36 (Std) 	Created WindowRendererFactory for 'Falagard/Tree' WindowRenderers.
20/12/2013 11:49:36 (Std) 	WindowRendererFactory 'Falagard/Tree' added. (04A08400)
20/12/2013 11:49:36 (Std) 	Creating falagard mapping for type 'TaharezLook/Button' using base type 'CEGUI/PushButton', window renderer 'Falagard/Button' Look'N'Feel 'TaharezLook/Button' and RenderEffect ''. (004DBD90)
20/12/2013 11:49:36 (Std) 	Creating falagard mapping for type 'TaharezLook/Checkbox' using base type 'CEGUI/Checkbox', window renderer 'Falagard/ToggleButton' Look'N'Feel 'TaharezLook/Checkbox' and RenderEffect ''. (004DBD90)
20/12/2013 11:49:36 (Std) 	Creating falagard mapping for type 'TaharezLook/ImageButton' using base type 'CEGUI/PushButton', window renderer 'Falagard/Button' Look'N'Feel 'TaharezLook/ImageButton' and RenderEffect ''. (004DBD90)
20/12/2013 11:49:36 (Std) 	Creating falagard mapping for type 'TaharezLook/RadioButton' using base type 'CEGUI/RadioButton', window renderer 'Falagard/ToggleButton' Look'N'Feel 'TaharezLook/RadioButton' and RenderEffect ''. (004DBD90)
20/12/2013 11:49:36 (Std) 	Creating falagard mapping for type 'TaharezLook/FrameWindow' using base type 'CEGUI/FrameWindow', window renderer 'Falagard/FrameWindow' Look'N'Feel 'TaharezLook/FrameWindow' and RenderEffect ''. (004DBD90)
20/12/2013 11:49:36 (Std) 	Creating falagard mapping for type 'TaharezLook/Titlebar' using base type 'CEGUI/Titlebar', window renderer 'Falagard/Titlebar' Look'N'Feel 'TaharezLook/Titlebar' and RenderEffect ''. (004DBD90)
20/12/2013 11:49:36 (Std) 	Creating falagard mapping for type 'TaharezLook/SystemButton' using base type 'CEGUI/PushButton', window renderer 'Falagard/Button' Look'N'Feel 'TaharezLook/Button' and RenderEffect ''. (004DBD90)
20/12/2013 11:49:36 (Std) 	Creating falagard mapping for type 'TaharezLook/Editbox' using base type 'CEGUI/Editbox', window renderer 'Falagard/Editbox' Look'N'Feel 'TaharezLook/Editbox' and RenderEffect ''. (004DBD90)
20/12/2013 11:49:36 (Std) 	Creating falagard mapping for type 'TaharezLook/MultiLineEditbox' using base type 'CEGUI/MultiLineEditbox', window renderer 'Falagard/MultiLineEditbox' Look'N'Feel 'TaharezLook/MultiLineEditbox' and RenderEffect ''. (004DBD90)
20/12/2013 11:49:36 (Std) 	Creating falagard mapping for type 'TaharezLook/Menubar' using base type 'CEGUI/Menubar', window renderer 'Falagard/Menubar' Look'N'Feel 'TaharezLook/Menubar' and RenderEffect ''. (004DBD90)
20/12/2013 11:49:36 (Std) 	Creating falagard mapping for type 'TaharezLook/PopupMenu' using base type 'CEGUI/PopupMenu', window renderer 'Falagard/PopupMenu' Look'N'Feel 'TaharezLook/PopupMenu' and RenderEffect ''. (004DBD90)
20/12/2013 11:49:36 (Std) 	Creating falagard mapping for type 'TaharezLook/MenuItem' using base type 'CEGUI/MenuItem', window renderer 'Falagard/MenuItem' Look'N'Feel 'TaharezLook/MenuItem' and RenderEffect ''. (004DBD90)
20/12/2013 11:49:36 (Std) 	Creating falagard mapping for type 'TaharezLook/AlternateProgressBar' using base type 'CEGUI/ProgressBar', window renderer 'Falagard/ProgressBar' Look'N'Feel 'TaharezLook/AltProgressBar' and RenderEffect ''. (004DBD90)
20/12/2013 11:49:36 (Std) 	Creating falagard mapping for type 'TaharezLook/ProgressBar' using base type 'CEGUI/ProgressBar', window renderer 'Falagard/ProgressBar' Look'N'Feel 'TaharezLook/ProgressBar' and RenderEffect ''. (004DBD90)
20/12/2013 11:49:36 (Std) 	Creating falagard mapping for type 'TaharezLook/VUMeter' using base type 'CEGUI/ProgressBar', window renderer 'Falagard/ProgressBar' Look'N'Feel 'TaharezLook/VUMeter' and RenderEffect ''. (004DBD90)
20/12/2013 11:49:36 (Std) 	Creating falagard mapping for type 'TaharezLook/VerticalScrollbar' using base type 'CEGUI/Scrollbar', window renderer 'Falagard/Scrollbar' Look'N'Feel 'TaharezLook/VerticalScrollbar' and RenderEffect ''. (004DBD90)
20/12/2013 11:49:36 (Std) 	Creating falagard mapping for type 'TaharezLook/HorizontalScrollbar' using base type 'CEGUI/Scrollbar', window renderer 'Falagard/Scrollbar' Look'N'Feel 'TaharezLook/HorizontalScrollbar' and RenderEffect ''. (004DBD90)
20/12/2013 11:49:36 (Std) 	Creating falagard mapping for type 'TaharezLook/VerticalScrollbarThumb' using base type 'CEGUI/Thumb', window renderer 'Falagard/Button' Look'N'Feel 'TaharezLook/VerticalScrollbarThumb' and RenderEffect ''. (004DBD90)
20/12/2013 11:49:36 (Std) 	Creating falagard mapping for type 'TaharezLook/HorizontalScrollbarThumb' using base type 'CEGUI/Thumb', window renderer 'Falagard/Button' Look'N'Feel 'TaharezLook/HorizontalScrollbarThumb' and RenderEffect ''. (004DBD90)
20/12/2013 11:49:36 (Std) 	Creating falagard mapping for type 'TaharezLook/LargeVerticalScrollbar' using base type 'CEGUI/Scrollbar', window renderer 'Falagard/Scrollbar' Look'N'Feel 'TaharezLook/LargeVerticalScrollbar' and RenderEffect ''. (004DBD90)
20/12/2013 11:49:36 (Std) 	Creating falagard mapping for type 'TaharezLook/LargeVerticalScrollbarThumb' using base type 'CEGUI/Thumb', window renderer 'Falagard/Button' Look'N'Feel 'TaharezLook/LargeVerticalScrollbarThumb' and RenderEffect ''. (004DBD90)
20/12/2013 11:49:36 (Std) 	Creating falagard mapping for type 'TaharezLook/TabButton' using base type 'CEGUI/TabButton', window renderer 'Falagard/TabButton' Look'N'Feel 'TaharezLook/TabButton' and RenderEffect ''. (004DBD90)
20/12/2013 11:49:36 (Std) 	Creating falagard mapping for type 'TaharezLook/TabControl' using base type 'CEGUI/TabControl', window renderer 'Falagard/TabControl' Look'N'Feel 'TaharezLook/TabControl' and RenderEffect ''. (004DBD90)
20/12/2013 11:49:36 (Std) 	Creating falagard mapping for type 'TaharezLook/TabContentPane' using base type 'DefaultWindow', window renderer 'Falagard/Default' Look'N'Feel 'TaharezLook/TabContentPane' and RenderEffect ''. (004DBD90)
20/12/2013 11:49:36 (Std) 	Creating falagard mapping for type 'TaharezLook/TabButtonPane' using base type 'DefaultWindow', window renderer 'Falagard/Default' Look'N'Feel 'TaharezLook/TabButtonPane' and RenderEffect ''. (004DBD90)
20/12/2013 11:49:36 (Std) 	Creating falagard mapping for type 'TaharezLook/ComboDropList' using base type 'CEGUI/ComboDropList', window renderer 'Falagard/Listbox' Look'N'Feel 'TaharezLook/ComboDropList' and RenderEffect ''. (004DBD90)
20/12/2013 11:49:36 (Std) 	Creating falagard mapping for type 'TaharezLook/ComboEditbox' using base type 'CEGUI/Editbox', window renderer 'Falagard/Editbox' Look'N'Feel 'TaharezLook/ComboEditbox' and RenderEffect ''. (004DBD90)
20/12/2013 11:49:36 (Std) 	Creating falagard mapping for type 'TaharezLook/Combobox' using base type 'CEGUI/Combobox', window renderer 'Falagard/Default' Look'N'Feel 'TaharezLook/Combobox' and RenderEffect ''. (004DBD90)
20/12/2013 11:49:36 (Std) 	Creating falagard mapping for type 'TaharezLook/Listbox' using base type 'CEGUI/Listbox', window renderer 'Falagard/Listbox' Look'N'Feel 'TaharezLook/Listbox' and RenderEffect ''. (004DBD90)
20/12/2013 11:49:36 (Std) 	Creating falagard mapping for type 'TaharezLook/ListHeader' using base type 'CEGUI/ListHeader', window renderer 'Falagard/ListHeader' Look'N'Feel 'TaharezLook/ListHeader' and RenderEffect ''. (004DBD90)
20/12/2013 11:49:36 (Std) 	Creating falagard mapping for type 'TaharezLook/ListHeaderSegment' using base type 'CEGUI/ListHeaderSegment', window renderer 'Falagard/ListHeaderSegment' Look'N'Feel 'TaharezLook/ListHeaderSegment' and RenderEffect ''. (004DBD90)
20/12/2013 11:49:37 (Std) 	Creating falagard mapping for type 'TaharezLook/MultiColumnList' using base type 'CEGUI/MultiColumnList', window renderer 'Falagard/MultiColumnList' Look'N'Feel 'TaharezLook/MultiColumnList' and RenderEffect ''. (004DBD90)
20/12/2013 11:49:37 (Std) 	Creating falagard mapping for type 'TaharezLook/Slider' using base type 'CEGUI/Slider', window renderer 'Falagard/Slider' Look'N'Feel 'TaharezLook/Slider' and RenderEffect ''. (004DBD90)
20/12/2013 11:49:37 (Std) 	Creating falagard mapping for type 'TaharezLook/SliderThumb' using base type 'CEGUI/Thumb', window renderer 'Falagard/Button' Look'N'Feel 'TaharezLook/SliderThumb' and RenderEffect ''. (004DBD90)
20/12/2013 11:49:37 (Std) 	Creating falagard mapping for type 'TaharezLook/ScrollablePane' using base type 'CEGUI/ScrollablePane', window renderer 'Falagard/ScrollablePane' Look'N'Feel 'TaharezLook/ScrollablePane' and RenderEffect ''. (004DBD90)
20/12/2013 11:49:37 (Std) 	Creating falagard mapping for type 'TaharezLook/Spinner' using base type 'CEGUI/Spinner', window renderer 'Falagard/Default' Look'N'Feel 'TaharezLook/Spinner' and RenderEffect ''. (004DBD90)
20/12/2013 11:49:37 (Std) 	Creating falagard mapping for type 'TaharezLook/Tooltip' using base type 'CEGUI/Tooltip', window renderer 'Falagard/Tooltip' Look'N'Feel 'TaharezLook/Tooltip' and RenderEffect ''. (004DBD90)
20/12/2013 11:49:37 (Std) 	Creating falagard mapping for type 'TaharezLook/StaticImage' using base type 'DefaultWindow', window renderer 'Falagard/StaticImage' Look'N'Feel 'TaharezLook/StaticImage' and RenderEffect ''. (004DBD90)
20/12/2013 11:49:37 (Std) 	Creating falagard mapping for type 'TaharezLook/StaticText' using base type 'DefaultWindow', window renderer 'Falagard/StaticText' Look'N'Feel 'TaharezLook/StaticText' and RenderEffect ''. (004DBD90)
20/12/2013 11:49:37 (Std) 	Creating falagard mapping for type 'TaharezLook/ItemListbox' using base type 'CEGUI/ItemListbox', window renderer 'Falagard/ItemListbox' Look'N'Feel 'TaharezLook/ItemListbox' and RenderEffect ''. (004DBD90)
20/12/2013 11:49:37 (Std) 	Creating falagard mapping for type 'TaharezLook/ListboxItem' using base type 'CEGUI/ItemEntry', window renderer 'Falagard/ItemEntry' Look'N'Feel 'TaharezLook/ListboxItem' and RenderEffect ''. (004DBD90)
20/12/2013 11:49:37 (Std) 	Creating falagard mapping for type 'TaharezLook/GroupBox' using base type 'CEGUI/GroupBox', window renderer 'Falagard/Default' Look'N'Feel 'TaharezLook/GroupBox' and RenderEffect ''. (004DBD90)
20/12/2013 11:49:37 (Std) 	Creating falagard mapping for type 'TaharezLook/Tree' using base type 'CEGUI/Tree', window renderer 'Falagard/Tree' Look'N'Feel 'TaharezLook/Tree' and RenderEffect ''. (004DBD90)
20/12/2013 11:49:37 (Info) 	---- Resource loading for GUI scheme 'TaharezLook' completed ----
20/12/2013 11:49:37 (Std) 	Started creation of Font from XML specification:
20/12/2013 11:49:37 (Std) 	---- CEGUI font name: DejaVuSans-10
20/12/2013 11:49:37 (Std) 	----       Font type: FreeType
20/12/2013 11:49:37 (Std) 	----     Source file: DejaVuSans.ttf in resource group: (Default)
20/12/2013 11:49:37 (Std) 	---- Real point size: 10
20/12/2013 11:49:37 (Info) 	Successfully loaded 3045 glyphs
20/12/2013 11:49:37 (Info) 	Finished creation of Font 'DejaVuSans-10' via XML file. (08804CE8)
20/12/2013 11:49:37 (Std) 	---- Returning existing instance of Font named 'DejaVuSans-10'.
20/12/2013 11:49:37 (Std) 	Attempting to create Imageset 'BackgroundImage' using image file 'GPN-2000-001437.tga'.
20/12/2013 11:49:37 (Info) 	Window 'background_wnd' of type 'TaharezLook/StaticImage' has been created. (0897DF90)
20/12/2013 11:49:37 (Info) 	Assigning the window renderer 'Falagard/StaticImage' to the window 'background_wnd'
20/12/2013 11:49:37 (Info) 	Assigning LookNFeel 'TaharezLook/StaticImage' to window 'background_wnd'.
20/12/2013 11:49:37 (Info) 	---- Beginning loading of GUI layout from 'Demo7Windows.layout' ----
20/12/2013 11:49:37 (Info) 	Window 'root' of type 'DefaultWindow' has been created. (0898A788)
20/12/2013 11:49:37 (Info) 	Window 'Demo7/Window1' of type 'TaharezLook/WobblyFrameWindow' has been created. (0898DE10)
20/12/2013 11:49:37 (Info) 	Assigning the window renderer 'Falagard/FrameWindow' to the window 'Demo7/Window1'
20/12/2013 11:49:37 (Info) 	Assigning LookNFeel 'TaharezLook/FrameWindow' to window 'Demo7/Window1'.
20/12/2013 11:49:37 (Info) 	Window 'Demo7/Window1__auto_titlebar__' of type 'TaharezLook/Titlebar' has been created. (08992368)
20/12/2013 11:49:37 (Info) 	Assigning the window renderer 'Falagard/Titlebar' to the window 'Demo7/Window1__auto_titlebar__'
20/12/2013 11:49:37 (Info) 	Assigning LookNFeel 'TaharezLook/Titlebar' to window 'Demo7/Window1__auto_titlebar__'.
20/12/2013 11:49:37 (Info) 	Window 'Demo7/Window1__auto_closebutton__' of type 'TaharezLook/ImageButton' has been created. (08996D28)
20/12/2013 11:49:37 (Info) 	Assigning the window renderer 'Falagard/Button' to the window 'Demo7/Window1__auto_closebutton__'
20/12/2013 11:49:37 (Info) 	Assigning LookNFeel 'TaharezLook/ImageButton' to window 'Demo7/Window1__auto_closebutton__'.
20/12/2013 11:49:37 (Std) 	RenderEffectManager::create: Created instance of effect 'WobblyWindow' at 0899D968
20/12/2013 11:49:37 (Info) 	Window 'Demo7/Window1/Quit' of type 'TaharezLook/Button' has been created. (089A2248)
20/12/2013 11:49:37 (Info) 	Assigning the window renderer 'Falagard/Button' to the window 'Demo7/Window1/Quit'
20/12/2013 11:49:37 (Info) 	Assigning LookNFeel 'TaharezLook/Button' to window 'Demo7/Window1/Quit'.
20/12/2013 11:49:37 (Info) 	Window 'Demo7/Window1/Radio1' of type 'TaharezLook/RadioButton' has been created. (089A8120)
20/12/2013 11:49:37 (Info) 	Assigning the window renderer 'Falagard/ToggleButton' to the window 'Demo7/Window1/Radio1'
20/12/2013 11:49:37 (Info) 	Assigning LookNFeel 'TaharezLook/RadioButton' to window 'Demo7/Window1/Radio1'.
20/12/2013 11:49:37 (Info) 	Window 'Demo7/Window1/Radio2' of type 'TaharezLook/RadioButton' has been created. (089AD210)
20/12/2013 11:49:37 (Info) 	Assigning the window renderer 'Falagard/ToggleButton' to the window 'Demo7/Window1/Radio2'
20/12/2013 11:49:37 (Info) 	Assigning LookNFeel 'TaharezLook/RadioButton' to window 'Demo7/Window1/Radio2'.
20/12/2013 11:49:37 (Info) 	Window 'Demo7/Window1/Radio3' of type 'TaharezLook/RadioButton' has been created. (089B1500)
20/12/2013 11:49:37 (Info) 	Assigning the window renderer 'Falagard/ToggleButton' to the window 'Demo7/Window1/Radio3'
20/12/2013 11:49:37 (Info) 	Assigning LookNFeel 'TaharezLook/RadioButton' to window 'Demo7/Window1/Radio3'.
20/12/2013 11:49:37 (Info) 	Window 'Demo7/Window1/Checkbox' of type 'TaharezLook/Checkbox' has been created. (089B6038)
20/12/2013 11:49:37 (Info) 	Assigning the window renderer 'Falagard/ToggleButton' to the window 'Demo7/Window1/Checkbox'
20/12/2013 11:49:37 (Info) 	Assigning LookNFeel 'TaharezLook/Checkbox' to window 'Demo7/Window1/Checkbox'.
20/12/2013 11:49:37 (Info) 	Window 'Demo7/Window1/Text1' of type 'TaharezLook/StaticText' has been created. (089B6E38)
20/12/2013 11:49:37 (Info) 	Assigning the window renderer 'Falagard/StaticText' to the window 'Demo7/Window1/Text1'
20/12/2013 11:49:37 (Info) 	Assigning LookNFeel 'TaharezLook/StaticText' to window 'Demo7/Window1/Text1'.
20/12/2013 11:49:37 (Info) 	Window 'Demo7/Window1/Text1__auto_hscrollbar__' of type 'TaharezLook/HorizontalScrollbar' has been created. (088059D0)
20/12/2013 11:49:37 (Info) 	Assigning the window renderer 'Falagard/Scrollbar' to the window 'Demo7/Window1/Text1__auto_hscrollbar__'
20/12/2013 11:49:37 (Info) 	Assigning LookNFeel 'TaharezLook/HorizontalScrollbar' to window 'Demo7/Window1/Text1__auto_hscrollbar__'.
20/12/2013 11:49:37 (Info) 	Window 'Demo7/Window1/Text1__auto_hscrollbar____auto_incbtn__' of type 'TaharezLook/ImageButton' has been created. (0880AFA0)
20/12/2013 11:49:37 (Info) 	Assigning the window renderer 'Falagard/Button' to the window 'Demo7/Window1/Text1__auto_hscrollbar____auto_incbtn__'
20/12/2013 11:49:37 (Info) 	Assigning LookNFeel 'TaharezLook/ImageButton' to window 'Demo7/Window1/Text1__auto_hscrollbar____auto_incbtn__'.
20/12/2013 11:49:37 (Info) 	Window 'Demo7/Window1/Text1__auto_hscrollbar____auto_decbtn__' of type 'TaharezLook/ImageButton' has been created. (08811A08)
20/12/2013 11:49:37 (Info) 	Assigning the window renderer 'Falagard/Button' to the window 'Demo7/Window1/Text1__auto_hscrollbar____auto_decbtn__'
20/12/2013 11:49:37 (Info) 	Assigning LookNFeel 'TaharezLook/ImageButton' to window 'Demo7/Window1/Text1__auto_hscrollbar____auto_decbtn__'.
20/12/2013 11:49:37 (Info) 	Window 'Demo7/Window1/Text1__auto_hscrollbar____auto_thumb__' of type 'TaharezLook/HorizontalScrollbarThumb' has been created. (08818410)
20/12/2013 11:49:37 (Info) 	Assigning the window renderer 'Falagard/Button' to the window 'Demo7/Window1/Text1__auto_hscrollbar____auto_thumb__'
20/12/2013 11:49:37 (Info) 	Assigning LookNFeel 'TaharezLook/HorizontalScrollbarThumb' to window 'Demo7/Window1/Text1__auto_hscrollbar____auto_thumb__'.
20/12/2013 11:49:37 (Info) 	Window 'Demo7/Window1/Text1__auto_vscrollbar__' of type 'TaharezLook/VerticalScrollbar' has been created. (0881E938)
20/12/2013 11:49:37 (Info) 	Assigning the window renderer 'Falagard/Scrollbar' to the window 'Demo7/Window1/Text1__auto_vscrollbar__'
20/12/2013 11:49:37 (Info) 	Assigning LookNFeel 'TaharezLook/VerticalScrollbar' to window 'Demo7/Window1/Text1__auto_vscrollbar__'.
20/12/2013 11:49:37 (Info) 	Window 'Demo7/Window1/Text1__auto_vscrollbar____auto_incbtn__' of type 'TaharezLook/ImageButton' has been created. (088240E0)
20/12/2013 11:49:37 (Info) 	Assigning the window renderer 'Falagard/Button' to the window 'Demo7/Window1/Text1__auto_vscrollbar____auto_incbtn__'
20/12/2013 11:49:37 (Info) 	Assigning LookNFeel 'TaharezLook/ImageButton' to window 'Demo7/Window1/Text1__auto_vscrollbar____auto_incbtn__'.
20/12/2013 11:49:37 (Info) 	Window 'Demo7/Window1/Text1__auto_vscrollbar____auto_decbtn__' of type 'TaharezLook/ImageButton' has been created. (0882ABE0)
20/12/2013 11:49:37 (Info) 	Assigning the window renderer 'Falagard/Button' to the window 'Demo7/Window1/Text1__auto_vscrollbar____auto_decbtn__'
20/12/2013 11:49:37 (Info) 	Assigning LookNFeel 'TaharezLook/ImageButton' to window 'Demo7/Window1/Text1__auto_vscrollbar____auto_decbtn__'.
20/12/2013 11:49:37 (Info) 	Window 'Demo7/Window1/Text1__auto_vscrollbar____auto_thumb__' of type 'TaharezLook/VerticalScrollbarThumb' has been created. (08831680)
20/12/2013 11:49:37 (Info) 	Assigning the window renderer 'Falagard/Button' to the window 'Demo7/Window1/Text1__auto_vscrollbar____auto_thumb__'
20/12/2013 11:49:37 (Info) 	Assigning LookNFeel 'TaharezLook/VerticalScrollbarThumb' to window 'Demo7/Window1/Text1__auto_vscrollbar____auto_thumb__'.
20/12/2013 11:49:37 (Std) 	Attempting to create Imageset 'DejaVuSans-10_auto_glyph_images_ ' with texture only.
20/12/2013 11:49:37 (Info) 	Window 'Demo7/Window1/Editbox' of type 'TaharezLook/Editbox' has been created. (08A483F8)
20/12/2013 11:49:37 (Info) 	Assigning the window renderer 'Falagard/Editbox' to the window 'Demo7/Window1/Editbox'
20/12/2013 11:49:37 (Info) 	Assigning LookNFeel 'TaharezLook/Editbox' to window 'Demo7/Window1/Editbox'.
20/12/2013 11:49:37 (Info) 	Window 'Demo7/Window1/Scrollbar1' of type 'TaharezLook/LargeVerticalScrollbar' has been created. (08A4A3D0)
20/12/2013 11:49:37 (Info) 	Assigning the window renderer 'Falagard/Scrollbar' to the window 'Demo7/Window1/Scrollbar1'
20/12/2013 11:49:37 (Info) 	Assigning LookNFeel 'TaharezLook/LargeVerticalScrollbar' to window 'Demo7/Window1/Scrollbar1'.
20/12/2013 11:49:37 (Info) 	Window 'Demo7/Window1/Scrollbar1__auto_incbtn__' of type 'TaharezLook/ImageButton' has been created. (08A52880)
20/12/2013 11:49:37 (Info) 	Assigning the window renderer 'Falagard/Button' to the window 'Demo7/Window1/Scrollbar1__auto_incbtn__'
20/12/2013 11:49:37 (Info) 	Assigning LookNFeel 'TaharezLook/ImageButton' to window 'Demo7/Window1/Scrollbar1__auto_incbtn__'.
20/12/2013 11:49:37 (Info) 	Window 'Demo7/Window1/Scrollbar1__auto_decbtn__' of type 'TaharezLook/ImageButton' has been created. (0883D168)
20/12/2013 11:49:37 (Info) 	Assigning the window renderer 'Falagard/Button' to the window 'Demo7/Window1/Scrollbar1__auto_decbtn__'
20/12/2013 11:49:37 (Info) 	Assigning LookNFeel 'TaharezLook/ImageButton' to window 'Demo7/Window1/Scrollbar1__auto_decbtn__'.
20/12/2013 11:49:37 (Info) 	Window 'Demo7/Window1/Scrollbar1__auto_thumb__' of type 'TaharezLook/LargeVerticalScrollbarThumb' has been created. (08843AD8)
20/12/2013 11:49:37 (Info) 	Assigning the window renderer 'Falagard/Button' to the window 'Demo7/Window1/Scrollbar1__auto_thumb__'
20/12/2013 11:49:37 (Info) 	Assigning LookNFeel 'TaharezLook/LargeVerticalScrollbarThumb' to window 'Demo7/Window1/Scrollbar1__auto_thumb__'.
20/12/2013 11:49:37 (Info) 	Window 'Demo7/Window1/Slider1' of type 'TaharezLook/Slider' has been created. (08A4F630)
20/12/2013 11:49:37 (Info) 	Assigning the window renderer 'Falagard/Slider' to the window 'Demo7/Window1/Slider1'
20/12/2013 11:49:37 (Info) 	Assigning LookNFeel 'TaharezLook/Slider' to window 'Demo7/Window1/Slider1'.
20/12/2013 11:49:37 (Info) 	Window 'Demo7/Window1/Slider1__auto_thumb__' of type 'TaharezLook/SliderThumb' has been created. (0884E390)
20/12/2013 11:49:37 (Info) 	Assigning the window renderer 'Falagard/Button' to the window 'Demo7/Window1/Slider1__auto_thumb__'
20/12/2013 11:49:37 (Info) 	Assigning LookNFeel 'TaharezLook/SliderThumb' to window 'Demo7/Window1/Slider1__auto_thumb__'.
20/12/2013 11:49:37 (Info) 	Window 'Demo7/Window2' of type 'TaharezLook/WobblyFrameWindow' has been created. (0884AF10)
20/12/2013 11:49:37 (Info) 	Assigning the window renderer 'Falagard/FrameWindow' to the window 'Demo7/Window2'
20/12/2013 11:49:37 (Info) 	Assigning LookNFeel 'TaharezLook/FrameWindow' to window 'Demo7/Window2'.
20/12/2013 11:49:37 (Info) 	Window 'Demo7/Window2__auto_titlebar__' of type 'TaharezLook/Titlebar' has been created. (08858C20)
20/12/2013 11:49:37 (Info) 	Assigning the window renderer 'Falagard/Titlebar' to the window 'Demo7/Window2__auto_titlebar__'
20/12/2013 11:49:37 (Info) 	Assigning LookNFeel 'TaharezLook/Titlebar' to window 'Demo7/Window2__auto_titlebar__'.
20/12/2013 11:49:37 (Info) 	Window 'Demo7/Window2__auto_closebutton__' of type 'TaharezLook/ImageButton' has been created. (0885D978)
20/12/2013 11:49:37 (Info) 	Assigning the window renderer 'Falagard/Button' to the window 'Demo7/Window2__auto_closebutton__'
20/12/2013 11:49:37 (Info) 	Assigning LookNFeel 'TaharezLook/ImageButton' to window 'Demo7/Window2__auto_closebutton__'.
20/12/2013 11:49:37 (Std) 	RenderEffectManager::create: Created instance of effect 'WobblyWindow' at 08864CC8
20/12/2013 11:49:37 (Info) 	Window 'Demo7/Window2/Progbar1' of type 'TaharezLook/ProgressBar' has been created. (088561B8)
20/12/2013 11:49:37 (Info) 	Assigning the window renderer 'Falagard/ProgressBar' to the window 'Demo7/Window2/Progbar1'
20/12/2013 11:49:37 (Info) 	Assigning LookNFeel 'TaharezLook/ProgressBar' to window 'Demo7/Window2/Progbar1'.
20/12/2013 11:49:37 (Info) 	Window 'Demo7/Window2/Progbar2' of type 'TaharezLook/AlternateProgressBar' has been created. (0886B7C8)
20/12/2013 11:49:37 (Info) 	Assigning the window renderer 'Falagard/ProgressBar' to the window 'Demo7/Window2/Progbar2'
20/12/2013 11:49:37 (Info) 	Assigning LookNFeel 'TaharezLook/AltProgressBar' to window 'Demo7/Window2/Progbar2'.
20/12/2013 11:49:37 (Info) 	Window 'Demo7/Window2/Listbox' of type 'TaharezLook/ItemListbox' has been created. (08875940)
20/12/2013 11:49:37 (Info) 	Assigning the window renderer 'Falagard/ItemListbox' to the window 'Demo7/Window2/Listbox'
20/12/2013 11:49:37 (Info) 	Assigning LookNFeel 'TaharezLook/ItemListbox' to window 'Demo7/Window2/Listbox'.
20/12/2013 11:49:37 (Info) 	Window 'Demo7/Window2/Listbox__auto_hscrollbar__' of type 'TaharezLook/HorizontalScrollbar' has been created. (08873AC8)
20/12/2013 11:49:37 (Info) 	Assigning the window renderer 'Falagard/Scrollbar' to the window 'Demo7/Window2/Listbox__auto_hscrollbar__'
20/12/2013 11:49:37 (Info) 	Assigning LookNFeel 'TaharezLook/HorizontalScrollbar' to window 'Demo7/Window2/Listbox__auto_hscrollbar__'.
20/12/2013 11:49:37 (Info) 	Window 'Demo7/Window2/Listbox__auto_hscrollbar____auto_incbtn__' of type 'TaharezLook/ImageButton' has been created. (089E4EC8)
20/12/2013 11:49:37 (Info) 	Assigning the window renderer 'Falagard/Button' to the window 'Demo7/Window2/Listbox__auto_hscrollbar____auto_incbtn__'
20/12/2013 11:49:37 (Info) 	Assigning LookNFeel 'TaharezLook/ImageButton' to window 'Demo7/Window2/Listbox__auto_hscrollbar____auto_incbtn__'.
20/12/2013 11:49:37 (Info) 	Window 'Demo7/Window2/Listbox__auto_hscrollbar____auto_decbtn__' of type 'TaharezLook/ImageButton' has been created. (089EBA80)
20/12/2013 11:49:37 (Info) 	Assigning the window renderer 'Falagard/Button' to the window 'Demo7/Window2/Listbox__auto_hscrollbar____auto_decbtn__'
20/12/2013 11:49:37 (Info) 	Assigning LookNFeel 'TaharezLook/ImageButton' to window 'Demo7/Window2/Listbox__auto_hscrollbar____auto_decbtn__'.
20/12/2013 11:49:37 (Info) 	Window 'Demo7/Window2/Listbox__auto_hscrollbar____auto_thumb__' of type 'TaharezLook/HorizontalScrollbarThumb' has been created. (089F24F8)
20/12/2013 11:49:37 (Info) 	Assigning the window renderer 'Falagard/Button' to the window 'Demo7/Window2/Listbox__auto_hscrollbar____auto_thumb__'
20/12/2013 11:49:37 (Info) 	Assigning LookNFeel 'TaharezLook/HorizontalScrollbarThumb' to window 'Demo7/Window2/Listbox__auto_hscrollbar____auto_thumb__'.
20/12/2013 11:49:37 (Info) 	Window 'Demo7/Window2/Listbox__auto_vscrollbar__' of type 'TaharezLook/VerticalScrollbar' has been created. (089F8AF8)
20/12/2013 11:49:37 (Info) 	Assigning the window renderer 'Falagard/Scrollbar' to the window 'Demo7/Window2/Listbox__auto_vscrollbar__'
20/12/2013 11:49:37 (Info) 	Assigning LookNFeel 'TaharezLook/VerticalScrollbar' to window 'Demo7/Window2/Listbox__auto_vscrollbar__'.
20/12/2013 11:49:37 (Info) 	Window 'Demo7/Window2/Listbox__auto_vscrollbar____auto_incbtn__' of type 'TaharezLook/ImageButton' has been created. (089FE218)
20/12/2013 11:49:37 (Info) 	Assigning the window renderer 'Falagard/Button' to the window 'Demo7/Window2/Listbox__auto_vscrollbar____auto_incbtn__'
20/12/2013 11:49:37 (Info) 	Assigning LookNFeel 'TaharezLook/ImageButton' to window 'Demo7/Window2/Listbox__auto_vscrollbar____auto_incbtn__'.
20/12/2013 11:49:37 (Info) 	Window 'Demo7/Window2/Listbox__auto_vscrollbar____auto_decbtn__' of type 'TaharezLook/ImageButton' has been created. (08A04DA0)
20/12/2013 11:49:37 (Info) 	Assigning the window renderer 'Falagard/Button' to the window 'Demo7/Window2/Listbox__auto_vscrollbar____auto_decbtn__'
20/12/2013 11:49:37 (Info) 	Assigning LookNFeel 'TaharezLook/ImageButton' to window 'Demo7/Window2/Listbox__auto_vscrollbar____auto_decbtn__'.
20/12/2013 11:49:37 (Info) 	Window 'Demo7/Window2/Listbox__auto_vscrollbar____auto_thumb__' of type 'TaharezLook/VerticalScrollbarThumb' has been created. (08A0B8B0)
20/12/2013 11:49:37 (Info) 	Assigning the window renderer 'Falagard/Button' to the window 'Demo7/Window2/Listbox__auto_vscrollbar____auto_thumb__'
20/12/2013 11:49:37 (Info) 	Assigning LookNFeel 'TaharezLook/VerticalScrollbarThumb' to window 'Demo7/Window2/Listbox__auto_vscrollbar____auto_thumb__'.
20/12/2013 11:49:37 (Info) 	Window 'Demo7/Window2/Listbox__auto_content_pane__' of type 'ClippedContainer' has been created. (08A12158)
20/12/2013 11:49:37 (Info) 	Window '__cewin_uid_0' of type 'TaharezLook/ListboxItem' has been created. (08874438)
20/12/2013 11:49:37 (Info) 	Assigning the window renderer 'Falagard/ItemEntry' to the window '__cewin_uid_0'
20/12/2013 11:49:37 (Info) 	Assigning LookNFeel 'TaharezLook/ListboxItem' to window '__cewin_uid_0'.
20/12/2013 11:49:37 (Info) 	Window '__cewin_uid_1' of type 'TaharezLook/ListboxItem' has been created. (089BE6A0)
20/12/2013 11:49:37 (Info) 	Assigning the window renderer 'Falagard/ItemEntry' to the window '__cewin_uid_1'
20/12/2013 11:49:37 (Info) 	Assigning LookNFeel 'TaharezLook/ListboxItem' to window '__cewin_uid_1'.
20/12/2013 11:49:37 (Info) 	Window '__cewin_uid_2' of type 'TaharezLook/ListboxItem' has been created. (089C0790)
20/12/2013 11:49:37 (Info) 	Assigning the window renderer 'Falagard/ItemEntry' to the window '__cewin_uid_2'
20/12/2013 11:49:37 (Info) 	Assigning LookNFeel 'TaharezLook/ListboxItem' to window '__cewin_uid_2'.
20/12/2013 11:49:37 (Info) 	Window '__cewin_uid_3' of type 'TaharezLook/ListboxItem' has been created. (089C69D8)
20/12/2013 11:49:37 (Info) 	Assigning the window renderer 'Falagard/ItemEntry' to the window '__cewin_uid_3'
20/12/2013 11:49:37 (Info) 	Assigning LookNFeel 'TaharezLook/ListboxItem' to window '__cewin_uid_3'.
20/12/2013 11:49:37 (Info) 	Window '__cewin_uid_4' of type 'TaharezLook/ListboxItem' has been created. (089C7008)
20/12/2013 11:49:37 (Info) 	Assigning the window renderer 'Falagard/ItemEntry' to the window '__cewin_uid_4'
20/12/2013 11:49:37 (Info) 	Assigning LookNFeel 'TaharezLook/ListboxItem' to window '__cewin_uid_4'.
20/12/2013 11:49:37 (Info) 	Window '__cewin_uid_5' of type 'TaharezLook/ListboxItem' has been created. (089C4CA8)
20/12/2013 11:49:37 (Info) 	Assigning the window renderer 'Falagard/ItemEntry' to the window '__cewin_uid_5'
20/12/2013 11:49:37 (Info) 	Assigning LookNFeel 'TaharezLook/ListboxItem' to window '__cewin_uid_5'.
20/12/2013 11:49:37 (Info) 	Window '__cewin_uid_6' of type 'TaharezLook/ListboxItem' has been created. (089D4F80)
20/12/2013 11:49:37 (Info) 	Assigning the window renderer 'Falagard/ItemEntry' to the window '__cewin_uid_6'
20/12/2013 11:49:37 (Info) 	Assigning LookNFeel 'TaharezLook/ListboxItem' to window '__cewin_uid_6'.
20/12/2013 11:49:37 (Info) 	Window 'Demo7/Window2/Combobox' of type 'TaharezLook/Combobox' has been created. (089D3B60)
20/12/2013 11:49:37 (Info) 	Assigning the window renderer 'Falagard/Default' to the window 'Demo7/Window2/Combobox'
20/12/2013 11:49:37 (Info) 	Assigning LookNFeel 'TaharezLook/Combobox' to window 'Demo7/Window2/Combobox'.
20/12/2013 11:49:37 (Info) 	Window 'Demo7/Window2/Combobox__auto_editbox__' of type 'TaharezLook/ComboEditbox' has been created. (089D9220)
20/12/2013 11:49:37 (Info) 	Assigning the window renderer 'Falagard/Editbox' to the window 'Demo7/Window2/Combobox__auto_editbox__'
20/12/2013 11:49:37 (Info) 	Assigning LookNFeel 'TaharezLook/ComboEditbox' to window 'Demo7/Window2/Combobox__auto_editbox__'.
20/12/2013 11:49:37 (Info) 	Window 'Demo7/Window2/Combobox__auto_droplist__' of type 'TaharezLook/ComboDropList' has been created. (089DF898)
20/12/2013 11:49:37 (Info) 	Assigning the window renderer 'Falagard/Listbox' to the window 'Demo7/Window2/Combobox__auto_droplist__'
20/12/2013 11:49:37 (Info) 	Assigning LookNFeel 'TaharezLook/ComboDropList' to window 'Demo7/Window2/Combobox__auto_droplist__'.
20/12/2013 11:49:37 (Info) 	Window 'Demo7/Window2/Combobox__auto_droplist____auto_hscrollbar__' of type 'TaharezLook/HorizontalScrollbar' has been created. (08A5B688)
20/12/2013 11:49:37 (Info) 	Assigning the window renderer 'Falagard/Scrollbar' to the window 'Demo7/Window2/Combobox__auto_droplist____auto_hscrollbar__'
20/12/2013 11:49:37 (Info) 	Assigning LookNFeel 'TaharezLook/HorizontalScrollbar' to window 'Demo7/Window2/Combobox__auto_droplist____auto_hscrollbar__'.
20/12/2013 11:49:37 (Info) 	Window 'Demo7/Window2/Combobox__auto_droplist____auto_hscrollbar____auto_incbtn__' of type 'TaharezLook/ImageButton' has been created. (08A60FE0)
20/12/2013 11:49:37 (Info) 	Assigning the window renderer 'Falagard/Button' to the window 'Demo7/Window2/Combobox__auto_droplist____auto_hscrollbar____auto_incbtn__'
20/12/2013 11:49:37 (Info) 	Assigning LookNFeel 'TaharezLook/ImageButton' to window 'Demo7/Window2/Combobox__auto_droplist____auto_hscrollbar____auto_incbtn__'.
20/12/2013 11:49:37 (Info) 	Window 'Demo7/Window2/Combobox__auto_droplist____auto_hscrollbar____auto_decbtn__' of type 'TaharezLook/ImageButton' has been created. (08A67B80)
20/12/2013 11:49:37 (Info) 	Assigning the window renderer 'Falagard/Button' to the window 'Demo7/Window2/Combobox__auto_droplist____auto_hscrollbar____auto_decbtn__'
20/12/2013 11:49:37 (Info) 	Assigning LookNFeel 'TaharezLook/ImageButton' to window 'Demo7/Window2/Combobox__auto_droplist____auto_hscrollbar____auto_decbtn__'.
20/12/2013 11:49:37 (Info) 	Window 'Demo7/Window2/Combobox__auto_droplist____auto_hscrollbar____auto_thumb__' of type 'TaharezLook/HorizontalScrollbarThumb' has been created. (08A6E718)
20/12/2013 11:49:37 (Info) 	Assigning the window renderer 'Falagard/Button' to the window 'Demo7/Window2/Combobox__auto_droplist____auto_hscrollbar____auto_thumb__'
20/12/2013 11:49:37 (Info) 	Assigning LookNFeel 'TaharezLook/HorizontalScrollbarThumb' to window 'Demo7/Window2/Combobox__auto_droplist____auto_hscrollbar____auto_thumb__'.
20/12/2013 11:49:37 (Info) 	Window 'Demo7/Window2/Combobox__auto_droplist____auto_vscrollbar__' of type 'TaharezLook/VerticalScrollbar' has been created. (08A74C58)
20/12/2013 11:49:37 (Info) 	Assigning the window renderer 'Falagard/Scrollbar' to the window 'Demo7/Window2/Combobox__auto_droplist____auto_vscrollbar__'
20/12/2013 11:49:37 (Info) 	Assigning LookNFeel 'TaharezLook/VerticalScrollbar' to window 'Demo7/Window2/Combobox__auto_droplist____auto_vscrollbar__'.
20/12/2013 11:49:37 (Info) 	Window 'Demo7/Window2/Combobox__auto_droplist____auto_vscrollbar____auto_incbtn__' of type 'TaharezLook/ImageButton' has been created. (08A7A438)
20/12/2013 11:49:37 (Info) 	Assigning the window renderer 'Falagard/Button' to the window 'Demo7/Window2/Combobox__auto_droplist____auto_vscrollbar____auto_incbtn__'
20/12/2013 11:49:37 (Info) 	Assigning LookNFeel 'TaharezLook/ImageButton' to window 'Demo7/Window2/Combobox__auto_droplist____auto_vscrollbar____auto_incbtn__'.
20/12/2013 11:49:37 (Info) 	Window 'Demo7/Window2/Combobox__auto_droplist____auto_vscrollbar____auto_decbtn__' of type 'TaharezLook/ImageButton' has been created. (08A81200)
20/12/2013 11:49:37 (Info) 	Assigning the window renderer 'Falagard/Button' to the window 'Demo7/Window2/Combobox__auto_droplist____auto_vscrollbar____auto_decbtn__'
20/12/2013 11:49:37 (Info) 	Assigning LookNFeel 'TaharezLook/ImageButton' to window 'Demo7/Window2/Combobox__auto_droplist____auto_vscrollbar____auto_decbtn__'.
20/12/2013 11:49:37 (Info) 	Window 'Demo7/Window2/Combobox__auto_droplist____auto_vscrollbar____auto_thumb__' of type 'TaharezLook/VerticalScrollbarThumb' has been created. (08A87D00)
20/12/2013 11:49:37 (Info) 	Assigning the window renderer 'Falagard/Button' to the window 'Demo7/Window2/Combobox__auto_droplist____auto_vscrollbar____auto_thumb__'
20/12/2013 11:49:37 (Info) 	Assigning LookNFeel 'TaharezLook/VerticalScrollbarThumb' to window 'Demo7/Window2/Combobox__auto_droplist____auto_vscrollbar____auto_thumb__'.
20/12/2013 11:49:37 (Info) 	Window 'Demo7/Window2/Combobox__auto_button__' of type 'TaharezLook/ImageButton' has been created. (08A8EA98)
20/12/2013 11:49:37 (Info) 	Assigning the window renderer 'Falagard/Button' to the window 'Demo7/Window2/Combobox__auto_button__'
20/12/2013 11:49:37 (Info) 	Assigning LookNFeel 'TaharezLook/ImageButton' to window 'Demo7/Window2/Combobox__auto_button__'.
20/12/2013 11:49:37 (Info) 	Window 'Demo7/Window2/MultiColumnList' of type 'TaharezLook/MultiColumnList' has been created. (08A9A258)
20/12/2013 11:49:37 (Info) 	Assigning the window renderer 'Falagard/MultiColumnList' to the window 'Demo7/Window2/MultiColumnList'
20/12/2013 11:49:37 (Info) 	Assigning LookNFeel 'TaharezLook/MultiColumnList' to window 'Demo7/Window2/MultiColumnList'.
20/12/2013 11:49:37 (Info) 	Window 'Demo7/Window2/MultiColumnList__auto_listheader__' of type 'TaharezLook/ListHeader' has been created. (08A9EF60)
20/12/2013 11:49:37 (Info) 	Assigning the window renderer 'Falagard/ListHeader' to the window 'Demo7/Window2/MultiColumnList__auto_listheader__'
20/12/2013 11:49:37 (Info) 	Assigning LookNFeel 'TaharezLook/ListHeader' to window 'Demo7/Window2/MultiColumnList__auto_listheader__'.
20/12/2013 11:49:37 (Info) 	Window 'Demo7/Window2/MultiColumnList__auto_hscrollbar__' of type 'TaharezLook/HorizontalScrollbar' has been created. (08AA3E48)
20/12/2013 11:49:37 (Info) 	Assigning the window renderer 'Falagard/Scrollbar' to the window 'Demo7/Window2/MultiColumnList__auto_hscrollbar__'
20/12/2013 11:49:37 (Info) 	Assigning LookNFeel 'TaharezLook/HorizontalScrollbar' to window 'Demo7/Window2/MultiColumnList__auto_hscrollbar__'.
20/12/2013 11:49:37 (Info) 	Window 'Demo7/Window2/MultiColumnList__auto_hscrollbar____auto_incbtn__' of type 'TaharezLook/ImageButton' has been created. (08AA98C0)
20/12/2013 11:49:37 (Info) 	Assigning the window renderer 'Falagard/Button' to the window 'Demo7/Window2/MultiColumnList__auto_hscrollbar____auto_incbtn__'
20/12/2013 11:49:37 (Info) 	Assigning LookNFeel 'TaharezLook/ImageButton' to window 'Demo7/Window2/MultiColumnList__auto_hscrollbar____auto_incbtn__'.
20/12/2013 11:49:37 (Info) 	Window 'Demo7/Window2/MultiColumnList__auto_hscrollbar____auto_decbtn__' of type 'TaharezLook/ImageButton' has been created. (08AB0230)
20/12/2013 11:49:37 (Info) 	Assigning the window renderer 'Falagard/Button' to the window 'Demo7/Window2/MultiColumnList__auto_hscrollbar____auto_decbtn__'
20/12/2013 11:49:37 (Info) 	Assigning LookNFeel 'TaharezLook/ImageButton' to window 'Demo7/Window2/MultiColumnList__auto_hscrollbar____auto_decbtn__'.
20/12/2013 11:49:37 (Info) 	Window 'Demo7/Window2/MultiColumnList__auto_hscrollbar____auto_thumb__' of type 'TaharezLook/HorizontalScrollbarThumb' has been created. (08AB6E20)
20/12/2013 11:49:37 (Info) 	Assigning the window renderer 'Falagard/Button' to the window 'Demo7/Window2/MultiColumnList__auto_hscrollbar____auto_thumb__'
20/12/2013 11:49:37 (Info) 	Assigning LookNFeel 'TaharezLook/HorizontalScrollbarThumb' to window 'Demo7/Window2/MultiColumnList__auto_hscrollbar____auto_thumb__'.
20/12/2013 11:49:37 (Info) 	Window 'Demo7/Window2/MultiColumnList__auto_vscrollbar__' of type 'TaharezLook/VerticalScrollbar' has been created. (08ABD3D8)
20/12/2013 11:49:37 (Info) 	Assigning the window renderer 'Falagard/Scrollbar' to the window 'Demo7/Window2/MultiColumnList__auto_vscrollbar__'
20/12/2013 11:49:37 (Info) 	Assigning LookNFeel 'TaharezLook/VerticalScrollbar' to window 'Demo7/Window2/MultiColumnList__auto_vscrollbar__'.
20/12/2013 11:49:37 (Info) 	Window 'Demo7/Window2/MultiColumnList__auto_vscrollbar____auto_incbtn__' of type 'TaharezLook/ImageButton' has been created. (08AC2B98)
20/12/2013 11:49:37 (Info) 	Assigning the window renderer 'Falagard/Button' to the window 'Demo7/Window2/MultiColumnList__auto_vscrollbar____auto_incbtn__'
20/12/2013 11:49:37 (Info) 	Assigning LookNFeel 'TaharezLook/ImageButton' to window 'Demo7/Window2/MultiColumnList__auto_vscrollbar____auto_incbtn__'.
20/12/2013 11:49:37 (Info) 	Window 'Demo7/Window2/MultiColumnList__auto_vscrollbar____auto_decbtn__' of type 'TaharezLook/ImageButton' has been created. (08AC9788)
20/12/2013 11:49:37 (Info) 	Assigning the window renderer 'Falagard/Button' to the window 'Demo7/Window2/MultiColumnList__auto_vscrollbar____auto_decbtn__'
20/12/2013 11:49:37 (Info) 	Assigning LookNFeel 'TaharezLook/ImageButton' to window 'Demo7/Window2/MultiColumnList__auto_vscrollbar____auto_decbtn__'.
20/12/2013 11:49:37 (Info) 	Window 'Demo7/Window2/MultiColumnList__auto_vscrollbar____auto_thumb__' of type 'TaharezLook/VerticalScrollbarThumb' has been created. (08AD0328)
20/12/2013 11:49:37 (Info) 	Assigning the window renderer 'Falagard/Button' to the window 'Demo7/Window2/MultiColumnList__auto_vscrollbar____auto_thumb__'
20/12/2013 11:49:37 (Info) 	Assigning LookNFeel 'TaharezLook/VerticalScrollbarThumb' to window 'Demo7/Window2/MultiColumnList__auto_vscrollbar____auto_thumb__'.
20/12/2013 11:49:37 (Info) 	Window 'Demo7/Window2/MultiColumnList__auto_listheader____auto_seg_0' of type 'TaharezLook/ListHeaderSegment' has been created. (089D2678)
20/12/2013 11:49:37 (Info) 	Assigning the window renderer 'Falagard/ListHeaderSegment' to the window 'Demo7/Window2/MultiColumnList__auto_listheader____auto_seg_0'
20/12/2013 11:49:37 (Info) 	Assigning LookNFeel 'TaharezLook/ListHeaderSegment' to window 'Demo7/Window2/MultiColumnList__auto_listheader____auto_seg_0'.
20/12/2013 11:49:37 (Info) 	Window 'Demo7/Window2/MultiColumnList__auto_listheader____auto_seg_1' of type 'TaharezLook/ListHeaderSegment' has been created. (08AE2FB0)
20/12/2013 11:49:37 (Info) 	Assigning the window renderer 'Falagard/ListHeaderSegment' to the window 'Demo7/Window2/MultiColumnList__auto_listheader____auto_seg_1'
20/12/2013 11:49:37 (Info) 	Assigning LookNFeel 'TaharezLook/ListHeaderSegment' to window 'Demo7/Window2/MultiColumnList__auto_listheader____auto_seg_1'.
20/12/2013 11:49:37 (Info) 	Window 'Demo7/Window2/MultiColumnList__auto_listheader____auto_seg_2' of type 'TaharezLook/ListHeaderSegment' has been created. (08AE93D0)
20/12/2013 11:49:37 (Info) 	Assigning the window renderer 'Falagard/ListHeaderSegment' to the window 'Demo7/Window2/MultiColumnList__auto_listheader____auto_seg_2'
20/12/2013 11:49:37 (Info) 	Assigning LookNFeel 'TaharezLook/ListHeaderSegment' to window 'Demo7/Window2/MultiColumnList__auto_listheader____auto_seg_2'.
20/12/2013 11:49:37 (Info) 	Window 'Demo7/Window2/Image1' of type 'TaharezLook/StaticImage' has been created. (08AE7130)
20/12/2013 11:49:37 (Info) 	Assigning the window renderer 'Falagard/StaticImage' to the window 'Demo7/Window2/Image1'
20/12/2013 11:49:37 (Info) 	Assigning LookNFeel 'TaharezLook/StaticImage' to window 'Demo7/Window2/Image1'.
20/12/2013 11:49:37 (Info) 	Window 'Demo7/Window3' of type 'TaharezLook/WobblyFrameWindow' has been created. (08AEB678)
20/12/2013 11:49:37 (Info) 	Assigning the window renderer 'Falagard/FrameWindow' to the window 'Demo7/Window3'
20/12/2013 11:49:37 (Info) 	Assigning LookNFeel 'TaharezLook/FrameWindow' to window 'Demo7/Window3'.
20/12/2013 11:49:37 (Info) 	Window 'Demo7/Window3__auto_titlebar__' of type 'TaharezLook/Titlebar' has been created. (08AF5020)
20/12/2013 11:49:37 (Info) 	Assigning the window renderer 'Falagard/Titlebar' to the window 'Demo7/Window3__auto_titlebar__'
20/12/2013 11:49:37 (Info) 	Assigning LookNFeel 'TaharezLook/Titlebar' to window 'Demo7/Window3__auto_titlebar__'.
20/12/2013 11:49:37 (Info) 	Window 'Demo7/Window3__auto_closebutton__' of type 'TaharezLook/ImageButton' has been created. (08AF9DB8)
20/12/2013 11:49:37 (Info) 	Assigning the window renderer 'Falagard/Button' to the window 'Demo7/Window3__auto_closebutton__'
20/12/2013 11:49:37 (Info) 	Assigning LookNFeel 'TaharezLook/ImageButton' to window 'Demo7/Window3__auto_closebutton__'.
20/12/2013 11:49:37 (Std) 	RenderEffectManager::create: Created instance of effect 'WobblyWindow' at 08B01098
20/12/2013 11:49:37 (Info) 	Window 'Demo7/Window3/MLEditbox' of type 'TaharezLook/MultiLineEditbox' has been created. (08B0BD68)
20/12/2013 11:49:37 (Info) 	Assigning the window renderer 'Falagard/MultiLineEditbox' to the window 'Demo7/Window3/MLEditbox'
20/12/2013 11:49:37 (Info) 	Assigning LookNFeel 'TaharezLook/MultiLineEditbox' to window 'Demo7/Window3/MLEditbox'.
20/12/2013 11:49:37 (Info) 	Window 'Demo7/Window3/MLEditbox__auto_hscrollbar__' of type 'TaharezLook/HorizontalScrollbar' has been created. (08B079B0)
20/12/2013 11:49:37 (Info) 	Assigning the window renderer 'Falagard/Scrollbar' to the window 'Demo7/Window3/MLEditbox__auto_hscrollbar__'
20/12/2013 11:49:37 (Info) 	Assigning LookNFeel 'TaharezLook/HorizontalScrollbar' to window 'Demo7/Window3/MLEditbox__auto_hscrollbar__'.
20/12/2013 11:49:37 (Info) 	Window 'Demo7/Window3/MLEditbox__auto_hscrollbar____auto_incbtn__' of type 'TaharezLook/ImageButton' has been created. (08B10210)
20/12/2013 11:49:37 (Info) 	Assigning the window renderer 'Falagard/Button' to the window 'Demo7/Window3/MLEditbox__auto_hscrollbar____auto_incbtn__'
20/12/2013 11:49:37 (Info) 	Assigning LookNFeel 'TaharezLook/ImageButton' to window 'Demo7/Window3/MLEditbox__auto_hscrollbar____auto_incbtn__'.
20/12/2013 11:49:37 (Info) 	Window 'Demo7/Window3/MLEditbox__auto_hscrollbar____auto_decbtn__' of type 'TaharezLook/ImageButton' has been created. (08B16D30)
20/12/2013 11:49:37 (Info) 	Assigning the window renderer 'Falagard/Button' to the window 'Demo7/Window3/MLEditbox__auto_hscrollbar____auto_decbtn__'
20/12/2013 11:49:37 (Info) 	Assigning LookNFeel 'TaharezLook/ImageButton' to window 'Demo7/Window3/MLEditbox__auto_hscrollbar____auto_decbtn__'.
20/12/2013 11:49:37 (Info) 	Window 'Demo7/Window3/MLEditbox__auto_hscrollbar____auto_thumb__' of type 'TaharezLook/HorizontalScrollbarThumb' has been created. (08B1D8D8)
20/12/2013 11:49:37 (Info) 	Assigning the window renderer 'Falagard/Button' to the window 'Demo7/Window3/MLEditbox__auto_hscrollbar____auto_thumb__'
20/12/2013 11:49:37 (Info) 	Assigning LookNFeel 'TaharezLook/HorizontalScrollbarThumb' to window 'Demo7/Window3/MLEditbox__auto_hscrollbar____auto_thumb__'.
20/12/2013 11:49:37 (Info) 	Window 'Demo7/Window3/MLEditbox__auto_vscrollbar__' of type 'TaharezLook/VerticalScrollbar' has been created. (08B23ED0)
20/12/2013 11:49:37 (Info) 	Assigning the window renderer 'Falagard/Scrollbar' to the window 'Demo7/Window3/MLEditbox__auto_vscrollbar__'
20/12/2013 11:49:37 (Info) 	Assigning LookNFeel 'TaharezLook/VerticalScrollbar' to window 'Demo7/Window3/MLEditbox__auto_vscrollbar__'.
20/12/2013 11:49:37 (Info) 	Window 'Demo7/Window3/MLEditbox__auto_vscrollbar____auto_incbtn__' of type 'TaharezLook/ImageButton' has been created. (08B29760)
20/12/2013 11:49:37 (Info) 	Assigning the window renderer 'Falagard/Button' to the window 'Demo7/Window3/MLEditbox__auto_vscrollbar____auto_incbtn__'
20/12/2013 11:49:37 (Info) 	Assigning LookNFeel 'TaharezLook/ImageButton' to window 'Demo7/Window3/MLEditbox__auto_vscrollbar____auto_incbtn__'.
20/12/2013 11:49:37 (Info) 	Window 'Demo7/Window3/MLEditbox__auto_vscrollbar____auto_decbtn__' of type 'TaharezLook/ImageButton' has been created. (08B302D0)
20/12/2013 11:49:37 (Info) 	Assigning the window renderer 'Falagard/Button' to the window 'Demo7/Window3/MLEditbox__auto_vscrollbar____auto_decbtn__'
20/12/2013 11:49:37 (Info) 	Assigning LookNFeel 'TaharezLook/ImageButton' to window 'Demo7/Window3/MLEditbox__auto_vscrollbar____auto_decbtn__'.
20/12/2013 11:49:37 (Info) 	Window 'Demo7/Window3/MLEditbox__auto_vscrollbar____auto_thumb__' of type 'TaharezLook/VerticalScrollbarThumb' has been created. (08B36DE0)
20/12/2013 11:49:37 (Info) 	Assigning the window renderer 'Falagard/Button' to the window 'Demo7/Window3/MLEditbox__auto_vscrollbar____auto_thumb__'
20/12/2013 11:49:37 (Info) 	Assigning LookNFeel 'TaharezLook/VerticalScrollbarThumb' to window 'Demo7/Window3/MLEditbox__auto_vscrollbar____auto_thumb__'.
20/12/2013 11:49:37 (Std) 	---- Successfully completed loading of GUI layout from 'Demo7Windows.layout' ----
20/12/2013 11:53:28 (Std) 	---- Begining CEGUI System destruction ----
20/12/2013 11:53:28 (Info) 	Window 'Demo7/Window1__auto_titlebar__' has been added to dead pool. (08992368)
20/12/2013 11:53:28 (Info) 	Window 'Demo7/Window1__auto_closebutton__' has been added to dead pool. (08996D28)
20/12/2013 11:53:28 (Info) 	Window 'Demo7/Window1/Quit' has been added to dead pool. (089A2248)
20/12/2013 11:53:28 (Info) 	Window 'Demo7/Window1/Radio1' has been added to dead pool. (089A8120)
20/12/2013 11:53:28 (Info) 	Window 'Demo7/Window1/Radio2' has been added to dead pool. (089AD210)
20/12/2013 11:53:28 (Info) 	Window 'Demo7/Window1/Radio3' has been added to dead pool. (089B1500)
20/12/2013 11:53:28 (Info) 	Window 'Demo7/Window1/Checkbox' has been added to dead pool. (089B6038)
20/12/2013 11:53:28 (Info) 	Window 'Demo7/Window1/Text1__auto_hscrollbar____auto_incbtn__' has been added to dead pool. (0880AFA0)
20/12/2013 11:53:28 (Info) 	Window 'Demo7/Window1/Text1__auto_hscrollbar____auto_decbtn__' has been added to dead pool. (08811A08)
20/12/2013 11:53:28 (Info) 	Window 'Demo7/Window1/Text1__auto_hscrollbar____auto_thumb__' has been added to dead pool. (08818410)
20/12/2013 11:53:28 (Info) 	Window 'Demo7/Window1/Text1__auto_hscrollbar__' has been added to dead pool. (088059D0)
20/12/2013 11:53:28 (Info) 	Window 'Demo7/Window1/Text1__auto_vscrollbar____auto_incbtn__' has been added to dead pool. (088240E0)
20/12/2013 11:53:28 (Info) 	Window 'Demo7/Window1/Text1__auto_vscrollbar____auto_decbtn__' has been added to dead pool. (0882ABE0)
20/12/2013 11:53:28 (Info) 	Window 'Demo7/Window1/Text1__auto_vscrollbar____auto_thumb__' has been added to dead pool. (08831680)
20/12/2013 11:53:28 (Info) 	Window 'Demo7/Window1/Text1__auto_vscrollbar__' has been added to dead pool. (0881E938)
20/12/2013 11:53:28 (Info) 	Window 'Demo7/Window1/Text1' has been added to dead pool. (089B6E38)
20/12/2013 11:53:28 (Info) 	Window 'Demo7/Window1/Editbox' has been added to dead pool. (08A483F8)
20/12/2013 11:53:28 (Info) 	Window 'Demo7/Window1/Scrollbar1__auto_incbtn__' has been added to dead pool. (08A52880)
20/12/2013 11:53:28 (Info) 	Window 'Demo7/Window1/Scrollbar1__auto_decbtn__' has been added to dead pool. (0883D168)
20/12/2013 11:53:28 (Info) 	Window 'Demo7/Window1/Scrollbar1__auto_thumb__' has been added to dead pool. (08843AD8)
20/12/2013 11:53:28 (Info) 	Window 'Demo7/Window1/Scrollbar1' has been added to dead pool. (08A4A3D0)
20/12/2013 11:53:28 (Info) 	Window 'Demo7/Window1/Slider1__auto_thumb__' has been added to dead pool. (0884E390)
20/12/2013 11:53:28 (Info) 	Window 'Demo7/Window1/Slider1' has been added to dead pool. (08A4F630)
20/12/2013 11:53:28 (Info) 	Window 'Demo7/Window1' has been added to dead pool. (0898DE10)
20/12/2013 11:53:28 (Info) 	Window 'Demo7/Window2__auto_titlebar__' has been added to dead pool. (08858C20)
20/12/2013 11:53:28 (Info) 	Window 'Demo7/Window2__auto_closebutton__' has been added to dead pool. (0885D978)
20/12/2013 11:53:28 (Info) 	Window 'Demo7/Window2/Progbar1' has been added to dead pool. (088561B8)
20/12/2013 11:53:28 (Info) 	Window 'Demo7/Window2/Progbar2' has been added to dead pool. (0886B7C8)
20/12/2013 11:53:28 (Info) 	Window 'Demo7/Window2/Listbox__auto_hscrollbar____auto_incbtn__' has been added to dead pool. (089E4EC8)
20/12/2013 11:53:28 (Info) 	Window 'Demo7/Window2/Listbox__auto_hscrollbar____auto_decbtn__' has been added to dead pool. (089EBA80)
20/12/2013 11:53:28 (Info) 	Window 'Demo7/Window2/Listbox__auto_hscrollbar____auto_thumb__' has been added to dead pool. (089F24F8)
20/12/2013 11:53:28 (Info) 	Window 'Demo7/Window2/Listbox__auto_hscrollbar__' has been added to dead pool. (08873AC8)
20/12/2013 11:53:28 (Info) 	Window 'Demo7/Window2/Listbox__auto_vscrollbar____auto_incbtn__' has been added to dead pool. (089FE218)
20/12/2013 11:53:28 (Info) 	Window 'Demo7/Window2/Listbox__auto_vscrollbar____auto_decbtn__' has been added to dead pool. (08A04DA0)
20/12/2013 11:53:28 (Info) 	Window 'Demo7/Window2/Listbox__auto_vscrollbar____auto_thumb__' has been added to dead pool. (08A0B8B0)
20/12/2013 11:53:28 (Info) 	Window 'Demo7/Window2/Listbox__auto_vscrollbar__' has been added to dead pool. (089F8AF8)
20/12/2013 11:53:28 (Info) 	Window '__cewin_uid_0' has been added to dead pool. (08874438)
20/12/2013 11:53:28 (Info) 	Window '__cewin_uid_1' has been added to dead pool. (089BE6A0)
20/12/2013 11:53:28 (Info) 	Window '__cewin_uid_2' has been added to dead pool. (089C0790)
20/12/2013 11:53:28 (Info) 	Window '__cewin_uid_3' has been added to dead pool. (089C69D8)
20/12/2013 11:53:28 (Info) 	Window '__cewin_uid_4' has been added to dead pool. (089C7008)
20/12/2013 11:53:28 (Info) 	Window '__cewin_uid_5' has been added to dead pool. (089C4CA8)
20/12/2013 11:53:28 (Info) 	Window '__cewin_uid_6' has been added to dead pool. (089D4F80)
20/12/2013 11:53:28 (Info) 	Window 'Demo7/Window2/Listbox__auto_content_pane__' has been added to dead pool. (08A12158)
20/12/2013 11:53:28 (Info) 	Window 'Demo7/Window2/Listbox' has been added to dead pool. (08875940)
20/12/2013 11:53:28 (Info) 	Window 'Demo7/Window2/Combobox__auto_editbox__' has been added to dead pool. (089D9220)
20/12/2013 11:53:28 (Info) 	Window 'Demo7/Window2/Combobox__auto_droplist____auto_hscrollbar____auto_incbtn__' has been added to dead pool. (08A60FE0)
20/12/2013 11:53:28 (Info) 	Window 'Demo7/Window2/Combobox__auto_droplist____auto_hscrollbar____auto_decbtn__' has been added to dead pool. (08A67B80)
20/12/2013 11:53:28 (Info) 	Window 'Demo7/Window2/Combobox__auto_droplist____auto_hscrollbar____auto_thumb__' has been added to dead pool. (08A6E718)
20/12/2013 11:53:28 (Info) 	Window 'Demo7/Window2/Combobox__auto_droplist____auto_hscrollbar__' has been added to dead pool. (08A5B688)
20/12/2013 11:53:28 (Info) 	Window 'Demo7/Window2/Combobox__auto_droplist____auto_vscrollbar____auto_incbtn__' has been added to dead pool. (08A7A438)
20/12/2013 11:53:28 (Info) 	Window 'Demo7/Window2/Combobox__auto_droplist____auto_vscrollbar____auto_decbtn__' has been added to dead pool. (08A81200)
20/12/2013 11:53:28 (Info) 	Window 'Demo7/Window2/Combobox__auto_droplist____auto_vscrollbar____auto_thumb__' has been added to dead pool. (08A87D00)
20/12/2013 11:53:28 (Info) 	Window 'Demo7/Window2/Combobox__auto_droplist____auto_vscrollbar__' has been added to dead pool. (08A74C58)
20/12/2013 11:53:28 (Info) 	Window 'Demo7/Window2/Combobox__auto_droplist__' has been added to dead pool. (089DF898)
20/12/2013 11:53:28 (Info) 	Window 'Demo7/Window2/Combobox__auto_button__' has been added to dead pool. (08A8EA98)
20/12/2013 11:53:28 (Info) 	Window 'Demo7/Window2/Combobox' has been added to dead pool. (089D3B60)
20/12/2013 11:53:28 (Info) 	Window 'Demo7/Window2/MultiColumnList__auto_listheader____auto_seg_0' has been added to dead pool. (089D2678)
20/12/2013 11:53:28 (Info) 	Window 'Demo7/Window2/MultiColumnList__auto_listheader____auto_seg_1' has been added to dead pool. (08AE2FB0)
20/12/2013 11:53:28 (Info) 	Window 'Demo7/Window2/MultiColumnList__auto_listheader____auto_seg_2' has been added to dead pool. (08AE93D0)
20/12/2013 11:53:28 (Info) 	Window 'Demo7/Window2/MultiColumnList__auto_listheader__' has been added to dead pool. (08A9EF60)
20/12/2013 11:53:28 (Info) 	Window 'Demo7/Window2/MultiColumnList__auto_hscrollbar____auto_incbtn__' has been added to dead pool. (08AA98C0)
20/12/2013 11:53:28 (Info) 	Window 'Demo7/Window2/MultiColumnList__auto_hscrollbar____auto_decbtn__' has been added to dead pool. (08AB0230)
20/12/2013 11:53:28 (Info) 	Window 'Demo7/Window2/MultiColumnList__auto_hscrollbar____auto_thumb__' has been added to dead pool. (08AB6E20)
20/12/2013 11:53:28 (Info) 	Window 'Demo7/Window2/MultiColumnList__auto_hscrollbar__' has been added to dead pool. (08AA3E48)
20/12/2013 11:53:28 (Info) 	Window 'Demo7/Window2/MultiColumnList__auto_vscrollbar____auto_incbtn__' has been added to dead pool. (08AC2B98)
20/12/2013 11:53:28 (Info) 	Window 'Demo7/Window2/MultiColumnList__auto_vscrollbar____auto_decbtn__' has been added to dead pool. (08AC9788)
20/12/2013 11:53:28 (Info) 	Window 'Demo7/Window2/MultiColumnList__auto_vscrollbar____auto_thumb__' has been added to dead pool. (08AD0328)
20/12/2013 11:53:28 (Info) 	Window 'Demo7/Window2/MultiColumnList__auto_vscrollbar__' has been added to dead pool. (08ABD3D8)
20/12/2013 11:53:28 (Info) 	Window 'Demo7/Window2/MultiColumnList' has been added to dead pool. (08A9A258)
20/12/2013 11:53:28 (Info) 	Window 'Demo7/Window2/Image1' has been added to dead pool. (08AE7130)
20/12/2013 11:53:28 (Info) 	Window 'Demo7/Window2' has been added to dead pool. (0884AF10)
20/12/2013 11:53:28 (Info) 	Window 'Demo7/Window3__auto_titlebar__' has been added to dead pool. (08AF5020)
20/12/2013 11:53:28 (Info) 	Window 'Demo7/Window3__auto_closebutton__' has been added to dead pool. (08AF9DB8)
20/12/2013 11:53:28 (Info) 	Window 'Demo7/Window3/MLEditbox__auto_hscrollbar____auto_incbtn__' has been added to dead pool. (08B10210)
20/12/2013 11:53:28 (Info) 	Window 'Demo7/Window3/MLEditbox__auto_hscrollbar____auto_decbtn__' has been added to dead pool. (08B16D30)
20/12/2013 11:53:28 (Info) 	Window 'Demo7/Window3/MLEditbox__auto_hscrollbar____auto_thumb__' has been added to dead pool. (08B1D8D8)
20/12/2013 11:53:28 (Info) 	Window 'Demo7/Window3/MLEditbox__auto_hscrollbar__' has been added to dead pool. (08B079B0)
20/12/2013 11:53:28 (Info) 	Window 'Demo7/Window3/MLEditbox__auto_vscrollbar____auto_incbtn__' has been added to dead pool. (08B29760)
20/12/2013 11:53:28 (Info) 	Window 'Demo7/Window3/MLEditbox__auto_vscrollbar____auto_decbtn__' has been added to dead pool. (08B302D0)
20/12/2013 11:53:28 (Info) 	Window 'Demo7/Window3/MLEditbox__auto_vscrollbar____auto_thumb__' has been added to dead pool. (08B36DE0)
20/12/2013 11:53:28 (Info) 	Window 'Demo7/Window3/MLEditbox__auto_vscrollbar__' has been added to dead pool. (08B23ED0)
20/12/2013 11:53:28 (Info) 	Window 'Demo7/Window3/MLEditbox' has been added to dead pool. (08B0BD68)
20/12/2013 11:53:28 (Info) 	Window 'Demo7/Window3' has been added to dead pool. (08AEB678)
20/12/2013 11:53:28 (Info) 	Window 'root' has been added to dead pool. (0898A788)
20/12/2013 11:53:28 (Info) 	Window 'background_wnd' has been added to dead pool. (0897DF90)
20/12/2013 11:53:28 (Std) 	WindowFactory for 'CEGUI/Tree' windows removed. (04A056D0)
20/12/2013 11:53:28 (Std) 	Deleted WindowFactory for 'CEGUI/Tree' windows.
20/12/2013 11:53:28 (Std) 	WindowFactory for 'CEGUI/Thumb' windows removed. (04A04D28)
20/12/2013 11:53:28 (Std) 	Deleted WindowFactory for 'CEGUI/Thumb' windows.
20/12/2013 11:53:28 (Std) 	WindowFactory for 'CEGUI/Slider' windows removed. (04A04628)
20/12/2013 11:53:28 (Std) 	Deleted WindowFactory for 'CEGUI/Slider' windows.
20/12/2013 11:53:28 (Std) 	WindowFactory for 'CEGUI/Editbox' windows removed. (04A02A00)
20/12/2013 11:53:28 (Std) 	Deleted WindowFactory for 'CEGUI/Editbox' windows.
20/12/2013 11:53:28 (Std) 	WindowFactory for 'CEGUI/Listbox' windows removed. (04A02FB0)
20/12/2013 11:53:28 (Std) 	Deleted WindowFactory for 'CEGUI/Listbox' windows.
20/12/2013 11:53:28 (Std) 	WindowFactory for 'CEGUI/Menubar' windows removed. (04A035C0)
20/12/2013 11:53:28 (Std) 	Deleted WindowFactory for 'CEGUI/Menubar' windows.
20/12/2013 11:53:28 (Std) 	WindowFactory for 'CEGUI/Spinner' windows removed. (04A047E8)
20/12/2013 11:53:28 (Std) 	Deleted WindowFactory for 'CEGUI/Spinner' windows.
20/12/2013 11:53:28 (Std) 	WindowFactory for 'CEGUI/Tooltip' windows removed. (04A05190)
20/12/2013 11:53:28 (Std) 	Deleted WindowFactory for 'CEGUI/Tooltip' windows.
20/12/2013 11:53:28 (Std) 	WindowFactory for 'DefaultWindow' windows removed. (04A01868)
20/12/2013 11:53:28 (Std) 	Deleted WindowFactory for 'DefaultWindow' windows.
20/12/2013 11:53:28 (Std) 	WindowFactory for 'DragContainer' windows removed. (04A01A68)
20/12/2013 11:53:28 (Std) 	Deleted WindowFactory for 'DragContainer' windows.
20/12/2013 11:53:28 (Std) 	WindowFactory for 'CEGUI/Checkbox' windows removed. (04A02088)
20/12/2013 11:53:28 (Std) 	Deleted WindowFactory for 'CEGUI/Checkbox' windows.
20/12/2013 11:53:28 (Std) 	WindowFactory for 'CEGUI/Combobox' windows removed. (04A02680)
20/12/2013 11:53:28 (Std) 	Deleted WindowFactory for 'CEGUI/Combobox' windows.
20/12/2013 11:53:28 (Std) 	WindowFactory for 'CEGUI/GroupBox' windows removed. (04A05510)
20/12/2013 11:53:28 (Std) 	Deleted WindowFactory for 'CEGUI/GroupBox' windows.
20/12/2013 11:53:28 (Std) 	WindowFactory for 'CEGUI/MenuItem' windows removed. (04A03A58)
20/12/2013 11:53:28 (Std) 	Deleted WindowFactory for 'CEGUI/MenuItem' windows.
20/12/2013 11:53:28 (Std) 	WindowFactory for 'CEGUI/Titlebar' windows removed. (04A04EE8)
20/12/2013 11:53:28 (Std) 	Deleted WindowFactory for 'CEGUI/Titlebar' windows.
20/12/2013 11:53:28 (Std) 	WindowFactory for 'CEGUI/ItemEntry' windows removed. (04A02DF0)
20/12/2013 11:53:28 (Std) 	Deleted WindowFactory for 'CEGUI/ItemEntry' windows.
20/12/2013 11:53:28 (Std) 	WindowFactory for 'CEGUI/PopupMenu' windows removed. (04A03980)
20/12/2013 11:53:28 (Std) 	Deleted WindowFactory for 'CEGUI/PopupMenu' windows.
20/12/2013 11:53:28 (Std) 	WindowFactory for 'CEGUI/Scrollbar' windows removed. (04A04468)
20/12/2013 11:53:28 (Std) 	Deleted WindowFactory for 'CEGUI/Scrollbar' windows.
20/12/2013 11:53:28 (Std) 	WindowFactory for 'CEGUI/TabButton' windows removed. (04A049A8)
20/12/2013 11:53:28 (Std) 	Deleted WindowFactory for 'CEGUI/TabButton' windows.
20/12/2013 11:53:28 (Std) 	WindowFactory for 'CEGUI/ListHeader' windows removed. (04A03170)
20/12/2013 11:53:28 (Std) 	Deleted WindowFactory for 'CEGUI/ListHeader' windows.
20/12/2013 11:53:28 (Std) 	WindowFactory for 'CEGUI/PushButton' windows removed. (04A022A0)
20/12/2013 11:53:28 (Std) 	Deleted WindowFactory for 'CEGUI/PushButton' windows.
20/12/2013 11:53:28 (Std) 	WindowFactory for 'CEGUI/TabControl' windows removed. (04A04B68)
20/12/2013 11:53:28 (Std) 	Deleted WindowFactory for 'CEGUI/TabControl' windows.
20/12/2013 11:53:28 (Std) 	WindowFactory for 'ClippedContainer' windows removed. (04A01E78)
20/12/2013 11:53:28 (Std) 	Deleted WindowFactory for 'ClippedContainer' windows.
20/12/2013 11:53:28 (Std) 	WindowFactory for 'CEGUI/FrameWindow' windows removed. (04A02C30)
20/12/2013 11:53:28 (Std) 	Deleted WindowFactory for 'CEGUI/FrameWindow' windows.
20/12/2013 11:53:28 (Std) 	WindowFactory for 'CEGUI/ItemListbox' windows removed. (04A05350)
20/12/2013 11:53:28 (Std) 	Deleted WindowFactory for 'CEGUI/ItemListbox' windows.
20/12/2013 11:53:28 (Std) 	WindowFactory for 'CEGUI/ProgressBar' windows removed. (04A040E8)
20/12/2013 11:53:28 (Std) 	Deleted WindowFactory for 'CEGUI/ProgressBar' windows.
20/12/2013 11:53:28 (Std) 	WindowFactory for 'CEGUI/RadioButton' windows removed. (04A02460)
20/12/2013 11:53:28 (Std) 	Deleted WindowFactory for 'CEGUI/RadioButton' windows.
20/12/2013 11:53:28 (Std) 	WindowFactory for 'ScrolledContainer' windows removed. (04A01C70)
20/12/2013 11:53:28 (Std) 	Deleted WindowFactory for 'ScrolledContainer' windows.
20/12/2013 11:53:28 (Std) 	WindowFactory for 'CEGUI/ComboDropList' windows removed. (04A02840)
20/12/2013 11:53:28 (Std) 	Deleted WindowFactory for 'CEGUI/ComboDropList' windows.
20/12/2013 11:53:28 (Std) 	WindowFactory for 'GridLayoutContainer' windows removed. (04A05C10)
20/12/2013 11:53:28 (Std) 	Deleted WindowFactory for 'GridLayoutContainer' windows.
20/12/2013 11:53:28 (Std) 	WindowFactory for 'CEGUI/ScrollablePane' windows removed. (04A042A8)
20/12/2013 11:53:28 (Std) 	Deleted WindowFactory for 'CEGUI/ScrollablePane' windows.
20/12/2013 11:53:28 (Std) 	WindowFactory for 'CEGUI/MultiColumnList' windows removed. (04A03C18)
20/12/2013 11:53:28 (Std) 	Deleted WindowFactory for 'CEGUI/MultiColumnList' windows.
20/12/2013 11:53:28 (Std) 	WindowFactory for 'CEGUI/MultiLineEditbox' windows removed. (04A03E78)
20/12/2013 11:53:28 (Std) 	Deleted WindowFactory for 'CEGUI/MultiLineEditbox' windows.
20/12/2013 11:53:28 (Std) 	WindowFactory for 'CEGUI/ListHeaderSegment' windows removed. (04A03330)
20/12/2013 11:53:28 (Std) 	Deleted WindowFactory for 'CEGUI/ListHeaderSegment' windows.
20/12/2013 11:53:28 (Std) 	WindowFactory for 'VerticalLayoutContainer' windows removed. (04A05A50)
20/12/2013 11:53:28 (Std) 	Deleted WindowFactory for 'VerticalLayoutContainer' windows.
20/12/2013 11:53:28 (Std) 	WindowFactory for 'HorizontalLayoutContainer' windows removed. (04A05890)
20/12/2013 11:53:28 (Std) 	Deleted WindowFactory for 'HorizontalLayoutContainer' windows.
20/12/2013 11:53:28 (Std) 	---- Begining cleanup of GUI Scheme system ----
20/12/2013 11:53:28 (Info) 	Object of type 'Scheme' named 'TaharezLook' has been destroyed. (04A0D0C8)
20/12/2013 11:53:28 (Info) 	---- Begining resource cleanup for GUI scheme 'TaharezLook' ----
20/12/2013 11:53:28 (Info) 	Object of type 'Font' named 'DejaVuSans-10' has been destroyed. (04A0F370)
20/12/2013 11:53:28 (Info) 	Object of type 'Imageset' named 'DejaVuSans-10_auto_glyph_images_ ' has been destroyed. (08839FD0)
20/12/2013 11:53:28 (Info) 	Object of type 'Imageset' named 'TaharezLook' has been destroyed. (04A14130)
20/12/2013 11:53:28 (Std) 	WindowRendererFactory for 'Falagard/Button' WindowRenderers removed. (089332C0)
20/12/2013 11:53:28 (Std) 	Deleted WindowRendererFactory for 'Falagard/Button' WindowRenderers.
20/12/2013 11:53:28 (Std) 	WindowRendererFactory for 'Falagard/Default' WindowRenderers removed. (0887C948)
20/12/2013 11:53:28 (Std) 	Deleted WindowRendererFactory for 'Falagard/Default' WindowRenderers.
20/12/2013 11:53:28 (Std) 	WindowRendererFactory for 'Falagard/Editbox' WindowRenderers removed. (04A16E68)
20/12/2013 11:53:28 (Std) 	Deleted WindowRendererFactory for 'Falagard/Editbox' WindowRenderers.
20/12/2013 11:53:28 (Std) 	WindowRendererFactory for 'Falagard/FrameWindow' WindowRenderers removed. (04A13FD8)
20/12/2013 11:53:28 (Std) 	Deleted WindowRendererFactory for 'Falagard/FrameWindow' WindowRenderers.
20/12/2013 11:53:28 (Std) 	WindowRendererFactory for 'Falagard/ItemEntry' WindowRenderers removed. (04A08700)
20/12/2013 11:53:28 (Std) 	Deleted WindowRendererFactory for 'Falagard/ItemEntry' WindowRenderers.
20/12/2013 11:53:28 (Std) 	WindowRendererFactory for 'Falagard/ListHeader' WindowRenderers removed. (0894A570)
20/12/2013 11:53:28 (Std) 	Deleted WindowRendererFactory for 'Falagard/ListHeader' WindowRenderers.
20/12/2013 11:53:28 (Std) 	WindowRendererFactory for 'Falagard/ListHeaderSegment' WindowRenderers removed. (04A0CC38)
20/12/2013 11:53:28 (Std) 	Deleted WindowRendererFactory for 'Falagard/ListHeaderSegment' WindowRenderers.
20/12/2013 11:53:28 (Std) 	WindowRendererFactory for 'Falagard/Listbox' WindowRenderers removed. (04A33E50)
20/12/2013 11:53:28 (Std) 	Deleted WindowRendererFactory for 'Falagard/Listbox' WindowRenderers.
20/12/2013 11:53:28 (Std) 	WindowRendererFactory for 'Falagard/Menubar' WindowRenderers removed. (04A14848)
20/12/2013 11:53:28 (Std) 	Deleted WindowRendererFactory for 'Falagard/Menubar' WindowRenderers.
20/12/2013 11:53:28 (Std) 	WindowRendererFactory for 'Falagard/MenuItem' WindowRenderers removed. (088FD470)
20/12/2013 11:53:28 (Std) 	Deleted WindowRendererFactory for 'Falagard/MenuItem' WindowRenderers.
20/12/2013 11:53:28 (Std) 	WindowRendererFactory for 'Falagard/MultiColumnList' WindowRenderers removed. (0892F9F0)
20/12/2013 11:53:28 (Std) 	Deleted WindowRendererFactory for 'Falagard/MultiColumnList' WindowRenderers.
20/12/2013 11:53:28 (Std) 	WindowRendererFactory for 'Falagard/MultiLineEditbox' WindowRenderers removed. (08960148)
20/12/2013 11:53:28 (Std) 	Deleted WindowRendererFactory for 'Falagard/MultiLineEditbox' WindowRenderers.
20/12/2013 11:53:28 (Std) 	WindowRendererFactory for 'Falagard/PopupMenu' WindowRenderers removed. (08973B50)
20/12/2013 11:53:28 (Std) 	Deleted WindowRendererFactory for 'Falagard/PopupMenu' WindowRenderers.
20/12/2013 11:53:28 (Std) 	WindowRendererFactory for 'Falagard/ProgressBar' WindowRenderers removed. (08974180)
20/12/2013 11:53:28 (Std) 	Deleted WindowRendererFactory for 'Falagard/ProgressBar' WindowRenderers.
20/12/2013 11:53:28 (Std) 	WindowRendererFactory for 'Falagard/ScrollablePane' WindowRenderers removed. (08974340)
20/12/2013 11:53:28 (Std) 	Deleted WindowRendererFactory for 'Falagard/ScrollablePane' WindowRenderers.
20/12/2013 11:53:28 (Std) 	WindowRendererFactory for 'Falagard/Scrollbar' WindowRenderers removed. (08974500)
20/12/2013 11:53:28 (Std) 	Deleted WindowRendererFactory for 'Falagard/Scrollbar' WindowRenderers.
20/12/2013 11:53:28 (Std) 	WindowRendererFactory for 'Falagard/Slider' WindowRenderers removed. (089746C0)
20/12/2013 11:53:28 (Std) 	Deleted WindowRendererFactory for 'Falagard/Slider' WindowRenderers.
20/12/2013 11:53:28 (Std) 	WindowRendererFactory for 'Falagard/Static' WindowRenderers removed. (08974880)
20/12/2013 11:53:28 (Std) 	Deleted WindowRendererFactory for 'Falagard/Static' WindowRenderers.
20/12/2013 11:53:28 (Std) 	WindowRendererFactory for 'Falagard/StaticImage' WindowRenderers removed. (04A0DF28)
20/12/2013 11:53:28 (Std) 	Deleted WindowRendererFactory for 'Falagard/StaticImage' WindowRenderers.
20/12/2013 11:53:28 (Std) 	WindowRendererFactory for 'Falagard/StaticText' WindowRenderers removed. (04A0E0E8)
20/12/2013 11:53:28 (Std) 	Deleted WindowRendererFactory for 'Falagard/StaticText' WindowRenderers.
20/12/2013 11:53:28 (Std) 	WindowRendererFactory for 'Falagard/SystemButton' WindowRenderers removed. (04A0E2A8)
20/12/2013 11:53:28 (Std) 	Deleted WindowRendererFactory for 'Falagard/SystemButton' WindowRenderers.
20/12/2013 11:53:28 (Std) 	WindowRendererFactory for 'Falagard/TabButton' WindowRenderers removed. (04A0E468)
20/12/2013 11:53:28 (Std) 	Deleted WindowRendererFactory for 'Falagard/TabButton' WindowRenderers.
20/12/2013 11:53:28 (Std) 	WindowRendererFactory for 'Falagard/TabControl' WindowRenderers removed. (04A07B40)
20/12/2013 11:53:28 (Std) 	Deleted WindowRendererFactory for 'Falagard/TabControl' WindowRenderers.
20/12/2013 11:53:28 (Std) 	WindowRendererFactory for 'Falagard/Titlebar' WindowRenderers removed. (04A07D00)
20/12/2013 11:53:28 (Std) 	Deleted WindowRendererFactory for 'Falagard/Titlebar' WindowRenderers.
20/12/2013 11:53:28 (Std) 	WindowRendererFactory for 'Falagard/ToggleButton' WindowRenderers removed. (04A07EC0)
20/12/2013 11:53:28 (Std) 	Deleted WindowRendererFactory for 'Falagard/ToggleButton' WindowRenderers.
20/12/2013 11:53:28 (Std) 	WindowRendererFactory for 'Falagard/Tooltip' WindowRenderers removed. (04A08080)
20/12/2013 11:53:28 (Std) 	Deleted WindowRendererFactory for 'Falagard/Tooltip' WindowRenderers.
20/12/2013 11:53:28 (Std) 	WindowRendererFactory for 'Falagard/ItemListbox' WindowRenderers removed. (04A08240)
20/12/2013 11:53:28 (Std) 	Deleted WindowRendererFactory for 'Falagard/ItemListbox' WindowRenderers.
20/12/2013 11:53:28 (Std) 	WindowRendererFactory for 'Falagard/Tree' WindowRenderers removed. (04A08400)
20/12/2013 11:53:28 (Std) 	Deleted WindowRendererFactory for 'Falagard/Tree' WindowRenderers.
20/12/2013 11:53:28 (Info) 	---- Resource cleanup for GUI scheme 'TaharezLook' completed ----
20/12/2013 11:53:28 (Info) 	GUI scheme 'TaharezLook' has been unloaded (object destructor). (04A0D0C8)
20/12/2013 11:53:28 (Std) 	CEGUI::SchemeManager singleton destroyed. (049FF3E8)
20/12/2013 11:53:28 (Std) 	CEGUI::WindowManager singleton destroyed (049FD830)
20/12/2013 11:53:28 (Std) 	CEGUI::WindowFactoryManager singleton destroyed
20/12/2013 11:53:28 (Std) 	CEGUI::WidgetLookManager singleton destroyed. (04A011E8)
20/12/2013 11:53:28 (Std) 	CEGUI::WindowRendererManager singleton destroyed (04A014B0)
20/12/2013 11:53:28 (Std) 	CEGUI::AnimationManager singleton destroyed (049FBCC8)
20/12/2013 11:53:28 (Std) 	RenderEffectManager::destroy: Destroyed RenderEffect object at 08864CC8
20/12/2013 11:53:28 (Std) 	RenderEffectManager::destroy: Destroyed RenderEffect object at 0899D968
20/12/2013 11:53:28 (Std) 	RenderEffectManager::destroy: Destroyed RenderEffect object at 08B01098
20/12/2013 11:53:28 (Std) 	Unregistered RenderEffect named 'WobblyWindow'
20/12/2013 11:53:28 (Std) 	CEGUI::RenderEffectManager singleton destroyed (04A01630)
20/12/2013 11:53:28 (Std) 	---- Begining cleanup of Font system ----
20/12/2013 11:53:28 (Std) 	CEGUI::FontManager singleton destroyed. (049FD2E8)
20/12/2013 11:53:28 (Std) 	CEGUI::MouseCursor singleton destroyed. (049FF750)
20/12/2013 11:53:28 (Std) 	---- Begining cleanup of Imageset system ----
20/12/2013 11:53:28 (Info) 	Object of type 'Imageset' named 'cegui_logo' has been destroyed. (04A06C98)
20/12/2013 11:53:28 (Info) 	Object of type 'Imageset' named 'BackgroundImage' has been destroyed. (087FC1E8)
20/12/2013 11:53:28 (Std) 	CEGUI::ImagesetManager singleton destroyed (049FCD50)
20/12/2013 11:53:28 (Std) 	CEGUI::GlobalEventSet singleton destroyed. (049FFAB0)
20/12/2013 11:53:28 (Std) 	CEGUI::System singleton destroyed. (049FB1D8)
20/12/2013 11:53:28 (Std) 	---- CEGUI System destruction completed ----
20/12/2013 11:53:28 (Std) 	CEGUI::Logger singleton destroyed. (049FB7B0)
