e:\mt3\cocos2d-x-2.2.6\extensions\proj.win32\debug.win32\libextensions.pch
e:\mt3\cocos2d-x-2.2.6\extensions\proj.win32\debug.win32\vc120.pdb
e:\mt3\cocos2d-x-2.2.6\extensions\proj.win32\debug.win32\vc120.idb
e:\mt3\cocos2d-x-2.2.6\extensions\proj.win32\debug.win32\pch.obj
e:\mt3\cocos2d-x-2.2.6\extensions\proj.win32\debug.win32\atlas.obj
e:\mt3\cocos2d-x-2.2.6\extensions\proj.win32\debug.win32\atlasattachmentloader.obj
e:\mt3\cocos2d-x-2.2.6\extensions\proj.win32\debug.win32\attachment.obj
e:\mt3\cocos2d-x-2.2.6\extensions\proj.win32\debug.win32\attachmentloader.obj
e:\mt3\cocos2d-x-2.2.6\extensions\proj.win32\debug.win32\bone.obj
e:\mt3\cocos2d-x-2.2.6\extensions\proj.win32\debug.win32\bonedata.obj
e:\mt3\cocos2d-x-2.2.6\extensions\proj.win32\debug.win32\ccskeleton.obj
e:\mt3\cocos2d-x-2.2.6\extensions\proj.win32\debug.win32\ccskeletonanimation.obj
e:\mt3\cocos2d-x-2.2.6\extensions\proj.win32\debug.win32\extension.obj
e:\mt3\cocos2d-x-2.2.6\extensions\proj.win32\debug.win32\json.obj
e:\mt3\cocos2d-x-2.2.6\extensions\proj.win32\debug.win32\meshattachment.obj
e:\mt3\cocos2d-x-2.2.6\extensions\proj.win32\debug.win32\regionattachment.obj
e:\mt3\cocos2d-x-2.2.6\extensions\proj.win32\debug.win32\skeleton.obj
e:\mt3\cocos2d-x-2.2.6\extensions\proj.win32\debug.win32\skeletondata.obj
e:\mt3\cocos2d-x-2.2.6\extensions\proj.win32\debug.win32\skeletonjson.obj
e:\mt3\cocos2d-x-2.2.6\extensions\proj.win32\debug.win32\skin.obj
e:\mt3\cocos2d-x-2.2.6\extensions\proj.win32\debug.win32\slot.obj
e:\mt3\cocos2d-x-2.2.6\extensions\proj.win32\debug.win32\slotdata.obj
e:\mt3\cocos2d-x-2.2.6\extensions\proj.win32\debug.win32\spine-cocos2dx.obj
e:\mt3\cocos2d-x-2.2.6\extensions\proj.win32\debug.win32\win32inputbox.obj
e:\mt3\cocos2d-x-2.2.6\extensions\proj.win32\debug.win32\cccontrolpotentiometer.obj
e:\mt3\cocos2d-x-2.2.6\extensions\proj.win32\debug.win32\cccontrolsaturationbrightnesspicker.obj
e:\mt3\cocos2d-x-2.2.6\extensions\proj.win32\debug.win32\cccontrolslider.obj
e:\mt3\cocos2d-x-2.2.6\extensions\proj.win32\debug.win32\cccontrolstepper.obj
e:\mt3\cocos2d-x-2.2.6\extensions\proj.win32\debug.win32\cccontrolswitch.obj
e:\mt3\cocos2d-x-2.2.6\extensions\proj.win32\debug.win32\cccontrolutils.obj
e:\mt3\cocos2d-x-2.2.6\extensions\proj.win32\debug.win32\ccinvocation.obj
e:\mt3\cocos2d-x-2.2.6\extensions\proj.win32\debug.win32\ccscale9sprite.obj
e:\mt3\cocos2d-x-2.2.6\extensions\proj.win32\debug.win32\cceditbox.obj
e:\mt3\cocos2d-x-2.2.6\extensions\proj.win32\debug.win32\cceditboximplwin.obj
e:\mt3\cocos2d-x-2.2.6\extensions\proj.win32\debug.win32\ccscrollview.obj
e:\mt3\cocos2d-x-2.2.6\extensions\proj.win32\debug.win32\ccsorting.obj
e:\mt3\cocos2d-x-2.2.6\extensions\proj.win32\debug.win32\cctableview.obj
e:\mt3\cocos2d-x-2.2.6\extensions\proj.win32\debug.win32\cctableviewcell.obj
e:\mt3\cocos2d-x-2.2.6\extensions\proj.win32\debug.win32\httpclient.obj
e:\mt3\cocos2d-x-2.2.6\extensions\proj.win32\debug.win32\ccphysicsdebugnode.obj
e:\mt3\cocos2d-x-2.2.6\extensions\proj.win32\debug.win32\ccphysicssprite.obj
e:\mt3\cocos2d-x-2.2.6\extensions\proj.win32\debug.win32\animation.obj
e:\mt3\cocos2d-x-2.2.6\extensions\proj.win32\debug.win32\animationstate.obj
e:\mt3\cocos2d-x-2.2.6\extensions\proj.win32\debug.win32\animationstatedata.obj
e:\mt3\cocos2d-x-2.2.6\extensions\proj.win32\debug.win32\imageviewreader.obj
e:\mt3\cocos2d-x-2.2.6\extensions\proj.win32\debug.win32\labelatlasreader.obj
e:\mt3\cocos2d-x-2.2.6\extensions\proj.win32\debug.win32\labelbmfontreader.obj
e:\mt3\cocos2d-x-2.2.6\extensions\proj.win32\debug.win32\labelreader.obj
e:\mt3\cocos2d-x-2.2.6\extensions\proj.win32\debug.win32\layoutreader.obj
e:\mt3\cocos2d-x-2.2.6\extensions\proj.win32\debug.win32\listviewreader.obj
e:\mt3\cocos2d-x-2.2.6\extensions\proj.win32\debug.win32\loadingbarreader.obj
e:\mt3\cocos2d-x-2.2.6\extensions\proj.win32\debug.win32\pageviewreader.obj
e:\mt3\cocos2d-x-2.2.6\extensions\proj.win32\debug.win32\scrollviewreader.obj
e:\mt3\cocos2d-x-2.2.6\extensions\proj.win32\debug.win32\sliderreader.obj
e:\mt3\cocos2d-x-2.2.6\extensions\proj.win32\debug.win32\textfieldreader.obj
e:\mt3\cocos2d-x-2.2.6\extensions\proj.win32\debug.win32\widgetreader.obj
e:\mt3\cocos2d-x-2.2.6\extensions\proj.win32\debug.win32\objectfactory.obj
e:\mt3\cocos2d-x-2.2.6\extensions\proj.win32\debug.win32\triggerbase.obj
e:\mt3\cocos2d-x-2.2.6\extensions\proj.win32\debug.win32\triggermng.obj
e:\mt3\cocos2d-x-2.2.6\extensions\proj.win32\debug.win32\triggerobj.obj
e:\mt3\cocos2d-x-2.2.6\extensions\proj.win32\debug.win32\cccontrol.obj
e:\mt3\cocos2d-x-2.2.6\extensions\proj.win32\debug.win32\cccontrolbutton.obj
e:\mt3\cocos2d-x-2.2.6\extensions\proj.win32\debug.win32\cccontrolcolourpicker.obj
e:\mt3\cocos2d-x-2.2.6\extensions\proj.win32\debug.win32\cccontrolhuepicker.obj
e:\mt3\cocos2d-x-2.2.6\extensions\proj.win32\debug.win32\uitouchgroup.obj
e:\mt3\cocos2d-x-2.2.6\extensions\proj.win32\debug.win32\uilistview.obj
e:\mt3\cocos2d-x-2.2.6\extensions\proj.win32\debug.win32\uipageview.obj
e:\mt3\cocos2d-x-2.2.6\extensions\proj.win32\debug.win32\uiscrollview.obj
e:\mt3\cocos2d-x-2.2.6\extensions\proj.win32\debug.win32\uibutton.obj
e:\mt3\cocos2d-x-2.2.6\extensions\proj.win32\debug.win32\uicheckbox.obj
e:\mt3\cocos2d-x-2.2.6\extensions\proj.win32\debug.win32\uiimageview.obj
e:\mt3\cocos2d-x-2.2.6\extensions\proj.win32\debug.win32\uilabel.obj
e:\mt3\cocos2d-x-2.2.6\extensions\proj.win32\debug.win32\uilabelatlas.obj
e:\mt3\cocos2d-x-2.2.6\extensions\proj.win32\debug.win32\uilabelbmfont.obj
e:\mt3\cocos2d-x-2.2.6\extensions\proj.win32\debug.win32\uiloadingbar.obj
e:\mt3\cocos2d-x-2.2.6\extensions\proj.win32\debug.win32\uirichtext.obj
e:\mt3\cocos2d-x-2.2.6\extensions\proj.win32\debug.win32\uislider.obj
e:\mt3\cocos2d-x-2.2.6\extensions\proj.win32\debug.win32\uitextfield.obj
e:\mt3\cocos2d-x-2.2.6\extensions\proj.win32\debug.win32\cocoloader.obj
e:\mt3\cocos2d-x-2.2.6\extensions\proj.win32\debug.win32\dictionaryhelper.obj
e:\mt3\cocos2d-x-2.2.6\extensions\proj.win32\debug.win32\guireader.obj
e:\mt3\cocos2d-x-2.2.6\extensions\proj.win32\debug.win32\scenereader.obj
e:\mt3\cocos2d-x-2.2.6\extensions\proj.win32\debug.win32\buttonreader.obj
e:\mt3\cocos2d-x-2.2.6\extensions\proj.win32\debug.win32\checkboxreader.obj
e:\mt3\cocos2d-x-2.2.6\extensions\proj.win32\debug.win32\ccskin.obj
e:\mt3\cocos2d-x-2.2.6\extensions\proj.win32\debug.win32\cccolliderdetector.obj
e:\mt3\cocos2d-x-2.2.6\extensions\proj.win32\debug.win32\ccarmaturedatamanager.obj
e:\mt3\cocos2d-x-2.2.6\extensions\proj.win32\debug.win32\ccarmaturedefine.obj
e:\mt3\cocos2d-x-2.2.6\extensions\proj.win32\debug.win32\ccdatareaderhelper.obj
e:\mt3\cocos2d-x-2.2.6\extensions\proj.win32\debug.win32\ccspriteframecachehelper.obj
e:\mt3\cocos2d-x-2.2.6\extensions\proj.win32\debug.win32\cctransformhelp.obj
e:\mt3\cocos2d-x-2.2.6\extensions\proj.win32\debug.win32\cctweenfunction.obj
e:\mt3\cocos2d-x-2.2.6\extensions\proj.win32\debug.win32\ccutilmath.obj
e:\mt3\cocos2d-x-2.2.6\extensions\proj.win32\debug.win32\cccomattribute.obj
e:\mt3\cocos2d-x-2.2.6\extensions\proj.win32\debug.win32\cccomaudio.obj
e:\mt3\cocos2d-x-2.2.6\extensions\proj.win32\debug.win32\cccomcontroller.obj
e:\mt3\cocos2d-x-2.2.6\extensions\proj.win32\debug.win32\cccomrender.obj
e:\mt3\cocos2d-x-2.2.6\extensions\proj.win32\debug.win32\ccinputdelegate.obj
e:\mt3\cocos2d-x-2.2.6\extensions\proj.win32\debug.win32\uiwidget.obj
e:\mt3\cocos2d-x-2.2.6\extensions\proj.win32\debug.win32\uilayout.obj
e:\mt3\cocos2d-x-2.2.6\extensions\proj.win32\debug.win32\uilayoutdefine.obj
e:\mt3\cocos2d-x-2.2.6\extensions\proj.win32\debug.win32\uilayoutparameter.obj
e:\mt3\cocos2d-x-2.2.6\extensions\proj.win32\debug.win32\cocosgui.obj
e:\mt3\cocos2d-x-2.2.6\extensions\proj.win32\debug.win32\uihelper.obj
e:\mt3\cocos2d-x-2.2.6\extensions\proj.win32\debug.win32\ccactiontimelinecache.obj
e:\mt3\cocos2d-x-2.2.6\extensions\proj.win32\debug.win32\ccframe.obj
e:\mt3\cocos2d-x-2.2.6\extensions\proj.win32\debug.win32\ccnodereader.obj
e:\mt3\cocos2d-x-2.2.6\extensions\proj.win32\debug.win32\cctimeline.obj
e:\mt3\cocos2d-x-2.2.6\extensions\proj.win32\debug.win32\ccactioneaseex.obj
e:\mt3\cocos2d-x-2.2.6\extensions\proj.win32\debug.win32\ccactionframe.obj
e:\mt3\cocos2d-x-2.2.6\extensions\proj.win32\debug.win32\ccactionframeeasing.obj
e:\mt3\cocos2d-x-2.2.6\extensions\proj.win32\debug.win32\ccactionmanager.obj
e:\mt3\cocos2d-x-2.2.6\extensions\proj.win32\debug.win32\ccactionnode.obj
e:\mt3\cocos2d-x-2.2.6\extensions\proj.win32\debug.win32\ccactionobject.obj
e:\mt3\cocos2d-x-2.2.6\extensions\proj.win32\debug.win32\ccarmatureanimation.obj
e:\mt3\cocos2d-x-2.2.6\extensions\proj.win32\debug.win32\ccprocessbase.obj
e:\mt3\cocos2d-x-2.2.6\extensions\proj.win32\debug.win32\cctween.obj
e:\mt3\cocos2d-x-2.2.6\extensions\proj.win32\debug.win32\ccarmature.obj
e:\mt3\cocos2d-x-2.2.6\extensions\proj.win32\debug.win32\ccbone.obj
e:\mt3\cocos2d-x-2.2.6\extensions\proj.win32\debug.win32\ccdatas.obj
e:\mt3\cocos2d-x-2.2.6\extensions\proj.win32\debug.win32\ccbatchnode.obj
e:\mt3\cocos2d-x-2.2.6\extensions\proj.win32\debug.win32\ccdecorativedisplay.obj
e:\mt3\cocos2d-x-2.2.6\extensions\proj.win32\debug.win32\ccdisplayfactory.obj
e:\mt3\cocos2d-x-2.2.6\extensions\proj.win32\debug.win32\ccdisplaymanager.obj
e:\mt3\cocos2d-x-2.2.6\extensions\proj.win32\debug.win32\ccbsequenceproperty.obj
e:\mt3\cocos2d-x-2.2.6\extensions\proj.win32\debug.win32\ccbvalue.obj
e:\mt3\cocos2d-x-2.2.6\extensions\proj.win32\debug.win32\cccontrolbuttonloader.obj
e:\mt3\cocos2d-x-2.2.6\extensions\proj.win32\debug.win32\cccontrolloader.obj
e:\mt3\cocos2d-x-2.2.6\extensions\proj.win32\debug.win32\ccdata.obj
e:\mt3\cocos2d-x-2.2.6\extensions\proj.win32\debug.win32\cclabelbmfontloader.obj
e:\mt3\cocos2d-x-2.2.6\extensions\proj.win32\debug.win32\cclabelttfloader.obj
e:\mt3\cocos2d-x-2.2.6\extensions\proj.win32\debug.win32\cclayercolorloader.obj
e:\mt3\cocos2d-x-2.2.6\extensions\proj.win32\debug.win32\cclayergradientloader.obj
e:\mt3\cocos2d-x-2.2.6\extensions\proj.win32\debug.win32\cclayerloader.obj
e:\mt3\cocos2d-x-2.2.6\extensions\proj.win32\debug.win32\ccmenuitemimageloader.obj
e:\mt3\cocos2d-x-2.2.6\extensions\proj.win32\debug.win32\ccmenuitemloader.obj
e:\mt3\cocos2d-x-2.2.6\extensions\proj.win32\debug.win32\ccnode+ccbrelativepositioning.obj
e:\mt3\cocos2d-x-2.2.6\extensions\proj.win32\debug.win32\ccnodeloader.obj
e:\mt3\cocos2d-x-2.2.6\extensions\proj.win32\debug.win32\ccnodeloaderlibrary.obj
e:\mt3\cocos2d-x-2.2.6\extensions\proj.win32\debug.win32\ccparticlesystemquadloader.obj
e:\mt3\cocos2d-x-2.2.6\extensions\proj.win32\debug.win32\ccscale9spriteloader.obj
e:\mt3\cocos2d-x-2.2.6\extensions\proj.win32\debug.win32\ccscrollviewloader.obj
e:\mt3\cocos2d-x-2.2.6\extensions\proj.win32\debug.win32\ccspriteloader.obj
e:\mt3\cocos2d-x-2.2.6\extensions\proj.win32\debug.win32\ccactiontimeline.obj
e:\mt3\cocos2d-x-2.2.6\extensions\proj.win32\debug.win32\assetsmanager.obj
e:\mt3\cocos2d-x-2.2.6\extensions\proj.win32\debug.win32\ccbanimationmanager.obj
e:\mt3\cocos2d-x-2.2.6\extensions\proj.win32\debug.win32\ccbfileloader.obj
e:\mt3\cocos2d-x-2.2.6\extensions\proj.win32\debug.win32\ccbkeyframe.obj
e:\mt3\cocos2d-x-2.2.6\extensions\proj.win32\debug.win32\ccbreader.obj
e:\mt3\cocos2d-x-2.2.6\extensions\proj.win32\debug.win32\ccbsequence.obj
e:\mt3\cocos2d-x-2.2.6\debug.win32\libextensions.lib
e:\mt3\cocos2d-x-2.2.6\debug.win32\libextensions.exp
e:\mt3\cocos2d-x-2.2.6\debug.win32\libextensions.ilk
e:\mt3\cocos2d-x-2.2.6\debug.win32\libextensions.dll
e:\mt3\cocos2d-x-2.2.6\debug.win32\libextensions.pdb
e:\mt3\cocos2d-x-2.2.6\extensions\proj.win32\debug.win32\libextensions.tlog\cl.command.1.tlog
e:\mt3\cocos2d-x-2.2.6\extensions\proj.win32\debug.win32\libextensions.tlog\cl.read.1.tlog
e:\mt3\cocos2d-x-2.2.6\extensions\proj.win32\debug.win32\libextensions.tlog\cl.write.1.tlog
e:\mt3\cocos2d-x-2.2.6\extensions\proj.win32\debug.win32\libextensions.tlog\libextensions.write.1u.tlog
e:\mt3\cocos2d-x-2.2.6\extensions\proj.win32\debug.win32\libextensions.tlog\link.command.1.tlog
e:\mt3\cocos2d-x-2.2.6\extensions\proj.win32\debug.win32\libextensions.tlog\link.read.1.tlog
e:\mt3\cocos2d-x-2.2.6\extensions\proj.win32\debug.win32\libextensions.tlog\link.write.1.tlog
