15:09:37: Creating resource group General
15:09:37: Creating resource group Internal
15:09:37: Creating resource group Autodetect
15:09:37: SceneManagerFactory for type 'DefaultSceneManager' registered.
15:09:37: Registering ResourceManager for type Material
15:09:37: Registering ResourceManager for type Mesh
15:09:37: Registering ResourceManager for type Skeleton
15:09:37: MovableObjectFactory for type 'ParticleSystem' registered.
15:09:37: OverlayElementFactory for type Panel registered.
15:09:37: OverlayElementFactory for type BorderPanel registered.
15:09:37: OverlayElementFactory for type TextArea registered.
15:09:37: Registering ResourceManager for type Font
15:09:37: ArchiveFactory for archive type FileSystem registered.
15:09:37: ArchiveFactory for archive type Zip registered.
15:09:37: ArchiveFactory for archive type EmbeddedZip registered.
15:09:37: DDS codec registering
15:09:37: FreeImage version: 3.13.1
15:09:37: This program uses FreeImage, a free, open source image library supporting all common bitmap formats. See http://freeimage.sourceforge.net for details
15:09:37: Supported formats: bmp,ico,jpg,jif,jpeg,jpe,jng,koa,iff,lbm,mng,pbm,pbm,pcd,pcx,pgm,pgm,png,ppm,ppm,ras,tga,targa,tif,tiff,wap,wbmp,wbm,psd,cut,xbm,xpm,gif,hdr,g3,sgi,exr,j2k,j2c,jp2,pfm,pct,pict,pic,bay,bmq,cr2,crw,cs1,dc2,dcr,dng,erf,fff,hdr,k25,kdc,mdc,mos,mrw,nef,orf,pef,pxn,raf,raw,rdc,sr2,srf,arw,3fr,cine,ia,kc2,mef,nrw,qtk,rw2,sti,drf,dsc,ptx,cap,iiq,rwz
15:09:37: Registering ResourceManager for type HighLevelGpuProgram
15:09:37: Registering ResourceManager for type Compositor
15:09:37: MovableObjectFactory for type 'Entity' registered.
15:09:37: MovableObjectFactory for type 'Light' registered.
15:09:37: MovableObjectFactory for type 'BillboardSet' registered.
15:09:37: MovableObjectFactory for type 'ManualObject' registered.
15:09:37: MovableObjectFactory for type 'BillboardChain' registered.
15:09:37: MovableObjectFactory for type 'RibbonTrail' registered.
15:09:37: OGRE EXCEPTION(6:FileNotFoundException): 'plugins.cfg' file not found! in ConfigFile::load at ..\..\ogre_src_v1-8-1\OgreMain\src\OgreConfigFile.cpp (line 88)
15:09:37: plugins.cfg not found, automatic plugin loading disabled.
15:09:37: *-*-* OGRE Initialising
15:09:37: *-*-* Version 1.8.1 (Byatis)
15:09:37: OGRE EXCEPTION(6:FileNotFoundException): 'ogre.cfg' file not found! in ConfigFile::load at ..\..\ogre_src_v1-8-1\OgreMain\src\OgreConfigFile.cpp (line 88)
15:11:15: *-*-* OGRE Shutdown
15:11:15: Unregistering ResourceManager for type Compositor
15:11:15: Unregistering ResourceManager for type Font
15:11:15: Unregistering ResourceManager for type Skeleton
15:11:15: Unregistering ResourceManager for type Mesh
15:11:15: Unregistering ResourceManager for type HighLevelGpuProgram
15:11:15: Unregistering ResourceManager for type Material
