e:\mt3\engine\debug.win32\vc120.pdb
e:\mt3\engine\debug.win32\engine.lib
e:\mt3\engine\debug.win32\nuaccelerateupdater.obj
e:\mt3\engine\debug.win32\nuanimanager.obj
e:\mt3\engine\debug.win32\nucamera.obj
e:\mt3\engine\debug.win32\nucamerasmoother.obj
e:\mt3\engine\debug.win32\nucocos2d_render.obj
e:\mt3\engine\debug.win32\nucocos2d_type.obj
e:\mt3\engine\debug.win32\nucocos2d_wraper.obj
e:\mt3\engine\debug.win32\nucommonfuncs.obj
e:\mt3\engine\debug.win32\nucomponentsprite.obj
e:\mt3\engine\debug.win32\nuconfigmanager.obj
e:\mt3\engine\debug.win32\nudistortbase.obj
e:\mt3\engine\debug.win32\nueffect.obj
e:\mt3\engine\debug.win32\nueffectclip.obj
e:\mt3\engine\debug.win32\nueffectmanager.obj
e:\mt3\engine\debug.win32\nuengine.obj
e:\mt3\engine\debug.win32\nuenginetimer.obj
e:\mt3\engine\debug.win32\nuentitativeobj.obj
e:\mt3\engine\debug.win32\nuenv.obj
e:\mt3\engine\debug.win32\nuexecutor.obj
e:\mt3\engine\debug.win32\nufileiomanager.obj
e:\mt3\engine\debug.win32\nufonteffect.obj
e:\mt3\engine\debug.win32\nufontmanager.obj
e:\mt3\engine\debug.win32\nufonttexture.obj
e:\mt3\engine\debug.win32\nufxcode.obj
e:\mt3\engine\debug.win32\nugeffect.obj
e:\mt3\engine\debug.win32\nugeneralparticlesystem.obj
e:\mt3\engine\debug.win32\nuguobj.obj
e:\mt3\engine\debug.win32\nuimmovableobj.obj
e:\mt3\engine\debug.win32\nulightingeffect.obj
e:\mt3\engine\debug.win32\nulisteffect.obj
e:\mt3\engine\debug.win32\nuljfmutil.obj
e:\mt3\engine\debug.win32\nulkotree.obj
e:\mt3\engine\debug.win32\nulkotreenodelist.obj
e:\mt3\engine\debug.win32\numap.obj
e:\mt3\engine\debug.win32\numapobjs.obj
e:\mt3\engine\debug.win32\numovablespriteimp.obj
e:\mt3\engine\debug.win32\nunedmalloc.obj
e:\mt3\engine\debug.win32\nuparticleeffect.obj
e:\mt3\engine\debug.win32\nuparticlemanager.obj
e:\mt3\engine\debug.win32\nuparticlesystem.obj
e:\mt3\engine\debug.win32\nupbackground.obj
e:\mt3\engine\debug.win32\nupdistortionobject.obj
e:\mt3\engine\debug.win32\nupground.obj
e:\mt3\engine\debug.win32\nupimg.obj
e:\mt3\engine\debug.win32\nuplinkedobject.obj
e:\mt3\engine\debug.win32\nupmap.obj
e:\mt3\engine\debug.win32\nupmask.obj
e:\mt3\engine\debug.win32\nupobject.obj
e:\mt3\engine\debug.win32\nuppathmap.obj
e:\mt3\engine\debug.win32\nupslgroupobject.obj
e:\mt3\engine\debug.win32\nupslpathobject.obj
e:\mt3\engine\debug.win32\nupsparamobject.obj
e:\mt3\engine\debug.win32\nupspritemaze.obj
e:\mt3\engine\debug.win32\nupstepsoundmap.obj
e:\mt3\engine\debug.win32\nupsvertexsobject.obj
e:\mt3\engine\debug.win32\nuptimeeffect.obj
e:\mt3\engine\debug.win32\nuptransobjs.obj
e:\mt3\engine\debug.win32\nuptriggerobjs.obj
e:\mt3\engine\debug.win32\nupwaterarea.obj
e:\mt3\engine\debug.win32\nurecttopologylist.obj
e:\mt3\engine\debug.win32\nuregionmap.obj
e:\mt3\engine\debug.win32\nurenderer.obj
e:\mt3\engine\debug.win32\nurendertargetcache.obj
e:\mt3\engine\debug.win32\nusebind.obj
e:\mt3\engine\debug.win32\nuspecialparticlesystem.obj
e:\mt3\engine\debug.win32\nuspineeffect.obj
e:\mt3\engine\debug.win32\nuspinemanager.obj
e:\mt3\engine\debug.win32\nuspinesprite.obj
e:\mt3\engine\debug.win32\nusprite.obj
e:\mt3\engine\debug.win32\nuspritemanager.obj
e:\mt3\engine\debug.win32\nustatemanager.obj
e:\mt3\engine\debug.win32\nusystemresourcemanager.obj
e:\mt3\engine\debug.win32\nutextblock.obj
e:\mt3\engine\debug.win32\nutimer.obj
e:\mt3\engine\debug.win32\nuutil.obj
e:\mt3\engine\debug.win32\nuworld.obj
e:\mt3\engine\debug.win32\nuxapbatch.obj
e:\mt3\engine\debug.win32\nuxapeffect.obj
e:\mt3\engine\debug.win32\nuxbuffer.obj
e:\mt3\engine\debug.win32\nuxlock.obj
e:\mt3\engine\debug.win32\nuxmarshal.obj
e:\mt3\engine\debug.win32\nuxpmaths.obj
e:\mt3\engine\debug.win32\simpleaudioenginecompat.obj
e:\mt3\engine\debug.win32\stepsoundtype.obj
e:\mt3\engine\debug.win32\xpenvsoundarea.obj
e:\mt3\engine\debug.win32\xpenvsoundcirclearea.obj
e:\mt3\engine\debug.win32\xpenvsoundpolygonarea.obj
e:\mt3\engine\debug.win32\xpsoundarea.obj
e:\mt3\engine\debug.win32\engine.tlog\cl.command.1.tlog
e:\mt3\engine\debug.win32\engine.tlog\cl.read.1.tlog
e:\mt3\engine\debug.win32\engine.tlog\cl.write.1.tlog
e:\mt3\engine\debug.win32\engine.tlog\lib-link.read.1.tlog
e:\mt3\engine\debug.win32\engine.tlog\lib-link.write.1.tlog
e:\mt3\engine\debug.win32\engine.tlog\lib.command.1.tlog
