2026-04-06 19:43:53,106 | EVENT=GM_CMD_START|用户ID=1|角色ID=4097|会话ID=12|指令内容=//addfushi 1 100000|调用来源=CLIENT|指令名=addfushi|执行类=fire.pb.gm.GM_addfushi|时间=2026-04-06 19:43:53
2026-04-06 19:43:53,289 | EVENT=GM_CMD_END|用户ID=1|角色ID=4097|会话ID=12|指令内容=//addfushi 1 100000|指令名=addfushi|执行类=fire.pb.gm.GM_addfushi|角色名=司马津|账号名=mt3robot1|返回码=0|是否成功=是|耗时(毫秒)=184|时间=2026-04-06 19:43:53
2026-04-06 19:43:53,509 | EVENT=GM_CMD_START|用户ID=6|角色ID=12289|会话ID=18|指令内容=//addfushi 1 100000|调用来源=CLIENT|指令名=addfushi|执行类=fire.pb.gm.GM_addfushi|时间=2026-04-06 19:43:53
2026-04-06 19:43:53,509 | EVENT=GM_CMD_END|用户ID=6|角色ID=12289|会话ID=18|指令内容=//addfushi 1 100000|指令名=addfushi|执行类=fire.pb.gm.GM_addfushi|角色名=岑飞羽|账号名=mt3robot7|返回码=0|是否成功=是|耗时(毫秒)=0|时间=2026-04-06 19:43:53
2026-04-06 19:43:53,564 | EVENT=GM_CMD_START|用户ID=5|角色ID=20481|会话ID=13|指令内容=//addfushi 1 100000|调用来源=CLIENT|指令名=addfushi|执行类=fire.pb.gm.GM_addfushi|时间=2026-04-06 19:43:53
2026-04-06 19:43:53,565 | EVENT=GM_CMD_END|用户ID=5|角色ID=20481|会话ID=13|指令内容=//addfushi 1 100000|指令名=addfushi|执行类=fire.pb.gm.GM_addfushi|角色名=施元甲|账号名=mt3robot2|返回码=0|是否成功=是|耗时(毫秒)=1|时间=2026-04-06 19:43:53
2026-04-06 19:43:53,655 | EVENT=GM_CMD_START|用户ID=8|角色ID=40961|会话ID=19|指令内容=//addfushi 1 100000|调用来源=CLIENT|指令名=addfushi|执行类=fire.pb.gm.GM_addfushi|时间=2026-04-06 19:43:53
2026-04-06 19:43:53,656 | EVENT=GM_CMD_START|用户ID=4|角色ID=16385|会话ID=17|指令内容=//addfushi 1 100000|调用来源=CLIENT|指令名=addfushi|执行类=fire.pb.gm.GM_addfushi|时间=2026-04-06 19:43:53
2026-04-06 19:43:53,656 | EVENT=GM_CMD_END|用户ID=8|角色ID=40961|会话ID=19|指令内容=//addfushi 1 100000|指令名=addfushi|执行类=fire.pb.gm.GM_addfushi|角色名=庞向笛|账号名=mt3robot8|返回码=0|是否成功=是|耗时(毫秒)=1|时间=2026-04-06 19:43:53
2026-04-06 19:43:53,656 | EVENT=GM_CMD_END|用户ID=4|角色ID=16385|会话ID=17|指令内容=//addfushi 1 100000|指令名=addfushi|执行类=fire.pb.gm.GM_addfushi|角色名=肖安澜|账号名=mt3robot6|返回码=0|是否成功=是|耗时(毫秒)=1|时间=2026-04-06 19:43:53
2026-04-06 19:43:53,837 | EVENT=GM_CMD_START|用户ID=2|角色ID=24577|会话ID=14|指令内容=//addfushi 1 100000|调用来源=CLIENT|指令名=addfushi|执行类=fire.pb.gm.GM_addfushi|时间=2026-04-06 19:43:53
2026-04-06 19:43:53,838 | EVENT=GM_CMD_END|用户ID=2|角色ID=24577|会话ID=14|指令内容=//addfushi 1 100000|指令名=addfushi|执行类=fire.pb.gm.GM_addfushi|角色名=凤咏思|账号名=mt3robot3|返回码=0|是否成功=是|耗时(毫秒)=1|时间=2026-04-06 19:43:53
2026-04-06 19:43:53,872 | EVENT=GM_CMD_START|用户ID=3|角色ID=28673|会话ID=15|指令内容=//addfushi 1 100000|调用来源=CLIENT|指令名=addfushi|执行类=fire.pb.gm.GM_addfushi|时间=2026-04-06 19:43:53
2026-04-06 19:43:53,872 | EVENT=GM_CMD_END|用户ID=3|角色ID=28673|会话ID=15|指令内容=//addfushi 1 100000|指令名=addfushi|执行类=fire.pb.gm.GM_addfushi|角色名=肖吉星|账号名=mt3robot4|返回码=0|是否成功=是|耗时(毫秒)=1|时间=2026-04-06 19:43:53
2026-04-06 19:43:53,941 | EVENT=GM_CMD_START|用户ID=7|角色ID=8193|会话ID=16|指令内容=//addfushi 1 100000|调用来源=CLIENT|指令名=addfushi|执行类=fire.pb.gm.GM_addfushi|时间=2026-04-06 19:43:53
2026-04-06 19:43:53,942 | EVENT=GM_CMD_END|用户ID=7|角色ID=8193|会话ID=16|指令内容=//addfushi 1 100000|指令名=addfushi|执行类=fire.pb.gm.GM_addfushi|角色名=梅温|账号名=mt3robot5|返回码=0|是否成功=是|耗时(毫秒)=1|时间=2026-04-06 19:43:53
2026-04-06 19:43:53,945 | EVENT=GM_CMD_START|用户ID=1|角色ID=4097|会话ID=12|指令内容=//gomap 1620|调用来源=CLIENT|指令名=gomap|执行类=fire.pb.gm.GM_gomap|时间=2026-04-06 19:43:53
2026-04-06 19:43:53,956 | EVENT=GM_CMD_START|用户ID=6|角色ID=12289|会话ID=18|指令内容=//gomap 1618|调用来源=CLIENT|指令名=gomap|执行类=fire.pb.gm.GM_gomap|时间=2026-04-06 19:43:53
2026-04-06 19:43:53,966 | EVENT=GM_CMD_START|用户ID=5|角色ID=20481|会话ID=13|指令内容=//gomap 1622|调用来源=CLIENT|指令名=gomap|执行类=fire.pb.gm.GM_gomap|时间=2026-04-06 19:43:53
2026-04-06 19:43:53,967 | EVENT=GM_CMD_START|用户ID=8|角色ID=40961|会话ID=19|指令内容=//gomap 9021|调用来源=CLIENT|指令名=gomap|执行类=fire.pb.gm.GM_gomap|时间=2026-04-06 19:43:53
2026-04-06 19:43:54,046 | EVENT=GM_CMD_START|用户ID=4|角色ID=16385|会话ID=17|指令内容=//gomap 9021|调用来源=CLIENT|指令名=gomap|执行类=fire.pb.gm.GM_gomap|时间=2026-04-06 19:43:54
2026-04-06 19:43:54,048 | EVENT=GM_CMD_END|用户ID=6|角色ID=12289|会话ID=18|指令内容=//gomap 1618|指令名=gomap|执行类=fire.pb.gm.GM_gomap|角色名=岑飞羽|账号名=mt3robot7|返回码=0|是否成功=是|耗时(毫秒)=92|时间=2026-04-06 19:43:54
2026-04-06 19:43:54,048 | EVENT=GM_CMD_END|用户ID=5|角色ID=20481|会话ID=13|指令内容=//gomap 1622|指令名=gomap|执行类=fire.pb.gm.GM_gomap|角色名=施元甲|账号名=mt3robot2|返回码=0|是否成功=是|耗时(毫秒)=82|时间=2026-04-06 19:43:54
2026-04-06 19:43:54,048 | EVENT=GM_CMD_END|用户ID=8|角色ID=40961|会话ID=19|指令内容=//gomap 9021|指令名=gomap|执行类=fire.pb.gm.GM_gomap|角色名=庞向笛|账号名=mt3robot8|返回码=0|是否成功=是|耗时(毫秒)=81|时间=2026-04-06 19:43:54
2026-04-06 19:43:54,048 | EVENT=GM_CMD_END|用户ID=1|角色ID=4097|会话ID=12|指令内容=//gomap 1620|指令名=gomap|执行类=fire.pb.gm.GM_gomap|角色名=司马津|账号名=mt3robot1|返回码=0|是否成功=是|耗时(毫秒)=103|时间=2026-04-06 19:43:54
2026-04-06 19:43:54,058 | EVENT=GM_CMD_END|用户ID=4|角色ID=16385|会话ID=17|指令内容=//gomap 9021|指令名=gomap|执行类=fire.pb.gm.GM_gomap|角色名=肖安澜|账号名=mt3robot6|返回码=0|是否成功=是|耗时(毫秒)=12|时间=2026-04-06 19:43:54
2026-04-06 19:43:54,071 | EVENT=GM_CMD_START|用户ID=9|角色ID=32769|会话ID=20|指令内容=//addfushi 1 100000|调用来源=CLIENT|指令名=addfushi|执行类=fire.pb.gm.GM_addfushi|时间=2026-04-06 19:43:54
2026-04-06 19:43:54,071 | EVENT=GM_CMD_END|用户ID=9|角色ID=32769|会话ID=20|指令内容=//addfushi 1 100000|指令名=addfushi|执行类=fire.pb.gm.GM_addfushi|角色名=令狐君博|账号名=mt3robot9|返回码=0|是否成功=是|耗时(毫秒)=1|时间=2026-04-06 19:43:54
2026-04-06 19:43:54,137 | EVENT=GM_CMD_START|用户ID=10|角色ID=36865|会话ID=21|指令内容=//addfushi 1 100000|调用来源=CLIENT|指令名=addfushi|执行类=fire.pb.gm.GM_addfushi|时间=2026-04-06 19:43:54
2026-04-06 19:43:54,137 | EVENT=GM_CMD_END|用户ID=10|角色ID=36865|会话ID=21|指令内容=//addfushi 1 100000|指令名=addfushi|执行类=fire.pb.gm.GM_addfushi|角色名=梁力夫|账号名=mt3robot10|返回码=0|是否成功=是|耗时(毫秒)=0|时间=2026-04-06 19:43:54
2026-04-06 19:43:55,060 | EVENT=GM_CMD_START|用户ID=7|角色ID=8193|会话ID=16|指令内容=//gomap 1617|调用来源=CLIENT|指令名=gomap|执行类=fire.pb.gm.GM_gomap|时间=2026-04-06 19:43:55
2026-04-06 19:43:55,061 | EVENT=GM_CMD_START|用户ID=9|角色ID=32769|会话ID=20|指令内容=//gomap 1622|调用来源=CLIENT|指令名=gomap|执行类=fire.pb.gm.GM_gomap|时间=2026-04-06 19:43:55
2026-04-06 19:43:55,061 | EVENT=GM_CMD_START|用户ID=10|角色ID=36865|会话ID=21|指令内容=//gomap 1612|调用来源=CLIENT|指令名=gomap|执行类=fire.pb.gm.GM_gomap|时间=2026-04-06 19:43:55
2026-04-06 19:43:55,062 | EVENT=GM_CMD_END|用户ID=10|角色ID=36865|会话ID=21|指令内容=//gomap 1612|指令名=gomap|执行类=fire.pb.gm.GM_gomap|角色名=梁力夫|账号名=mt3robot10|返回码=0|是否成功=是|耗时(毫秒)=1|时间=2026-04-06 19:43:55
2026-04-06 19:43:55,062 | EVENT=GM_CMD_END|用户ID=9|角色ID=32769|会话ID=20|指令内容=//gomap 1622|指令名=gomap|执行类=fire.pb.gm.GM_gomap|角色名=令狐君博|账号名=mt3robot9|返回码=0|是否成功=是|耗时(毫秒)=1|时间=2026-04-06 19:43:55
2026-04-06 19:43:55,062 | EVENT=GM_CMD_END|用户ID=7|角色ID=8193|会话ID=16|指令内容=//gomap 1617|指令名=gomap|执行类=fire.pb.gm.GM_gomap|角色名=梅温|账号名=mt3robot5|返回码=0|是否成功=是|耗时(毫秒)=2|时间=2026-04-06 19:43:55
2026-04-06 19:44:44,168 | EVENT=GM_CMD_START|用户ID=1|角色ID=4097|会话ID=12|指令内容=//additem 6010626|调用来源=CLIENT|指令名=additem|执行类=fire.pb.gm.GM_additem|时间=2026-04-06 19:44:44
2026-04-06 19:44:44,169 | EVENT=GM_CMD_END|用户ID=1|角色ID=4097|会话ID=12|指令内容=//additem 6010626|指令名=additem|执行类=fire.pb.gm.GM_additem|角色名=司马津|账号名=mt3robot1|返回码=0|是否成功=是|耗时(毫秒)=2|时间=2026-04-06 19:44:44
2026-04-06 19:44:50,212 | EVENT=GM_CMD_START|用户ID=10|角色ID=36865|会话ID=21|指令内容=//additem 6010626|调用来源=CLIENT|指令名=additem|执行类=fire.pb.gm.GM_additem|时间=2026-04-06 19:44:50
2026-04-06 19:44:50,213 | EVENT=GM_CMD_END|用户ID=10|角色ID=36865|会话ID=21|指令内容=//additem 6010626|指令名=additem|执行类=fire.pb.gm.GM_additem|角色名=梁力夫|账号名=mt3robot10|返回码=0|是否成功=是|耗时(毫秒)=1|时间=2026-04-06 19:44:50
2026-04-06 19:44:56,181 | EVENT=GM_CMD_START|用户ID=2|角色ID=24577|会话ID=14|指令内容=//gomap 1617|调用来源=CLIENT|指令名=gomap|执行类=fire.pb.gm.GM_gomap|时间=2026-04-06 19:44:56
2026-04-06 19:44:56,182 | EVENT=GM_CMD_START|用户ID=3|角色ID=28673|会话ID=15|指令内容=//gomap 1612|调用来源=CLIENT|指令名=gomap|执行类=fire.pb.gm.GM_gomap|时间=2026-04-06 19:44:56
2026-04-06 19:44:56,182 | EVENT=GM_CMD_END|用户ID=2|角色ID=24577|会话ID=14|指令内容=//gomap 1617|指令名=gomap|执行类=fire.pb.gm.GM_gomap|角色名=凤咏思|账号名=mt3robot3|返回码=0|是否成功=是|耗时(毫秒)=1|时间=2026-04-06 19:44:56
2026-04-06 19:44:56,182 | EVENT=GM_CMD_END|用户ID=3|角色ID=28673|会话ID=15|指令内容=//gomap 1612|指令名=gomap|执行类=fire.pb.gm.GM_gomap|角色名=肖吉星|账号名=mt3robot4|返回码=0|是否成功=是|耗时(毫秒)=0|时间=2026-04-06 19:44:56
2026-04-06 19:45:54,286 | EVENT=GM_CMD_START|用户ID=3|角色ID=28673|会话ID=15|指令内容=//additem 6010626|调用来源=CLIENT|指令名=additem|执行类=fire.pb.gm.GM_additem|时间=2026-04-06 19:45:54
2026-04-06 19:45:54,287 | EVENT=GM_CMD_END|用户ID=3|角色ID=28673|会话ID=15|指令内容=//additem 6010626|指令名=additem|执行类=fire.pb.gm.GM_additem|角色名=肖吉星|账号名=mt3robot4|返回码=0|是否成功=是|耗时(毫秒)=1|时间=2026-04-06 19:45:54
2026-04-06 19:46:15,306 | EVENT=GM_CMD_START|用户ID=1|角色ID=4097|会话ID=12|指令内容=//gomap 1608|调用来源=CLIENT|指令名=gomap|执行类=fire.pb.gm.GM_gomap|时间=2026-04-06 19:46:15
2026-04-06 19:46:15,307 | EVENT=GM_CMD_END|用户ID=1|角色ID=4097|会话ID=12|指令内容=//gomap 1608|指令名=gomap|执行类=fire.pb.gm.GM_gomap|角色名=司马津|账号名=mt3robot1|返回码=0|是否成功=是|耗时(毫秒)=1|时间=2026-04-06 19:46:15
2026-04-06 19:46:17,317 | EVENT=GM_CMD_START|用户ID=10|角色ID=36865|会话ID=21|指令内容=//gomap 1608|调用来源=CLIENT|指令名=gomap|执行类=fire.pb.gm.GM_gomap|时间=2026-04-06 19:46:17
2026-04-06 19:46:17,317 | EVENT=GM_CMD_END|用户ID=10|角色ID=36865|会话ID=21|指令内容=//gomap 1608|指令名=gomap|执行类=fire.pb.gm.GM_gomap|角色名=梁力夫|账号名=mt3robot10|返回码=0|是否成功=是|耗时(毫秒)=1|时间=2026-04-06 19:46:17
2026-04-06 19:47:15,371 | EVENT=GM_CMD_START|用户ID=1|角色ID=4097|会话ID=12|指令内容=//addlevel 33 equip|调用来源=CLIENT|指令名=addlevel|执行类=fire.pb.gm.GM_addlevel|时间=2026-04-06 19:47:15
2026-04-06 19:47:15,373 | EVENT=GM_CMD_END|用户ID=1|角色ID=4097|会话ID=12|指令内容=//addlevel 33 equip|指令名=addlevel|执行类=fire.pb.gm.GM_addlevel|角色名=司马津|账号名=mt3robot1|返回码=0|是否成功=是|耗时(毫秒)=2|时间=2026-04-06 19:47:15
2026-04-06 19:47:15,681 | EVENT=GM_CMD_START|用户ID=1|角色ID=4097|会话ID=12|指令内容=//addtitle 705 robot_auth 315360000 4097|调用来源=CLIENT|指令名=addtitle|执行类=fire.pb.gm.GM_addtitle|时间=2026-04-06 19:47:15
2026-04-06 19:47:15,741 | EVENT=GM_CMD_END|用户ID=1|角色ID=4097|会话ID=12|指令内容=//addtitle 705 robot_auth 315360000 4097|指令名=addtitle|执行类=fire.pb.gm.GM_addtitle|角色名=司马津|账号名=mt3robot1|返回码=0|是否成功=是|耗时(毫秒)=61|时间=2026-04-06 19:47:15
2026-04-06 19:47:17,387 | EVENT=GM_CMD_START|用户ID=10|角色ID=36865|会话ID=21|指令内容=//addlevel 33 equip|调用来源=CLIENT|指令名=addlevel|执行类=fire.pb.gm.GM_addlevel|时间=2026-04-06 19:47:17
2026-04-06 19:47:17,388 | EVENT=GM_CMD_END|用户ID=10|角色ID=36865|会话ID=21|指令内容=//addlevel 33 equip|指令名=addlevel|执行类=fire.pb.gm.GM_addlevel|角色名=梁力夫|账号名=mt3robot10|返回码=0|是否成功=是|耗时(毫秒)=1|时间=2026-04-06 19:47:17
2026-04-06 19:47:17,723 | EVENT=GM_CMD_START|用户ID=10|角色ID=36865|会话ID=21|指令内容=//addtitle 705 robot_auth 315360000 36865|调用来源=CLIENT|指令名=addtitle|执行类=fire.pb.gm.GM_addtitle|时间=2026-04-06 19:47:17
2026-04-06 19:47:17,724 | EVENT=GM_CMD_END|用户ID=10|角色ID=36865|会话ID=21|指令内容=//addtitle 705 robot_auth 315360000 36865|指令名=addtitle|执行类=fire.pb.gm.GM_addtitle|角色名=梁力夫|账号名=mt3robot10|返回码=0|是否成功=是|耗时(毫秒)=1|时间=2026-04-06 19:47:17
2026-04-06 19:47:21,397 | EVENT=GM_CMD_START|用户ID=3|角色ID=28673|会话ID=15|指令内容=//gomap 1608|调用来源=CLIENT|指令名=gomap|执行类=fire.pb.gm.GM_gomap|时间=2026-04-06 19:47:21
2026-04-06 19:47:21,398 | EVENT=GM_CMD_END|用户ID=3|角色ID=28673|会话ID=15|指令内容=//gomap 1608|指令名=gomap|执行类=fire.pb.gm.GM_gomap|角色名=肖吉星|账号名=mt3robot4|返回码=0|是否成功=是|耗时(毫秒)=1|时间=2026-04-06 19:47:21
2026-04-06 19:47:40,325 | EVENT=GM_CMD_START|用户ID=5|角色ID=20481|会话ID=22|指令内容=//addfushi 1 100000|调用来源=CLIENT|指令名=addfushi|执行类=fire.pb.gm.GM_addfushi|时间=2026-04-06 19:47:40
2026-04-06 19:47:40,326 | EVENT=GM_CMD_END|用户ID=5|角色ID=20481|会话ID=22|指令内容=//addfushi 1 100000|指令名=addfushi|执行类=fire.pb.gm.GM_addfushi|角色名=施元甲|账号名=mt3robot2|返回码=0|是否成功=是|耗时(毫秒)=1|时间=2026-04-06 19:47:40
2026-04-06 19:47:42,323 | EVENT=GM_CMD_START|用户ID=9|角色ID=32769|会话ID=23|指令内容=//addfushi 1 100000|调用来源=CLIENT|指令名=addfushi|执行类=fire.pb.gm.GM_addfushi|时间=2026-04-06 19:47:42
2026-04-06 19:47:42,323 | EVENT=GM_CMD_END|用户ID=9|角色ID=32769|会话ID=23|指令内容=//addfushi 1 100000|指令名=addfushi|执行类=fire.pb.gm.GM_addfushi|角色名=令狐君博|账号名=mt3robot9|返回码=0|是否成功=是|耗时(毫秒)=0|时间=2026-04-06 19:47:42
2026-04-06 19:47:42,361 | EVENT=GM_CMD_START|用户ID=6|角色ID=12289|会话ID=24|指令内容=//addfushi 1 100000|调用来源=CLIENT|指令名=addfushi|执行类=fire.pb.gm.GM_addfushi|时间=2026-04-06 19:47:42
2026-04-06 19:47:42,362 | EVENT=GM_CMD_END|用户ID=6|角色ID=12289|会话ID=24|指令内容=//addfushi 1 100000|指令名=addfushi|执行类=fire.pb.gm.GM_addfushi|角色名=岑飞羽|账号名=mt3robot7|返回码=0|是否成功=是|耗时(毫秒)=1|时间=2026-04-06 19:47:42
2026-04-06 19:47:43,362 | EVENT=GM_CMD_START|用户ID=4|角色ID=16385|会话ID=25|指令内容=//addfushi 1 100000|调用来源=CLIENT|指令名=addfushi|执行类=fire.pb.gm.GM_addfushi|时间=2026-04-06 19:47:43
2026-04-06 19:47:43,362 | EVENT=GM_CMD_END|用户ID=4|角色ID=16385|会话ID=25|指令内容=//addfushi 1 100000|指令名=addfushi|执行类=fire.pb.gm.GM_addfushi|角色名=肖安澜|账号名=mt3robot6|返回码=0|是否成功=是|耗时(毫秒)=0|时间=2026-04-06 19:47:43
2026-04-06 19:47:47,349 | EVENT=GM_CMD_START|用户ID=8|角色ID=40961|会话ID=26|指令内容=//addfushi 1 100000|调用来源=CLIENT|指令名=addfushi|执行类=fire.pb.gm.GM_addfushi|时间=2026-04-06 19:47:47
2026-04-06 19:47:47,349 | EVENT=GM_CMD_END|用户ID=8|角色ID=40961|会话ID=26|指令内容=//addfushi 1 100000|指令名=addfushi|执行类=fire.pb.gm.GM_addfushi|角色名=庞向笛|账号名=mt3robot8|返回码=0|是否成功=是|耗时(毫秒)=0|时间=2026-04-06 19:47:47
2026-04-06 19:48:00,481 | EVENT=GM_CMD_START|用户ID=5|角色ID=20481|会话ID=22|指令内容=//additem 6010626|调用来源=CLIENT|指令名=additem|执行类=fire.pb.gm.GM_additem|时间=2026-04-06 19:48:00
2026-04-06 19:48:00,482 | EVENT=GM_CMD_END|用户ID=5|角色ID=20481|会话ID=22|指令内容=//additem 6010626|指令名=additem|执行类=fire.pb.gm.GM_additem|角色名=施元甲|账号名=mt3robot2|返回码=0|是否成功=是|耗时(毫秒)=1|时间=2026-04-06 19:48:00
2026-04-06 19:48:02,482 | EVENT=GM_CMD_START|用户ID=9|角色ID=32769|会话ID=23|指令内容=//additem 6010626|调用来源=CLIENT|指令名=additem|执行类=fire.pb.gm.GM_additem|时间=2026-04-06 19:48:02
2026-04-06 19:48:02,483 | EVENT=GM_CMD_END|用户ID=9|角色ID=32769|会话ID=23|指令内容=//additem 6010626|指令名=additem|执行类=fire.pb.gm.GM_additem|角色名=令狐君博|账号名=mt3robot9|返回码=0|是否成功=是|耗时(毫秒)=1|时间=2026-04-06 19:48:02
2026-04-06 19:48:21,472 | EVENT=GM_CMD_START|用户ID=3|角色ID=28673|会话ID=15|指令内容=//addlevel 33 equip|调用来源=CLIENT|指令名=addlevel|执行类=fire.pb.gm.GM_addlevel|时间=2026-04-06 19:48:21
2026-04-06 19:48:21,472 | EVENT=GM_CMD_END|用户ID=3|角色ID=28673|会话ID=15|指令内容=//addlevel 33 equip|指令名=addlevel|执行类=fire.pb.gm.GM_addlevel|角色名=肖吉星|账号名=mt3robot4|返回码=0|是否成功=是|耗时(毫秒)=1|时间=2026-04-06 19:48:21
2026-04-06 19:48:21,778 | EVENT=GM_CMD_START|用户ID=3|角色ID=28673|会话ID=15|指令内容=//addtitle 705 robot_auth 315360000 28673|调用来源=CLIENT|指令名=addtitle|执行类=fire.pb.gm.GM_addtitle|时间=2026-04-06 19:48:21
2026-04-06 19:48:21,807 | EVENT=GM_CMD_END|用户ID=3|角色ID=28673|会话ID=15|指令内容=//addtitle 705 robot_auth 315360000 28673|指令名=addtitle|执行类=fire.pb.gm.GM_addtitle|角色名=肖吉星|账号名=mt3robot4|返回码=0|是否成功=是|耗时(毫秒)=29|时间=2026-04-06 19:48:21
2026-04-06 19:48:31,385 | EVENT=GM_CMD_START|用户ID=7|角色ID=8193|会话ID=27|指令内容=//addfushi 1 100000|调用来源=CLIENT|指令名=addfushi|执行类=fire.pb.gm.GM_addfushi|时间=2026-04-06 19:48:31
2026-04-06 19:48:31,386 | EVENT=GM_CMD_END|用户ID=7|角色ID=8193|会话ID=27|指令内容=//addfushi 1 100000|指令名=addfushi|执行类=fire.pb.gm.GM_addfushi|角色名=梅温|账号名=mt3robot5|返回码=0|是否成功=是|耗时(毫秒)=1|时间=2026-04-06 19:48:31
2026-04-06 19:48:50,405 | EVENT=GM_CMD_START|用户ID=2|角色ID=24577|会话ID=28|指令内容=//addfushi 1 100000|调用来源=CLIENT|指令名=addfushi|执行类=fire.pb.gm.GM_addfushi|时间=2026-04-06 19:48:50
2026-04-06 19:48:50,406 | EVENT=GM_CMD_END|用户ID=2|角色ID=24577|会话ID=28|指令内容=//addfushi 1 100000|指令名=addfushi|执行类=fire.pb.gm.GM_addfushi|角色名=凤咏思|账号名=mt3robot3|返回码=0|是否成功=是|耗时(毫秒)=1|时间=2026-04-06 19:48:50
2026-04-06 19:49:12,520 | EVENT=GM_CMD_START|用户ID=2|角色ID=24577|会话ID=28|指令内容=//additem 6010626|调用来源=CLIENT|指令名=additem|执行类=fire.pb.gm.GM_additem|时间=2026-04-06 19:49:12
2026-04-06 19:49:12,520 | EVENT=GM_CMD_END|用户ID=2|角色ID=24577|会话ID=28|指令内容=//additem 6010626|指令名=additem|执行类=fire.pb.gm.GM_additem|角色名=凤咏思|账号名=mt3robot3|返回码=0|是否成功=是|耗时(毫秒)=1|时间=2026-04-06 19:49:12
2026-04-06 19:49:15,561 | EVENT=GM_CMD_START|用户ID=1|角色ID=4097|会话ID=12|指令内容=//gomap 1615|调用来源=CLIENT|指令名=gomap|执行类=fire.pb.gm.GM_gomap|时间=2026-04-06 19:49:15
2026-04-06 19:49:15,562 | EVENT=GM_CMD_END|用户ID=1|角色ID=4097|会话ID=12|指令内容=//gomap 1615|指令名=gomap|执行类=fire.pb.gm.GM_gomap|角色名=司马津|账号名=mt3robot1|返回码=0|是否成功=是|耗时(毫秒)=1|时间=2026-04-06 19:49:15
2026-04-06 19:49:17,532 | EVENT=GM_CMD_START|用户ID=10|角色ID=36865|会话ID=21|指令内容=//gomap 1615|调用来源=CLIENT|指令名=gomap|执行类=fire.pb.gm.GM_gomap|时间=2026-04-06 19:49:17
2026-04-06 19:49:17,533 | EVENT=GM_CMD_END|用户ID=10|角色ID=36865|会话ID=21|指令内容=//gomap 1615|指令名=gomap|执行类=fire.pb.gm.GM_gomap|角色名=梁力夫|账号名=mt3robot10|返回码=0|是否成功=是|耗时(毫秒)=1|时间=2026-04-06 19:49:17
2026-04-06 19:50:15,583 | EVENT=GM_CMD_START|用户ID=1|角色ID=4097|会话ID=12|指令内容=//addlevel 0 equip|调用来源=CLIENT|指令名=addlevel|执行类=fire.pb.gm.GM_addlevel|时间=2026-04-06 19:50:15
2026-04-06 19:50:15,584 | EVENT=GM_CMD_END|用户ID=1|角色ID=4097|会话ID=12|指令内容=//addlevel 0 equip|指令名=addlevel|执行类=fire.pb.gm.GM_addlevel|角色名=司马津|账号名=mt3robot1|返回码=-4|是否成功=否|耗时(毫秒)=1|时间=2026-04-06 19:50:15
2026-04-06 19:50:17,592 | EVENT=GM_CMD_START|用户ID=10|角色ID=36865|会话ID=21|指令内容=//addlevel 0 equip|调用来源=CLIENT|指令名=addlevel|执行类=fire.pb.gm.GM_addlevel|时间=2026-04-06 19:50:17
2026-04-06 19:50:17,593 | EVENT=GM_CMD_END|用户ID=10|角色ID=36865|会话ID=21|指令内容=//addlevel 0 equip|指令名=addlevel|执行类=fire.pb.gm.GM_addlevel|角色名=梁力夫|账号名=mt3robot10|返回码=-4|是否成功=否|耗时(毫秒)=0|时间=2026-04-06 19:50:17
2026-04-06 19:50:21,599 | EVENT=GM_CMD_START|用户ID=3|角色ID=28673|会话ID=15|指令内容=//gomap 1616|调用来源=CLIENT|指令名=gomap|执行类=fire.pb.gm.GM_gomap|时间=2026-04-06 19:50:21
2026-04-06 19:50:21,600 | EVENT=GM_CMD_END|用户ID=3|角色ID=28673|会话ID=15|指令内容=//gomap 1616|指令名=gomap|执行类=fire.pb.gm.GM_gomap|角色名=肖吉星|账号名=mt3robot4|返回码=0|是否成功=是|耗时(毫秒)=1|时间=2026-04-06 19:50:21
2026-04-06 19:51:16,581 | EVENT=GM_CMD_START|用户ID=6|角色ID=12289|会话ID=29|指令内容=//addfushi 1 100000|调用来源=CLIENT|指令名=addfushi|执行类=fire.pb.gm.GM_addfushi|时间=2026-04-06 19:51:16
2026-04-06 19:51:16,581 | EVENT=GM_CMD_END|用户ID=6|角色ID=12289|会话ID=29|指令内容=//addfushi 1 100000|指令名=addfushi|执行类=fire.pb.gm.GM_addfushi|角色名=岑飞羽|账号名=mt3robot7|返回码=0|是否成功=是|耗时(毫秒)=0|时间=2026-04-06 19:51:16
2026-04-06 19:51:21,651 | EVENT=GM_CMD_START|用户ID=3|角色ID=28673|会话ID=15|指令内容=//addlevel 0 equip|调用来源=CLIENT|指令名=addlevel|执行类=fire.pb.gm.GM_addlevel|时间=2026-04-06 19:51:21
2026-04-06 19:51:21,651 | EVENT=GM_CMD_END|用户ID=3|角色ID=28673|会话ID=15|指令内容=//addlevel 0 equip|指令名=addlevel|执行类=fire.pb.gm.GM_addlevel|角色名=肖吉星|账号名=mt3robot4|返回码=-4|是否成功=否|耗时(毫秒)=0|时间=2026-04-06 19:51:21
2026-04-06 19:51:22,585 | EVENT=GM_CMD_START|用户ID=4|角色ID=16385|会话ID=30|指令内容=//addfushi 1 100000|调用来源=CLIENT|指令名=addfushi|执行类=fire.pb.gm.GM_addfushi|时间=2026-04-06 19:51:22
2026-04-06 19:51:22,585 | EVENT=GM_CMD_END|用户ID=4|角色ID=16385|会话ID=30|指令内容=//addfushi 1 100000|指令名=addfushi|执行类=fire.pb.gm.GM_addfushi|角色名=肖安澜|账号名=mt3robot6|返回码=0|是否成功=是|耗时(毫秒)=0|时间=2026-04-06 19:51:22
2026-04-06 19:51:24,625 | EVENT=GM_CMD_START|用户ID=8|角色ID=40961|会话ID=31|指令内容=//addfushi 1 100000|调用来源=CLIENT|指令名=addfushi|执行类=fire.pb.gm.GM_addfushi|时间=2026-04-06 19:51:24
2026-04-06 19:51:24,625 | EVENT=GM_CMD_END|用户ID=8|角色ID=40961|会话ID=31|指令内容=//addfushi 1 100000|指令名=addfushi|执行类=fire.pb.gm.GM_addfushi|角色名=庞向笛|账号名=mt3robot8|返回码=0|是否成功=是|耗时(毫秒)=0|时间=2026-04-06 19:51:24
2026-04-06 19:51:35,716 | EVENT=GM_CMD_START|用户ID=6|角色ID=12289|会话ID=29|指令内容=//additem 6010626|调用来源=CLIENT|指令名=additem|执行类=fire.pb.gm.GM_additem|时间=2026-04-06 19:51:35
2026-04-06 19:51:35,717 | EVENT=GM_CMD_END|用户ID=6|角色ID=12289|会话ID=29|指令内容=//additem 6010626|指令名=additem|执行类=fire.pb.gm.GM_additem|角色名=岑飞羽|账号名=mt3robot7|返回码=0|是否成功=是|耗时(毫秒)=1|时间=2026-04-06 19:51:35
2026-04-06 19:51:36,594 | EVENT=GM_CMD_START|用户ID=5|角色ID=20481|会话ID=32|指令内容=//addfushi 1 100000|调用来源=CLIENT|指令名=addfushi|执行类=fire.pb.gm.GM_addfushi|时间=2026-04-06 19:51:36
2026-04-06 19:51:36,594 | EVENT=GM_CMD_END|用户ID=5|角色ID=20481|会话ID=32|指令内容=//addfushi 1 100000|指令名=addfushi|执行类=fire.pb.gm.GM_addfushi|角色名=施元甲|账号名=mt3robot2|返回码=0|是否成功=是|耗时(毫秒)=0|时间=2026-04-06 19:51:36
2026-04-06 19:51:42,596 | EVENT=GM_CMD_START|用户ID=9|角色ID=32769|会话ID=33|指令内容=//addfushi 1 100000|调用来源=CLIENT|指令名=addfushi|执行类=fire.pb.gm.GM_addfushi|时间=2026-04-06 19:51:42
2026-04-06 19:51:42,596 | EVENT=GM_CMD_END|用户ID=9|角色ID=32769|会话ID=33|指令内容=//addfushi 1 100000|指令名=addfushi|执行类=fire.pb.gm.GM_addfushi|角色名=令狐君博|账号名=mt3robot9|返回码=0|是否成功=是|耗时(毫秒)=0|时间=2026-04-06 19:51:42
2026-04-06 19:51:44,697 | EVENT=GM_CMD_START|用户ID=9|角色ID=32769|会话ID=33|指令内容=//addlevel -11|调用来源=CLIENT|指令名=addlevel|执行类=fire.pb.gm.GM_addlevel|时间=2026-04-06 19:51:44
2026-04-06 19:51:44,698 | EVENT=GM_CMD_END|用户ID=9|角色ID=32769|会话ID=33|指令内容=//addlevel -11|指令名=addlevel|执行类=fire.pb.gm.GM_addlevel|角色名=令狐君博|账号名=mt3robot9|返回码=-4|是否成功=否|耗时(毫秒)=1|时间=2026-04-06 19:51:44
2026-04-06 19:51:44,751 | EVENT=GM_CMD_START|用户ID=3|角色ID=28673|会话ID=15|指令内容=//addlevel -44|调用来源=CLIENT|指令名=addlevel|执行类=fire.pb.gm.GM_addlevel|时间=2026-04-06 19:51:44
2026-04-06 19:51:44,751 | EVENT=GM_CMD_START|用户ID=10|角色ID=36865|会话ID=21|指令内容=//addlevel -44|调用来源=CLIENT|指令名=addlevel|执行类=fire.pb.gm.GM_addlevel|时间=2026-04-06 19:51:44
2026-04-06 19:51:44,752 | EVENT=GM_CMD_END|用户ID=10|角色ID=36865|会话ID=21|指令内容=//addlevel -44|指令名=addlevel|执行类=fire.pb.gm.GM_addlevel|角色名=梁力夫|账号名=mt3robot10|返回码=-4|是否成功=否|耗时(毫秒)=1|时间=2026-04-06 19:51:44
2026-04-06 19:51:44,752 | EVENT=GM_CMD_END|用户ID=3|角色ID=28673|会话ID=15|指令内容=//addlevel -44|指令名=addlevel|执行类=fire.pb.gm.GM_addlevel|角色名=肖吉星|账号名=mt3robot4|返回码=-4|是否成功=否|耗时(毫秒)=1|时间=2026-04-06 19:51:44
2026-04-06 19:51:44,752 | EVENT=GM_CMD_START|用户ID=1|角色ID=4097|会话ID=12|指令内容=//addlevel -44|调用来源=CLIENT|指令名=addlevel|执行类=fire.pb.gm.GM_addlevel|时间=2026-04-06 19:51:44
2026-04-06 19:51:44,752 | EVENT=GM_CMD_END|用户ID=1|角色ID=4097|会话ID=12|指令内容=//addlevel -44|指令名=addlevel|执行类=fire.pb.gm.GM_addlevel|角色名=司马津|账号名=mt3robot1|返回码=-4|是否成功=否|耗时(毫秒)=0|时间=2026-04-06 19:51:44
2026-04-06 19:51:45,784 | EVENT=GM_CMD_START|用户ID=1|角色ID=4097|会话ID=12|指令内容=//goto 24 49 1616|调用来源=CLIENT|指令名=goto|执行类=fire.pb.gm.GM_goto|时间=2026-04-06 19:51:45
2026-04-06 19:51:45,795 | EVENT=GM_CMD_END|用户ID=1|角色ID=4097|会话ID=12|指令内容=//goto 24 49 1616|指令名=goto|执行类=fire.pb.gm.GM_goto|角色名=司马津|账号名=mt3robot1|返回码=0|是否成功=是|耗时(毫秒)=11|时间=2026-04-06 19:51:45
2026-04-06 19:51:46,791 | EVENT=GM_CMD_START|用户ID=3|角色ID=28673|会话ID=15|指令内容=//gomap 1616|调用来源=CLIENT|指令名=gomap|执行类=fire.pb.gm.GM_gomap|时间=2026-04-06 19:51:46
2026-04-06 19:51:46,793 | EVENT=GM_CMD_END|用户ID=3|角色ID=28673|会话ID=15|指令内容=//gomap 1616|指令名=gomap|执行类=fire.pb.gm.GM_gomap|角色名=肖吉星|账号名=mt3robot4|返回码=0|是否成功=是|耗时(毫秒)=2|时间=2026-04-06 19:51:46
2026-04-06 19:51:47,760 | EVENT=GM_CMD_START|用户ID=3|角色ID=28673|会话ID=15|指令内容=//goto 22 48 1616|调用来源=CLIENT|指令名=goto|执行类=fire.pb.gm.GM_goto|时间=2026-04-06 19:51:47
2026-04-06 19:51:47,760 | EVENT=GM_CMD_START|用户ID=10|角色ID=36865|会话ID=21|指令内容=//goto 22 48 1616|调用来源=CLIENT|指令名=goto|执行类=fire.pb.gm.GM_goto|时间=2026-04-06 19:51:47
2026-04-06 19:51:47,763 | EVENT=GM_CMD_END|用户ID=10|角色ID=36865|会话ID=21|指令内容=//goto 22 48 1616|指令名=goto|执行类=fire.pb.gm.GM_goto|角色名=梁力夫|账号名=mt3robot10|返回码=0|是否成功=是|耗时(毫秒)=3|时间=2026-04-06 19:51:47
2026-04-06 19:51:47,766 | EVENT=GM_CMD_END|用户ID=3|角色ID=28673|会话ID=15|指令内容=//goto 22 48 1616|指令名=goto|执行类=fire.pb.gm.GM_goto|角色名=肖吉星|账号名=mt3robot4|返回码=0|是否成功=是|耗时(毫秒)=6|时间=2026-04-06 19:51:47
2026-04-06 19:51:48,764 | EVENT=GM_CMD_START|用户ID=4|角色ID=16385|会话ID=30|指令内容=//additem 6010626|调用来源=CLIENT|指令名=additem|执行类=fire.pb.gm.GM_additem|时间=2026-04-06 19:51:48
2026-04-06 19:51:48,764 | EVENT=GM_CMD_END|用户ID=4|角色ID=16385|会话ID=30|指令内容=//additem 6010626|指令名=additem|执行类=fire.pb.gm.GM_additem|角色名=肖安澜|账号名=mt3robot6|返回码=0|是否成功=是|耗时(毫秒)=0|时间=2026-04-06 19:51:48
2026-04-06 19:51:48,765 | EVENT=GM_CMD_START|用户ID=1|角色ID=4097|会话ID=12|指令内容=//gomap 1631|调用来源=CLIENT|指令名=gomap|执行类=fire.pb.gm.GM_gomap|时间=2026-04-06 19:51:48
2026-04-06 19:51:48,765 | EVENT=GM_CMD_END|用户ID=1|角色ID=4097|会话ID=12|指令内容=//gomap 1631|指令名=gomap|执行类=fire.pb.gm.GM_gomap|角色名=司马津|账号名=mt3robot1|返回码=0|是否成功=是|耗时(毫秒)=1|时间=2026-04-06 19:51:48
2026-04-06 19:51:50,778 | EVENT=GM_CMD_START|用户ID=8|角色ID=40961|会话ID=31|指令内容=//additem 6010626|调用来源=CLIENT|指令名=additem|执行类=fire.pb.gm.GM_additem|时间=2026-04-06 19:51:50
2026-04-06 19:51:50,778 | EVENT=GM_CMD_END|用户ID=8|角色ID=40961|会话ID=31|指令内容=//additem 6010626|指令名=additem|执行类=fire.pb.gm.GM_additem|角色名=庞向笛|账号名=mt3robot8|返回码=0|是否成功=是|耗时(毫秒)=1|时间=2026-04-06 19:51:50
2026-04-06 19:51:50,824 | EVENT=GM_CMD_START|用户ID=1|角色ID=4097|会话ID=12|指令内容=//goto 38 24 1622|调用来源=CLIENT|指令名=goto|执行类=fire.pb.gm.GM_goto|时间=2026-04-06 19:51:50
2026-04-06 19:51:50,826 | EVENT=GM_CMD_END|用户ID=1|角色ID=4097|会话ID=12|指令内容=//goto 38 24 1622|指令名=goto|执行类=fire.pb.gm.GM_goto|角色名=司马津|账号名=mt3robot1|返回码=0|是否成功=是|耗时(毫秒)=2|时间=2026-04-06 19:51:50
2026-04-06 19:51:53,822 | EVENT=GM_CMD_START|用户ID=9|角色ID=32769|会话ID=33|指令内容=//goto 38 23 1622|调用来源=CLIENT|指令名=goto|执行类=fire.pb.gm.GM_goto|时间=2026-04-06 19:51:53
2026-04-06 19:51:53,823 | EVENT=GM_CMD_END|用户ID=9|角色ID=32769|会话ID=33|指令内容=//goto 38 23 1622|指令名=goto|执行类=fire.pb.gm.GM_goto|角色名=令狐君博|账号名=mt3robot9|返回码=0|是否成功=是|耗时(毫秒)=1|时间=2026-04-06 19:51:53
2026-04-06 19:51:54,876 | EVENT=GM_CMD_START|用户ID=3|角色ID=28673|会话ID=15|指令内容=//gomap 1621|调用来源=CLIENT|指令名=gomap|执行类=fire.pb.gm.GM_gomap|时间=2026-04-06 19:51:54
2026-04-06 19:51:54,877 | EVENT=GM_CMD_END|用户ID=3|角色ID=28673|会话ID=15|指令内容=//gomap 1621|指令名=gomap|执行类=fire.pb.gm.GM_gomap|角色名=肖吉星|账号名=mt3robot4|返回码=0|是否成功=是|耗时(毫秒)=1|时间=2026-04-06 19:51:54
2026-04-06 19:51:59,892 | EVENT=GM_CMD_START|用户ID=1|角色ID=4097|会话ID=12|指令内容=//gomap 1621|调用来源=CLIENT|指令名=gomap|执行类=fire.pb.gm.GM_gomap|时间=2026-04-06 19:51:59
2026-04-06 19:51:59,893 | EVENT=GM_CMD_END|用户ID=1|角色ID=4097|会话ID=12|指令内容=//gomap 1621|指令名=gomap|执行类=fire.pb.gm.GM_gomap|角色名=司马津|账号名=mt3robot1|返回码=0|是否成功=是|耗时(毫秒)=1|时间=2026-04-06 19:51:59
2026-04-06 19:52:04,937 | EVENT=GM_CMD_START|用户ID=1|角色ID=4097|会话ID=12|指令内容=//gomap 1622|调用来源=CLIENT|指令名=gomap|执行类=fire.pb.gm.GM_gomap|时间=2026-04-06 19:52:04
2026-04-06 19:52:04,937 | EVENT=GM_CMD_END|用户ID=1|角色ID=4097|会话ID=12|指令内容=//gomap 1622|指令名=gomap|执行类=fire.pb.gm.GM_gomap|角色名=司马津|账号名=mt3robot1|返回码=0|是否成功=是|耗时(毫秒)=1|时间=2026-04-06 19:52:04
2026-04-06 19:52:16,023 | EVENT=GM_CMD_START|用户ID=4|角色ID=16385|会话ID=30|指令内容=//addlevel -11|调用来源=CLIENT|指令名=addlevel|执行类=fire.pb.gm.GM_addlevel|时间=2026-04-06 19:52:16
2026-04-06 19:52:16,023 | EVENT=GM_CMD_END|用户ID=4|角色ID=16385|会话ID=30|指令内容=//addlevel -11|指令名=addlevel|执行类=fire.pb.gm.GM_addlevel|角色名=肖安澜|账号名=mt3robot6|返回码=-4|是否成功=否|耗时(毫秒)=0|时间=2026-04-06 19:52:16
2026-04-06 19:52:17,082 | EVENT=GM_CMD_START|用户ID=1|角色ID=4097|会话ID=12|指令内容=//goto 62 61 9021|调用来源=CLIENT|指令名=goto|执行类=fire.pb.gm.GM_goto|时间=2026-04-06 19:52:17
2026-04-06 19:52:17,083 | EVENT=GM_CMD_END|用户ID=1|角色ID=4097|会话ID=12|指令内容=//goto 62 61 9021|指令名=goto|执行类=fire.pb.gm.GM_goto|角色名=司马津|账号名=mt3robot1|返回码=0|是否成功=是|耗时(毫秒)=0|时间=2026-04-06 19:52:17
2026-04-06 19:52:18,084 | EVENT=GM_CMD_START|用户ID=8|角色ID=40961|会话ID=31|指令内容=//addlevel -11|调用来源=CLIENT|指令名=addlevel|执行类=fire.pb.gm.GM_addlevel|时间=2026-04-06 19:52:18
2026-04-06 19:52:18,084 | EVENT=GM_CMD_END|用户ID=8|角色ID=40961|会话ID=31|指令内容=//addlevel -11|指令名=addlevel|执行类=fire.pb.gm.GM_addlevel|角色名=庞向笛|账号名=mt3robot8|返回码=-4|是否成功=否|耗时(毫秒)=0|时间=2026-04-06 19:52:18
2026-04-06 19:52:18,097 | EVENT=GM_CMD_START|用户ID=4|角色ID=16385|会话ID=30|指令内容=//goto 62 61 9021|调用来源=CLIENT|指令名=goto|执行类=fire.pb.gm.GM_goto|时间=2026-04-06 19:52:18
2026-04-06 19:52:18,098 | EVENT=GM_CMD_END|用户ID=4|角色ID=16385|会话ID=30|指令内容=//goto 62 61 9021|指令名=goto|执行类=fire.pb.gm.GM_goto|角色名=肖安澜|账号名=mt3robot6|返回码=0|是否成功=是|耗时(毫秒)=0|时间=2026-04-06 19:52:18
2026-04-06 19:52:22,174 | EVENT=GM_CMD_START|用户ID=8|角色ID=40961|会话ID=31|指令内容=//gomap 1622|调用来源=CLIENT|指令名=gomap|执行类=fire.pb.gm.GM_gomap|时间=2026-04-06 19:52:22
2026-04-06 19:52:22,175 | EVENT=GM_CMD_END|用户ID=8|角色ID=40961|会话ID=31|指令内容=//gomap 1622|指令名=gomap|执行类=fire.pb.gm.GM_gomap|角色名=庞向笛|账号名=mt3robot8|返回码=0|是否成功=是|耗时(毫秒)=1|时间=2026-04-06 19:52:22
2026-04-06 19:52:25,225 | EVENT=GM_CMD_START|用户ID=4|角色ID=16385|会话ID=30|指令内容=//gomap 1622|调用来源=CLIENT|指令名=gomap|执行类=fire.pb.gm.GM_gomap|时间=2026-04-06 19:52:25
2026-04-06 19:52:25,225 | EVENT=GM_CMD_END|用户ID=4|角色ID=16385|会话ID=30|指令内容=//gomap 1622|指令名=gomap|执行类=fire.pb.gm.GM_gomap|角色名=肖安澜|账号名=mt3robot6|返回码=0|是否成功=是|耗时(毫秒)=0|时间=2026-04-06 19:52:25
2026-04-06 19:52:27,238 | EVENT=GM_CMD_START|用户ID=9|角色ID=32769|会话ID=33|指令内容=//goto 40 24 1622|调用来源=CLIENT|指令名=goto|执行类=fire.pb.gm.GM_goto|时间=2026-04-06 19:52:27
2026-04-06 19:52:27,240 | EVENT=GM_CMD_END|用户ID=9|角色ID=32769|会话ID=33|指令内容=//goto 40 24 1622|指令名=goto|执行类=fire.pb.gm.GM_goto|角色名=令狐君博|账号名=mt3robot9|返回码=0|是否成功=是|耗时(毫秒)=2|时间=2026-04-06 19:52:27
2026-04-06 19:52:27,245 | EVENT=GM_CMD_START|用户ID=3|角色ID=28673|会话ID=15|指令内容=//gomap 1622|调用来源=CLIENT|指令名=gomap|执行类=fire.pb.gm.GM_gomap|时间=2026-04-06 19:52:27
2026-04-06 19:52:27,245 | EVENT=GM_CMD_END|用户ID=3|角色ID=28673|会话ID=15|指令内容=//gomap 1622|指令名=gomap|执行类=fire.pb.gm.GM_gomap|角色名=肖吉星|账号名=mt3robot4|返回码=0|是否成功=是|耗时(毫秒)=0|时间=2026-04-06 19:52:27
2026-04-06 19:52:27,250 | EVENT=GM_CMD_START|用户ID=10|角色ID=36865|会话ID=21|指令内容=//goto 40 24 1622|调用来源=CLIENT|指令名=goto|执行类=fire.pb.gm.GM_goto|时间=2026-04-06 19:52:27
2026-04-06 19:52:27,250 | EVENT=GM_CMD_END|用户ID=10|角色ID=36865|会话ID=21|指令内容=//goto 40 24 1622|指令名=goto|执行类=fire.pb.gm.GM_goto|角色名=梁力夫|账号名=mt3robot10|返回码=0|是否成功=是|耗时(毫秒)=0|时间=2026-04-06 19:52:27
2026-04-06 19:52:28,256 | EVENT=GM_CMD_START|用户ID=9|角色ID=32769|会话ID=33|指令内容=//gomap 1616|调用来源=CLIENT|指令名=gomap|执行类=fire.pb.gm.GM_gomap|时间=2026-04-06 19:52:28
2026-04-06 19:52:28,256 | EVENT=GM_CMD_END|用户ID=9|角色ID=32769|会话ID=33|指令内容=//gomap 1616|指令名=gomap|执行类=fire.pb.gm.GM_gomap|角色名=令狐君博|账号名=mt3robot9|返回码=0|是否成功=是|耗时(毫秒)=0|时间=2026-04-06 19:52:28
2026-04-06 19:52:28,639 | EVENT=GM_CMD_START|用户ID=7|角色ID=8193|会话ID=34|指令内容=//addfushi 1 100000|调用来源=CLIENT|指令名=addfushi|执行类=fire.pb.gm.GM_addfushi|时间=2026-04-06 19:52:28
2026-04-06 19:52:28,639 | EVENT=GM_CMD_END|用户ID=7|角色ID=8193|会话ID=34|指令内容=//addfushi 1 100000|指令名=addfushi|执行类=fire.pb.gm.GM_addfushi|角色名=梅温|账号名=mt3robot5|返回码=0|是否成功=是|耗时(毫秒)=0|时间=2026-04-06 19:52:28
2026-04-06 19:52:29,308 | EVENT=GM_CMD_START|用户ID=8|角色ID=40961|会话ID=31|指令内容=//gomap 1622|调用来源=CLIENT|指令名=gomap|执行类=fire.pb.gm.GM_gomap|时间=2026-04-06 19:52:29
2026-04-06 19:52:29,309 | EVENT=GM_CMD_END|用户ID=8|角色ID=40961|会话ID=31|指令内容=//gomap 1622|指令名=gomap|执行类=fire.pb.gm.GM_gomap|角色名=庞向笛|账号名=mt3robot8|返回码=0|是否成功=是|耗时(毫秒)=1|时间=2026-04-06 19:52:29
2026-04-06 19:52:31,327 | EVENT=GM_CMD_START|用户ID=3|角色ID=28673|会话ID=15|指令内容=//gomap 1622|调用来源=CLIENT|指令名=gomap|执行类=fire.pb.gm.GM_gomap|时间=2026-04-06 19:52:31
2026-04-06 19:52:31,328 | EVENT=GM_CMD_END|用户ID=3|角色ID=28673|会话ID=15|指令内容=//gomap 1622|指令名=gomap|执行类=fire.pb.gm.GM_gomap|角色名=肖吉星|账号名=mt3robot4|返回码=0|是否成功=是|耗时(毫秒)=1|时间=2026-04-06 19:52:31
2026-04-06 19:52:32,345 | EVENT=GM_CMD_START|用户ID=10|角色ID=36865|会话ID=21|指令内容=//goto 124 68 1616|调用来源=CLIENT|指令名=goto|执行类=fire.pb.gm.GM_goto|时间=2026-04-06 19:52:32
2026-04-06 19:52:32,346 | EVENT=GM_CMD_END|用户ID=10|角色ID=36865|会话ID=21|指令内容=//goto 124 68 1616|指令名=goto|执行类=fire.pb.gm.GM_goto|角色名=梁力夫|账号名=mt3robot10|返回码=0|是否成功=是|耗时(毫秒)=1|时间=2026-04-06 19:52:32
2026-04-06 19:52:33,323 | EVENT=GM_CMD_START|用户ID=8|角色ID=40961|会话ID=31|指令内容=//gomap 1622|调用来源=CLIENT|指令名=gomap|执行类=fire.pb.gm.GM_gomap|时间=2026-04-06 19:52:33
2026-04-06 19:52:33,324 | EVENT=GM_CMD_END|用户ID=8|角色ID=40961|会话ID=31|指令内容=//gomap 1622|指令名=gomap|执行类=fire.pb.gm.GM_gomap|角色名=庞向笛|账号名=mt3robot8|返回码=0|是否成功=是|耗时(毫秒)=1|时间=2026-04-06 19:52:33
2026-04-06 19:52:33,324 | EVENT=GM_CMD_START|用户ID=4|角色ID=16385|会话ID=30|指令内容=//gomap 1622|调用来源=CLIENT|指令名=gomap|执行类=fire.pb.gm.GM_gomap|时间=2026-04-06 19:52:33
2026-04-06 19:52:33,324 | EVENT=GM_CMD_END|用户ID=4|角色ID=16385|会话ID=30|指令内容=//gomap 1622|指令名=gomap|执行类=fire.pb.gm.GM_gomap|角色名=肖安澜|账号名=mt3robot6|返回码=0|是否成功=是|耗时(毫秒)=0|时间=2026-04-06 19:52:33
2026-04-06 19:52:33,368 | EVENT=GM_CMD_START|用户ID=10|角色ID=36865|会话ID=21|指令内容=//gomap 1631|调用来源=CLIENT|指令名=gomap|执行类=fire.pb.gm.GM_gomap|时间=2026-04-06 19:52:33
2026-04-06 19:52:33,369 | EVENT=GM_CMD_END|用户ID=10|角色ID=36865|会话ID=21|指令内容=//gomap 1631|指令名=gomap|执行类=fire.pb.gm.GM_gomap|角色名=梁力夫|账号名=mt3robot10|返回码=0|是否成功=是|耗时(毫秒)=1|时间=2026-04-06 19:52:33
2026-04-06 19:52:35,337 | EVENT=GM_CMD_START|用户ID=9|角色ID=32769|会话ID=33|指令内容=//gomap 1631|调用来源=CLIENT|指令名=gomap|执行类=fire.pb.gm.GM_gomap|时间=2026-04-06 19:52:35
2026-04-06 19:52:35,337 | EVENT=GM_CMD_END|用户ID=9|角色ID=32769|会话ID=33|指令内容=//gomap 1631|指令名=gomap|执行类=fire.pb.gm.GM_gomap|角色名=令狐君博|账号名=mt3robot9|返回码=0|是否成功=是|耗时(毫秒)=0|时间=2026-04-06 19:52:35
2026-04-06 19:52:35,391 | EVENT=GM_CMD_START|用户ID=10|角色ID=36865|会话ID=21|指令内容=//goto 80 85 1631|调用来源=CLIENT|指令名=goto|执行类=fire.pb.gm.GM_goto|时间=2026-04-06 19:52:35
2026-04-06 19:52:35,391 | EVENT=GM_CMD_END|用户ID=10|角色ID=36865|会话ID=21|指令内容=//goto 80 85 1631|指令名=goto|执行类=fire.pb.gm.GM_goto|角色名=梁力夫|账号名=mt3robot10|返回码=0|是否成功=是|耗时(毫秒)=0|时间=2026-04-06 19:52:35
2026-04-06 19:52:40,402 | EVENT=GM_CMD_START|用户ID=3|角色ID=28673|会话ID=15|指令内容=//gomap 1622|调用来源=CLIENT|指令名=gomap|执行类=fire.pb.gm.GM_gomap|时间=2026-04-06 19:52:40
2026-04-06 19:52:40,402 | EVENT=GM_CMD_END|用户ID=3|角色ID=28673|会话ID=15|指令内容=//gomap 1622|指令名=gomap|执行类=fire.pb.gm.GM_gomap|角色名=肖吉星|账号名=mt3robot4|返回码=0|是否成功=是|耗时(毫秒)=0|时间=2026-04-06 19:52:40
2026-04-06 19:52:41,434 | EVENT=GM_CMD_START|用户ID=1|角色ID=4097|会话ID=12|指令内容=//gomap 1622|调用来源=CLIENT|指令名=gomap|执行类=fire.pb.gm.GM_gomap|时间=2026-04-06 19:52:41
2026-04-06 19:52:41,435 | EVENT=GM_CMD_END|用户ID=1|角色ID=4097|会话ID=12|指令内容=//gomap 1622|指令名=gomap|执行类=fire.pb.gm.GM_gomap|角色名=司马津|账号名=mt3robot1|返回码=0|是否成功=是|耗时(毫秒)=1|时间=2026-04-06 19:52:41
2026-04-06 19:52:46,568 | EVENT=GM_CMD_START|用户ID=8|角色ID=40961|会话ID=31|指令内容=//gomap 1608|调用来源=CLIENT|指令名=gomap|执行类=fire.pb.gm.GM_gomap|时间=2026-04-06 19:52:46
2026-04-06 19:52:46,569 | EVENT=GM_CMD_END|用户ID=8|角色ID=40961|会话ID=31|指令内容=//gomap 1608|指令名=gomap|执行类=fire.pb.gm.GM_gomap|角色名=庞向笛|账号名=mt3robot8|返回码=0|是否成功=是|耗时(毫秒)=1|时间=2026-04-06 19:52:46
2026-04-06 19:52:47,575 | EVENT=GM_CMD_START|用户ID=10|角色ID=36865|会话ID=21|指令内容=//gomap 1616|调用来源=CLIENT|指令名=gomap|执行类=fire.pb.gm.GM_gomap|时间=2026-04-06 19:52:47
2026-04-06 19:52:47,576 | EVENT=GM_CMD_END|用户ID=10|角色ID=36865|会话ID=21|指令内容=//gomap 1616|指令名=gomap|执行类=fire.pb.gm.GM_gomap|角色名=梁力夫|账号名=mt3robot10|返回码=0|是否成功=是|耗时(毫秒)=1|时间=2026-04-06 19:52:47
2026-04-06 19:52:48,588 | EVENT=GM_CMD_START|用户ID=9|角色ID=32769|会话ID=33|指令内容=//gomap 1616|调用来源=CLIENT|指令名=gomap|执行类=fire.pb.gm.GM_gomap|时间=2026-04-06 19:52:48
2026-04-06 19:52:48,589 | EVENT=GM_CMD_END|用户ID=9|角色ID=32769|会话ID=33|指令内容=//gomap 1616|指令名=gomap|执行类=fire.pb.gm.GM_gomap|角色名=令狐君博|账号名=mt3robot9|返回码=0|是否成功=是|耗时(毫秒)=1|时间=2026-04-06 19:52:48
2026-04-06 19:52:50,698 | EVENT=GM_CMD_START|用户ID=2|角色ID=24577|会话ID=35|指令内容=//addfushi 1 100000|调用来源=CLIENT|指令名=addfushi|执行类=fire.pb.gm.GM_addfushi|时间=2026-04-06 19:52:50
2026-04-06 19:52:50,698 | EVENT=GM_CMD_END|用户ID=2|角色ID=24577|会话ID=35|指令内容=//addfushi 1 100000|指令名=addfushi|执行类=fire.pb.gm.GM_addfushi|角色名=凤咏思|账号名=mt3robot3|返回码=0|是否成功=是|耗时(毫秒)=0|时间=2026-04-06 19:52:50
2026-04-06 19:52:51,584 | EVENT=GM_CMD_START|用户ID=7|角色ID=8193|会话ID=34|指令内容=//additem 6010626|调用来源=CLIENT|指令名=additem|执行类=fire.pb.gm.GM_additem|时间=2026-04-06 19:52:51
2026-04-06 19:52:51,585 | EVENT=GM_CMD_END|用户ID=7|角色ID=8193|会话ID=34|指令内容=//additem 6010626|指令名=additem|执行类=fire.pb.gm.GM_additem|角色名=梅温|账号名=mt3robot5|返回码=0|是否成功=是|耗时(毫秒)=0|时间=2026-04-06 19:52:51
2026-04-06 19:52:52,609 | EVENT=GM_CMD_START|用户ID=9|角色ID=32769|会话ID=33|指令内容=//gomap 1631|调用来源=CLIENT|指令名=gomap|执行类=fire.pb.gm.GM_gomap|时间=2026-04-06 19:52:52
2026-04-06 19:52:52,609 | EVENT=GM_CMD_START|用户ID=8|角色ID=40961|会话ID=31|指令内容=//gomap 1608|调用来源=CLIENT|指令名=gomap|执行类=fire.pb.gm.GM_gomap|时间=2026-04-06 19:52:52
2026-04-06 19:52:52,609 | EVENT=GM_CMD_END|用户ID=8|角色ID=40961|会话ID=31|指令内容=//gomap 1608|指令名=gomap|执行类=fire.pb.gm.GM_gomap|角色名=庞向笛|账号名=mt3robot8|返回码=0|是否成功=是|耗时(毫秒)=0|时间=2026-04-06 19:52:52
2026-04-06 19:52:52,610 | EVENT=GM_CMD_END|用户ID=9|角色ID=32769|会话ID=33|指令内容=//gomap 1631|指令名=gomap|执行类=fire.pb.gm.GM_gomap|角色名=令狐君博|账号名=mt3robot9|返回码=0|是否成功=是|耗时(毫秒)=1|时间=2026-04-06 19:52:52
2026-04-06 19:52:53,608 | EVENT=GM_CMD_START|用户ID=2|角色ID=24577|会话ID=35|指令内容=//addlevel -11|调用来源=CLIENT|指令名=addlevel|执行类=fire.pb.gm.GM_addlevel|时间=2026-04-06 19:52:53
2026-04-06 19:52:53,608 | EVENT=GM_CMD_END|用户ID=2|角色ID=24577|会话ID=35|指令内容=//addlevel -11|指令名=addlevel|执行类=fire.pb.gm.GM_addlevel|角色名=凤咏思|账号名=mt3robot3|返回码=-4|是否成功=否|耗时(毫秒)=0|时间=2026-04-06 19:52:53
2026-04-06 19:52:54,663 | EVENT=GM_CMD_START|用户ID=1|角色ID=4097|会话ID=12|指令内容=//addlevel -44|调用来源=CLIENT|指令名=addlevel|执行类=fire.pb.gm.GM_addlevel|时间=2026-04-06 19:52:54
2026-04-06 19:52:54,663 | EVENT=GM_CMD_END|用户ID=1|角色ID=4097|会话ID=12|指令内容=//addlevel -44|指令名=addlevel|执行类=fire.pb.gm.GM_addlevel|角色名=司马津|账号名=mt3robot1|返回码=-4|是否成功=否|耗时(毫秒)=1|时间=2026-04-06 19:52:54
2026-04-06 19:52:54,668 | EVENT=GM_CMD_START|用户ID=3|角色ID=28673|会话ID=15|指令内容=//addlevel -44|调用来源=CLIENT|指令名=addlevel|执行类=fire.pb.gm.GM_addlevel|时间=2026-04-06 19:52:54
2026-04-06 19:52:54,668 | EVENT=GM_CMD_END|用户ID=3|角色ID=28673|会话ID=15|指令内容=//addlevel -44|指令名=addlevel|执行类=fire.pb.gm.GM_addlevel|角色名=肖吉星|账号名=mt3robot4|返回码=-4|是否成功=否|耗时(毫秒)=0|时间=2026-04-06 19:52:54
2026-04-06 19:52:56,696 | EVENT=GM_CMD_START|用户ID=10|角色ID=36865|会话ID=21|指令内容=//gomap 1616|调用来源=CLIENT|指令名=gomap|执行类=fire.pb.gm.GM_gomap|时间=2026-04-06 19:52:56
2026-04-06 19:52:56,696 | EVENT=GM_CMD_END|用户ID=10|角色ID=36865|会话ID=21|指令内容=//gomap 1616|指令名=gomap|执行类=fire.pb.gm.GM_gomap|角色名=梁力夫|账号名=mt3robot10|返回码=0|是否成功=是|耗时(毫秒)=0|时间=2026-04-06 19:52:56
2026-04-06 19:52:57,741 | EVENT=GM_CMD_START|用户ID=4|角色ID=16385|会话ID=30|指令内容=//gomap 1631|调用来源=CLIENT|指令名=gomap|执行类=fire.pb.gm.GM_gomap|时间=2026-04-06 19:52:57
2026-04-06 19:52:57,742 | EVENT=GM_CMD_END|用户ID=4|角色ID=16385|会话ID=30|指令内容=//gomap 1631|指令名=gomap|执行类=fire.pb.gm.GM_gomap|角色名=肖安澜|账号名=mt3robot6|返回码=0|是否成功=是|耗时(毫秒)=1|时间=2026-04-06 19:52:57
2026-04-06 19:53:00,784 | EVENT=GM_CMD_START|用户ID=8|角色ID=40961|会话ID=31|指令内容=//goto 30 67 1631|调用来源=CLIENT|指令名=goto|执行类=fire.pb.gm.GM_goto|时间=2026-04-06 19:53:00
2026-04-06 19:53:00,785 | EVENT=GM_CMD_END|用户ID=8|角色ID=40961|会话ID=31|指令内容=//goto 30 67 1631|指令名=goto|执行类=fire.pb.gm.GM_goto|角色名=庞向笛|账号名=mt3robot8|返回码=0|是否成功=是|耗时(毫秒)=1|时间=2026-04-06 19:53:00
2026-04-06 19:53:01,790 | EVENT=GM_CMD_START|用户ID=8|角色ID=40961|会话ID=31|指令内容=//gomap 1616|调用来源=CLIENT|指令名=gomap|执行类=fire.pb.gm.GM_gomap|时间=2026-04-06 19:53:01
2026-04-06 19:53:01,790 | EVENT=GM_CMD_START|用户ID=9|角色ID=32769|会话ID=33|指令内容=//goto 30 67 1631|调用来源=CLIENT|指令名=goto|执行类=fire.pb.gm.GM_goto|时间=2026-04-06 19:53:01
2026-04-06 19:53:01,791 | EVENT=GM_CMD_END|用户ID=9|角色ID=32769|会话ID=33|指令内容=//goto 30 67 1631|指令名=goto|执行类=fire.pb.gm.GM_goto|角色名=令狐君博|账号名=mt3robot9|返回码=0|是否成功=是|耗时(毫秒)=1|时间=2026-04-06 19:53:01
2026-04-06 19:53:01,791 | EVENT=GM_CMD_END|用户ID=8|角色ID=40961|会话ID=31|指令内容=//gomap 1616|指令名=gomap|执行类=fire.pb.gm.GM_gomap|角色名=庞向笛|账号名=mt3robot8|返回码=0|是否成功=是|耗时(毫秒)=1|时间=2026-04-06 19:53:01
2026-04-06 19:53:02,831 | EVENT=GM_CMD_START|用户ID=10|角色ID=36865|会话ID=21|指令内容=//addlevel -44|调用来源=CLIENT|指令名=addlevel|执行类=fire.pb.gm.GM_addlevel|时间=2026-04-06 19:53:02
2026-04-06 19:53:02,832 | EVENT=GM_CMD_END|用户ID=10|角色ID=36865|会话ID=21|指令内容=//addlevel -44|指令名=addlevel|执行类=fire.pb.gm.GM_addlevel|角色名=梁力夫|账号名=mt3robot10|返回码=-4|是否成功=否|耗时(毫秒)=1|时间=2026-04-06 19:53:02
2026-04-06 19:53:03,845 | EVENT=GM_CMD_START|用户ID=3|角色ID=28673|会话ID=15|指令内容=//gomap 1631|调用来源=CLIENT|指令名=gomap|执行类=fire.pb.gm.GM_gomap|时间=2026-04-06 19:53:03
2026-04-06 19:53:03,846 | EVENT=GM_CMD_END|用户ID=3|角色ID=28673|会话ID=15|指令内容=//gomap 1631|指令名=gomap|执行类=fire.pb.gm.GM_gomap|角色名=肖吉星|账号名=mt3robot4|返回码=0|是否成功=是|耗时(毫秒)=1|时间=2026-04-06 19:53:03
2026-04-06 19:53:04,818 | EVENT=GM_CMD_START|用户ID=2|角色ID=24577|会话ID=35|指令内容=//gomap 1631|调用来源=CLIENT|指令名=gomap|执行类=fire.pb.gm.GM_gomap|时间=2026-04-06 19:53:04
2026-04-06 19:53:04,818 | EVENT=GM_CMD_START|用户ID=9|角色ID=32769|会话ID=33|指令内容=//addlevel -11|调用来源=CLIENT|指令名=addlevel|执行类=fire.pb.gm.GM_addlevel|时间=2026-04-06 19:53:04
2026-04-06 19:53:04,818 | EVENT=GM_CMD_END|用户ID=2|角色ID=24577|会话ID=35|指令内容=//gomap 1631|指令名=gomap|执行类=fire.pb.gm.GM_gomap|角色名=凤咏思|账号名=mt3robot3|返回码=0|是否成功=是|耗时(毫秒)=0|时间=2026-04-06 19:53:04
2026-04-06 19:53:04,818 | EVENT=GM_CMD_END|用户ID=9|角色ID=32769|会话ID=33|指令内容=//addlevel -11|指令名=addlevel|执行类=fire.pb.gm.GM_addlevel|角色名=令狐君博|账号名=mt3robot9|返回码=-4|是否成功=否|耗时(毫秒)=0|时间=2026-04-06 19:53:04
2026-04-06 19:53:04,887 | EVENT=GM_CMD_START|用户ID=4|角色ID=16385|会话ID=30|指令内容=//gomap 1631|调用来源=CLIENT|指令名=gomap|执行类=fire.pb.gm.GM_gomap|时间=2026-04-06 19:53:04
2026-04-06 19:53:04,888 | EVENT=GM_CMD_END|用户ID=4|角色ID=16385|会话ID=30|指令内容=//gomap 1631|指令名=gomap|执行类=fire.pb.gm.GM_gomap|角色名=肖安澜|账号名=mt3robot6|返回码=0|是否成功=是|耗时(毫秒)=1|时间=2026-04-06 19:53:04
2026-04-06 19:53:08,914 | EVENT=GM_CMD_START|用户ID=2|角色ID=24577|会话ID=35|指令内容=//gomap 1608|调用来源=CLIENT|指令名=gomap|执行类=fire.pb.gm.GM_gomap|时间=2026-04-06 19:53:08
2026-04-06 19:53:08,915 | EVENT=GM_CMD_END|用户ID=2|角色ID=24577|会话ID=35|指令内容=//gomap 1608|指令名=gomap|执行类=fire.pb.gm.GM_gomap|角色名=凤咏思|账号名=mt3robot3|返回码=0|是否成功=是|耗时(毫秒)=1|时间=2026-04-06 19:53:08
2026-04-06 19:53:08,920 | EVENT=GM_CMD_START|用户ID=9|角色ID=32769|会话ID=33|指令内容=//gomap 1631|调用来源=CLIENT|指令名=gomap|执行类=fire.pb.gm.GM_gomap|时间=2026-04-06 19:53:08
2026-04-06 19:53:08,920 | EVENT=GM_CMD_END|用户ID=9|角色ID=32769|会话ID=33|指令内容=//gomap 1631|指令名=gomap|执行类=fire.pb.gm.GM_gomap|角色名=令狐君博|账号名=mt3robot9|返回码=0|是否成功=是|耗时(毫秒)=0|时间=2026-04-06 19:53:08
2026-04-06 19:53:08,921 | EVENT=GM_CMD_START|用户ID=8|角色ID=40961|会话ID=31|指令内容=//gomap 1631|调用来源=CLIENT|指令名=gomap|执行类=fire.pb.gm.GM_gomap|时间=2026-04-06 19:53:08
2026-04-06 19:53:08,921 | EVENT=GM_CMD_END|用户ID=8|角色ID=40961|会话ID=31|指令内容=//gomap 1631|指令名=gomap|执行类=fire.pb.gm.GM_gomap|角色名=庞向笛|账号名=mt3robot8|返回码=0|是否成功=是|耗时(毫秒)=1|时间=2026-04-06 19:53:08
2026-04-06 19:53:08,926 | EVENT=GM_CMD_START|用户ID=4|角色ID=16385|会话ID=30|指令内容=//gomap 1631|调用来源=CLIENT|指令名=gomap|执行类=fire.pb.gm.GM_gomap|时间=2026-04-06 19:53:08
2026-04-06 19:53:08,927 | EVENT=GM_CMD_END|用户ID=4|角色ID=16385|会话ID=30|指令内容=//gomap 1631|指令名=gomap|执行类=fire.pb.gm.GM_gomap|角色名=肖安澜|账号名=mt3robot6|返回码=0|是否成功=是|耗时(毫秒)=1|时间=2026-04-06 19:53:08
2026-04-06 19:53:08,927 | EVENT=GM_CMD_START|用户ID=3|角色ID=28673|会话ID=15|指令内容=//gomap 1631|调用来源=CLIENT|指令名=gomap|执行类=fire.pb.gm.GM_gomap|时间=2026-04-06 19:53:08
2026-04-06 19:53:08,927 | EVENT=GM_CMD_END|用户ID=3|角色ID=28673|会话ID=15|指令内容=//gomap 1631|指令名=gomap|执行类=fire.pb.gm.GM_gomap|角色名=肖吉星|账号名=mt3robot4|返回码=0|是否成功=是|耗时(毫秒)=0|时间=2026-04-06 19:53:08
2026-04-06 19:53:15,001 | EVENT=GM_CMD_START|用户ID=1|角色ID=4097|会话ID=12|指令内容=//gomap 1631|调用来源=CLIENT|指令名=gomap|执行类=fire.pb.gm.GM_gomap|时间=2026-04-06 19:53:15
2026-04-06 19:53:15,001 | EVENT=GM_CMD_END|用户ID=1|角色ID=4097|会话ID=12|指令内容=//gomap 1631|指令名=gomap|执行类=fire.pb.gm.GM_gomap|角色名=司马津|账号名=mt3robot1|返回码=0|是否成功=是|耗时(毫秒)=0|时间=2026-04-06 19:53:15
2026-04-06 19:53:18,056 | EVENT=GM_CMD_START|用户ID=3|角色ID=28673|会话ID=15|指令内容=//gomap 1608|调用来源=CLIENT|指令名=gomap|执行类=fire.pb.gm.GM_gomap|时间=2026-04-06 19:53:18
2026-04-06 19:53:18,057 | EVENT=GM_CMD_END|用户ID=3|角色ID=28673|会话ID=15|指令内容=//gomap 1608|指令名=gomap|执行类=fire.pb.gm.GM_gomap|角色名=肖吉星|账号名=mt3robot4|返回码=0|是否成功=是|耗时(毫秒)=1|时间=2026-04-06 19:53:18
2026-04-06 19:53:21,088 | EVENT=GM_CMD_START|用户ID=2|角色ID=24577|会话ID=35|指令内容=//gomap 1631|调用来源=CLIENT|指令名=gomap|执行类=fire.pb.gm.GM_gomap|时间=2026-04-06 19:53:21
2026-04-06 19:53:21,088 | EVENT=GM_CMD_END|用户ID=2|角色ID=24577|会话ID=35|指令内容=//gomap 1631|指令名=gomap|执行类=fire.pb.gm.GM_gomap|角色名=凤咏思|账号名=mt3robot3|返回码=0|是否成功=是|耗时(毫秒)=0|时间=2026-04-06 19:53:21
2026-04-06 19:53:22,116 | EVENT=GM_CMD_START|用户ID=8|角色ID=40961|会话ID=31|指令内容=//gomap 1616|调用来源=CLIENT|指令名=gomap|执行类=fire.pb.gm.GM_gomap|时间=2026-04-06 19:53:22
2026-04-06 19:53:22,117 | EVENT=GM_CMD_END|用户ID=8|角色ID=40961|会话ID=31|指令内容=//gomap 1616|指令名=gomap|执行类=fire.pb.gm.GM_gomap|角色名=庞向笛|账号名=mt3robot8|返回码=0|是否成功=是|耗时(毫秒)=0|时间=2026-04-06 19:53:22
2026-04-06 19:53:22,162 | EVENT=GM_CMD_START|用户ID=3|角色ID=28673|会话ID=15|指令内容=//gomap 1608|调用来源=CLIENT|指令名=gomap|执行类=fire.pb.gm.GM_gomap|时间=2026-04-06 19:53:22
2026-04-06 19:53:22,163 | EVENT=GM_CMD_END|用户ID=3|角色ID=28673|会话ID=15|指令内容=//gomap 1608|指令名=gomap|执行类=fire.pb.gm.GM_gomap|角色名=肖吉星|账号名=mt3robot4|返回码=0|是否成功=是|耗时(毫秒)=1|时间=2026-04-06 19:53:22
2026-04-06 19:53:23,135 | EVENT=GM_CMD_START|用户ID=2|角色ID=24577|会话ID=35|指令内容=//gomap 1608|调用来源=CLIENT|指令名=gomap|执行类=fire.pb.gm.GM_gomap|时间=2026-04-06 19:53:23
2026-04-06 19:53:23,135 | EVENT=GM_CMD_END|用户ID=2|角色ID=24577|会话ID=35|指令内容=//gomap 1608|指令名=gomap|执行类=fire.pb.gm.GM_gomap|角色名=凤咏思|账号名=mt3robot3|返回码=0|是否成功=是|耗时(毫秒)=0|时间=2026-04-06 19:53:23
2026-04-06 19:53:25,144 | EVENT=GM_CMD_START|用户ID=8|角色ID=40961|会话ID=31|指令内容=//gomap 1631|调用来源=CLIENT|指令名=gomap|执行类=fire.pb.gm.GM_gomap|时间=2026-04-06 19:53:25
2026-04-06 19:53:25,145 | EVENT=GM_CMD_END|用户ID=8|角色ID=40961|会话ID=31|指令内容=//gomap 1631|指令名=gomap|执行类=fire.pb.gm.GM_gomap|角色名=庞向笛|账号名=mt3robot8|返回码=0|是否成功=是|耗时(毫秒)=0|时间=2026-04-06 19:53:25
2026-04-06 19:53:25,191 | EVENT=GM_CMD_START|用户ID=10|角色ID=36865|会话ID=21|指令内容=//gomap 1616|调用来源=CLIENT|指令名=gomap|执行类=fire.pb.gm.GM_gomap|时间=2026-04-06 19:53:25
2026-04-06 19:53:25,192 | EVENT=GM_CMD_END|用户ID=10|角色ID=36865|会话ID=21|指令内容=//gomap 1616|指令名=gomap|执行类=fire.pb.gm.GM_gomap|角色名=梁力夫|账号名=mt3robot10|返回码=0|是否成功=是|耗时(毫秒)=1|时间=2026-04-06 19:53:25
2026-04-06 19:53:28,197 | EVENT=GM_CMD_START|用户ID=8|角色ID=40961|会话ID=31|指令内容=//gomap 1616|调用来源=CLIENT|指令名=gomap|执行类=fire.pb.gm.GM_gomap|时间=2026-04-06 19:53:28
2026-04-06 19:53:28,198 | EVENT=GM_CMD_END|用户ID=8|角色ID=40961|会话ID=31|指令内容=//gomap 1616|指令名=gomap|执行类=fire.pb.gm.GM_gomap|角色名=庞向笛|账号名=mt3robot8|返回码=0|是否成功=是|耗时(毫秒)=1|时间=2026-04-06 19:53:28
2026-04-06 19:53:29,258 | EVENT=GM_CMD_START|用户ID=3|角色ID=28673|会话ID=15|指令内容=//gomap 1608|调用来源=CLIENT|指令名=gomap|执行类=fire.pb.gm.GM_gomap|时间=2026-04-06 19:53:29
2026-04-06 19:53:29,259 | EVENT=GM_CMD_END|用户ID=3|角色ID=28673|会话ID=15|指令内容=//gomap 1608|指令名=gomap|执行类=fire.pb.gm.GM_gomap|角色名=肖吉星|账号名=mt3robot4|返回码=0|是否成功=是|耗时(毫秒)=1|时间=2026-04-06 19:53:29
2026-04-06 19:53:32,238 | EVENT=GM_CMD_START|用户ID=9|角色ID=32769|会话ID=33|指令内容=//gomap 1631|调用来源=CLIENT|指令名=gomap|执行类=fire.pb.gm.GM_gomap|时间=2026-04-06 19:53:32
2026-04-06 19:53:32,238 | EVENT=GM_CMD_END|用户ID=9|角色ID=32769|会话ID=33|指令内容=//gomap 1631|指令名=gomap|执行类=fire.pb.gm.GM_gomap|角色名=令狐君博|账号名=mt3robot9|返回码=0|是否成功=是|耗时(毫秒)=0|时间=2026-04-06 19:53:32
2026-04-06 19:53:36,324 | EVENT=GM_CMD_START|用户ID=10|角色ID=36865|会话ID=21|指令内容=//gomap 1631|调用来源=CLIENT|指令名=gomap|执行类=fire.pb.gm.GM_gomap|时间=2026-04-06 19:53:36
2026-04-06 19:53:36,325 | EVENT=GM_CMD_END|用户ID=10|角色ID=36865|会话ID=21|指令内容=//gomap 1631|指令名=gomap|执行类=fire.pb.gm.GM_gomap|角色名=梁力夫|账号名=mt3robot10|返回码=0|是否成功=是|耗时(毫秒)=1|时间=2026-04-06 19:53:36
2026-04-06 19:53:39,321 | EVENT=GM_CMD_START|用户ID=2|角色ID=24577|会话ID=35|指令内容=//addlevel -11|调用来源=CLIENT|指令名=addlevel|执行类=fire.pb.gm.GM_addlevel|时间=2026-04-06 19:53:39
2026-04-06 19:53:39,322 | EVENT=GM_CMD_END|用户ID=2|角色ID=24577|会话ID=35|指令内容=//addlevel -11|指令名=addlevel|执行类=fire.pb.gm.GM_addlevel|角色名=凤咏思|账号名=mt3robot3|返回码=-4|是否成功=否|耗时(毫秒)=1|时间=2026-04-06 19:53:39
2026-04-06 19:53:40,352 | EVENT=GM_CMD_START|用户ID=8|角色ID=40961|会话ID=31|指令内容=//addlevel -11|调用来源=CLIENT|指令名=addlevel|执行类=fire.pb.gm.GM_addlevel|时间=2026-04-06 19:53:40
2026-04-06 19:53:40,352 | EVENT=GM_CMD_END|用户ID=8|角色ID=40961|会话ID=31|指令内容=//addlevel -11|指令名=addlevel|执行类=fire.pb.gm.GM_addlevel|角色名=庞向笛|账号名=mt3robot8|返回码=-4|是否成功=否|耗时(毫秒)=0|时间=2026-04-06 19:53:40
2026-04-06 19:53:40,392 | EVENT=GM_CMD_START|用户ID=4|角色ID=16385|会话ID=30|指令内容=//addlevel -11|调用来源=CLIENT|指令名=addlevel|执行类=fire.pb.gm.GM_addlevel|时间=2026-04-06 19:53:40
2026-04-06 19:53:40,392 | EVENT=GM_CMD_START|用户ID=1|角色ID=4097|会话ID=12|指令内容=//addlevel -44|调用来源=CLIENT|指令名=addlevel|执行类=fire.pb.gm.GM_addlevel|时间=2026-04-06 19:53:40
2026-04-06 19:53:40,393 | EVENT=GM_CMD_END|用户ID=4|角色ID=16385|会话ID=30|指令内容=//addlevel -11|指令名=addlevel|执行类=fire.pb.gm.GM_addlevel|角色名=肖安澜|账号名=mt3robot6|返回码=-4|是否成功=否|耗时(毫秒)=1|时间=2026-04-06 19:53:40
2026-04-06 19:53:40,393 | EVENT=GM_CMD_START|用户ID=3|角色ID=28673|会话ID=15|指令内容=//addlevel -44|调用来源=CLIENT|指令名=addlevel|执行类=fire.pb.gm.GM_addlevel|时间=2026-04-06 19:53:40
2026-04-06 19:53:40,393 | EVENT=GM_CMD_END|用户ID=1|角色ID=4097|会话ID=12|指令内容=//addlevel -44|指令名=addlevel|执行类=fire.pb.gm.GM_addlevel|角色名=司马津|账号名=mt3robot1|返回码=-4|是否成功=否|耗时(毫秒)=1|时间=2026-04-06 19:53:40
2026-04-06 19:53:40,393 | EVENT=GM_CMD_END|用户ID=3|角色ID=28673|会话ID=15|指令内容=//addlevel -44|指令名=addlevel|执行类=fire.pb.gm.GM_addlevel|角色名=肖吉星|账号名=mt3robot4|返回码=-4|是否成功=否|耗时(毫秒)=1|时间=2026-04-06 19:53:40
2026-04-06 19:53:41,381 | EVENT=GM_CMD_START|用户ID=9|角色ID=32769|会话ID=33|指令内容=//gomap 1631|调用来源=CLIENT|指令名=gomap|执行类=fire.pb.gm.GM_gomap|时间=2026-04-06 19:53:41
2026-04-06 19:53:41,381 | EVENT=GM_CMD_END|用户ID=9|角色ID=32769|会话ID=33|指令内容=//gomap 1631|指令名=gomap|执行类=fire.pb.gm.GM_gomap|角色名=令狐君博|账号名=mt3robot9|返回码=0|是否成功=是|耗时(毫秒)=0|时间=2026-04-06 19:53:41
2026-04-06 19:53:42,398 | EVENT=GM_CMD_START|用户ID=2|角色ID=24577|会话ID=35|指令内容=//gomap 1631|调用来源=CLIENT|指令名=gomap|执行类=fire.pb.gm.GM_gomap|时间=2026-04-06 19:53:42
2026-04-06 19:53:42,398 | EVENT=GM_CMD_END|用户ID=2|角色ID=24577|会话ID=35|指令内容=//gomap 1631|指令名=gomap|执行类=fire.pb.gm.GM_gomap|角色名=凤咏思|账号名=mt3robot3|返回码=0|是否成功=是|耗时(毫秒)=0|时间=2026-04-06 19:53:42
2026-04-06 19:53:43,416 | EVENT=GM_CMD_START|用户ID=8|角色ID=40961|会话ID=31|指令内容=//gomap 1631|调用来源=CLIENT|指令名=gomap|执行类=fire.pb.gm.GM_gomap|时间=2026-04-06 19:53:43
2026-04-06 19:53:43,417 | EVENT=GM_CMD_END|用户ID=8|角色ID=40961|会话ID=31|指令内容=//gomap 1631|指令名=gomap|执行类=fire.pb.gm.GM_gomap|角色名=庞向笛|账号名=mt3robot8|返回码=0|是否成功=是|耗时(毫秒)=1|时间=2026-04-06 19:53:43
2026-04-06 19:53:46,454 | EVENT=GM_CMD_START|用户ID=1|角色ID=4097|会话ID=12|指令内容=//gomap 1608|调用来源=CLIENT|指令名=gomap|执行类=fire.pb.gm.GM_gomap|时间=2026-04-06 19:53:46
2026-04-06 19:53:46,454 | EVENT=GM_CMD_END|用户ID=1|角色ID=4097|会话ID=12|指令内容=//gomap 1608|指令名=gomap|执行类=fire.pb.gm.GM_gomap|角色名=司马津|账号名=mt3robot1|返回码=0|是否成功=是|耗时(毫秒)=0|时间=2026-04-06 19:53:46
2026-04-06 19:53:47,455 | EVENT=GM_CMD_START|用户ID=4|角色ID=16385|会话ID=30|指令内容=//gomap 1631|调用来源=CLIENT|指令名=gomap|执行类=fire.pb.gm.GM_gomap|时间=2026-04-06 19:53:47
2026-04-06 19:53:47,456 | EVENT=GM_CMD_END|用户ID=4|角色ID=16385|会话ID=30|指令内容=//gomap 1631|指令名=gomap|执行类=fire.pb.gm.GM_gomap|角色名=肖安澜|账号名=mt3robot6|返回码=0|是否成功=是|耗时(毫秒)=0|时间=2026-04-06 19:53:47
2026-04-06 19:53:48,473 | EVENT=GM_CMD_START|用户ID=10|角色ID=36865|会话ID=21|指令内容=//addlevel -44|调用来源=CLIENT|指令名=addlevel|执行类=fire.pb.gm.GM_addlevel|时间=2026-04-06 19:53:48
2026-04-06 19:53:48,473 | EVENT=GM_CMD_END|用户ID=10|角色ID=36865|会话ID=21|指令内容=//addlevel -44|指令名=addlevel|执行类=fire.pb.gm.GM_addlevel|角色名=梁力夫|账号名=mt3robot10|返回码=-4|是否成功=否|耗时(毫秒)=0|时间=2026-04-06 19:53:48
2026-04-06 19:53:50,502 | EVENT=GM_CMD_START|用户ID=9|角色ID=32769|会话ID=33|指令内容=//addlevel -11|调用来源=CLIENT|指令名=addlevel|执行类=fire.pb.gm.GM_addlevel|时间=2026-04-06 19:53:50
2026-04-06 19:53:50,502 | EVENT=GM_CMD_END|用户ID=9|角色ID=32769|会话ID=33|指令内容=//addlevel -11|指令名=addlevel|执行类=fire.pb.gm.GM_addlevel|角色名=令狐君博|账号名=mt3robot9|返回码=-4|是否成功=否|耗时(毫秒)=0|时间=2026-04-06 19:53:50
2026-04-06 19:53:52,561 | EVENT=GM_CMD_START|用户ID=4|角色ID=16385|会话ID=30|指令内容=//gomap 1631|调用来源=CLIENT|指令名=gomap|执行类=fire.pb.gm.GM_gomap|时间=2026-04-06 19:53:52
2026-04-06 19:53:52,561 | EVENT=GM_CMD_END|用户ID=4|角色ID=16385|会话ID=30|指令内容=//gomap 1631|指令名=gomap|执行类=fire.pb.gm.GM_gomap|角色名=肖安澜|账号名=mt3robot6|返回码=0|是否成功=是|耗时(毫秒)=0|时间=2026-04-06 19:53:52
2026-04-06 19:53:55,605 | EVENT=GM_CMD_START|用户ID=8|角色ID=40961|会话ID=31|指令内容=//gomap 1616|调用来源=CLIENT|指令名=gomap|执行类=fire.pb.gm.GM_gomap|时间=2026-04-06 19:53:55
2026-04-06 19:53:55,605 | EVENT=GM_CMD_END|用户ID=8|角色ID=40961|会话ID=31|指令内容=//gomap 1616|指令名=gomap|执行类=fire.pb.gm.GM_gomap|角色名=庞向笛|账号名=mt3robot8|返回码=0|是否成功=是|耗时(毫秒)=0|时间=2026-04-06 19:53:55
2026-04-06 19:53:56,624 | EVENT=GM_CMD_START|用户ID=1|角色ID=4097|会话ID=12|指令内容=//gomap 1631|调用来源=CLIENT|指令名=gomap|执行类=fire.pb.gm.GM_gomap|时间=2026-04-06 19:53:56
2026-04-06 19:53:56,625 | EVENT=GM_CMD_END|用户ID=1|角色ID=4097|会话ID=12|指令内容=//gomap 1631|指令名=gomap|执行类=fire.pb.gm.GM_gomap|角色名=司马津|账号名=mt3robot1|返回码=0|是否成功=是|耗时(毫秒)=1|时间=2026-04-06 19:53:56
2026-04-06 19:54:02,723 | EVENT=GM_CMD_START|用户ID=9|角色ID=32769|会话ID=33|指令内容=//gomap 1631|调用来源=CLIENT|指令名=gomap|执行类=fire.pb.gm.GM_gomap|时间=2026-04-06 19:54:02
2026-04-06 19:54:02,724 | EVENT=GM_CMD_END|用户ID=9|角色ID=32769|会话ID=33|指令内容=//gomap 1631|指令名=gomap|执行类=fire.pb.gm.GM_gomap|角色名=令狐君博|账号名=mt3robot9|返回码=0|是否成功=是|耗时(毫秒)=0|时间=2026-04-06 19:54:02
2026-04-06 19:54:09,779 | EVENT=GM_CMD_START|用户ID=9|角色ID=32769|会话ID=33|指令内容=//gomap 1631|调用来源=CLIENT|指令名=gomap|执行类=fire.pb.gm.GM_gomap|时间=2026-04-06 19:54:09
2026-04-06 19:54:09,779 | EVENT=GM_CMD_END|用户ID=9|角色ID=32769|会话ID=33|指令内容=//gomap 1631|指令名=gomap|执行类=fire.pb.gm.GM_gomap|角色名=令狐君博|账号名=mt3robot9|返回码=0|是否成功=是|耗时(毫秒)=0|时间=2026-04-06 19:54:09
2026-04-06 19:54:09,780 | EVENT=GM_CMD_START|用户ID=3|角色ID=28673|会话ID=15|指令内容=//gomap 1608|调用来源=CLIENT|指令名=gomap|执行类=fire.pb.gm.GM_gomap|时间=2026-04-06 19:54:09
2026-04-06 19:54:09,780 | EVENT=GM_CMD_END|用户ID=3|角色ID=28673|会话ID=15|指令内容=//gomap 1608|指令名=gomap|执行类=fire.pb.gm.GM_gomap|角色名=肖吉星|账号名=mt3robot4|返回码=0|是否成功=是|耗时(毫秒)=0|时间=2026-04-06 19:54:09
2026-04-06 19:54:10,819 | EVENT=GM_CMD_START|用户ID=10|角色ID=36865|会话ID=21|指令内容=//gomap 1631|调用来源=CLIENT|指令名=gomap|执行类=fire.pb.gm.GM_gomap|时间=2026-04-06 19:54:10
2026-04-06 19:54:10,820 | EVENT=GM_CMD_END|用户ID=10|角色ID=36865|会话ID=21|指令内容=//gomap 1631|指令名=gomap|执行类=fire.pb.gm.GM_gomap|角色名=梁力夫|账号名=mt3robot10|返回码=0|是否成功=是|耗时(毫秒)=1|时间=2026-04-06 19:54:10
2026-04-06 19:54:11,787 | EVENT=GM_CMD_START|用户ID=2|角色ID=24577|会话ID=35|指令内容=//gomap 1608|调用来源=CLIENT|指令名=gomap|执行类=fire.pb.gm.GM_gomap|时间=2026-04-06 19:54:11
2026-04-06 19:54:11,787 | EVENT=GM_CMD_END|用户ID=2|角色ID=24577|会话ID=35|指令内容=//gomap 1608|指令名=gomap|执行类=fire.pb.gm.GM_gomap|角色名=凤咏思|账号名=mt3robot3|返回码=0|是否成功=是|耗时(毫秒)=1|时间=2026-04-06 19:54:11
2026-04-06 19:54:12,806 | EVENT=GM_CMD_START|用户ID=3|角色ID=28673|会话ID=15|指令内容=//gomap 1608|调用来源=CLIENT|指令名=gomap|执行类=fire.pb.gm.GM_gomap|时间=2026-04-06 19:54:12
2026-04-06 19:54:12,806 | EVENT=GM_CMD_END|用户ID=3|角色ID=28673|会话ID=15|指令内容=//gomap 1608|指令名=gomap|执行类=fire.pb.gm.GM_gomap|角色名=肖吉星|账号名=mt3robot4|返回码=0|是否成功=是|耗时(毫秒)=1|时间=2026-04-06 19:54:12
2026-04-06 19:54:14,824 | EVENT=GM_CMD_START|用户ID=10|角色ID=36865|会话ID=21|指令内容=//gomap 1631|调用来源=CLIENT|指令名=gomap|执行类=fire.pb.gm.GM_gomap|时间=2026-04-06 19:54:14
2026-04-06 19:54:14,824 | EVENT=GM_CMD_END|用户ID=10|角色ID=36865|会话ID=21|指令内容=//gomap 1631|指令名=gomap|执行类=fire.pb.gm.GM_gomap|角色名=梁力夫|账号名=mt3robot10|返回码=0|是否成功=是|耗时(毫秒)=0|时间=2026-04-06 19:54:14
2026-04-06 19:54:15,869 | EVENT=GM_CMD_START|用户ID=9|角色ID=32769|会话ID=33|指令内容=//gomap 1631|调用来源=CLIENT|指令名=gomap|执行类=fire.pb.gm.GM_gomap|时间=2026-04-06 19:54:15
2026-04-06 19:54:15,870 | EVENT=GM_CMD_END|用户ID=9|角色ID=32769|会话ID=33|指令内容=//gomap 1631|指令名=gomap|执行类=fire.pb.gm.GM_gomap|角色名=令狐君博|账号名=mt3robot9|返回码=0|是否成功=是|耗时(毫秒)=1|时间=2026-04-06 19:54:15
2026-04-06 19:54:19,924 | EVENT=GM_CMD_START|用户ID=8|角色ID=40961|会话ID=31|指令内容=//gomap 1631|调用来源=CLIENT|指令名=gomap|执行类=fire.pb.gm.GM_gomap|时间=2026-04-06 19:54:19
2026-04-06 19:54:19,925 | EVENT=GM_CMD_END|用户ID=8|角色ID=40961|会话ID=31|指令内容=//gomap 1631|指令名=gomap|执行类=fire.pb.gm.GM_gomap|角色名=庞向笛|账号名=mt3robot8|返回码=0|是否成功=是|耗时(毫秒)=1|时间=2026-04-06 19:54:19
2026-04-06 19:54:20,942 | EVENT=GM_CMD_START|用户ID=9|角色ID=32769|会话ID=33|指令内容=//gomap 1608|调用来源=CLIENT|指令名=gomap|执行类=fire.pb.gm.GM_gomap|时间=2026-04-06 19:54:20
2026-04-06 19:54:20,942 | EVENT=GM_CMD_START|用户ID=4|角色ID=16385|会话ID=30|指令内容=//gomap 1608|调用来源=CLIENT|指令名=gomap|执行类=fire.pb.gm.GM_gomap|时间=2026-04-06 19:54:20
2026-04-06 19:54:20,943 | EVENT=GM_CMD_END|用户ID=9|角色ID=32769|会话ID=33|指令内容=//gomap 1608|指令名=gomap|执行类=fire.pb.gm.GM_gomap|角色名=令狐君博|账号名=mt3robot9|返回码=0|是否成功=是|耗时(毫秒)=1|时间=2026-04-06 19:54:20
2026-04-06 19:54:20,943 | EVENT=GM_CMD_END|用户ID=4|角色ID=16385|会话ID=30|指令内容=//gomap 1608|指令名=gomap|执行类=fire.pb.gm.GM_gomap|角色名=肖安澜|账号名=mt3robot6|返回码=0|是否成功=是|耗时(毫秒)=1|时间=2026-04-06 19:54:20
2026-04-06 19:54:21,961 | EVENT=GM_CMD_START|用户ID=3|角色ID=28673|会话ID=15|指令内容=//gomap 1608|调用来源=CLIENT|指令名=gomap|执行类=fire.pb.gm.GM_gomap|时间=2026-04-06 19:54:21
2026-04-06 19:54:21,962 | EVENT=GM_CMD_END|用户ID=3|角色ID=28673|会话ID=15|指令内容=//gomap 1608|指令名=gomap|执行类=fire.pb.gm.GM_gomap|角色名=肖吉星|账号名=mt3robot4|返回码=0|是否成功=是|耗时(毫秒)=1|时间=2026-04-06 19:54:21
2026-04-06 19:54:24,975 | EVENT=GM_CMD_START|用户ID=2|角色ID=24577|会话ID=35|指令内容=//addlevel -11|调用来源=CLIENT|指令名=addlevel|执行类=fire.pb.gm.GM_addlevel|时间=2026-04-06 19:54:24
2026-04-06 19:54:24,975 | EVENT=GM_CMD_END|用户ID=2|角色ID=24577|会话ID=35|指令内容=//addlevel -11|指令名=addlevel|执行类=fire.pb.gm.GM_addlevel|角色名=凤咏思|账号名=mt3robot3|返回码=-4|是否成功=否|耗时(毫秒)=0|时间=2026-04-06 19:54:24
2026-04-06 19:54:25,026 | EVENT=GM_CMD_START|用户ID=4|角色ID=16385|会话ID=30|指令内容=//gomap 1608|调用来源=CLIENT|指令名=gomap|执行类=fire.pb.gm.GM_gomap|时间=2026-04-06 19:54:25
2026-04-06 19:54:25,027 | EVENT=GM_CMD_END|用户ID=4|角色ID=16385|会话ID=30|指令内容=//gomap 1608|指令名=gomap|执行类=fire.pb.gm.GM_gomap|角色名=肖安澜|账号名=mt3robot6|返回码=0|是否成功=是|耗时(毫秒)=1|时间=2026-04-06 19:54:25
2026-04-06 19:54:26,027 | EVENT=GM_CMD_START|用户ID=8|角色ID=40961|会话ID=31|指令内容=//addlevel -11|调用来源=CLIENT|指令名=addlevel|执行类=fire.pb.gm.GM_addlevel|时间=2026-04-06 19:54:26
2026-04-06 19:54:26,027 | EVENT=GM_CMD_START|用户ID=4|角色ID=16385|会话ID=30|指令内容=//addlevel -11|调用来源=CLIENT|指令名=addlevel|执行类=fire.pb.gm.GM_addlevel|时间=2026-04-06 19:54:26
2026-04-06 19:54:26,028 | EVENT=GM_CMD_END|用户ID=8|角色ID=40961|会话ID=31|指令内容=//addlevel -11|指令名=addlevel|执行类=fire.pb.gm.GM_addlevel|角色名=庞向笛|账号名=mt3robot8|返回码=-4|是否成功=否|耗时(毫秒)=0|时间=2026-04-06 19:54:26
2026-04-06 19:54:26,028 | EVENT=GM_CMD_END|用户ID=4|角色ID=16385|会话ID=30|指令内容=//addlevel -11|指令名=addlevel|执行类=fire.pb.gm.GM_addlevel|角色名=肖安澜|账号名=mt3robot6|返回码=-4|是否成功=否|耗时(毫秒)=1|时间=2026-04-06 19:54:26
2026-04-06 19:54:26,028 | EVENT=GM_CMD_START|用户ID=1|角色ID=4097|会话ID=12|指令内容=//addlevel -44|调用来源=CLIENT|指令名=addlevel|执行类=fire.pb.gm.GM_addlevel|时间=2026-04-06 19:54:26
2026-04-06 19:54:26,028 | EVENT=GM_CMD_START|用户ID=3|角色ID=28673|会话ID=15|指令内容=//addlevel -44|调用来源=CLIENT|指令名=addlevel|执行类=fire.pb.gm.GM_addlevel|时间=2026-04-06 19:54:26
2026-04-06 19:54:26,028 | EVENT=GM_CMD_END|用户ID=1|角色ID=4097|会话ID=12|指令内容=//addlevel -44|指令名=addlevel|执行类=fire.pb.gm.GM_addlevel|角色名=司马津|账号名=mt3robot1|返回码=-4|是否成功=否|耗时(毫秒)=0|时间=2026-04-06 19:54:26
2026-04-06 19:54:26,029 | EVENT=GM_CMD_END|用户ID=3|角色ID=28673|会话ID=15|指令内容=//addlevel -44|指令名=addlevel|执行类=fire.pb.gm.GM_addlevel|角色名=肖吉星|账号名=mt3robot4|返回码=-4|是否成功=否|耗时(毫秒)=1|时间=2026-04-06 19:54:26
2026-04-06 19:54:28,050 | EVENT=GM_CMD_START|用户ID=4|角色ID=16385|会话ID=30|指令内容=//gomap 1608|调用来源=CLIENT|指令名=gomap|执行类=fire.pb.gm.GM_gomap|时间=2026-04-06 19:54:28
2026-04-06 19:54:28,051 | EVENT=GM_CMD_END|用户ID=4|角色ID=16385|会话ID=30|指令内容=//gomap 1608|指令名=gomap|执行类=fire.pb.gm.GM_gomap|角色名=肖安澜|账号名=mt3robot6|返回码=0|是否成功=是|耗时(毫秒)=1|时间=2026-04-06 19:54:28
2026-04-06 19:54:30,071 | EVENT=GM_CMD_START|用户ID=9|角色ID=32769|会话ID=33|指令内容=//gomap 1608|调用来源=CLIENT|指令名=gomap|执行类=fire.pb.gm.GM_gomap|时间=2026-04-06 19:54:30
2026-04-06 19:54:30,071 | EVENT=GM_CMD_END|用户ID=9|角色ID=32769|会话ID=33|指令内容=//gomap 1608|指令名=gomap|执行类=fire.pb.gm.GM_gomap|角色名=令狐君博|账号名=mt3robot9|返回码=0|是否成功=是|耗时(毫秒)=0|时间=2026-04-06 19:54:30
2026-04-06 19:54:32,130 | EVENT=GM_CMD_START|用户ID=8|角色ID=40961|会话ID=31|指令内容=//gomap 1608|调用来源=CLIENT|指令名=gomap|执行类=fire.pb.gm.GM_gomap|时间=2026-04-06 19:54:32
2026-04-06 19:54:32,131 | EVENT=GM_CMD_END|用户ID=8|角色ID=40961|会话ID=31|指令内容=//gomap 1608|指令名=gomap|执行类=fire.pb.gm.GM_gomap|角色名=庞向笛|账号名=mt3robot8|返回码=0|是否成功=是|耗时(毫秒)=1|时间=2026-04-06 19:54:32
2026-04-06 19:54:34,116 | EVENT=GM_CMD_START|用户ID=10|角色ID=36865|会话ID=21|指令内容=//addlevel 0 equip|调用来源=CLIENT|指令名=addlevel|执行类=fire.pb.gm.GM_addlevel|时间=2026-04-06 19:54:34
2026-04-06 19:54:34,117 | EVENT=GM_CMD_END|用户ID=10|角色ID=36865|会话ID=21|指令内容=//addlevel 0 equip|指令名=addlevel|执行类=fire.pb.gm.GM_addlevel|角色名=梁力夫|账号名=mt3robot10|返回码=-4|是否成功=否|耗时(毫秒)=1|时间=2026-04-06 19:54:34
2026-04-06 19:54:36,143 | EVENT=GM_CMD_START|用户ID=9|角色ID=32769|会话ID=33|指令内容=//addlevel 33 equip|调用来源=CLIENT|指令名=addlevel|执行类=fire.pb.gm.GM_addlevel|时间=2026-04-06 19:54:36
2026-04-06 19:54:36,143 | EVENT=GM_CMD_END|用户ID=9|角色ID=32769|会话ID=33|指令内容=//addlevel 33 equip|指令名=addlevel|执行类=fire.pb.gm.GM_addlevel|角色名=令狐君博|账号名=mt3robot9|返回码=0|是否成功=是|耗时(毫秒)=0|时间=2026-04-06 19:54:36
2026-04-06 19:54:36,184 | EVENT=GM_CMD_START|用户ID=8|角色ID=40961|会话ID=31|指令内容=//gomap 1631|调用来源=CLIENT|指令名=gomap|执行类=fire.pb.gm.GM_gomap|时间=2026-04-06 19:54:36
2026-04-06 19:54:36,185 | EVENT=GM_CMD_END|用户ID=8|角色ID=40961|会话ID=31|指令内容=//gomap 1631|指令名=gomap|执行类=fire.pb.gm.GM_gomap|角色名=庞向笛|账号名=mt3robot8|返回码=0|是否成功=是|耗时(毫秒)=1|时间=2026-04-06 19:54:36
2026-04-06 19:54:36,185 | EVENT=GM_CMD_START|用户ID=1|角色ID=4097|会话ID=12|指令内容=//gomap 1608|调用来源=CLIENT|指令名=gomap|执行类=fire.pb.gm.GM_gomap|时间=2026-04-06 19:54:36
2026-04-06 19:54:36,193 | EVENT=GM_CMD_END|用户ID=1|角色ID=4097|会话ID=12|指令内容=//gomap 1608|指令名=gomap|执行类=fire.pb.gm.GM_gomap|角色名=司马津|账号名=mt3robot1|返回码=0|是否成功=是|耗时(毫秒)=8|时间=2026-04-06 19:54:36
2026-04-06 19:54:36,411 | EVENT=GM_CMD_START|用户ID=9|角色ID=32769|会话ID=33|指令内容=//addtitle 705 robot_auth 315360000 32769|调用来源=CLIENT|指令名=addtitle|执行类=fire.pb.gm.GM_addtitle|时间=2026-04-06 19:54:36
2026-04-06 19:54:36,414 | EVENT=GM_CMD_END|用户ID=9|角色ID=32769|会话ID=33|指令内容=//addtitle 705 robot_auth 315360000 32769|指令名=addtitle|执行类=fire.pb.gm.GM_addtitle|角色名=令狐君博|账号名=mt3robot9|返回码=0|是否成功=是|耗时(毫秒)=3|时间=2026-04-06 19:54:36
2026-04-06 19:54:43,272 | EVENT=GM_CMD_START|用户ID=4|角色ID=16385|会话ID=30|指令内容=//gomap 1615|调用来源=CLIENT|指令名=gomap|执行类=fire.pb.gm.GM_gomap|时间=2026-04-06 19:54:43
2026-04-06 19:54:43,272 | EVENT=GM_CMD_END|用户ID=4|角色ID=16385|会话ID=30|指令内容=//gomap 1615|指令名=gomap|执行类=fire.pb.gm.GM_gomap|角色名=肖安澜|账号名=mt3robot6|返回码=0|是否成功=是|耗时(毫秒)=0|时间=2026-04-06 19:54:43
2026-04-06 19:54:47,363 | EVENT=GM_CMD_START|用户ID=3|角色ID=28673|会话ID=15|指令内容=//gomap 1615|调用来源=CLIENT|指令名=gomap|执行类=fire.pb.gm.GM_gomap|时间=2026-04-06 19:54:47
2026-04-06 19:54:47,364 | EVENT=GM_CMD_END|用户ID=3|角色ID=28673|会话ID=15|指令内容=//gomap 1615|指令名=gomap|执行类=fire.pb.gm.GM_gomap|角色名=肖吉星|账号名=mt3robot4|返回码=0|是否成功=是|耗时(毫秒)=1|时间=2026-04-06 19:54:47
2026-04-06 19:54:49,364 | EVENT=GM_CMD_START|用户ID=9|角色ID=32769|会话ID=33|指令内容=//gomap 1608|调用来源=CLIENT|指令名=gomap|执行类=fire.pb.gm.GM_gomap|时间=2026-04-06 19:54:49
2026-04-06 19:54:49,364 | EVENT=GM_CMD_END|用户ID=9|角色ID=32769|会话ID=33|指令内容=//gomap 1608|指令名=gomap|执行类=fire.pb.gm.GM_gomap|角色名=令狐君博|账号名=mt3robot9|返回码=0|是否成功=是|耗时(毫秒)=0|时间=2026-04-06 19:54:49
2026-04-06 19:54:52,444 | EVENT=GM_CMD_START|用户ID=10|角色ID=36865|会话ID=21|指令内容=//gomap 1608|调用来源=CLIENT|指令名=gomap|执行类=fire.pb.gm.GM_gomap|时间=2026-04-06 19:54:52
2026-04-06 19:54:52,445 | EVENT=GM_CMD_END|用户ID=10|角色ID=36865|会话ID=21|指令内容=//gomap 1608|指令名=gomap|执行类=fire.pb.gm.GM_gomap|角色名=梁力夫|账号名=mt3robot10|返回码=0|是否成功=是|耗时(毫秒)=1|时间=2026-04-06 19:54:52
2026-04-06 19:54:53,467 | EVENT=GM_CMD_START|用户ID=1|角色ID=4097|会话ID=12|指令内容=//gomap 1615|调用来源=CLIENT|指令名=gomap|执行类=fire.pb.gm.GM_gomap|时间=2026-04-06 19:54:53
2026-04-06 19:54:53,468 | EVENT=GM_CMD_END|用户ID=1|角色ID=4097|会话ID=12|指令内容=//gomap 1615|指令名=gomap|执行类=fire.pb.gm.GM_gomap|角色名=司马津|账号名=mt3robot1|返回码=0|是否成功=是|耗时(毫秒)=1|时间=2026-04-06 19:54:53
2026-04-06 19:54:54,441 | EVENT=GM_CMD_START|用户ID=2|角色ID=24577|会话ID=35|指令内容=//gomap 1615|调用来源=CLIENT|指令名=gomap|执行类=fire.pb.gm.GM_gomap|时间=2026-04-06 19:54:54
2026-04-06 19:54:54,441 | EVENT=GM_CMD_END|用户ID=2|角色ID=24577|会话ID=35|指令内容=//gomap 1615|指令名=gomap|执行类=fire.pb.gm.GM_gomap|角色名=凤咏思|账号名=mt3robot3|返回码=0|是否成功=是|耗时(毫秒)=0|时间=2026-04-06 19:54:54
2026-04-06 19:54:56,502 | EVENT=GM_CMD_START|用户ID=9|角色ID=32769|会话ID=33|指令内容=//gomap 1608|调用来源=CLIENT|指令名=gomap|执行类=fire.pb.gm.GM_gomap|时间=2026-04-06 19:54:56
2026-04-06 19:54:56,502 | EVENT=GM_CMD_START|用户ID=10|角色ID=36865|会话ID=21|指令内容=//gomap 1608|调用来源=CLIENT|指令名=gomap|执行类=fire.pb.gm.GM_gomap|时间=2026-04-06 19:54:56
2026-04-06 19:54:56,503 | EVENT=GM_CMD_END|用户ID=9|角色ID=32769|会话ID=33|指令内容=//gomap 1608|指令名=gomap|执行类=fire.pb.gm.GM_gomap|角色名=令狐君博|账号名=mt3robot9|返回码=0|是否成功=是|耗时(毫秒)=1|时间=2026-04-06 19:54:56
2026-04-06 19:54:56,503 | EVENT=GM_CMD_END|用户ID=10|角色ID=36865|会话ID=21|指令内容=//gomap 1608|指令名=gomap|执行类=fire.pb.gm.GM_gomap|角色名=梁力夫|账号名=mt3robot10|返回码=0|是否成功=是|耗时(毫秒)=1|时间=2026-04-06 19:54:56
2026-04-06 19:54:59,496 | EVENT=GM_CMD_START|用户ID=2|角色ID=24577|会话ID=35|指令内容=//gomap 1608|调用来源=CLIENT|指令名=gomap|执行类=fire.pb.gm.GM_gomap|时间=2026-04-06 19:54:59
2026-04-06 19:54:59,496 | EVENT=GM_CMD_END|用户ID=2|角色ID=24577|会话ID=35|指令内容=//gomap 1608|指令名=gomap|执行类=fire.pb.gm.GM_gomap|角色名=凤咏思|账号名=mt3robot3|返回码=0|是否成功=是|耗时(毫秒)=0|时间=2026-04-06 19:54:59
2026-04-06 19:55:02,570 | EVENT=GM_CMD_START|用户ID=8|角色ID=40961|会话ID=31|指令内容=//gomap 1608|调用来源=CLIENT|指令名=gomap|执行类=fire.pb.gm.GM_gomap|时间=2026-04-06 19:55:02
2026-04-06 19:55:02,571 | EVENT=GM_CMD_END|用户ID=8|角色ID=40961|会话ID=31|指令内容=//gomap 1608|指令名=gomap|执行类=fire.pb.gm.GM_gomap|角色名=庞向笛|账号名=mt3robot8|返回码=0|是否成功=是|耗时(毫秒)=1|时间=2026-04-06 19:55:02
2026-04-06 19:55:06,619 | EVENT=GM_CMD_START|用户ID=10|角色ID=36865|会话ID=21|指令内容=//gomap 1631|调用来源=CLIENT|指令名=gomap|执行类=fire.pb.gm.GM_gomap|时间=2026-04-06 19:55:06
2026-04-06 19:55:06,620 | EVENT=GM_CMD_END|用户ID=10|角色ID=36865|会话ID=21|指令内容=//gomap 1631|指令名=gomap|执行类=fire.pb.gm.GM_gomap|角色名=梁力夫|账号名=mt3robot10|返回码=0|是否成功=是|耗时(毫秒)=1|时间=2026-04-06 19:55:06
2026-04-06 19:55:07,637 | EVENT=GM_CMD_START|用户ID=3|角色ID=28673|会话ID=15|指令内容=//gomap 1608|调用来源=CLIENT|指令名=gomap|执行类=fire.pb.gm.GM_gomap|时间=2026-04-06 19:55:07
2026-04-06 19:55:07,638 | EVENT=GM_CMD_END|用户ID=3|角色ID=28673|会话ID=15|指令内容=//gomap 1608|指令名=gomap|执行类=fire.pb.gm.GM_gomap|角色名=肖吉星|账号名=mt3robot4|返回码=0|是否成功=是|耗时(毫秒)=1|时间=2026-04-06 19:55:07
2026-04-06 19:55:10,630 | EVENT=GM_CMD_START|用户ID=2|角色ID=24577|会话ID=35|指令内容=//addlevel 33 equip|调用来源=CLIENT|指令名=addlevel|执行类=fire.pb.gm.GM_addlevel|时间=2026-04-06 19:55:10
2026-04-06 19:55:10,630 | EVENT=GM_CMD_END|用户ID=2|角色ID=24577|会话ID=35|指令内容=//addlevel 33 equip|指令名=addlevel|执行类=fire.pb.gm.GM_addlevel|角色名=凤咏思|账号名=mt3robot3|返回码=0|是否成功=是|耗时(毫秒)=1|时间=2026-04-06 19:55:10
2026-04-06 19:55:11,336 | EVENT=GM_CMD_START|用户ID=6|角色ID=12289|会话ID=36|指令内容=//addfushi 1 100000|调用来源=CLIENT|指令名=addfushi|执行类=fire.pb.gm.GM_addfushi|时间=2026-04-06 19:55:11
2026-04-06 19:55:11,339 | EVENT=GM_CMD_END|用户ID=6|角色ID=12289|会话ID=36|指令内容=//addfushi 1 100000|指令名=addfushi|执行类=fire.pb.gm.GM_addfushi|角色名=岑飞羽|账号名=mt3robot7|返回码=0|是否成功=是|耗时(毫秒)=3|时间=2026-04-06 19:55:11
2026-04-06 19:55:11,678 | EVENT=GM_CMD_START|用户ID=9|角色ID=32769|会话ID=33|指令内容=//gomap 1631|调用来源=CLIENT|指令名=gomap|执行类=fire.pb.gm.GM_gomap|时间=2026-04-06 19:55:11
2026-04-06 19:55:11,678 | EVENT=GM_CMD_END|用户ID=9|角色ID=32769|会话ID=33|指令内容=//gomap 1631|指令名=gomap|执行类=fire.pb.gm.GM_gomap|角色名=令狐君博|账号名=mt3robot9|返回码=0|是否成功=是|耗时(毫秒)=0|时间=2026-04-06 19:55:11
2026-04-06 19:55:11,691 | EVENT=GM_CMD_START|用户ID=4|角色ID=16385|会话ID=30|指令内容=//addlevel 33 equip|调用来源=CLIENT|指令名=addlevel|执行类=fire.pb.gm.GM_addlevel|时间=2026-04-06 19:55:11
2026-04-06 19:55:11,691 | EVENT=GM_CMD_END|用户ID=4|角色ID=16385|会话ID=30|指令内容=//addlevel 33 equip|指令名=addlevel|执行类=fire.pb.gm.GM_addlevel|角色名=肖安澜|账号名=mt3robot6|返回码=0|是否成功=是|耗时(毫秒)=1|时间=2026-04-06 19:55:11
2026-04-06 19:55:11,734 | EVENT=GM_CMD_START|用户ID=1|角色ID=4097|会话ID=12|指令内容=//addlevel 0 equip|调用来源=CLIENT|指令名=addlevel|执行类=fire.pb.gm.GM_addlevel|时间=2026-04-06 19:55:11
2026-04-06 19:55:11,734 | EVENT=GM_CMD_START|用户ID=8|角色ID=40961|会话ID=31|指令内容=//addlevel 33 equip|调用来源=CLIENT|指令名=addlevel|执行类=fire.pb.gm.GM_addlevel|时间=2026-04-06 19:55:11
2026-04-06 19:55:11,735 | EVENT=GM_CMD_END|用户ID=1|角色ID=4097|会话ID=12|指令内容=//addlevel 0 equip|指令名=addlevel|执行类=fire.pb.gm.GM_addlevel|角色名=司马津|账号名=mt3robot1|返回码=-4|是否成功=否|耗时(毫秒)=1|时间=2026-04-06 19:55:11
2026-04-06 19:55:11,738 | EVENT=GM_CMD_END|用户ID=8|角色ID=40961|会话ID=31|指令内容=//addlevel 33 equip|指令名=addlevel|执行类=fire.pb.gm.GM_addlevel|角色名=庞向笛|账号名=mt3robot8|返回码=0|是否成功=是|耗时(毫秒)=4|时间=2026-04-06 19:55:11
2026-04-06 19:55:11,739 | EVENT=GM_CMD_START|用户ID=3|角色ID=28673|会话ID=15|指令内容=//addlevel 0 equip|调用来源=CLIENT|指令名=addlevel|执行类=fire.pb.gm.GM_addlevel|时间=2026-04-06 19:55:11
2026-04-06 19:55:11,739 | EVENT=GM_CMD_END|用户ID=3|角色ID=28673|会话ID=15|指令内容=//addlevel 0 equip|指令名=addlevel|执行类=fire.pb.gm.GM_addlevel|角色名=肖吉星|账号名=mt3robot4|返回码=-4|是否成功=否|耗时(毫秒)=0|时间=2026-04-06 19:55:11
2026-04-06 19:55:12,054 | EVENT=GM_CMD_START|用户ID=4|角色ID=16385|会话ID=30|指令内容=//addtitle 705 robot_auth 315360000 16385|调用来源=CLIENT|指令名=addtitle|执行类=fire.pb.gm.GM_addtitle|时间=2026-04-06 19:55:12
2026-04-06 19:55:12,054 | EVENT=GM_CMD_END|用户ID=4|角色ID=16385|会话ID=30|指令内容=//addtitle 705 robot_auth 315360000 16385|指令名=addtitle|执行类=fire.pb.gm.GM_addtitle|角色名=肖安澜|账号名=mt3robot6|返回码=0|是否成功=是|耗时(毫秒)=0|时间=2026-04-06 19:55:12
2026-04-06 19:55:12,087 | EVENT=GM_CMD_START|用户ID=8|角色ID=40961|会话ID=31|指令内容=//addtitle 705 robot_auth 315360000 40961|调用来源=CLIENT|指令名=addtitle|执行类=fire.pb.gm.GM_addtitle|时间=2026-04-06 19:55:12
2026-04-06 19:55:12,105 | EVENT=GM_CMD_END|用户ID=8|角色ID=40961|会话ID=31|指令内容=//addtitle 705 robot_auth 315360000 40961|指令名=addtitle|执行类=fire.pb.gm.GM_addtitle|角色名=庞向笛|账号名=mt3robot8|返回码=0|是否成功=是|耗时(毫秒)=18|时间=2026-04-06 19:55:12
2026-04-06 19:55:13,848 | EVENT=GM_CMD_START|用户ID=6|角色ID=12289|会话ID=36|指令内容=//addlevel -11|调用来源=CLIENT|指令名=addlevel|执行类=fire.pb.gm.GM_addlevel|时间=2026-04-06 19:55:13
2026-04-06 19:55:13,848 | EVENT=GM_CMD_END|用户ID=6|角色ID=12289|会话ID=36|指令内容=//addlevel -11|指令名=addlevel|执行类=fire.pb.gm.GM_addlevel|角色名=岑飞羽|账号名=mt3robot7|返回码=-4|是否成功=否|耗时(毫秒)=0|时间=2026-04-06 19:55:13
2026-04-06 19:55:13,854 | EVENT=GM_CMD_START|用户ID=2|角色ID=24577|会话ID=35|指令内容=//gomap 1615|调用来源=CLIENT|指令名=gomap|执行类=fire.pb.gm.GM_gomap|时间=2026-04-06 19:55:13
2026-04-06 19:55:13,855 | EVENT=GM_CMD_END|用户ID=2|角色ID=24577|会话ID=35|指令内容=//gomap 1615|指令名=gomap|执行类=fire.pb.gm.GM_gomap|角色名=凤咏思|账号名=mt3robot3|返回码=0|是否成功=是|耗时(毫秒)=1|时间=2026-04-06 19:55:13
2026-04-06 19:55:16,886 | EVENT=GM_CMD_START|用户ID=1|角色ID=4097|会话ID=12|指令内容=//gomap 1608|调用来源=CLIENT|指令名=gomap|执行类=fire.pb.gm.GM_gomap|时间=2026-04-06 19:55:16
2026-04-06 19:55:16,887 | EVENT=GM_CMD_END|用户ID=1|角色ID=4097|会话ID=12|指令内容=//gomap 1608|指令名=gomap|执行类=fire.pb.gm.GM_gomap|角色名=司马津|账号名=mt3robot1|返回码=0|是否成功=是|耗时(毫秒)=0|时间=2026-04-06 19:55:16
2026-04-06 19:55:16,892 | EVENT=GM_CMD_START|用户ID=3|角色ID=28673|会话ID=15|指令内容=//gomap 1608|调用来源=CLIENT|指令名=gomap|执行类=fire.pb.gm.GM_gomap|时间=2026-04-06 19:55:16
2026-04-06 19:55:16,893 | EVENT=GM_CMD_END|用户ID=3|角色ID=28673|会话ID=15|指令内容=//gomap 1608|指令名=gomap|执行类=fire.pb.gm.GM_gomap|角色名=肖吉星|账号名=mt3robot4|返回码=0|是否成功=是|耗时(毫秒)=0|时间=2026-04-06 19:55:16
2026-04-06 19:55:17,938 | EVENT=GM_CMD_START|用户ID=2|角色ID=24577|会话ID=35|指令内容=//gomap 1608|调用来源=CLIENT|指令名=gomap|执行类=fire.pb.gm.GM_gomap|时间=2026-04-06 19:55:17
2026-04-06 19:55:17,939 | EVENT=GM_CMD_END|用户ID=2|角色ID=24577|会话ID=35|指令内容=//gomap 1608|指令名=gomap|执行类=fire.pb.gm.GM_gomap|角色名=凤咏思|账号名=mt3robot3|返回码=0|是否成功=是|耗时(毫秒)=1|时间=2026-04-06 19:55:17
2026-04-06 19:55:19,962 | EVENT=GM_CMD_START|用户ID=6|角色ID=12289|会话ID=36|指令内容=//goto 30 51 1608|调用来源=CLIENT|指令名=goto|执行类=fire.pb.gm.GM_goto|时间=2026-04-06 19:55:19
2026-04-06 19:55:19,963 | EVENT=GM_CMD_START|用户ID=10|角色ID=36865|会话ID=21|指令内容=//addlevel -44|调用来源=CLIENT|指令名=addlevel|执行类=fire.pb.gm.GM_addlevel|时间=2026-04-06 19:55:19
2026-04-06 19:55:19,963 | EVENT=GM_CMD_END|用户ID=10|角色ID=36865|会话ID=21|指令内容=//addlevel -44|指令名=addlevel|执行类=fire.pb.gm.GM_addlevel|角色名=梁力夫|账号名=mt3robot10|返回码=-4|是否成功=否|耗时(毫秒)=0|时间=2026-04-06 19:55:19
2026-04-06 19:55:19,964 | EVENT=GM_CMD_END|用户ID=6|角色ID=12289|会话ID=36|指令内容=//goto 30 51 1608|指令名=goto|执行类=fire.pb.gm.GM_goto|角色名=岑飞羽|账号名=mt3robot7|返回码=0|是否成功=是|耗时(毫秒)=2|时间=2026-04-06 19:55:19
2026-04-06 19:55:20,956 | EVENT=GM_CMD_START|用户ID=2|角色ID=24577|会话ID=35|指令内容=//gomap 1615|调用来源=CLIENT|指令名=gomap|执行类=fire.pb.gm.GM_gomap|时间=2026-04-06 19:55:20
2026-04-06 19:55:20,957 | EVENT=GM_CMD_END|用户ID=2|角色ID=24577|会话ID=35|指令内容=//gomap 1615|指令名=gomap|执行类=fire.pb.gm.GM_gomap|角色名=凤咏思|账号名=mt3robot3|返回码=0|是否成功=是|耗时(毫秒)=0|时间=2026-04-06 19:55:20
2026-04-06 19:55:21,006 | EVENT=GM_CMD_START|用户ID=9|角色ID=32769|会话ID=33|指令内容=//goto 30 51 1608|调用来源=CLIENT|指令名=goto|执行类=fire.pb.gm.GM_goto|时间=2026-04-06 19:55:21
2026-04-06 19:55:21,007 | EVENT=GM_CMD_END|用户ID=9|角色ID=32769|会话ID=33|指令内容=//goto 30 51 1608|指令名=goto|执行类=fire.pb.gm.GM_goto|角色名=令狐君博|账号名=mt3robot9|返回码=0|是否成功=是|耗时(毫秒)=1|时间=2026-04-06 19:55:21
2026-04-06 19:55:22,012 | EVENT=GM_CMD_START|用户ID=6|角色ID=12289|会话ID=36|指令内容=//goto 34 40 1608|调用来源=CLIENT|指令名=goto|执行类=fire.pb.gm.GM_goto|时间=2026-04-06 19:55:22
2026-04-06 19:55:22,012 | EVENT=GM_CMD_START|用户ID=9|角色ID=32769|会话ID=33|指令内容=//addlevel -44|调用来源=CLIENT|指令名=addlevel|执行类=fire.pb.gm.GM_addlevel|时间=2026-04-06 19:55:22
2026-04-06 19:55:22,013 | EVENT=GM_CMD_END|用户ID=9|角色ID=32769|会话ID=33|指令内容=//addlevel -44|指令名=addlevel|执行类=fire.pb.gm.GM_addlevel|角色名=令狐君博|账号名=mt3robot9|返回码=-4|是否成功=否|耗时(毫秒)=1|时间=2026-04-06 19:55:22
2026-04-06 19:55:22,014 | EVENT=GM_CMD_END|用户ID=6|角色ID=12289|会话ID=36|指令内容=//goto 34 40 1608|指令名=goto|执行类=fire.pb.gm.GM_goto|角色名=岑飞羽|账号名=mt3robot7|返回码=0|是否成功=是|耗时(毫秒)=2|时间=2026-04-06 19:55:22
2026-04-06 19:55:23,073 | EVENT=GM_CMD_START|用户ID=8|角色ID=40961|会话ID=31|指令内容=//gomap 1618|调用来源=CLIENT|指令名=gomap|执行类=fire.pb.gm.GM_gomap|时间=2026-04-06 19:55:23
2026-04-06 19:55:23,074 | EVENT=GM_CMD_END|用户ID=8|角色ID=40961|会话ID=31|指令内容=//gomap 1618|指令名=gomap|执行类=fire.pb.gm.GM_gomap|角色名=庞向笛|账号名=mt3robot8|返回码=0|是否成功=是|耗时(毫秒)=1|时间=2026-04-06 19:55:23
2026-04-06 19:55:24,085 | EVENT=GM_CMD_START|用户ID=3|角色ID=28673|会话ID=15|指令内容=//gomap 1615|调用来源=CLIENT|指令名=gomap|执行类=fire.pb.gm.GM_gomap|时间=2026-04-06 19:55:24
2026-04-06 19:55:24,086 | EVENT=GM_CMD_END|用户ID=3|角色ID=28673|会话ID=15|指令内容=//gomap 1615|指令名=gomap|执行类=fire.pb.gm.GM_gomap|角色名=肖吉星|账号名=mt3robot4|返回码=0|是否成功=是|耗时(毫秒)=1|时间=2026-04-06 19:55:24
2026-04-06 19:55:25,118 | EVENT=GM_CMD_START|用户ID=9|角色ID=32769|会话ID=33|指令内容=//gomap 1618|调用来源=CLIENT|指令名=gomap|执行类=fire.pb.gm.GM_gomap|时间=2026-04-06 19:55:25
2026-04-06 19:55:25,119 | EVENT=GM_CMD_END|用户ID=9|角色ID=32769|会话ID=33|指令内容=//gomap 1618|指令名=gomap|执行类=fire.pb.gm.GM_gomap|角色名=令狐君博|账号名=mt3robot9|返回码=0|是否成功=是|耗时(毫秒)=1|时间=2026-04-06 19:55:25
2026-04-06 19:55:27,112 | EVENT=GM_CMD_START|用户ID=1|角色ID=4097|会话ID=12|指令内容=//gomap 1615|调用来源=CLIENT|指令名=gomap|执行类=fire.pb.gm.GM_gomap|时间=2026-04-06 19:55:27
2026-04-06 19:55:27,112 | EVENT=GM_CMD_END|用户ID=1|角色ID=4097|会话ID=12|指令内容=//gomap 1615|指令名=gomap|执行类=fire.pb.gm.GM_gomap|角色名=司马津|账号名=mt3robot1|返回码=0|是否成功=是|耗时(毫秒)=1|时间=2026-04-06 19:55:27
2026-04-06 19:55:29,173 | EVENT=GM_CMD_START|用户ID=10|角色ID=36865|会话ID=21|指令内容=//gomap 1618|调用来源=CLIENT|指令名=gomap|执行类=fire.pb.gm.GM_gomap|时间=2026-04-06 19:55:29
2026-04-06 19:55:29,174 | EVENT=GM_CMD_END|用户ID=10|角色ID=36865|会话ID=21|指令内容=//gomap 1618|指令名=gomap|执行类=fire.pb.gm.GM_gomap|角色名=梁力夫|账号名=mt3robot10|返回码=0|是否成功=是|耗时(毫秒)=1|时间=2026-04-06 19:55:29
2026-04-06 19:55:30,166 | EVENT=GM_CMD_START|用户ID=2|角色ID=24577|会话ID=35|指令内容=//gomap 1608|调用来源=CLIENT|指令名=gomap|执行类=fire.pb.gm.GM_gomap|时间=2026-04-06 19:55:30
2026-04-06 19:55:30,166 | EVENT=GM_CMD_END|用户ID=2|角色ID=24577|会话ID=35|指令内容=//gomap 1608|指令名=gomap|执行类=fire.pb.gm.GM_gomap|角色名=凤咏思|账号名=mt3robot3|返回码=0|是否成功=是|耗时(毫秒)=0|时间=2026-04-06 19:55:30
2026-04-06 19:55:31,224 | EVENT=GM_CMD_START|用户ID=1|角色ID=4097|会话ID=12|指令内容=//gomap 1608|调用来源=CLIENT|指令名=gomap|执行类=fire.pb.gm.GM_gomap|时间=2026-04-06 19:55:31
2026-04-06 19:55:31,225 | EVENT=GM_CMD_END|用户ID=1|角色ID=4097|会话ID=12|指令内容=//gomap 1608|指令名=gomap|执行类=fire.pb.gm.GM_gomap|角色名=司马津|账号名=mt3robot1|返回码=0|是否成功=是|耗时(毫秒)=1|时间=2026-04-06 19:55:31
2026-04-06 19:55:35,246 | EVENT=GM_CMD_START|用户ID=1|角色ID=4097|会话ID=12|指令内容=//gomap 1615|调用来源=CLIENT|指令名=gomap|执行类=fire.pb.gm.GM_gomap|时间=2026-04-06 19:55:35
2026-04-06 19:55:35,247 | EVENT=GM_CMD_END|用户ID=1|角色ID=4097|会话ID=12|指令内容=//gomap 1615|指令名=gomap|执行类=fire.pb.gm.GM_gomap|角色名=司马津|账号名=mt3robot1|返回码=0|是否成功=是|耗时(毫秒)=1|时间=2026-04-06 19:55:35
2026-04-06 19:55:35,247 | EVENT=GM_CMD_START|用户ID=3|角色ID=28673|会话ID=15|指令内容=//gomap 1615|调用来源=CLIENT|指令名=gomap|执行类=fire.pb.gm.GM_gomap|时间=2026-04-06 19:55:35
2026-04-06 19:55:35,247 | EVENT=GM_CMD_END|用户ID=3|角色ID=28673|会话ID=15|指令内容=//gomap 1615|指令名=gomap|执行类=fire.pb.gm.GM_gomap|角色名=肖吉星|账号名=mt3robot4|返回码=0|是否成功=是|耗时(毫秒)=0|时间=2026-04-06 19:55:35
2026-04-06 19:55:36,293 | EVENT=GM_CMD_START|用户ID=4|角色ID=16385|会话ID=30|指令内容=//gomap 1608|调用来源=CLIENT|指令名=gomap|执行类=fire.pb.gm.GM_gomap|时间=2026-04-06 19:55:36
2026-04-06 19:55:36,294 | EVENT=GM_CMD_END|用户ID=4|角色ID=16385|会话ID=30|指令内容=//gomap 1608|指令名=gomap|执行类=fire.pb.gm.GM_gomap|角色名=肖安澜|账号名=mt3robot6|返回码=0|是否成功=是|耗时(毫秒)=1|时间=2026-04-06 19:55:36
2026-04-06 19:55:37,299 | EVENT=GM_CMD_START|用户ID=9|角色ID=32769|会话ID=33|指令内容=//gomap 1618|调用来源=CLIENT|指令名=gomap|执行类=fire.pb.gm.GM_gomap|时间=2026-04-06 19:55:37
2026-04-06 19:55:37,300 | EVENT=GM_CMD_END|用户ID=9|角色ID=32769|会话ID=33|指令内容=//gomap 1618|指令名=gomap|执行类=fire.pb.gm.GM_gomap|角色名=令狐君博|账号名=mt3robot9|返回码=0|是否成功=是|耗时(毫秒)=1|时间=2026-04-06 19:55:37
2026-04-06 19:55:40,298 | EVENT=GM_CMD_START|用户ID=4|角色ID=16385|会话ID=30|指令内容=//gomap 1608|调用来源=CLIENT|指令名=gomap|执行类=fire.pb.gm.GM_gomap|时间=2026-04-06 19:55:40
2026-04-06 19:55:40,298 | EVENT=GM_CMD_END|用户ID=4|角色ID=16385|会话ID=30|指令内容=//gomap 1608|指令名=gomap|执行类=fire.pb.gm.GM_gomap|角色名=肖安澜|账号名=mt3robot6|返回码=0|是否成功=是|耗时(毫秒)=0|时间=2026-04-06 19:55:40
2026-04-06 19:55:43,375 | EVENT=GM_CMD_START|用户ID=2|角色ID=24577|会话ID=35|指令内容=//gomap 1615|调用来源=CLIENT|指令名=gomap|执行类=fire.pb.gm.GM_gomap|时间=2026-04-06 19:55:43
2026-04-06 19:55:43,375 | EVENT=GM_CMD_START|用户ID=8|角色ID=40961|会话ID=31|指令内容=//gomap 1618|调用来源=CLIENT|指令名=gomap|执行类=fire.pb.gm.GM_gomap|时间=2026-04-06 19:55:43
2026-04-06 19:55:43,376 | EVENT=GM_CMD_END|用户ID=8|角色ID=40961|会话ID=31|指令内容=//gomap 1618|指令名=gomap|执行类=fire.pb.gm.GM_gomap|角色名=庞向笛|账号名=mt3robot8|返回码=0|是否成功=是|耗时(毫秒)=1|时间=2026-04-06 19:55:43
2026-04-06 19:55:43,376 | EVENT=GM_CMD_END|用户ID=2|角色ID=24577|会话ID=35|指令内容=//gomap 1615|指令名=gomap|执行类=fire.pb.gm.GM_gomap|角色名=凤咏思|账号名=mt3robot3|返回码=0|是否成功=是|耗时(毫秒)=1|时间=2026-04-06 19:55:43
2026-04-06 19:55:44,351 | EVENT=GM_CMD_START|用户ID=6|角色ID=12289|会话ID=36|指令内容=//gomap 1618|调用来源=CLIENT|指令名=gomap|执行类=fire.pb.gm.GM_gomap|时间=2026-04-06 19:55:44
2026-04-06 19:55:44,352 | EVENT=GM_CMD_END|用户ID=6|角色ID=12289|会话ID=36|指令内容=//gomap 1618|指令名=gomap|执行类=fire.pb.gm.GM_gomap|角色名=岑飞羽|账号名=mt3robot7|返回码=0|是否成功=是|耗时(毫秒)=0|时间=2026-04-06 19:55:44
2026-04-06 19:55:45,415 | EVENT=GM_CMD_START|用户ID=9|角色ID=32769|会话ID=33|指令内容=//gomap 1619|调用来源=CLIENT|指令名=gomap|执行类=fire.pb.gm.GM_gomap|时间=2026-04-06 19:55:45
2026-04-06 19:55:45,416 | EVENT=GM_CMD_END|用户ID=9|角色ID=32769|会话ID=33|指令内容=//gomap 1619|指令名=gomap|执行类=fire.pb.gm.GM_gomap|角色名=令狐君博|账号名=mt3robot9|返回码=0|是否成功=是|耗时(毫秒)=1|时间=2026-04-06 19:55:45
