2026-04-06 19:42:55,855 [main]  INFO GMProcMXBean|Token配置=已配置(43字符)
2026-04-06 19:43:53,046 [mkdb.Worker.procedure.40]  INFO gm_jmx_config|IP白名单数=1|IP列表=[127.0.0.1]|Token配置=已配置(43字符)
2026-04-06 19:43:53,046 [mkdb.Worker.procedure.40]  INFO GMInteface初始化完成|GM开关=false|认证方式=Token+IP白名单|安全建议=启用Token+IP白名单双重验证
2026-04-06 19:43:53,106 [mkdb.Worker..25]  INFO gm命令开始执行|用户ID=1|角色ID=4097|会话ID=12|指令内容=//addfushi 1 100000|调用来源=CLIENT|执行类=fire.pb.gm.GM_addfushi
2026-04-06 19:43:53,107 [mkdb.Worker..25]  WARN gm_robot_autogrant|角色ID=4097|用户ID=1|指令名=addfushi|模式=全量授权
2026-04-06 19:43:53,289 [mkdb.Worker..25]  INFO gm_cmd_end|用户ID=1|角色ID=4097|会话ID=12|指令内容=//addfushi 1 100000|指令名=addfushi|执行类=fire.pb.gm.GM_addfushi|角色名=司马津|账号名=mt3robot1|返回码=0|是否成功=是|耗时(毫秒)=184
2026-04-06 19:43:53,509 [mkdb.Worker..25]  INFO gm命令开始执行|用户ID=6|角色ID=12289|会话ID=18|指令内容=//addfushi 1 100000|调用来源=CLIENT|执行类=fire.pb.gm.GM_addfushi
2026-04-06 19:43:53,509 [mkdb.Worker..25]  WARN gm_robot_autogrant|角色ID=12289|用户ID=6|指令名=addfushi|模式=全量授权
2026-04-06 19:43:53,509 [mkdb.Worker..25]  INFO gm_cmd_end|用户ID=6|角色ID=12289|会话ID=18|指令内容=//addfushi 1 100000|指令名=addfushi|执行类=fire.pb.gm.GM_addfushi|角色名=岑飞羽|账号名=mt3robot7|返回码=0|是否成功=是|耗时(毫秒)=0
2026-04-06 19:43:53,564 [mkdb.Worker..28]  INFO gm命令开始执行|用户ID=5|角色ID=20481|会话ID=13|指令内容=//addfushi 1 100000|调用来源=CLIENT|执行类=fire.pb.gm.GM_addfushi
2026-04-06 19:43:53,564 [mkdb.Worker..28]  WARN gm_robot_autogrant|角色ID=20481|用户ID=5|指令名=addfushi|模式=全量授权
2026-04-06 19:43:53,565 [mkdb.Worker..28]  INFO gm_cmd_end|用户ID=5|角色ID=20481|会话ID=13|指令内容=//addfushi 1 100000|指令名=addfushi|执行类=fire.pb.gm.GM_addfushi|角色名=施元甲|账号名=mt3robot2|返回码=0|是否成功=是|耗时(毫秒)=1
2026-04-06 19:43:53,655 [mkdb.Worker..23]  INFO gm命令开始执行|用户ID=8|角色ID=40961|会话ID=19|指令内容=//addfushi 1 100000|调用来源=CLIENT|执行类=fire.pb.gm.GM_addfushi
2026-04-06 19:43:53,655 [mkdb.Worker..23]  WARN gm_robot_autogrant|角色ID=40961|用户ID=8|指令名=addfushi|模式=全量授权
2026-04-06 19:43:53,656 [mkdb.Worker..26]  INFO gm命令开始执行|用户ID=4|角色ID=16385|会话ID=17|指令内容=//addfushi 1 100000|调用来源=CLIENT|执行类=fire.pb.gm.GM_addfushi
2026-04-06 19:43:53,656 [mkdb.Worker..26]  WARN gm_robot_autogrant|角色ID=16385|用户ID=4|指令名=addfushi|模式=全量授权
2026-04-06 19:43:53,656 [mkdb.Worker..23]  INFO gm_cmd_end|用户ID=8|角色ID=40961|会话ID=19|指令内容=//addfushi 1 100000|指令名=addfushi|执行类=fire.pb.gm.GM_addfushi|角色名=庞向笛|账号名=mt3robot8|返回码=0|是否成功=是|耗时(毫秒)=1
2026-04-06 19:43:53,656 [mkdb.Worker..26]  INFO gm_cmd_end|用户ID=4|角色ID=16385|会话ID=17|指令内容=//addfushi 1 100000|指令名=addfushi|执行类=fire.pb.gm.GM_addfushi|角色名=肖安澜|账号名=mt3robot6|返回码=0|是否成功=是|耗时(毫秒)=1
2026-04-06 19:43:53,837 [mkdb.Worker..26]  INFO gm命令开始执行|用户ID=2|角色ID=24577|会话ID=14|指令内容=//addfushi 1 100000|调用来源=CLIENT|执行类=fire.pb.gm.GM_addfushi
2026-04-06 19:43:53,837 [mkdb.Worker..26]  WARN gm_robot_autogrant|角色ID=24577|用户ID=2|指令名=addfushi|模式=全量授权
2026-04-06 19:43:53,838 [mkdb.Worker..26]  INFO gm_cmd_end|用户ID=2|角色ID=24577|会话ID=14|指令内容=//addfushi 1 100000|指令名=addfushi|执行类=fire.pb.gm.GM_addfushi|角色名=凤咏思|账号名=mt3robot3|返回码=0|是否成功=是|耗时(毫秒)=1
2026-04-06 19:43:53,872 [mkdb.Worker..26]  INFO gm命令开始执行|用户ID=3|角色ID=28673|会话ID=15|指令内容=//addfushi 1 100000|调用来源=CLIENT|执行类=fire.pb.gm.GM_addfushi
2026-04-06 19:43:53,872 [mkdb.Worker..26]  WARN gm_robot_autogrant|角色ID=28673|用户ID=3|指令名=addfushi|模式=全量授权
2026-04-06 19:43:53,872 [mkdb.Worker..26]  INFO gm_cmd_end|用户ID=3|角色ID=28673|会话ID=15|指令内容=//addfushi 1 100000|指令名=addfushi|执行类=fire.pb.gm.GM_addfushi|角色名=肖吉星|账号名=mt3robot4|返回码=0|是否成功=是|耗时(毫秒)=1
2026-04-06 19:43:53,941 [mkdb.Worker..20]  INFO gm命令开始执行|用户ID=7|角色ID=8193|会话ID=16|指令内容=//addfushi 1 100000|调用来源=CLIENT|执行类=fire.pb.gm.GM_addfushi
2026-04-06 19:43:53,941 [mkdb.Worker..20]  WARN gm_robot_autogrant|角色ID=8193|用户ID=7|指令名=addfushi|模式=全量授权
2026-04-06 19:43:53,942 [mkdb.Worker..20]  INFO gm_cmd_end|用户ID=7|角色ID=8193|会话ID=16|指令内容=//addfushi 1 100000|指令名=addfushi|执行类=fire.pb.gm.GM_addfushi|角色名=梅温|账号名=mt3robot5|返回码=0|是否成功=是|耗时(毫秒)=1
2026-04-06 19:43:53,945 [mkdb.Worker..26]  INFO gm命令开始执行|用户ID=1|角色ID=4097|会话ID=12|指令内容=//gomap 1620|调用来源=CLIENT|执行类=fire.pb.gm.GM_gomap
2026-04-06 19:43:53,945 [mkdb.Worker..26]  WARN gm_robot_autogrant|角色ID=4097|用户ID=1|指令名=gomap|模式=全量授权
2026-04-06 19:43:53,956 [mkdb.Worker..28]  INFO gm命令开始执行|用户ID=6|角色ID=12289|会话ID=18|指令内容=//gomap 1618|调用来源=CLIENT|执行类=fire.pb.gm.GM_gomap
2026-04-06 19:43:53,956 [mkdb.Worker..28]  WARN gm_robot_autogrant|角色ID=12289|用户ID=6|指令名=gomap|模式=全量授权
2026-04-06 19:43:53,966 [mkdb.Worker..20]  INFO gm命令开始执行|用户ID=5|角色ID=20481|会话ID=13|指令内容=//gomap 1622|调用来源=CLIENT|执行类=fire.pb.gm.GM_gomap
2026-04-06 19:43:53,966 [mkdb.Worker..20]  WARN gm_robot_autogrant|角色ID=20481|用户ID=5|指令名=gomap|模式=全量授权
2026-04-06 19:43:53,967 [mkdb.Worker..25]  INFO gm命令开始执行|用户ID=8|角色ID=40961|会话ID=19|指令内容=//gomap 9021|调用来源=CLIENT|执行类=fire.pb.gm.GM_gomap
2026-04-06 19:43:53,967 [mkdb.Worker..25]  WARN gm_robot_autogrant|角色ID=40961|用户ID=8|指令名=gomap|模式=全量授权
2026-04-06 19:43:54,046 [mkdb.Worker..23]  INFO gm命令开始执行|用户ID=4|角色ID=16385|会话ID=17|指令内容=//gomap 9021|调用来源=CLIENT|执行类=fire.pb.gm.GM_gomap
2026-04-06 19:43:54,046 [mkdb.Worker..23]  WARN gm_robot_autogrant|角色ID=16385|用户ID=4|指令名=gomap|模式=全量授权
2026-04-06 19:43:54,048 [mkdb.Worker..28]  INFO gm_cmd_end|用户ID=6|角色ID=12289|会话ID=18|指令内容=//gomap 1618|指令名=gomap|执行类=fire.pb.gm.GM_gomap|角色名=岑飞羽|账号名=mt3robot7|返回码=0|是否成功=是|耗时(毫秒)=92
2026-04-06 19:43:54,048 [mkdb.Worker..20]  INFO gm_cmd_end|用户ID=5|角色ID=20481|会话ID=13|指令内容=//gomap 1622|指令名=gomap|执行类=fire.pb.gm.GM_gomap|角色名=施元甲|账号名=mt3robot2|返回码=0|是否成功=是|耗时(毫秒)=82
2026-04-06 19:43:54,048 [mkdb.Worker..25]  INFO gm_cmd_end|用户ID=8|角色ID=40961|会话ID=19|指令内容=//gomap 9021|指令名=gomap|执行类=fire.pb.gm.GM_gomap|角色名=庞向笛|账号名=mt3robot8|返回码=0|是否成功=是|耗时(毫秒)=81
2026-04-06 19:43:54,048 [mkdb.Worker..26]  INFO gm_cmd_end|用户ID=1|角色ID=4097|会话ID=12|指令内容=//gomap 1620|指令名=gomap|执行类=fire.pb.gm.GM_gomap|角色名=司马津|账号名=mt3robot1|返回码=0|是否成功=是|耗时(毫秒)=103
2026-04-06 19:43:54,058 [mkdb.Worker..23]  INFO gm_cmd_end|用户ID=4|角色ID=16385|会话ID=17|指令内容=//gomap 9021|指令名=gomap|执行类=fire.pb.gm.GM_gomap|角色名=肖安澜|账号名=mt3robot6|返回码=0|是否成功=是|耗时(毫秒)=12
2026-04-06 19:43:54,071 [mkdb.Worker..28]  INFO gm命令开始执行|用户ID=9|角色ID=32769|会话ID=20|指令内容=//addfushi 1 100000|调用来源=CLIENT|执行类=fire.pb.gm.GM_addfushi
2026-04-06 19:43:54,071 [mkdb.Worker..28]  WARN gm_robot_autogrant|角色ID=32769|用户ID=9|指令名=addfushi|模式=全量授权
2026-04-06 19:43:54,071 [mkdb.Worker..28]  INFO gm_cmd_end|用户ID=9|角色ID=32769|会话ID=20|指令内容=//addfushi 1 100000|指令名=addfushi|执行类=fire.pb.gm.GM_addfushi|角色名=令狐君博|账号名=mt3robot9|返回码=0|是否成功=是|耗时(毫秒)=1
2026-04-06 19:43:54,137 [mkdb.Worker..23]  INFO gm命令开始执行|用户ID=10|角色ID=36865|会话ID=21|指令内容=//addfushi 1 100000|调用来源=CLIENT|执行类=fire.pb.gm.GM_addfushi
2026-04-06 19:43:54,137 [mkdb.Worker..23]  WARN gm_robot_autogrant|角色ID=36865|用户ID=10|指令名=addfushi|模式=全量授权
2026-04-06 19:43:54,137 [mkdb.Worker..23]  INFO gm_cmd_end|用户ID=10|角色ID=36865|会话ID=21|指令内容=//addfushi 1 100000|指令名=addfushi|执行类=fire.pb.gm.GM_addfushi|角色名=梁力夫|账号名=mt3robot10|返回码=0|是否成功=是|耗时(毫秒)=0
2026-04-06 19:43:55,060 [mkdb.Worker..25]  INFO gm命令开始执行|用户ID=7|角色ID=8193|会话ID=16|指令内容=//gomap 1617|调用来源=CLIENT|执行类=fire.pb.gm.GM_gomap
2026-04-06 19:43:55,060 [mkdb.Worker..25]  WARN gm_robot_autogrant|角色ID=8193|用户ID=7|指令名=gomap|模式=全量授权
2026-04-06 19:43:55,061 [mkdb.Worker..26]  INFO gm命令开始执行|用户ID=9|角色ID=32769|会话ID=20|指令内容=//gomap 1622|调用来源=CLIENT|执行类=fire.pb.gm.GM_gomap
2026-04-06 19:43:55,061 [mkdb.Worker..26]  WARN gm_robot_autogrant|角色ID=32769|用户ID=9|指令名=gomap|模式=全量授权
2026-04-06 19:43:55,061 [mkdb.Worker..23]  INFO gm命令开始执行|用户ID=10|角色ID=36865|会话ID=21|指令内容=//gomap 1612|调用来源=CLIENT|执行类=fire.pb.gm.GM_gomap
2026-04-06 19:43:55,061 [mkdb.Worker..23]  WARN gm_robot_autogrant|角色ID=36865|用户ID=10|指令名=gomap|模式=全量授权
2026-04-06 19:43:55,062 [mkdb.Worker..23]  INFO gm_cmd_end|用户ID=10|角色ID=36865|会话ID=21|指令内容=//gomap 1612|指令名=gomap|执行类=fire.pb.gm.GM_gomap|角色名=梁力夫|账号名=mt3robot10|返回码=0|是否成功=是|耗时(毫秒)=1
2026-04-06 19:43:55,062 [mkdb.Worker..26]  INFO gm_cmd_end|用户ID=9|角色ID=32769|会话ID=20|指令内容=//gomap 1622|指令名=gomap|执行类=fire.pb.gm.GM_gomap|角色名=令狐君博|账号名=mt3robot9|返回码=0|是否成功=是|耗时(毫秒)=1
2026-04-06 19:43:55,062 [mkdb.Worker..25]  INFO gm_cmd_end|用户ID=7|角色ID=8193|会话ID=16|指令内容=//gomap 1617|指令名=gomap|执行类=fire.pb.gm.GM_gomap|角色名=梅温|账号名=mt3robot5|返回码=0|是否成功=是|耗时(毫秒)=2
2026-04-06 19:44:44,167 [mkdb.Worker..28]  INFO gm命令开始执行|用户ID=1|角色ID=4097|会话ID=12|指令内容=//additem 6010626|调用来源=CLIENT|执行类=fire.pb.gm.GM_additem
2026-04-06 19:44:44,168 [mkdb.Worker..28]  WARN gm_robot_autogrant|角色ID=4097|用户ID=1|指令名=additem|模式=全量授权
2026-04-06 19:44:44,169 [mkdb.Worker..28]  INFO gm_cmd_end|用户ID=1|角色ID=4097|会话ID=12|指令内容=//additem 6010626|指令名=additem|执行类=fire.pb.gm.GM_additem|角色名=司马津|账号名=mt3robot1|返回码=0|是否成功=是|耗时(毫秒)=2
2026-04-06 19:44:50,212 [mkdb.Worker..28]  INFO gm命令开始执行|用户ID=10|角色ID=36865|会话ID=21|指令内容=//additem 6010626|调用来源=CLIENT|执行类=fire.pb.gm.GM_additem
2026-04-06 19:44:50,213 [mkdb.Worker..28]  WARN gm_robot_autogrant|角色ID=36865|用户ID=10|指令名=additem|模式=全量授权
2026-04-06 19:44:50,213 [mkdb.Worker..28]  INFO gm_cmd_end|用户ID=10|角色ID=36865|会话ID=21|指令内容=//additem 6010626|指令名=additem|执行类=fire.pb.gm.GM_additem|角色名=梁力夫|账号名=mt3robot10|返回码=0|是否成功=是|耗时(毫秒)=1
2026-04-06 19:44:56,181 [mkdb.Worker..23]  INFO gm命令开始执行|用户ID=2|角色ID=24577|会话ID=14|指令内容=//gomap 1617|调用来源=CLIENT|执行类=fire.pb.gm.GM_gomap
2026-04-06 19:44:56,182 [mkdb.Worker..23]  WARN gm_robot_autogrant|角色ID=24577|用户ID=2|指令名=gomap|模式=全量授权
2026-04-06 19:44:56,182 [mkdb.Worker..26]  INFO gm命令开始执行|用户ID=3|角色ID=28673|会话ID=15|指令内容=//gomap 1612|调用来源=CLIENT|执行类=fire.pb.gm.GM_gomap
2026-04-06 19:44:56,182 [mkdb.Worker..26]  WARN gm_robot_autogrant|角色ID=28673|用户ID=3|指令名=gomap|模式=全量授权
2026-04-06 19:44:56,182 [mkdb.Worker..23]  INFO gm_cmd_end|用户ID=2|角色ID=24577|会话ID=14|指令内容=//gomap 1617|指令名=gomap|执行类=fire.pb.gm.GM_gomap|角色名=凤咏思|账号名=mt3robot3|返回码=0|是否成功=是|耗时(毫秒)=1
2026-04-06 19:44:56,182 [mkdb.Worker..26]  INFO gm_cmd_end|用户ID=3|角色ID=28673|会话ID=15|指令内容=//gomap 1612|指令名=gomap|执行类=fire.pb.gm.GM_gomap|角色名=肖吉星|账号名=mt3robot4|返回码=0|是否成功=是|耗时(毫秒)=0
2026-04-06 19:45:54,286 [mkdb.Worker..25]  INFO gm命令开始执行|用户ID=3|角色ID=28673|会话ID=15|指令内容=//additem 6010626|调用来源=CLIENT|执行类=fire.pb.gm.GM_additem
2026-04-06 19:45:54,287 [mkdb.Worker..25]  WARN gm_robot_autogrant|角色ID=28673|用户ID=3|指令名=additem|模式=全量授权
2026-04-06 19:45:54,287 [mkdb.Worker..25]  INFO gm_cmd_end|用户ID=3|角色ID=28673|会话ID=15|指令内容=//additem 6010626|指令名=additem|执行类=fire.pb.gm.GM_additem|角色名=肖吉星|账号名=mt3robot4|返回码=0|是否成功=是|耗时(毫秒)=1
2026-04-06 19:46:15,306 [mkdb.Worker..25]  INFO gm命令开始执行|用户ID=1|角色ID=4097|会话ID=12|指令内容=//gomap 1608|调用来源=CLIENT|执行类=fire.pb.gm.GM_gomap
2026-04-06 19:46:15,306 [mkdb.Worker..25]  WARN gm_robot_autogrant|角色ID=4097|用户ID=1|指令名=gomap|模式=全量授权
2026-04-06 19:46:15,307 [mkdb.Worker..25]  INFO gm_cmd_end|用户ID=1|角色ID=4097|会话ID=12|指令内容=//gomap 1608|指令名=gomap|执行类=fire.pb.gm.GM_gomap|角色名=司马津|账号名=mt3robot1|返回码=0|是否成功=是|耗时(毫秒)=1
2026-04-06 19:46:17,317 [mkdb.Worker..20]  INFO gm命令开始执行|用户ID=10|角色ID=36865|会话ID=21|指令内容=//gomap 1608|调用来源=CLIENT|执行类=fire.pb.gm.GM_gomap
2026-04-06 19:46:17,317 [mkdb.Worker..20]  WARN gm_robot_autogrant|角色ID=36865|用户ID=10|指令名=gomap|模式=全量授权
2026-04-06 19:46:17,317 [mkdb.Worker..20]  INFO gm_cmd_end|用户ID=10|角色ID=36865|会话ID=21|指令内容=//gomap 1608|指令名=gomap|执行类=fire.pb.gm.GM_gomap|角色名=梁力夫|账号名=mt3robot10|返回码=0|是否成功=是|耗时(毫秒)=1
2026-04-06 19:47:15,371 [mkdb.Worker..23]  INFO gm命令开始执行|用户ID=1|角色ID=4097|会话ID=12|指令内容=//addlevel 33 equip|调用来源=CLIENT|执行类=fire.pb.gm.GM_addlevel
2026-04-06 19:47:15,371 [mkdb.Worker..23]  WARN gm_robot_autogrant|角色ID=4097|用户ID=1|指令名=addlevel|模式=全量授权
2026-04-06 19:47:15,373 [mkdb.Worker..23]  INFO gm_cmd_end|用户ID=1|角色ID=4097|会话ID=12|指令内容=//addlevel 33 equip|指令名=addlevel|执行类=fire.pb.gm.GM_addlevel|角色名=司马津|账号名=mt3robot1|返回码=0|是否成功=是|耗时(毫秒)=2
2026-04-06 19:47:15,681 [mkdb.Worker..25]  INFO gm命令开始执行|用户ID=1|角色ID=4097|会话ID=12|指令内容=//addtitle 705 robot_auth 315360000 4097|调用来源=CLIENT|执行类=fire.pb.gm.GM_addtitle
2026-04-06 19:47:15,681 [mkdb.Worker..25]  WARN gm_robot_autogrant|角色ID=4097|用户ID=1|指令名=addtitle|模式=全量授权
2026-04-06 19:47:15,741 [mkdb.Worker..25]  INFO gm_cmd_end|用户ID=1|角色ID=4097|会话ID=12|指令内容=//addtitle 705 robot_auth 315360000 4097|指令名=addtitle|执行类=fire.pb.gm.GM_addtitle|角色名=司马津|账号名=mt3robot1|返回码=0|是否成功=是|耗时(毫秒)=61
2026-04-06 19:47:17,387 [mkdb.Worker..23]  INFO gm命令开始执行|用户ID=10|角色ID=36865|会话ID=21|指令内容=//addlevel 33 equip|调用来源=CLIENT|执行类=fire.pb.gm.GM_addlevel
2026-04-06 19:47:17,387 [mkdb.Worker..23]  WARN gm_robot_autogrant|角色ID=36865|用户ID=10|指令名=addlevel|模式=全量授权
2026-04-06 19:47:17,388 [mkdb.Worker..23]  INFO gm_cmd_end|用户ID=10|角色ID=36865|会话ID=21|指令内容=//addlevel 33 equip|指令名=addlevel|执行类=fire.pb.gm.GM_addlevel|角色名=梁力夫|账号名=mt3robot10|返回码=0|是否成功=是|耗时(毫秒)=1
2026-04-06 19:47:17,723 [mkdb.Worker..25]  INFO gm命令开始执行|用户ID=10|角色ID=36865|会话ID=21|指令内容=//addtitle 705 robot_auth 315360000 36865|调用来源=CLIENT|执行类=fire.pb.gm.GM_addtitle
2026-04-06 19:47:17,724 [mkdb.Worker..25]  WARN gm_robot_autogrant|角色ID=36865|用户ID=10|指令名=addtitle|模式=全量授权
2026-04-06 19:47:17,724 [mkdb.Worker..25]  INFO gm_cmd_end|用户ID=10|角色ID=36865|会话ID=21|指令内容=//addtitle 705 robot_auth 315360000 36865|指令名=addtitle|执行类=fire.pb.gm.GM_addtitle|角色名=梁力夫|账号名=mt3robot10|返回码=0|是否成功=是|耗时(毫秒)=1
2026-04-06 19:47:21,397 [mkdb.Worker..23]  INFO gm命令开始执行|用户ID=3|角色ID=28673|会话ID=15|指令内容=//gomap 1608|调用来源=CLIENT|执行类=fire.pb.gm.GM_gomap
2026-04-06 19:47:21,397 [mkdb.Worker..23]  WARN gm_robot_autogrant|角色ID=28673|用户ID=3|指令名=gomap|模式=全量授权
2026-04-06 19:47:21,398 [mkdb.Worker..23]  INFO gm_cmd_end|用户ID=3|角色ID=28673|会话ID=15|指令内容=//gomap 1608|指令名=gomap|执行类=fire.pb.gm.GM_gomap|角色名=肖吉星|账号名=mt3robot4|返回码=0|是否成功=是|耗时(毫秒)=1
2026-04-06 19:47:40,325 [mkdb.Worker..20]  INFO gm命令开始执行|用户ID=5|角色ID=20481|会话ID=22|指令内容=//addfushi 1 100000|调用来源=CLIENT|执行类=fire.pb.gm.GM_addfushi
2026-04-06 19:47:40,325 [mkdb.Worker..20]  WARN gm_robot_autogrant|角色ID=20481|用户ID=5|指令名=addfushi|模式=全量授权
2026-04-06 19:47:40,326 [mkdb.Worker..20]  INFO gm_cmd_end|用户ID=5|角色ID=20481|会话ID=22|指令内容=//addfushi 1 100000|指令名=addfushi|执行类=fire.pb.gm.GM_addfushi|角色名=施元甲|账号名=mt3robot2|返回码=0|是否成功=是|耗时(毫秒)=1
2026-04-06 19:47:42,323 [mkdb.Worker..28]  INFO gm命令开始执行|用户ID=9|角色ID=32769|会话ID=23|指令内容=//addfushi 1 100000|调用来源=CLIENT|执行类=fire.pb.gm.GM_addfushi
2026-04-06 19:47:42,323 [mkdb.Worker..28]  WARN gm_robot_autogrant|角色ID=32769|用户ID=9|指令名=addfushi|模式=全量授权
2026-04-06 19:47:42,323 [mkdb.Worker..28]  INFO gm_cmd_end|用户ID=9|角色ID=32769|会话ID=23|指令内容=//addfushi 1 100000|指令名=addfushi|执行类=fire.pb.gm.GM_addfushi|角色名=令狐君博|账号名=mt3robot9|返回码=0|是否成功=是|耗时(毫秒)=0
2026-04-06 19:47:42,361 [mkdb.Worker..26]  INFO gm命令开始执行|用户ID=6|角色ID=12289|会话ID=24|指令内容=//addfushi 1 100000|调用来源=CLIENT|执行类=fire.pb.gm.GM_addfushi
2026-04-06 19:47:42,361 [mkdb.Worker..26]  WARN gm_robot_autogrant|角色ID=12289|用户ID=6|指令名=addfushi|模式=全量授权
2026-04-06 19:47:42,362 [mkdb.Worker..26]  INFO gm_cmd_end|用户ID=6|角色ID=12289|会话ID=24|指令内容=//addfushi 1 100000|指令名=addfushi|执行类=fire.pb.gm.GM_addfushi|角色名=岑飞羽|账号名=mt3robot7|返回码=0|是否成功=是|耗时(毫秒)=1
2026-04-06 19:47:43,362 [mkdb.Worker..20]  INFO gm命令开始执行|用户ID=4|角色ID=16385|会话ID=25|指令内容=//addfushi 1 100000|调用来源=CLIENT|执行类=fire.pb.gm.GM_addfushi
2026-04-06 19:47:43,362 [mkdb.Worker..20]  WARN gm_robot_autogrant|角色ID=16385|用户ID=4|指令名=addfushi|模式=全量授权
2026-04-06 19:47:43,362 [mkdb.Worker..20]  INFO gm_cmd_end|用户ID=4|角色ID=16385|会话ID=25|指令内容=//addfushi 1 100000|指令名=addfushi|执行类=fire.pb.gm.GM_addfushi|角色名=肖安澜|账号名=mt3robot6|返回码=0|是否成功=是|耗时(毫秒)=0
2026-04-06 19:47:47,349 [mkdb.Worker..26]  INFO gm命令开始执行|用户ID=8|角色ID=40961|会话ID=26|指令内容=//addfushi 1 100000|调用来源=CLIENT|执行类=fire.pb.gm.GM_addfushi
2026-04-06 19:47:47,349 [mkdb.Worker..26]  WARN gm_robot_autogrant|角色ID=40961|用户ID=8|指令名=addfushi|模式=全量授权
2026-04-06 19:47:47,349 [mkdb.Worker..26]  INFO gm_cmd_end|用户ID=8|角色ID=40961|会话ID=26|指令内容=//addfushi 1 100000|指令名=addfushi|执行类=fire.pb.gm.GM_addfushi|角色名=庞向笛|账号名=mt3robot8|返回码=0|是否成功=是|耗时(毫秒)=0
2026-04-06 19:48:00,481 [mkdb.Worker..20]  INFO gm命令开始执行|用户ID=5|角色ID=20481|会话ID=22|指令内容=//additem 6010626|调用来源=CLIENT|执行类=fire.pb.gm.GM_additem
2026-04-06 19:48:00,482 [mkdb.Worker..20]  WARN gm_robot_autogrant|角色ID=20481|用户ID=5|指令名=additem|模式=全量授权
2026-04-06 19:48:00,482 [mkdb.Worker..20]  INFO gm_cmd_end|用户ID=5|角色ID=20481|会话ID=22|指令内容=//additem 6010626|指令名=additem|执行类=fire.pb.gm.GM_additem|角色名=施元甲|账号名=mt3robot2|返回码=0|是否成功=是|耗时(毫秒)=1
2026-04-06 19:48:02,482 [mkdb.Worker..26]  INFO gm命令开始执行|用户ID=9|角色ID=32769|会话ID=23|指令内容=//additem 6010626|调用来源=CLIENT|执行类=fire.pb.gm.GM_additem
2026-04-06 19:48:02,482 [mkdb.Worker..26]  WARN gm_robot_autogrant|角色ID=32769|用户ID=9|指令名=additem|模式=全量授权
2026-04-06 19:48:02,483 [mkdb.Worker..26]  INFO gm_cmd_end|用户ID=9|角色ID=32769|会话ID=23|指令内容=//additem 6010626|指令名=additem|执行类=fire.pb.gm.GM_additem|角色名=令狐君博|账号名=mt3robot9|返回码=0|是否成功=是|耗时(毫秒)=1
2026-04-06 19:48:21,472 [mkdb.Worker..20]  INFO gm命令开始执行|用户ID=3|角色ID=28673|会话ID=15|指令内容=//addlevel 33 equip|调用来源=CLIENT|执行类=fire.pb.gm.GM_addlevel
2026-04-06 19:48:21,472 [mkdb.Worker..20]  WARN gm_robot_autogrant|角色ID=28673|用户ID=3|指令名=addlevel|模式=全量授权
2026-04-06 19:48:21,472 [mkdb.Worker..20]  INFO gm_cmd_end|用户ID=3|角色ID=28673|会话ID=15|指令内容=//addlevel 33 equip|指令名=addlevel|执行类=fire.pb.gm.GM_addlevel|角色名=肖吉星|账号名=mt3robot4|返回码=0|是否成功=是|耗时(毫秒)=1
2026-04-06 19:48:21,778 [mkdb.Worker..26]  INFO gm命令开始执行|用户ID=3|角色ID=28673|会话ID=15|指令内容=//addtitle 705 robot_auth 315360000 28673|调用来源=CLIENT|执行类=fire.pb.gm.GM_addtitle
2026-04-06 19:48:21,778 [mkdb.Worker..26]  WARN gm_robot_autogrant|角色ID=28673|用户ID=3|指令名=addtitle|模式=全量授权
2026-04-06 19:48:21,807 [mkdb.Worker..26]  INFO gm_cmd_end|用户ID=3|角色ID=28673|会话ID=15|指令内容=//addtitle 705 robot_auth 315360000 28673|指令名=addtitle|执行类=fire.pb.gm.GM_addtitle|角色名=肖吉星|账号名=mt3robot4|返回码=0|是否成功=是|耗时(毫秒)=29
2026-04-06 19:48:31,385 [mkdb.Worker..26]  INFO gm命令开始执行|用户ID=7|角色ID=8193|会话ID=27|指令内容=//addfushi 1 100000|调用来源=CLIENT|执行类=fire.pb.gm.GM_addfushi
2026-04-06 19:48:31,385 [mkdb.Worker..26]  WARN gm_robot_autogrant|角色ID=8193|用户ID=7|指令名=addfushi|模式=全量授权
2026-04-06 19:48:31,386 [mkdb.Worker..26]  INFO gm_cmd_end|用户ID=7|角色ID=8193|会话ID=27|指令内容=//addfushi 1 100000|指令名=addfushi|执行类=fire.pb.gm.GM_addfushi|角色名=梅温|账号名=mt3robot5|返回码=0|是否成功=是|耗时(毫秒)=1
2026-04-06 19:48:50,405 [mkdb.Worker..23]  INFO gm命令开始执行|用户ID=2|角色ID=24577|会话ID=28|指令内容=//addfushi 1 100000|调用来源=CLIENT|执行类=fire.pb.gm.GM_addfushi
2026-04-06 19:48:50,405 [mkdb.Worker..23]  WARN gm_robot_autogrant|角色ID=24577|用户ID=2|指令名=addfushi|模式=全量授权
2026-04-06 19:48:50,406 [mkdb.Worker..23]  INFO gm_cmd_end|用户ID=2|角色ID=24577|会话ID=28|指令内容=//addfushi 1 100000|指令名=addfushi|执行类=fire.pb.gm.GM_addfushi|角色名=凤咏思|账号名=mt3robot3|返回码=0|是否成功=是|耗时(毫秒)=1
2026-04-06 19:49:12,520 [mkdb.Worker..23]  INFO gm命令开始执行|用户ID=2|角色ID=24577|会话ID=28|指令内容=//additem 6010626|调用来源=CLIENT|执行类=fire.pb.gm.GM_additem
2026-04-06 19:49:12,520 [mkdb.Worker..23]  WARN gm_robot_autogrant|角色ID=24577|用户ID=2|指令名=additem|模式=全量授权
2026-04-06 19:49:12,520 [mkdb.Worker..23]  INFO gm_cmd_end|用户ID=2|角色ID=24577|会话ID=28|指令内容=//additem 6010626|指令名=additem|执行类=fire.pb.gm.GM_additem|角色名=凤咏思|账号名=mt3robot3|返回码=0|是否成功=是|耗时(毫秒)=1
2026-04-06 19:49:15,561 [mkdb.Worker..28]  INFO gm命令开始执行|用户ID=1|角色ID=4097|会话ID=12|指令内容=//gomap 1615|调用来源=CLIENT|执行类=fire.pb.gm.GM_gomap
2026-04-06 19:49:15,561 [mkdb.Worker..28]  WARN gm_robot_autogrant|角色ID=4097|用户ID=1|指令名=gomap|模式=全量授权
2026-04-06 19:49:15,562 [mkdb.Worker..28]  INFO gm_cmd_end|用户ID=1|角色ID=4097|会话ID=12|指令内容=//gomap 1615|指令名=gomap|执行类=fire.pb.gm.GM_gomap|角色名=司马津|账号名=mt3robot1|返回码=0|是否成功=是|耗时(毫秒)=1
2026-04-06 19:49:17,532 [mkdb.Worker..28]  INFO gm命令开始执行|用户ID=10|角色ID=36865|会话ID=21|指令内容=//gomap 1615|调用来源=CLIENT|执行类=fire.pb.gm.GM_gomap
2026-04-06 19:49:17,533 [mkdb.Worker..28]  WARN gm_robot_autogrant|角色ID=36865|用户ID=10|指令名=gomap|模式=全量授权
2026-04-06 19:49:17,533 [mkdb.Worker..28]  INFO gm_cmd_end|用户ID=10|角色ID=36865|会话ID=21|指令内容=//gomap 1615|指令名=gomap|执行类=fire.pb.gm.GM_gomap|角色名=梁力夫|账号名=mt3robot10|返回码=0|是否成功=是|耗时(毫秒)=1
2026-04-06 19:50:15,583 [mkdb.Worker..23]  INFO gm命令开始执行|用户ID=1|角色ID=4097|会话ID=12|指令内容=//addlevel 0 equip|调用来源=CLIENT|执行类=fire.pb.gm.GM_addlevel
2026-04-06 19:50:15,583 [mkdb.Worker..23]  WARN gm_robot_autogrant|角色ID=4097|用户ID=1|指令名=addlevel|模式=全量授权
2026-04-06 19:50:15,584 [mkdb.Worker..23]  INFO gm_cmd_end|用户ID=1|角色ID=4097|会话ID=12|指令内容=//addlevel 0 equip|指令名=addlevel|执行类=fire.pb.gm.GM_addlevel|角色名=司马津|账号名=mt3robot1|返回码=-4|是否成功=否|耗时(毫秒)=1
2026-04-06 19:50:17,592 [mkdb.Worker..28]  INFO gm命令开始执行|用户ID=10|角色ID=36865|会话ID=21|指令内容=//addlevel 0 equip|调用来源=CLIENT|执行类=fire.pb.gm.GM_addlevel
2026-04-06 19:50:17,592 [mkdb.Worker..28]  WARN gm_robot_autogrant|角色ID=36865|用户ID=10|指令名=addlevel|模式=全量授权
2026-04-06 19:50:17,593 [mkdb.Worker..28]  INFO gm_cmd_end|用户ID=10|角色ID=36865|会话ID=21|指令内容=//addlevel 0 equip|指令名=addlevel|执行类=fire.pb.gm.GM_addlevel|角色名=梁力夫|账号名=mt3robot10|返回码=-4|是否成功=否|耗时(毫秒)=0
2026-04-06 19:50:21,599 [mkdb.Worker..23]  INFO gm命令开始执行|用户ID=3|角色ID=28673|会话ID=15|指令内容=//gomap 1616|调用来源=CLIENT|执行类=fire.pb.gm.GM_gomap
2026-04-06 19:50:21,599 [mkdb.Worker..23]  WARN gm_robot_autogrant|角色ID=28673|用户ID=3|指令名=gomap|模式=全量授权
2026-04-06 19:50:21,600 [mkdb.Worker..23]  INFO gm_cmd_end|用户ID=3|角色ID=28673|会话ID=15|指令内容=//gomap 1616|指令名=gomap|执行类=fire.pb.gm.GM_gomap|角色名=肖吉星|账号名=mt3robot4|返回码=0|是否成功=是|耗时(毫秒)=1
2026-04-06 19:51:16,581 [mkdb.Worker..20]  INFO gm命令开始执行|用户ID=6|角色ID=12289|会话ID=29|指令内容=//addfushi 1 100000|调用来源=CLIENT|执行类=fire.pb.gm.GM_addfushi
2026-04-06 19:51:16,581 [mkdb.Worker..20]  WARN gm_robot_autogrant|角色ID=12289|用户ID=6|指令名=addfushi|模式=全量授权
2026-04-06 19:51:16,581 [mkdb.Worker..20]  INFO gm_cmd_end|用户ID=6|角色ID=12289|会话ID=29|指令内容=//addfushi 1 100000|指令名=addfushi|执行类=fire.pb.gm.GM_addfushi|角色名=岑飞羽|账号名=mt3robot7|返回码=0|是否成功=是|耗时(毫秒)=0
2026-04-06 19:51:21,651 [mkdb.Worker..26]  INFO gm命令开始执行|用户ID=3|角色ID=28673|会话ID=15|指令内容=//addlevel 0 equip|调用来源=CLIENT|执行类=fire.pb.gm.GM_addlevel
2026-04-06 19:51:21,651 [mkdb.Worker..26]  WARN gm_robot_autogrant|角色ID=28673|用户ID=3|指令名=addlevel|模式=全量授权
2026-04-06 19:51:21,651 [mkdb.Worker..26]  INFO gm_cmd_end|用户ID=3|角色ID=28673|会话ID=15|指令内容=//addlevel 0 equip|指令名=addlevel|执行类=fire.pb.gm.GM_addlevel|角色名=肖吉星|账号名=mt3robot4|返回码=-4|是否成功=否|耗时(毫秒)=0
2026-04-06 19:51:22,585 [mkdb.Worker..20]  INFO gm命令开始执行|用户ID=4|角色ID=16385|会话ID=30|指令内容=//addfushi 1 100000|调用来源=CLIENT|执行类=fire.pb.gm.GM_addfushi
2026-04-06 19:51:22,585 [mkdb.Worker..20]  WARN gm_robot_autogrant|角色ID=16385|用户ID=4|指令名=addfushi|模式=全量授权
2026-04-06 19:51:22,585 [mkdb.Worker..20]  INFO gm_cmd_end|用户ID=4|角色ID=16385|会话ID=30|指令内容=//addfushi 1 100000|指令名=addfushi|执行类=fire.pb.gm.GM_addfushi|角色名=肖安澜|账号名=mt3robot6|返回码=0|是否成功=是|耗时(毫秒)=0
2026-04-06 19:51:24,625 [mkdb.Worker..28]  INFO gm命令开始执行|用户ID=8|角色ID=40961|会话ID=31|指令内容=//addfushi 1 100000|调用来源=CLIENT|执行类=fire.pb.gm.GM_addfushi
2026-04-06 19:51:24,625 [mkdb.Worker..28]  WARN gm_robot_autogrant|角色ID=40961|用户ID=8|指令名=addfushi|模式=全量授权
2026-04-06 19:51:24,625 [mkdb.Worker..28]  INFO gm_cmd_end|用户ID=8|角色ID=40961|会话ID=31|指令内容=//addfushi 1 100000|指令名=addfushi|执行类=fire.pb.gm.GM_addfushi|角色名=庞向笛|账号名=mt3robot8|返回码=0|是否成功=是|耗时(毫秒)=0
2026-04-06 19:51:35,716 [mkdb.Worker..23]  INFO gm命令开始执行|用户ID=6|角色ID=12289|会话ID=29|指令内容=//additem 6010626|调用来源=CLIENT|执行类=fire.pb.gm.GM_additem
2026-04-06 19:51:35,716 [mkdb.Worker..23]  WARN gm_robot_autogrant|角色ID=12289|用户ID=6|指令名=additem|模式=全量授权
2026-04-06 19:51:35,717 [mkdb.Worker..23]  INFO gm_cmd_end|用户ID=6|角色ID=12289|会话ID=29|指令内容=//additem 6010626|指令名=additem|执行类=fire.pb.gm.GM_additem|角色名=岑飞羽|账号名=mt3robot7|返回码=0|是否成功=是|耗时(毫秒)=1
2026-04-06 19:51:36,594 [mkdb.Worker..26]  INFO gm命令开始执行|用户ID=5|角色ID=20481|会话ID=32|指令内容=//addfushi 1 100000|调用来源=CLIENT|执行类=fire.pb.gm.GM_addfushi
2026-04-06 19:51:36,594 [mkdb.Worker..26]  WARN gm_robot_autogrant|角色ID=20481|用户ID=5|指令名=addfushi|模式=全量授权
2026-04-06 19:51:36,594 [mkdb.Worker..26]  INFO gm_cmd_end|用户ID=5|角色ID=20481|会话ID=32|指令内容=//addfushi 1 100000|指令名=addfushi|执行类=fire.pb.gm.GM_addfushi|角色名=施元甲|账号名=mt3robot2|返回码=0|是否成功=是|耗时(毫秒)=0
2026-04-06 19:51:42,596 [mkdb.Worker..25]  INFO gm命令开始执行|用户ID=9|角色ID=32769|会话ID=33|指令内容=//addfushi 1 100000|调用来源=CLIENT|执行类=fire.pb.gm.GM_addfushi
2026-04-06 19:51:42,596 [mkdb.Worker..25]  WARN gm_robot_autogrant|角色ID=32769|用户ID=9|指令名=addfushi|模式=全量授权
2026-04-06 19:51:42,596 [mkdb.Worker..25]  INFO gm_cmd_end|用户ID=9|角色ID=32769|会话ID=33|指令内容=//addfushi 1 100000|指令名=addfushi|执行类=fire.pb.gm.GM_addfushi|角色名=令狐君博|账号名=mt3robot9|返回码=0|是否成功=是|耗时(毫秒)=0
2026-04-06 19:51:44,697 [mkdb.Worker..26]  INFO gm命令开始执行|用户ID=9|角色ID=32769|会话ID=33|指令内容=//addlevel -11|调用来源=CLIENT|执行类=fire.pb.gm.GM_addlevel
2026-04-06 19:51:44,697 [mkdb.Worker..26]  WARN gm_robot_autogrant|角色ID=32769|用户ID=9|指令名=addlevel|模式=全量授权
2026-04-06 19:51:44,698 [mkdb.Worker..26]  INFO gm_cmd_end|用户ID=9|角色ID=32769|会话ID=33|指令内容=//addlevel -11|指令名=addlevel|执行类=fire.pb.gm.GM_addlevel|角色名=令狐君博|账号名=mt3robot9|返回码=-4|是否成功=否|耗时(毫秒)=1
2026-04-06 19:51:44,751 [mkdb.Worker..23]  INFO gm命令开始执行|用户ID=3|角色ID=28673|会话ID=15|指令内容=//addlevel -44|调用来源=CLIENT|执行类=fire.pb.gm.GM_addlevel
2026-04-06 19:51:44,751 [mkdb.Worker..26]  INFO gm命令开始执行|用户ID=10|角色ID=36865|会话ID=21|指令内容=//addlevel -44|调用来源=CLIENT|执行类=fire.pb.gm.GM_addlevel
2026-04-06 19:51:44,751 [mkdb.Worker..23]  WARN gm_robot_autogrant|角色ID=28673|用户ID=3|指令名=addlevel|模式=全量授权
2026-04-06 19:51:44,751 [mkdb.Worker..26]  WARN gm_robot_autogrant|角色ID=36865|用户ID=10|指令名=addlevel|模式=全量授权
2026-04-06 19:51:44,752 [mkdb.Worker..26]  INFO gm_cmd_end|用户ID=10|角色ID=36865|会话ID=21|指令内容=//addlevel -44|指令名=addlevel|执行类=fire.pb.gm.GM_addlevel|角色名=梁力夫|账号名=mt3robot10|返回码=-4|是否成功=否|耗时(毫秒)=1
2026-04-06 19:51:44,752 [mkdb.Worker..23]  INFO gm_cmd_end|用户ID=3|角色ID=28673|会话ID=15|指令内容=//addlevel -44|指令名=addlevel|执行类=fire.pb.gm.GM_addlevel|角色名=肖吉星|账号名=mt3robot4|返回码=-4|是否成功=否|耗时(毫秒)=1
2026-04-06 19:51:44,752 [mkdb.Worker..20]  INFO gm命令开始执行|用户ID=1|角色ID=4097|会话ID=12|指令内容=//addlevel -44|调用来源=CLIENT|执行类=fire.pb.gm.GM_addlevel
2026-04-06 19:51:44,752 [mkdb.Worker..20]  WARN gm_robot_autogrant|角色ID=4097|用户ID=1|指令名=addlevel|模式=全量授权
2026-04-06 19:51:44,752 [mkdb.Worker..20]  INFO gm_cmd_end|用户ID=1|角色ID=4097|会话ID=12|指令内容=//addlevel -44|指令名=addlevel|执行类=fire.pb.gm.GM_addlevel|角色名=司马津|账号名=mt3robot1|返回码=-4|是否成功=否|耗时(毫秒)=0
2026-04-06 19:51:45,784 [mkdb.Worker..23]  INFO gm命令开始执行|用户ID=1|角色ID=4097|会话ID=12|指令内容=//goto 24 49 1616|调用来源=CLIENT|执行类=fire.pb.gm.GM_goto
2026-04-06 19:51:45,784 [mkdb.Worker..23]  WARN gm_robot_autogrant|角色ID=4097|用户ID=1|指令名=goto|模式=全量授权
2026-04-06 19:51:45,795 [mkdb.Worker..23]  INFO gm_cmd_end|用户ID=1|角色ID=4097|会话ID=12|指令内容=//goto 24 49 1616|指令名=goto|执行类=fire.pb.gm.GM_goto|角色名=司马津|账号名=mt3robot1|返回码=0|是否成功=是|耗时(毫秒)=11
2026-04-06 19:51:46,791 [mkdb.Worker..20]  INFO gm命令开始执行|用户ID=3|角色ID=28673|会话ID=15|指令内容=//gomap 1616|调用来源=CLIENT|执行类=fire.pb.gm.GM_gomap
2026-04-06 19:51:46,792 [mkdb.Worker..20]  WARN gm_robot_autogrant|角色ID=28673|用户ID=3|指令名=gomap|模式=全量授权
2026-04-06 19:51:46,793 [mkdb.Worker..20]  INFO gm_cmd_end|用户ID=3|角色ID=28673|会话ID=15|指令内容=//gomap 1616|指令名=gomap|执行类=fire.pb.gm.GM_gomap|角色名=肖吉星|账号名=mt3robot4|返回码=0|是否成功=是|耗时(毫秒)=2
2026-04-06 19:51:47,760 [mkdb.Worker..26]  INFO gm命令开始执行|用户ID=3|角色ID=28673|会话ID=15|指令内容=//goto 22 48 1616|调用来源=CLIENT|执行类=fire.pb.gm.GM_goto
2026-04-06 19:51:47,760 [mkdb.Worker..26]  WARN gm_robot_autogrant|角色ID=28673|用户ID=3|指令名=goto|模式=全量授权
2026-04-06 19:51:47,760 [mkdb.Worker..25]  INFO gm命令开始执行|用户ID=10|角色ID=36865|会话ID=21|指令内容=//goto 22 48 1616|调用来源=CLIENT|执行类=fire.pb.gm.GM_goto
2026-04-06 19:51:47,760 [mkdb.Worker..25]  WARN gm_robot_autogrant|角色ID=36865|用户ID=10|指令名=goto|模式=全量授权
2026-04-06 19:51:47,763 [mkdb.Worker..25]  INFO gm_cmd_end|用户ID=10|角色ID=36865|会话ID=21|指令内容=//goto 22 48 1616|指令名=goto|执行类=fire.pb.gm.GM_goto|角色名=梁力夫|账号名=mt3robot10|返回码=0|是否成功=是|耗时(毫秒)=3
2026-04-06 19:51:47,766 [mkdb.Worker..26]  INFO gm_cmd_end|用户ID=3|角色ID=28673|会话ID=15|指令内容=//goto 22 48 1616|指令名=goto|执行类=fire.pb.gm.GM_goto|角色名=肖吉星|账号名=mt3robot4|返回码=0|是否成功=是|耗时(毫秒)=6
2026-04-06 19:51:48,764 [mkdb.Worker..25]  INFO gm命令开始执行|用户ID=4|角色ID=16385|会话ID=30|指令内容=//additem 6010626|调用来源=CLIENT|执行类=fire.pb.gm.GM_additem
2026-04-06 19:51:48,764 [mkdb.Worker..25]  WARN gm_robot_autogrant|角色ID=16385|用户ID=4|指令名=additem|模式=全量授权
2026-04-06 19:51:48,764 [mkdb.Worker..25]  INFO gm_cmd_end|用户ID=4|角色ID=16385|会话ID=30|指令内容=//additem 6010626|指令名=additem|执行类=fire.pb.gm.GM_additem|角色名=肖安澜|账号名=mt3robot6|返回码=0|是否成功=是|耗时(毫秒)=0
2026-04-06 19:51:48,765 [mkdb.Worker..25]  INFO gm命令开始执行|用户ID=1|角色ID=4097|会话ID=12|指令内容=//gomap 1631|调用来源=CLIENT|执行类=fire.pb.gm.GM_gomap
2026-04-06 19:51:48,765 [mkdb.Worker..25]  WARN gm_robot_autogrant|角色ID=4097|用户ID=1|指令名=gomap|模式=全量授权
2026-04-06 19:51:48,765 [mkdb.Worker..25]  INFO gm_cmd_end|用户ID=1|角色ID=4097|会话ID=12|指令内容=//gomap 1631|指令名=gomap|执行类=fire.pb.gm.GM_gomap|角色名=司马津|账号名=mt3robot1|返回码=0|是否成功=是|耗时(毫秒)=1
2026-04-06 19:51:50,778 [mkdb.Worker..26]  INFO gm命令开始执行|用户ID=8|角色ID=40961|会话ID=31|指令内容=//additem 6010626|调用来源=CLIENT|执行类=fire.pb.gm.GM_additem
2026-04-06 19:51:50,778 [mkdb.Worker..26]  WARN gm_robot_autogrant|角色ID=40961|用户ID=8|指令名=additem|模式=全量授权
2026-04-06 19:51:50,778 [mkdb.Worker..26]  INFO gm_cmd_end|用户ID=8|角色ID=40961|会话ID=31|指令内容=//additem 6010626|指令名=additem|执行类=fire.pb.gm.GM_additem|角色名=庞向笛|账号名=mt3robot8|返回码=0|是否成功=是|耗时(毫秒)=1
2026-04-06 19:51:50,824 [mkdb.Worker..26]  INFO gm命令开始执行|用户ID=1|角色ID=4097|会话ID=12|指令内容=//goto 38 24 1622|调用来源=CLIENT|执行类=fire.pb.gm.GM_goto
2026-04-06 19:51:50,824 [mkdb.Worker..26]  WARN gm_robot_autogrant|角色ID=4097|用户ID=1|指令名=goto|模式=全量授权
2026-04-06 19:51:50,826 [mkdb.Worker..26]  INFO gm_cmd_end|用户ID=1|角色ID=4097|会话ID=12|指令内容=//goto 38 24 1622|指令名=goto|执行类=fire.pb.gm.GM_goto|角色名=司马津|账号名=mt3robot1|返回码=0|是否成功=是|耗时(毫秒)=2
2026-04-06 19:51:53,822 [mkdb.Worker..20]  INFO gm命令开始执行|用户ID=9|角色ID=32769|会话ID=33|指令内容=//goto 38 23 1622|调用来源=CLIENT|执行类=fire.pb.gm.GM_goto
2026-04-06 19:51:53,822 [mkdb.Worker..20]  WARN gm_robot_autogrant|角色ID=32769|用户ID=9|指令名=goto|模式=全量授权
2026-04-06 19:51:53,823 [mkdb.Worker..20]  INFO gm_cmd_end|用户ID=9|角色ID=32769|会话ID=33|指令内容=//goto 38 23 1622|指令名=goto|执行类=fire.pb.gm.GM_goto|角色名=令狐君博|账号名=mt3robot9|返回码=0|是否成功=是|耗时(毫秒)=1
2026-04-06 19:51:54,876 [mkdb.Worker..20]  INFO gm命令开始执行|用户ID=3|角色ID=28673|会话ID=15|指令内容=//gomap 1621|调用来源=CLIENT|执行类=fire.pb.gm.GM_gomap
2026-04-06 19:51:54,876 [mkdb.Worker..20]  WARN gm_robot_autogrant|角色ID=28673|用户ID=3|指令名=gomap|模式=全量授权
2026-04-06 19:51:54,877 [mkdb.Worker..20]  INFO gm_cmd_end|用户ID=3|角色ID=28673|会话ID=15|指令内容=//gomap 1621|指令名=gomap|执行类=fire.pb.gm.GM_gomap|角色名=肖吉星|账号名=mt3robot4|返回码=0|是否成功=是|耗时(毫秒)=1
2026-04-06 19:51:59,892 [mkdb.Worker..23]  INFO gm命令开始执行|用户ID=1|角色ID=4097|会话ID=12|指令内容=//gomap 1621|调用来源=CLIENT|执行类=fire.pb.gm.GM_gomap
2026-04-06 19:51:59,892 [mkdb.Worker..23]  WARN gm_robot_autogrant|角色ID=4097|用户ID=1|指令名=gomap|模式=全量授权
2026-04-06 19:51:59,893 [mkdb.Worker..23]  INFO gm_cmd_end|用户ID=1|角色ID=4097|会话ID=12|指令内容=//gomap 1621|指令名=gomap|执行类=fire.pb.gm.GM_gomap|角色名=司马津|账号名=mt3robot1|返回码=0|是否成功=是|耗时(毫秒)=1
2026-04-06 19:52:04,937 [mkdb.Worker..25]  INFO gm命令开始执行|用户ID=1|角色ID=4097|会话ID=12|指令内容=//gomap 1622|调用来源=CLIENT|执行类=fire.pb.gm.GM_gomap
2026-04-06 19:52:04,937 [mkdb.Worker..25]  WARN gm_robot_autogrant|角色ID=4097|用户ID=1|指令名=gomap|模式=全量授权
2026-04-06 19:52:04,937 [mkdb.Worker..25]  INFO gm_cmd_end|用户ID=1|角色ID=4097|会话ID=12|指令内容=//gomap 1622|指令名=gomap|执行类=fire.pb.gm.GM_gomap|角色名=司马津|账号名=mt3robot1|返回码=0|是否成功=是|耗时(毫秒)=1
2026-04-06 19:52:16,023 [mkdb.Worker..23]  INFO gm命令开始执行|用户ID=4|角色ID=16385|会话ID=30|指令内容=//addlevel -11|调用来源=CLIENT|执行类=fire.pb.gm.GM_addlevel
2026-04-06 19:52:16,023 [mkdb.Worker..23]  WARN gm_robot_autogrant|角色ID=16385|用户ID=4|指令名=addlevel|模式=全量授权
2026-04-06 19:52:16,023 [mkdb.Worker..23]  INFO gm_cmd_end|用户ID=4|角色ID=16385|会话ID=30|指令内容=//addlevel -11|指令名=addlevel|执行类=fire.pb.gm.GM_addlevel|角色名=肖安澜|账号名=mt3robot6|返回码=-4|是否成功=否|耗时(毫秒)=0
2026-04-06 19:52:17,082 [mkdb.Worker..20]  INFO gm命令开始执行|用户ID=1|角色ID=4097|会话ID=12|指令内容=//goto 62 61 9021|调用来源=CLIENT|执行类=fire.pb.gm.GM_goto
2026-04-06 19:52:17,082 [mkdb.Worker..20]  WARN gm_robot_autogrant|角色ID=4097|用户ID=1|指令名=goto|模式=全量授权
2026-04-06 19:52:17,083 [mkdb.Worker..20]  INFO gm_cmd_end|用户ID=1|角色ID=4097|会话ID=12|指令内容=//goto 62 61 9021|指令名=goto|执行类=fire.pb.gm.GM_goto|角色名=司马津|账号名=mt3robot1|返回码=0|是否成功=是|耗时(毫秒)=0
2026-04-06 19:52:18,084 [mkdb.Worker..25]  INFO gm命令开始执行|用户ID=8|角色ID=40961|会话ID=31|指令内容=//addlevel -11|调用来源=CLIENT|执行类=fire.pb.gm.GM_addlevel
2026-04-06 19:52:18,084 [mkdb.Worker..25]  WARN gm_robot_autogrant|角色ID=40961|用户ID=8|指令名=addlevel|模式=全量授权
2026-04-06 19:52:18,084 [mkdb.Worker..25]  INFO gm_cmd_end|用户ID=8|角色ID=40961|会话ID=31|指令内容=//addlevel -11|指令名=addlevel|执行类=fire.pb.gm.GM_addlevel|角色名=庞向笛|账号名=mt3robot8|返回码=-4|是否成功=否|耗时(毫秒)=0
2026-04-06 19:52:18,097 [mkdb.Worker..28]  INFO gm命令开始执行|用户ID=4|角色ID=16385|会话ID=30|指令内容=//goto 62 61 9021|调用来源=CLIENT|执行类=fire.pb.gm.GM_goto
2026-04-06 19:52:18,097 [mkdb.Worker..28]  WARN gm_robot_autogrant|角色ID=16385|用户ID=4|指令名=goto|模式=全量授权
2026-04-06 19:52:18,097 [mkdb.Worker..28]  INFO gm_cmd_end|用户ID=4|角色ID=16385|会话ID=30|指令内容=//goto 62 61 9021|指令名=goto|执行类=fire.pb.gm.GM_goto|角色名=肖安澜|账号名=mt3robot6|返回码=0|是否成功=是|耗时(毫秒)=0
2026-04-06 19:52:22,174 [mkdb.Worker..23]  INFO gm命令开始执行|用户ID=8|角色ID=40961|会话ID=31|指令内容=//gomap 1622|调用来源=CLIENT|执行类=fire.pb.gm.GM_gomap
2026-04-06 19:52:22,174 [mkdb.Worker..23]  WARN gm_robot_autogrant|角色ID=40961|用户ID=8|指令名=gomap|模式=全量授权
2026-04-06 19:52:22,175 [mkdb.Worker..23]  INFO gm_cmd_end|用户ID=8|角色ID=40961|会话ID=31|指令内容=//gomap 1622|指令名=gomap|执行类=fire.pb.gm.GM_gomap|角色名=庞向笛|账号名=mt3robot8|返回码=0|是否成功=是|耗时(毫秒)=1
2026-04-06 19:52:25,225 [mkdb.Worker..26]  INFO gm命令开始执行|用户ID=4|角色ID=16385|会话ID=30|指令内容=//gomap 1622|调用来源=CLIENT|执行类=fire.pb.gm.GM_gomap
2026-04-06 19:52:25,225 [mkdb.Worker..26]  WARN gm_robot_autogrant|角色ID=16385|用户ID=4|指令名=gomap|模式=全量授权
2026-04-06 19:52:25,225 [mkdb.Worker..26]  INFO gm_cmd_end|用户ID=4|角色ID=16385|会话ID=30|指令内容=//gomap 1622|指令名=gomap|执行类=fire.pb.gm.GM_gomap|角色名=肖安澜|账号名=mt3robot6|返回码=0|是否成功=是|耗时(毫秒)=0
2026-04-06 19:52:27,238 [mkdb.Worker..26]  INFO gm命令开始执行|用户ID=9|角色ID=32769|会话ID=33|指令内容=//goto 40 24 1622|调用来源=CLIENT|执行类=fire.pb.gm.GM_goto
2026-04-06 19:52:27,238 [mkdb.Worker..26]  WARN gm_robot_autogrant|角色ID=32769|用户ID=9|指令名=goto|模式=全量授权
2026-04-06 19:52:27,240 [mkdb.Worker..26]  INFO gm_cmd_end|用户ID=9|角色ID=32769|会话ID=33|指令内容=//goto 40 24 1622|指令名=goto|执行类=fire.pb.gm.GM_goto|角色名=令狐君博|账号名=mt3robot9|返回码=0|是否成功=是|耗时(毫秒)=2
2026-04-06 19:52:27,245 [mkdb.Worker..23]  INFO gm命令开始执行|用户ID=3|角色ID=28673|会话ID=15|指令内容=//gomap 1622|调用来源=CLIENT|执行类=fire.pb.gm.GM_gomap
2026-04-06 19:52:27,245 [mkdb.Worker..23]  WARN gm_robot_autogrant|角色ID=28673|用户ID=3|指令名=gomap|模式=全量授权
2026-04-06 19:52:27,245 [mkdb.Worker..23]  INFO gm_cmd_end|用户ID=3|角色ID=28673|会话ID=15|指令内容=//gomap 1622|指令名=gomap|执行类=fire.pb.gm.GM_gomap|角色名=肖吉星|账号名=mt3robot4|返回码=0|是否成功=是|耗时(毫秒)=0
2026-04-06 19:52:27,250 [mkdb.Worker..26]  INFO gm命令开始执行|用户ID=10|角色ID=36865|会话ID=21|指令内容=//goto 40 24 1622|调用来源=CLIENT|执行类=fire.pb.gm.GM_goto
2026-04-06 19:52:27,250 [mkdb.Worker..26]  WARN gm_robot_autogrant|角色ID=36865|用户ID=10|指令名=goto|模式=全量授权
2026-04-06 19:52:27,250 [mkdb.Worker..26]  INFO gm_cmd_end|用户ID=10|角色ID=36865|会话ID=21|指令内容=//goto 40 24 1622|指令名=goto|执行类=fire.pb.gm.GM_goto|角色名=梁力夫|账号名=mt3robot10|返回码=0|是否成功=是|耗时(毫秒)=0
2026-04-06 19:52:28,256 [mkdb.Worker..28]  INFO gm命令开始执行|用户ID=9|角色ID=32769|会话ID=33|指令内容=//gomap 1616|调用来源=CLIENT|执行类=fire.pb.gm.GM_gomap
2026-04-06 19:52:28,256 [mkdb.Worker..28]  WARN gm_robot_autogrant|角色ID=32769|用户ID=9|指令名=gomap|模式=全量授权
2026-04-06 19:52:28,256 [mkdb.Worker..28]  INFO gm_cmd_end|用户ID=9|角色ID=32769|会话ID=33|指令内容=//gomap 1616|指令名=gomap|执行类=fire.pb.gm.GM_gomap|角色名=令狐君博|账号名=mt3robot9|返回码=0|是否成功=是|耗时(毫秒)=0
2026-04-06 19:52:28,639 [mkdb.Worker..23]  INFO gm命令开始执行|用户ID=7|角色ID=8193|会话ID=34|指令内容=//addfushi 1 100000|调用来源=CLIENT|执行类=fire.pb.gm.GM_addfushi
2026-04-06 19:52:28,639 [mkdb.Worker..23]  WARN gm_robot_autogrant|角色ID=8193|用户ID=7|指令名=addfushi|模式=全量授权
2026-04-06 19:52:28,639 [mkdb.Worker..23]  INFO gm_cmd_end|用户ID=7|角色ID=8193|会话ID=34|指令内容=//addfushi 1 100000|指令名=addfushi|执行类=fire.pb.gm.GM_addfushi|角色名=梅温|账号名=mt3robot5|返回码=0|是否成功=是|耗时(毫秒)=0
2026-04-06 19:52:29,308 [mkdb.Worker..28]  INFO gm命令开始执行|用户ID=8|角色ID=40961|会话ID=31|指令内容=//gomap 1622|调用来源=CLIENT|执行类=fire.pb.gm.GM_gomap
2026-04-06 19:52:29,308 [mkdb.Worker..28]  WARN gm_robot_autogrant|角色ID=40961|用户ID=8|指令名=gomap|模式=全量授权
2026-04-06 19:52:29,309 [mkdb.Worker..28]  INFO gm_cmd_end|用户ID=8|角色ID=40961|会话ID=31|指令内容=//gomap 1622|指令名=gomap|执行类=fire.pb.gm.GM_gomap|角色名=庞向笛|账号名=mt3robot8|返回码=0|是否成功=是|耗时(毫秒)=1
2026-04-06 19:52:31,327 [mkdb.Worker..23]  INFO gm命令开始执行|用户ID=3|角色ID=28673|会话ID=15|指令内容=//gomap 1622|调用来源=CLIENT|执行类=fire.pb.gm.GM_gomap
2026-04-06 19:52:31,327 [mkdb.Worker..23]  WARN gm_robot_autogrant|角色ID=28673|用户ID=3|指令名=gomap|模式=全量授权
2026-04-06 19:52:31,328 [mkdb.Worker..23]  INFO gm_cmd_end|用户ID=3|角色ID=28673|会话ID=15|指令内容=//gomap 1622|指令名=gomap|执行类=fire.pb.gm.GM_gomap|角色名=肖吉星|账号名=mt3robot4|返回码=0|是否成功=是|耗时(毫秒)=1
2026-04-06 19:52:32,345 [mkdb.Worker..25]  INFO gm命令开始执行|用户ID=10|角色ID=36865|会话ID=21|指令内容=//goto 124 68 1616|调用来源=CLIENT|执行类=fire.pb.gm.GM_goto
2026-04-06 19:52:32,345 [mkdb.Worker..25]  WARN gm_robot_autogrant|角色ID=36865|用户ID=10|指令名=goto|模式=全量授权
2026-04-06 19:52:32,346 [mkdb.Worker..25]  INFO gm_cmd_end|用户ID=10|角色ID=36865|会话ID=21|指令内容=//goto 124 68 1616|指令名=goto|执行类=fire.pb.gm.GM_goto|角色名=梁力夫|账号名=mt3robot10|返回码=0|是否成功=是|耗时(毫秒)=1
2026-04-06 19:52:33,323 [mkdb.Worker..20]  INFO gm命令开始执行|用户ID=8|角色ID=40961|会话ID=31|指令内容=//gomap 1622|调用来源=CLIENT|执行类=fire.pb.gm.GM_gomap
2026-04-06 19:52:33,323 [mkdb.Worker..20]  WARN gm_robot_autogrant|角色ID=40961|用户ID=8|指令名=gomap|模式=全量授权
2026-04-06 19:52:33,324 [mkdb.Worker..20]  INFO gm_cmd_end|用户ID=8|角色ID=40961|会话ID=31|指令内容=//gomap 1622|指令名=gomap|执行类=fire.pb.gm.GM_gomap|角色名=庞向笛|账号名=mt3robot8|返回码=0|是否成功=是|耗时(毫秒)=1
2026-04-06 19:52:33,324 [mkdb.Worker..28]  INFO gm命令开始执行|用户ID=4|角色ID=16385|会话ID=30|指令内容=//gomap 1622|调用来源=CLIENT|执行类=fire.pb.gm.GM_gomap
2026-04-06 19:52:33,324 [mkdb.Worker..28]  WARN gm_robot_autogrant|角色ID=16385|用户ID=4|指令名=gomap|模式=全量授权
2026-04-06 19:52:33,324 [mkdb.Worker..28]  INFO gm_cmd_end|用户ID=4|角色ID=16385|会话ID=30|指令内容=//gomap 1622|指令名=gomap|执行类=fire.pb.gm.GM_gomap|角色名=肖安澜|账号名=mt3robot6|返回码=0|是否成功=是|耗时(毫秒)=0
2026-04-06 19:52:33,368 [mkdb.Worker..23]  INFO gm命令开始执行|用户ID=10|角色ID=36865|会话ID=21|指令内容=//gomap 1631|调用来源=CLIENT|执行类=fire.pb.gm.GM_gomap
2026-04-06 19:52:33,368 [mkdb.Worker..23]  WARN gm_robot_autogrant|角色ID=36865|用户ID=10|指令名=gomap|模式=全量授权
2026-04-06 19:52:33,369 [mkdb.Worker..23]  INFO gm_cmd_end|用户ID=10|角色ID=36865|会话ID=21|指令内容=//gomap 1631|指令名=gomap|执行类=fire.pb.gm.GM_gomap|角色名=梁力夫|账号名=mt3robot10|返回码=0|是否成功=是|耗时(毫秒)=1
2026-04-06 19:52:35,337 [mkdb.Worker..28]  INFO gm命令开始执行|用户ID=9|角色ID=32769|会话ID=33|指令内容=//gomap 1631|调用来源=CLIENT|执行类=fire.pb.gm.GM_gomap
2026-04-06 19:52:35,337 [mkdb.Worker..28]  WARN gm_robot_autogrant|角色ID=32769|用户ID=9|指令名=gomap|模式=全量授权
2026-04-06 19:52:35,337 [mkdb.Worker..28]  INFO gm_cmd_end|用户ID=9|角色ID=32769|会话ID=33|指令内容=//gomap 1631|指令名=gomap|执行类=fire.pb.gm.GM_gomap|角色名=令狐君博|账号名=mt3robot9|返回码=0|是否成功=是|耗时(毫秒)=0
2026-04-06 19:52:35,391 [mkdb.Worker..20]  INFO gm命令开始执行|用户ID=10|角色ID=36865|会话ID=21|指令内容=//goto 80 85 1631|调用来源=CLIENT|执行类=fire.pb.gm.GM_goto
2026-04-06 19:52:35,391 [mkdb.Worker..20]  WARN gm_robot_autogrant|角色ID=36865|用户ID=10|指令名=goto|模式=全量授权
2026-04-06 19:52:35,391 [mkdb.Worker..20]  INFO gm_cmd_end|用户ID=10|角色ID=36865|会话ID=21|指令内容=//goto 80 85 1631|指令名=goto|执行类=fire.pb.gm.GM_goto|角色名=梁力夫|账号名=mt3robot10|返回码=0|是否成功=是|耗时(毫秒)=0
2026-04-06 19:52:40,402 [mkdb.Worker..23]  INFO gm命令开始执行|用户ID=3|角色ID=28673|会话ID=15|指令内容=//gomap 1622|调用来源=CLIENT|执行类=fire.pb.gm.GM_gomap
2026-04-06 19:52:40,402 [mkdb.Worker..23]  WARN gm_robot_autogrant|角色ID=28673|用户ID=3|指令名=gomap|模式=全量授权
2026-04-06 19:52:40,402 [mkdb.Worker..23]  INFO gm_cmd_end|用户ID=3|角色ID=28673|会话ID=15|指令内容=//gomap 1622|指令名=gomap|执行类=fire.pb.gm.GM_gomap|角色名=肖吉星|账号名=mt3robot4|返回码=0|是否成功=是|耗时(毫秒)=0
2026-04-06 19:52:41,434 [mkdb.Worker..28]  INFO gm命令开始执行|用户ID=1|角色ID=4097|会话ID=12|指令内容=//gomap 1622|调用来源=CLIENT|执行类=fire.pb.gm.GM_gomap
2026-04-06 19:52:41,434 [mkdb.Worker..28]  WARN gm_robot_autogrant|角色ID=4097|用户ID=1|指令名=gomap|模式=全量授权
2026-04-06 19:52:41,435 [mkdb.Worker..28]  INFO gm_cmd_end|用户ID=1|角色ID=4097|会话ID=12|指令内容=//gomap 1622|指令名=gomap|执行类=fire.pb.gm.GM_gomap|角色名=司马津|账号名=mt3robot1|返回码=0|是否成功=是|耗时(毫秒)=1
2026-04-06 19:52:46,568 [mkdb.Worker..25]  INFO gm命令开始执行|用户ID=8|角色ID=40961|会话ID=31|指令内容=//gomap 1608|调用来源=CLIENT|执行类=fire.pb.gm.GM_gomap
2026-04-06 19:52:46,568 [mkdb.Worker..25]  WARN gm_robot_autogrant|角色ID=40961|用户ID=8|指令名=gomap|模式=全量授权
2026-04-06 19:52:46,569 [mkdb.Worker..25]  INFO gm_cmd_end|用户ID=8|角色ID=40961|会话ID=31|指令内容=//gomap 1608|指令名=gomap|执行类=fire.pb.gm.GM_gomap|角色名=庞向笛|账号名=mt3robot8|返回码=0|是否成功=是|耗时(毫秒)=1
2026-04-06 19:52:47,575 [mkdb.Worker..28]  INFO gm命令开始执行|用户ID=10|角色ID=36865|会话ID=21|指令内容=//gomap 1616|调用来源=CLIENT|执行类=fire.pb.gm.GM_gomap
2026-04-06 19:52:47,575 [mkdb.Worker..28]  WARN gm_robot_autogrant|角色ID=36865|用户ID=10|指令名=gomap|模式=全量授权
2026-04-06 19:52:47,576 [mkdb.Worker..28]  INFO gm_cmd_end|用户ID=10|角色ID=36865|会话ID=21|指令内容=//gomap 1616|指令名=gomap|执行类=fire.pb.gm.GM_gomap|角色名=梁力夫|账号名=mt3robot10|返回码=0|是否成功=是|耗时(毫秒)=1
2026-04-06 19:52:48,588 [mkdb.Worker..26]  INFO gm命令开始执行|用户ID=9|角色ID=32769|会话ID=33|指令内容=//gomap 1616|调用来源=CLIENT|执行类=fire.pb.gm.GM_gomap
2026-04-06 19:52:48,588 [mkdb.Worker..26]  WARN gm_robot_autogrant|角色ID=32769|用户ID=9|指令名=gomap|模式=全量授权
2026-04-06 19:52:48,589 [mkdb.Worker..26]  INFO gm_cmd_end|用户ID=9|角色ID=32769|会话ID=33|指令内容=//gomap 1616|指令名=gomap|执行类=fire.pb.gm.GM_gomap|角色名=令狐君博|账号名=mt3robot9|返回码=0|是否成功=是|耗时(毫秒)=1
2026-04-06 19:52:50,698 [mkdb.Worker..23]  INFO gm命令开始执行|用户ID=2|角色ID=24577|会话ID=35|指令内容=//addfushi 1 100000|调用来源=CLIENT|执行类=fire.pb.gm.GM_addfushi
2026-04-06 19:52:50,698 [mkdb.Worker..23]  WARN gm_robot_autogrant|角色ID=24577|用户ID=2|指令名=addfushi|模式=全量授权
2026-04-06 19:52:50,698 [mkdb.Worker..23]  INFO gm_cmd_end|用户ID=2|角色ID=24577|会话ID=35|指令内容=//addfushi 1 100000|指令名=addfushi|执行类=fire.pb.gm.GM_addfushi|角色名=凤咏思|账号名=mt3robot3|返回码=0|是否成功=是|耗时(毫秒)=0
2026-04-06 19:52:51,584 [mkdb.Worker..28]  INFO gm命令开始执行|用户ID=7|角色ID=8193|会话ID=34|指令内容=//additem 6010626|调用来源=CLIENT|执行类=fire.pb.gm.GM_additem
2026-04-06 19:52:51,584 [mkdb.Worker..28]  WARN gm_robot_autogrant|角色ID=8193|用户ID=7|指令名=additem|模式=全量授权
2026-04-06 19:52:51,585 [mkdb.Worker..28]  INFO gm_cmd_end|用户ID=7|角色ID=8193|会话ID=34|指令内容=//additem 6010626|指令名=additem|执行类=fire.pb.gm.GM_additem|角色名=梅温|账号名=mt3robot5|返回码=0|是否成功=是|耗时(毫秒)=0
2026-04-06 19:52:52,609 [mkdb.Worker..25]  INFO gm命令开始执行|用户ID=9|角色ID=32769|会话ID=33|指令内容=//gomap 1631|调用来源=CLIENT|执行类=fire.pb.gm.GM_gomap
2026-04-06 19:52:52,609 [mkdb.Worker..25]  WARN gm_robot_autogrant|角色ID=32769|用户ID=9|指令名=gomap|模式=全量授权
2026-04-06 19:52:52,609 [mkdb.Worker..20]  INFO gm命令开始执行|用户ID=8|角色ID=40961|会话ID=31|指令内容=//gomap 1608|调用来源=CLIENT|执行类=fire.pb.gm.GM_gomap
2026-04-06 19:52:52,609 [mkdb.Worker..20]  WARN gm_robot_autogrant|角色ID=40961|用户ID=8|指令名=gomap|模式=全量授权
2026-04-06 19:52:52,609 [mkdb.Worker..20]  INFO gm_cmd_end|用户ID=8|角色ID=40961|会话ID=31|指令内容=//gomap 1608|指令名=gomap|执行类=fire.pb.gm.GM_gomap|角色名=庞向笛|账号名=mt3robot8|返回码=0|是否成功=是|耗时(毫秒)=0
2026-04-06 19:52:52,609 [mkdb.Worker..25]  INFO gm_cmd_end|用户ID=9|角色ID=32769|会话ID=33|指令内容=//gomap 1631|指令名=gomap|执行类=fire.pb.gm.GM_gomap|角色名=令狐君博|账号名=mt3robot9|返回码=0|是否成功=是|耗时(毫秒)=1
2026-04-06 19:52:53,608 [mkdb.Worker..26]  INFO gm命令开始执行|用户ID=2|角色ID=24577|会话ID=35|指令内容=//addlevel -11|调用来源=CLIENT|执行类=fire.pb.gm.GM_addlevel
2026-04-06 19:52:53,608 [mkdb.Worker..26]  WARN gm_robot_autogrant|角色ID=24577|用户ID=2|指令名=addlevel|模式=全量授权
2026-04-06 19:52:53,608 [mkdb.Worker..26]  INFO gm_cmd_end|用户ID=2|角色ID=24577|会话ID=35|指令内容=//addlevel -11|指令名=addlevel|执行类=fire.pb.gm.GM_addlevel|角色名=凤咏思|账号名=mt3robot3|返回码=-4|是否成功=否|耗时(毫秒)=0
2026-04-06 19:52:54,663 [mkdb.Worker..20]  INFO gm命令开始执行|用户ID=1|角色ID=4097|会话ID=12|指令内容=//addlevel -44|调用来源=CLIENT|执行类=fire.pb.gm.GM_addlevel
2026-04-06 19:52:54,663 [mkdb.Worker..20]  WARN gm_robot_autogrant|角色ID=4097|用户ID=1|指令名=addlevel|模式=全量授权
2026-04-06 19:52:54,663 [mkdb.Worker..20]  INFO gm_cmd_end|用户ID=1|角色ID=4097|会话ID=12|指令内容=//addlevel -44|指令名=addlevel|执行类=fire.pb.gm.GM_addlevel|角色名=司马津|账号名=mt3robot1|返回码=-4|是否成功=否|耗时(毫秒)=1
2026-04-06 19:52:54,668 [mkdb.Worker..20]  INFO gm命令开始执行|用户ID=3|角色ID=28673|会话ID=15|指令内容=//addlevel -44|调用来源=CLIENT|执行类=fire.pb.gm.GM_addlevel
2026-04-06 19:52:54,668 [mkdb.Worker..20]  WARN gm_robot_autogrant|角色ID=28673|用户ID=3|指令名=addlevel|模式=全量授权
2026-04-06 19:52:54,668 [mkdb.Worker..20]  INFO gm_cmd_end|用户ID=3|角色ID=28673|会话ID=15|指令内容=//addlevel -44|指令名=addlevel|执行类=fire.pb.gm.GM_addlevel|角色名=肖吉星|账号名=mt3robot4|返回码=-4|是否成功=否|耗时(毫秒)=0
2026-04-06 19:52:56,696 [mkdb.Worker..20]  INFO gm命令开始执行|用户ID=10|角色ID=36865|会话ID=21|指令内容=//gomap 1616|调用来源=CLIENT|执行类=fire.pb.gm.GM_gomap
2026-04-06 19:52:56,696 [mkdb.Worker..20]  WARN gm_robot_autogrant|角色ID=36865|用户ID=10|指令名=gomap|模式=全量授权
2026-04-06 19:52:56,696 [mkdb.Worker..20]  INFO gm_cmd_end|用户ID=10|角色ID=36865|会话ID=21|指令内容=//gomap 1616|指令名=gomap|执行类=fire.pb.gm.GM_gomap|角色名=梁力夫|账号名=mt3robot10|返回码=0|是否成功=是|耗时(毫秒)=0
2026-04-06 19:52:57,741 [mkdb.Worker..25]  INFO gm命令开始执行|用户ID=4|角色ID=16385|会话ID=30|指令内容=//gomap 1631|调用来源=CLIENT|执行类=fire.pb.gm.GM_gomap
2026-04-06 19:52:57,741 [mkdb.Worker..25]  WARN gm_robot_autogrant|角色ID=16385|用户ID=4|指令名=gomap|模式=全量授权
2026-04-06 19:52:57,742 [mkdb.Worker..25]  INFO gm_cmd_end|用户ID=4|角色ID=16385|会话ID=30|指令内容=//gomap 1631|指令名=gomap|执行类=fire.pb.gm.GM_gomap|角色名=肖安澜|账号名=mt3robot6|返回码=0|是否成功=是|耗时(毫秒)=1
2026-04-06 19:53:00,784 [mkdb.Worker..23]  INFO gm命令开始执行|用户ID=8|角色ID=40961|会话ID=31|指令内容=//goto 30 67 1631|调用来源=CLIENT|执行类=fire.pb.gm.GM_goto
2026-04-06 19:53:00,784 [mkdb.Worker..23]  WARN gm_robot_autogrant|角色ID=40961|用户ID=8|指令名=goto|模式=全量授权
2026-04-06 19:53:00,785 [mkdb.Worker..23]  INFO gm_cmd_end|用户ID=8|角色ID=40961|会话ID=31|指令内容=//goto 30 67 1631|指令名=goto|执行类=fire.pb.gm.GM_goto|角色名=庞向笛|账号名=mt3robot8|返回码=0|是否成功=是|耗时(毫秒)=1
2026-04-06 19:53:01,790 [mkdb.Worker..20]  INFO gm命令开始执行|用户ID=8|角色ID=40961|会话ID=31|指令内容=//gomap 1616|调用来源=CLIENT|执行类=fire.pb.gm.GM_gomap
2026-04-06 19:53:01,790 [mkdb.Worker..23]  INFO gm命令开始执行|用户ID=9|角色ID=32769|会话ID=33|指令内容=//goto 30 67 1631|调用来源=CLIENT|执行类=fire.pb.gm.GM_goto
2026-04-06 19:53:01,790 [mkdb.Worker..20]  WARN gm_robot_autogrant|角色ID=40961|用户ID=8|指令名=gomap|模式=全量授权
2026-04-06 19:53:01,791 [mkdb.Worker..23]  WARN gm_robot_autogrant|角色ID=32769|用户ID=9|指令名=goto|模式=全量授权
2026-04-06 19:53:01,791 [mkdb.Worker..23]  INFO gm_cmd_end|用户ID=9|角色ID=32769|会话ID=33|指令内容=//goto 30 67 1631|指令名=goto|执行类=fire.pb.gm.GM_goto|角色名=令狐君博|账号名=mt3robot9|返回码=0|是否成功=是|耗时(毫秒)=1
2026-04-06 19:53:01,791 [mkdb.Worker..20]  INFO gm_cmd_end|用户ID=8|角色ID=40961|会话ID=31|指令内容=//gomap 1616|指令名=gomap|执行类=fire.pb.gm.GM_gomap|角色名=庞向笛|账号名=mt3robot8|返回码=0|是否成功=是|耗时(毫秒)=1
2026-04-06 19:53:02,831 [mkdb.Worker..20]  INFO gm命令开始执行|用户ID=10|角色ID=36865|会话ID=21|指令内容=//addlevel -44|调用来源=CLIENT|执行类=fire.pb.gm.GM_addlevel
2026-04-06 19:53:02,831 [mkdb.Worker..20]  WARN gm_robot_autogrant|角色ID=36865|用户ID=10|指令名=addlevel|模式=全量授权
2026-04-06 19:53:02,832 [mkdb.Worker..20]  INFO gm_cmd_end|用户ID=10|角色ID=36865|会话ID=21|指令内容=//addlevel -44|指令名=addlevel|执行类=fire.pb.gm.GM_addlevel|角色名=梁力夫|账号名=mt3robot10|返回码=-4|是否成功=否|耗时(毫秒)=1
2026-04-06 19:53:03,845 [mkdb.Worker..20]  INFO gm命令开始执行|用户ID=3|角色ID=28673|会话ID=15|指令内容=//gomap 1631|调用来源=CLIENT|执行类=fire.pb.gm.GM_gomap
2026-04-06 19:53:03,845 [mkdb.Worker..20]  WARN gm_robot_autogrant|角色ID=28673|用户ID=3|指令名=gomap|模式=全量授权
2026-04-06 19:53:03,846 [mkdb.Worker..20]  INFO gm_cmd_end|用户ID=3|角色ID=28673|会话ID=15|指令内容=//gomap 1631|指令名=gomap|执行类=fire.pb.gm.GM_gomap|角色名=肖吉星|账号名=mt3robot4|返回码=0|是否成功=是|耗时(毫秒)=1
2026-04-06 19:53:04,818 [mkdb.Worker..25]  INFO gm命令开始执行|用户ID=2|角色ID=24577|会话ID=35|指令内容=//gomap 1631|调用来源=CLIENT|执行类=fire.pb.gm.GM_gomap
2026-04-06 19:53:04,818 [mkdb.Worker..23]  INFO gm命令开始执行|用户ID=9|角色ID=32769|会话ID=33|指令内容=//addlevel -11|调用来源=CLIENT|执行类=fire.pb.gm.GM_addlevel
2026-04-06 19:53:04,818 [mkdb.Worker..25]  WARN gm_robot_autogrant|角色ID=24577|用户ID=2|指令名=gomap|模式=全量授权
2026-04-06 19:53:04,818 [mkdb.Worker..23]  WARN gm_robot_autogrant|角色ID=32769|用户ID=9|指令名=addlevel|模式=全量授权
2026-04-06 19:53:04,818 [mkdb.Worker..25]  INFO gm_cmd_end|用户ID=2|角色ID=24577|会话ID=35|指令内容=//gomap 1631|指令名=gomap|执行类=fire.pb.gm.GM_gomap|角色名=凤咏思|账号名=mt3robot3|返回码=0|是否成功=是|耗时(毫秒)=0
2026-04-06 19:53:04,818 [mkdb.Worker..23]  INFO gm_cmd_end|用户ID=9|角色ID=32769|会话ID=33|指令内容=//addlevel -11|指令名=addlevel|执行类=fire.pb.gm.GM_addlevel|角色名=令狐君博|账号名=mt3robot9|返回码=-4|是否成功=否|耗时(毫秒)=0
2026-04-06 19:53:04,887 [mkdb.Worker..28]  INFO gm命令开始执行|用户ID=4|角色ID=16385|会话ID=30|指令内容=//gomap 1631|调用来源=CLIENT|执行类=fire.pb.gm.GM_gomap
2026-04-06 19:53:04,887 [mkdb.Worker..28]  WARN gm_robot_autogrant|角色ID=16385|用户ID=4|指令名=gomap|模式=全量授权
2026-04-06 19:53:04,888 [mkdb.Worker..28]  INFO gm_cmd_end|用户ID=4|角色ID=16385|会话ID=30|指令内容=//gomap 1631|指令名=gomap|执行类=fire.pb.gm.GM_gomap|角色名=肖安澜|账号名=mt3robot6|返回码=0|是否成功=是|耗时(毫秒)=1
2026-04-06 19:53:08,914 [mkdb.Worker..25]  INFO gm命令开始执行|用户ID=2|角色ID=24577|会话ID=35|指令内容=//gomap 1608|调用来源=CLIENT|执行类=fire.pb.gm.GM_gomap
2026-04-06 19:53:08,914 [mkdb.Worker..25]  WARN gm_robot_autogrant|角色ID=24577|用户ID=2|指令名=gomap|模式=全量授权
2026-04-06 19:53:08,915 [mkdb.Worker..25]  INFO gm_cmd_end|用户ID=2|角色ID=24577|会话ID=35|指令内容=//gomap 1608|指令名=gomap|执行类=fire.pb.gm.GM_gomap|角色名=凤咏思|账号名=mt3robot3|返回码=0|是否成功=是|耗时(毫秒)=1
2026-04-06 19:53:08,920 [mkdb.Worker..25]  INFO gm命令开始执行|用户ID=9|角色ID=32769|会话ID=33|指令内容=//gomap 1631|调用来源=CLIENT|执行类=fire.pb.gm.GM_gomap
2026-04-06 19:53:08,920 [mkdb.Worker..25]  WARN gm_robot_autogrant|角色ID=32769|用户ID=9|指令名=gomap|模式=全量授权
2026-04-06 19:53:08,920 [mkdb.Worker..25]  INFO gm_cmd_end|用户ID=9|角色ID=32769|会话ID=33|指令内容=//gomap 1631|指令名=gomap|执行类=fire.pb.gm.GM_gomap|角色名=令狐君博|账号名=mt3robot9|返回码=0|是否成功=是|耗时(毫秒)=0
2026-04-06 19:53:08,921 [mkdb.Worker..20]  INFO gm命令开始执行|用户ID=8|角色ID=40961|会话ID=31|指令内容=//gomap 1631|调用来源=CLIENT|执行类=fire.pb.gm.GM_gomap
2026-04-06 19:53:08,921 [mkdb.Worker..20]  WARN gm_robot_autogrant|角色ID=40961|用户ID=8|指令名=gomap|模式=全量授权
2026-04-06 19:53:08,921 [mkdb.Worker..20]  INFO gm_cmd_end|用户ID=8|角色ID=40961|会话ID=31|指令内容=//gomap 1631|指令名=gomap|执行类=fire.pb.gm.GM_gomap|角色名=庞向笛|账号名=mt3robot8|返回码=0|是否成功=是|耗时(毫秒)=1
2026-04-06 19:53:08,926 [mkdb.Worker..20]  INFO gm命令开始执行|用户ID=4|角色ID=16385|会话ID=30|指令内容=//gomap 1631|调用来源=CLIENT|执行类=fire.pb.gm.GM_gomap
2026-04-06 19:53:08,927 [mkdb.Worker..20]  WARN gm_robot_autogrant|角色ID=16385|用户ID=4|指令名=gomap|模式=全量授权
2026-04-06 19:53:08,927 [mkdb.Worker..20]  INFO gm_cmd_end|用户ID=4|角色ID=16385|会话ID=30|指令内容=//gomap 1631|指令名=gomap|执行类=fire.pb.gm.GM_gomap|角色名=肖安澜|账号名=mt3robot6|返回码=0|是否成功=是|耗时(毫秒)=1
2026-04-06 19:53:08,927 [mkdb.Worker..26]  INFO gm命令开始执行|用户ID=3|角色ID=28673|会话ID=15|指令内容=//gomap 1631|调用来源=CLIENT|执行类=fire.pb.gm.GM_gomap
2026-04-06 19:53:08,927 [mkdb.Worker..26]  WARN gm_robot_autogrant|角色ID=28673|用户ID=3|指令名=gomap|模式=全量授权
2026-04-06 19:53:08,927 [mkdb.Worker..26]  INFO gm_cmd_end|用户ID=3|角色ID=28673|会话ID=15|指令内容=//gomap 1631|指令名=gomap|执行类=fire.pb.gm.GM_gomap|角色名=肖吉星|账号名=mt3robot4|返回码=0|是否成功=是|耗时(毫秒)=0
2026-04-06 19:53:15,001 [mkdb.Worker..25]  INFO gm命令开始执行|用户ID=1|角色ID=4097|会话ID=12|指令内容=//gomap 1631|调用来源=CLIENT|执行类=fire.pb.gm.GM_gomap
2026-04-06 19:53:15,001 [mkdb.Worker..25]  WARN gm_robot_autogrant|角色ID=4097|用户ID=1|指令名=gomap|模式=全量授权
2026-04-06 19:53:15,001 [mkdb.Worker..25]  INFO gm_cmd_end|用户ID=1|角色ID=4097|会话ID=12|指令内容=//gomap 1631|指令名=gomap|执行类=fire.pb.gm.GM_gomap|角色名=司马津|账号名=mt3robot1|返回码=0|是否成功=是|耗时(毫秒)=0
2026-04-06 19:53:18,056 [mkdb.Worker..28]  INFO gm命令开始执行|用户ID=3|角色ID=28673|会话ID=15|指令内容=//gomap 1608|调用来源=CLIENT|执行类=fire.pb.gm.GM_gomap
2026-04-06 19:53:18,056 [mkdb.Worker..28]  WARN gm_robot_autogrant|角色ID=28673|用户ID=3|指令名=gomap|模式=全量授权
2026-04-06 19:53:18,057 [mkdb.Worker..28]  INFO gm_cmd_end|用户ID=3|角色ID=28673|会话ID=15|指令内容=//gomap 1608|指令名=gomap|执行类=fire.pb.gm.GM_gomap|角色名=肖吉星|账号名=mt3robot4|返回码=0|是否成功=是|耗时(毫秒)=1
2026-04-06 19:53:21,088 [mkdb.Worker..23]  INFO gm命令开始执行|用户ID=2|角色ID=24577|会话ID=35|指令内容=//gomap 1631|调用来源=CLIENT|执行类=fire.pb.gm.GM_gomap
2026-04-06 19:53:21,088 [mkdb.Worker..23]  WARN gm_robot_autogrant|角色ID=24577|用户ID=2|指令名=gomap|模式=全量授权
2026-04-06 19:53:21,088 [mkdb.Worker..23]  INFO gm_cmd_end|用户ID=2|角色ID=24577|会话ID=35|指令内容=//gomap 1631|指令名=gomap|执行类=fire.pb.gm.GM_gomap|角色名=凤咏思|账号名=mt3robot3|返回码=0|是否成功=是|耗时(毫秒)=0
2026-04-06 19:53:22,116 [mkdb.Worker..28]  INFO gm命令开始执行|用户ID=8|角色ID=40961|会话ID=31|指令内容=//gomap 1616|调用来源=CLIENT|执行类=fire.pb.gm.GM_gomap
2026-04-06 19:53:22,116 [mkdb.Worker..28]  WARN gm_robot_autogrant|角色ID=40961|用户ID=8|指令名=gomap|模式=全量授权
2026-04-06 19:53:22,117 [mkdb.Worker..28]  INFO gm_cmd_end|用户ID=8|角色ID=40961|会话ID=31|指令内容=//gomap 1616|指令名=gomap|执行类=fire.pb.gm.GM_gomap|角色名=庞向笛|账号名=mt3robot8|返回码=0|是否成功=是|耗时(毫秒)=0
2026-04-06 19:53:22,162 [mkdb.Worker..23]  INFO gm命令开始执行|用户ID=3|角色ID=28673|会话ID=15|指令内容=//gomap 1608|调用来源=CLIENT|执行类=fire.pb.gm.GM_gomap
2026-04-06 19:53:22,162 [mkdb.Worker..23]  WARN gm_robot_autogrant|角色ID=28673|用户ID=3|指令名=gomap|模式=全量授权
2026-04-06 19:53:22,163 [mkdb.Worker..23]  INFO gm_cmd_end|用户ID=3|角色ID=28673|会话ID=15|指令内容=//gomap 1608|指令名=gomap|执行类=fire.pb.gm.GM_gomap|角色名=肖吉星|账号名=mt3robot4|返回码=0|是否成功=是|耗时(毫秒)=1
2026-04-06 19:53:23,135 [mkdb.Worker..20]  INFO gm命令开始执行|用户ID=2|角色ID=24577|会话ID=35|指令内容=//gomap 1608|调用来源=CLIENT|执行类=fire.pb.gm.GM_gomap
2026-04-06 19:53:23,135 [mkdb.Worker..20]  WARN gm_robot_autogrant|角色ID=24577|用户ID=2|指令名=gomap|模式=全量授权
2026-04-06 19:53:23,135 [mkdb.Worker..20]  INFO gm_cmd_end|用户ID=2|角色ID=24577|会话ID=35|指令内容=//gomap 1608|指令名=gomap|执行类=fire.pb.gm.GM_gomap|角色名=凤咏思|账号名=mt3robot3|返回码=0|是否成功=是|耗时(毫秒)=0
2026-04-06 19:53:25,144 [mkdb.Worker..20]  INFO gm命令开始执行|用户ID=8|角色ID=40961|会话ID=31|指令内容=//gomap 1631|调用来源=CLIENT|执行类=fire.pb.gm.GM_gomap
2026-04-06 19:53:25,144 [mkdb.Worker..20]  WARN gm_robot_autogrant|角色ID=40961|用户ID=8|指令名=gomap|模式=全量授权
2026-04-06 19:53:25,145 [mkdb.Worker..20]  INFO gm_cmd_end|用户ID=8|角色ID=40961|会话ID=31|指令内容=//gomap 1631|指令名=gomap|执行类=fire.pb.gm.GM_gomap|角色名=庞向笛|账号名=mt3robot8|返回码=0|是否成功=是|耗时(毫秒)=0
2026-04-06 19:53:25,191 [mkdb.Worker..23]  INFO gm命令开始执行|用户ID=10|角色ID=36865|会话ID=21|指令内容=//gomap 1616|调用来源=CLIENT|执行类=fire.pb.gm.GM_gomap
2026-04-06 19:53:25,191 [mkdb.Worker..23]  WARN gm_robot_autogrant|角色ID=36865|用户ID=10|指令名=gomap|模式=全量授权
2026-04-06 19:53:25,192 [mkdb.Worker..23]  INFO gm_cmd_end|用户ID=10|角色ID=36865|会话ID=21|指令内容=//gomap 1616|指令名=gomap|执行类=fire.pb.gm.GM_gomap|角色名=梁力夫|账号名=mt3robot10|返回码=0|是否成功=是|耗时(毫秒)=1
2026-04-06 19:53:28,197 [mkdb.Worker..25]  INFO gm命令开始执行|用户ID=8|角色ID=40961|会话ID=31|指令内容=//gomap 1616|调用来源=CLIENT|执行类=fire.pb.gm.GM_gomap
2026-04-06 19:53:28,197 [mkdb.Worker..25]  WARN gm_robot_autogrant|角色ID=40961|用户ID=8|指令名=gomap|模式=全量授权
2026-04-06 19:53:28,198 [mkdb.Worker..25]  INFO gm_cmd_end|用户ID=8|角色ID=40961|会话ID=31|指令内容=//gomap 1616|指令名=gomap|执行类=fire.pb.gm.GM_gomap|角色名=庞向笛|账号名=mt3robot8|返回码=0|是否成功=是|耗时(毫秒)=1
2026-04-06 19:53:29,258 [mkdb.Worker..25]  INFO gm命令开始执行|用户ID=3|角色ID=28673|会话ID=15|指令内容=//gomap 1608|调用来源=CLIENT|执行类=fire.pb.gm.GM_gomap
2026-04-06 19:53:29,258 [mkdb.Worker..25]  WARN gm_robot_autogrant|角色ID=28673|用户ID=3|指令名=gomap|模式=全量授权
2026-04-06 19:53:29,259 [mkdb.Worker..25]  INFO gm_cmd_end|用户ID=3|角色ID=28673|会话ID=15|指令内容=//gomap 1608|指令名=gomap|执行类=fire.pb.gm.GM_gomap|角色名=肖吉星|账号名=mt3robot4|返回码=0|是否成功=是|耗时(毫秒)=1
2026-04-06 19:53:32,238 [mkdb.Worker..20]  INFO gm命令开始执行|用户ID=9|角色ID=32769|会话ID=33|指令内容=//gomap 1631|调用来源=CLIENT|执行类=fire.pb.gm.GM_gomap
2026-04-06 19:53:32,238 [mkdb.Worker..20]  WARN gm_robot_autogrant|角色ID=32769|用户ID=9|指令名=gomap|模式=全量授权
2026-04-06 19:53:32,238 [mkdb.Worker..20]  INFO gm_cmd_end|用户ID=9|角色ID=32769|会话ID=33|指令内容=//gomap 1631|指令名=gomap|执行类=fire.pb.gm.GM_gomap|角色名=令狐君博|账号名=mt3robot9|返回码=0|是否成功=是|耗时(毫秒)=0
2026-04-06 19:53:36,324 [mkdb.Worker..23]  INFO gm命令开始执行|用户ID=10|角色ID=36865|会话ID=21|指令内容=//gomap 1631|调用来源=CLIENT|执行类=fire.pb.gm.GM_gomap
2026-04-06 19:53:36,325 [mkdb.Worker..23]  WARN gm_robot_autogrant|角色ID=36865|用户ID=10|指令名=gomap|模式=全量授权
2026-04-06 19:53:36,325 [mkdb.Worker..23]  INFO gm_cmd_end|用户ID=10|角色ID=36865|会话ID=21|指令内容=//gomap 1631|指令名=gomap|执行类=fire.pb.gm.GM_gomap|角色名=梁力夫|账号名=mt3robot10|返回码=0|是否成功=是|耗时(毫秒)=1
2026-04-06 19:53:39,321 [mkdb.Worker..26]  INFO gm命令开始执行|用户ID=2|角色ID=24577|会话ID=35|指令内容=//addlevel -11|调用来源=CLIENT|执行类=fire.pb.gm.GM_addlevel
2026-04-06 19:53:39,322 [mkdb.Worker..26]  WARN gm_robot_autogrant|角色ID=24577|用户ID=2|指令名=addlevel|模式=全量授权
2026-04-06 19:53:39,322 [mkdb.Worker..26]  INFO gm_cmd_end|用户ID=2|角色ID=24577|会话ID=35|指令内容=//addlevel -11|指令名=addlevel|执行类=fire.pb.gm.GM_addlevel|角色名=凤咏思|账号名=mt3robot3|返回码=-4|是否成功=否|耗时(毫秒)=1
2026-04-06 19:53:40,352 [mkdb.Worker..26]  INFO gm命令开始执行|用户ID=8|角色ID=40961|会话ID=31|指令内容=//addlevel -11|调用来源=CLIENT|执行类=fire.pb.gm.GM_addlevel
2026-04-06 19:53:40,352 [mkdb.Worker..26]  WARN gm_robot_autogrant|角色ID=40961|用户ID=8|指令名=addlevel|模式=全量授权
2026-04-06 19:53:40,352 [mkdb.Worker..26]  INFO gm_cmd_end|用户ID=8|角色ID=40961|会话ID=31|指令内容=//addlevel -11|指令名=addlevel|执行类=fire.pb.gm.GM_addlevel|角色名=庞向笛|账号名=mt3robot8|返回码=-4|是否成功=否|耗时(毫秒)=0
2026-04-06 19:53:40,392 [mkdb.Worker..25]  INFO gm命令开始执行|用户ID=4|角色ID=16385|会话ID=30|指令内容=//addlevel -11|调用来源=CLIENT|执行类=fire.pb.gm.GM_addlevel
2026-04-06 19:53:40,392 [mkdb.Worker..20]  INFO gm命令开始执行|用户ID=1|角色ID=4097|会话ID=12|指令内容=//addlevel -44|调用来源=CLIENT|执行类=fire.pb.gm.GM_addlevel
2026-04-06 19:53:40,392 [mkdb.Worker..25]  WARN gm_robot_autogrant|角色ID=16385|用户ID=4|指令名=addlevel|模式=全量授权
2026-04-06 19:53:40,392 [mkdb.Worker..20]  WARN gm_robot_autogrant|角色ID=4097|用户ID=1|指令名=addlevel|模式=全量授权
2026-04-06 19:53:40,393 [mkdb.Worker..25]  INFO gm_cmd_end|用户ID=4|角色ID=16385|会话ID=30|指令内容=//addlevel -11|指令名=addlevel|执行类=fire.pb.gm.GM_addlevel|角色名=肖安澜|账号名=mt3robot6|返回码=-4|是否成功=否|耗时(毫秒)=1
2026-04-06 19:53:40,393 [mkdb.Worker..26]  INFO gm命令开始执行|用户ID=3|角色ID=28673|会话ID=15|指令内容=//addlevel -44|调用来源=CLIENT|执行类=fire.pb.gm.GM_addlevel
2026-04-06 19:53:40,393 [mkdb.Worker..20]  INFO gm_cmd_end|用户ID=1|角色ID=4097|会话ID=12|指令内容=//addlevel -44|指令名=addlevel|执行类=fire.pb.gm.GM_addlevel|角色名=司马津|账号名=mt3robot1|返回码=-4|是否成功=否|耗时(毫秒)=1
2026-04-06 19:53:40,393 [mkdb.Worker..26]  WARN gm_robot_autogrant|角色ID=28673|用户ID=3|指令名=addlevel|模式=全量授权
2026-04-06 19:53:40,393 [mkdb.Worker..26]  INFO gm_cmd_end|用户ID=3|角色ID=28673|会话ID=15|指令内容=//addlevel -44|指令名=addlevel|执行类=fire.pb.gm.GM_addlevel|角色名=肖吉星|账号名=mt3robot4|返回码=-4|是否成功=否|耗时(毫秒)=1
2026-04-06 19:53:41,381 [mkdb.Worker..23]  INFO gm命令开始执行|用户ID=9|角色ID=32769|会话ID=33|指令内容=//gomap 1631|调用来源=CLIENT|执行类=fire.pb.gm.GM_gomap
2026-04-06 19:53:41,381 [mkdb.Worker..23]  WARN gm_robot_autogrant|角色ID=32769|用户ID=9|指令名=gomap|模式=全量授权
2026-04-06 19:53:41,381 [mkdb.Worker..23]  INFO gm_cmd_end|用户ID=9|角色ID=32769|会话ID=33|指令内容=//gomap 1631|指令名=gomap|执行类=fire.pb.gm.GM_gomap|角色名=令狐君博|账号名=mt3robot9|返回码=0|是否成功=是|耗时(毫秒)=0
2026-04-06 19:53:42,398 [mkdb.Worker..25]  INFO gm命令开始执行|用户ID=2|角色ID=24577|会话ID=35|指令内容=//gomap 1631|调用来源=CLIENT|执行类=fire.pb.gm.GM_gomap
2026-04-06 19:53:42,398 [mkdb.Worker..25]  WARN gm_robot_autogrant|角色ID=24577|用户ID=2|指令名=gomap|模式=全量授权
2026-04-06 19:53:42,398 [mkdb.Worker..25]  INFO gm_cmd_end|用户ID=2|角色ID=24577|会话ID=35|指令内容=//gomap 1631|指令名=gomap|执行类=fire.pb.gm.GM_gomap|角色名=凤咏思|账号名=mt3robot3|返回码=0|是否成功=是|耗时(毫秒)=0
2026-04-06 19:53:43,416 [mkdb.Worker..28]  INFO gm命令开始执行|用户ID=8|角色ID=40961|会话ID=31|指令内容=//gomap 1631|调用来源=CLIENT|执行类=fire.pb.gm.GM_gomap
2026-04-06 19:53:43,416 [mkdb.Worker..28]  WARN gm_robot_autogrant|角色ID=40961|用户ID=8|指令名=gomap|模式=全量授权
2026-04-06 19:53:43,417 [mkdb.Worker..28]  INFO gm_cmd_end|用户ID=8|角色ID=40961|会话ID=31|指令内容=//gomap 1631|指令名=gomap|执行类=fire.pb.gm.GM_gomap|角色名=庞向笛|账号名=mt3robot8|返回码=0|是否成功=是|耗时(毫秒)=1
2026-04-06 19:53:46,454 [mkdb.Worker..28]  INFO gm命令开始执行|用户ID=1|角色ID=4097|会话ID=12|指令内容=//gomap 1608|调用来源=CLIENT|执行类=fire.pb.gm.GM_gomap
2026-04-06 19:53:46,454 [mkdb.Worker..28]  WARN gm_robot_autogrant|角色ID=4097|用户ID=1|指令名=gomap|模式=全量授权
2026-04-06 19:53:46,454 [mkdb.Worker..28]  INFO gm_cmd_end|用户ID=1|角色ID=4097|会话ID=12|指令内容=//gomap 1608|指令名=gomap|执行类=fire.pb.gm.GM_gomap|角色名=司马津|账号名=mt3robot1|返回码=0|是否成功=是|耗时(毫秒)=0
2026-04-06 19:53:47,455 [mkdb.Worker..20]  INFO gm命令开始执行|用户ID=4|角色ID=16385|会话ID=30|指令内容=//gomap 1631|调用来源=CLIENT|执行类=fire.pb.gm.GM_gomap
2026-04-06 19:53:47,455 [mkdb.Worker..20]  WARN gm_robot_autogrant|角色ID=16385|用户ID=4|指令名=gomap|模式=全量授权
2026-04-06 19:53:47,456 [mkdb.Worker..20]  INFO gm_cmd_end|用户ID=4|角色ID=16385|会话ID=30|指令内容=//gomap 1631|指令名=gomap|执行类=fire.pb.gm.GM_gomap|角色名=肖安澜|账号名=mt3robot6|返回码=0|是否成功=是|耗时(毫秒)=0
2026-04-06 19:53:48,473 [mkdb.Worker..25]  INFO gm命令开始执行|用户ID=10|角色ID=36865|会话ID=21|指令内容=//addlevel -44|调用来源=CLIENT|执行类=fire.pb.gm.GM_addlevel
2026-04-06 19:53:48,473 [mkdb.Worker..25]  WARN gm_robot_autogrant|角色ID=36865|用户ID=10|指令名=addlevel|模式=全量授权
2026-04-06 19:53:48,473 [mkdb.Worker..25]  INFO gm_cmd_end|用户ID=10|角色ID=36865|会话ID=21|指令内容=//addlevel -44|指令名=addlevel|执行类=fire.pb.gm.GM_addlevel|角色名=梁力夫|账号名=mt3robot10|返回码=-4|是否成功=否|耗时(毫秒)=0
2026-04-06 19:53:50,502 [mkdb.Worker..28]  INFO gm命令开始执行|用户ID=9|角色ID=32769|会话ID=33|指令内容=//addlevel -11|调用来源=CLIENT|执行类=fire.pb.gm.GM_addlevel
2026-04-06 19:53:50,502 [mkdb.Worker..28]  WARN gm_robot_autogrant|角色ID=32769|用户ID=9|指令名=addlevel|模式=全量授权
2026-04-06 19:53:50,502 [mkdb.Worker..28]  INFO gm_cmd_end|用户ID=9|角色ID=32769|会话ID=33|指令内容=//addlevel -11|指令名=addlevel|执行类=fire.pb.gm.GM_addlevel|角色名=令狐君博|账号名=mt3robot9|返回码=-4|是否成功=否|耗时(毫秒)=0
2026-04-06 19:53:52,561 [mkdb.Worker..25]  INFO gm命令开始执行|用户ID=4|角色ID=16385|会话ID=30|指令内容=//gomap 1631|调用来源=CLIENT|执行类=fire.pb.gm.GM_gomap
2026-04-06 19:53:52,561 [mkdb.Worker..25]  WARN gm_robot_autogrant|角色ID=16385|用户ID=4|指令名=gomap|模式=全量授权
2026-04-06 19:53:52,561 [mkdb.Worker..25]  INFO gm_cmd_end|用户ID=4|角色ID=16385|会话ID=30|指令内容=//gomap 1631|指令名=gomap|执行类=fire.pb.gm.GM_gomap|角色名=肖安澜|账号名=mt3robot6|返回码=0|是否成功=是|耗时(毫秒)=0
2026-04-06 19:53:55,605 [mkdb.Worker..23]  INFO gm命令开始执行|用户ID=8|角色ID=40961|会话ID=31|指令内容=//gomap 1616|调用来源=CLIENT|执行类=fire.pb.gm.GM_gomap
2026-04-06 19:53:55,605 [mkdb.Worker..23]  WARN gm_robot_autogrant|角色ID=40961|用户ID=8|指令名=gomap|模式=全量授权
2026-04-06 19:53:55,605 [mkdb.Worker..23]  INFO gm_cmd_end|用户ID=8|角色ID=40961|会话ID=31|指令内容=//gomap 1616|指令名=gomap|执行类=fire.pb.gm.GM_gomap|角色名=庞向笛|账号名=mt3robot8|返回码=0|是否成功=是|耗时(毫秒)=0
2026-04-06 19:53:56,624 [mkdb.Worker..20]  INFO gm命令开始执行|用户ID=1|角色ID=4097|会话ID=12|指令内容=//gomap 1631|调用来源=CLIENT|执行类=fire.pb.gm.GM_gomap
2026-04-06 19:53:56,625 [mkdb.Worker..20]  WARN gm_robot_autogrant|角色ID=4097|用户ID=1|指令名=gomap|模式=全量授权
2026-04-06 19:53:56,625 [mkdb.Worker..20]  INFO gm_cmd_end|用户ID=1|角色ID=4097|会话ID=12|指令内容=//gomap 1631|指令名=gomap|执行类=fire.pb.gm.GM_gomap|角色名=司马津|账号名=mt3robot1|返回码=0|是否成功=是|耗时(毫秒)=1
2026-04-06 19:54:02,723 [mkdb.Worker..28]  INFO gm命令开始执行|用户ID=9|角色ID=32769|会话ID=33|指令内容=//gomap 1631|调用来源=CLIENT|执行类=fire.pb.gm.GM_gomap
2026-04-06 19:54:02,723 [mkdb.Worker..28]  WARN gm_robot_autogrant|角色ID=32769|用户ID=9|指令名=gomap|模式=全量授权
2026-04-06 19:54:02,724 [mkdb.Worker..28]  INFO gm_cmd_end|用户ID=9|角色ID=32769|会话ID=33|指令内容=//gomap 1631|指令名=gomap|执行类=fire.pb.gm.GM_gomap|角色名=令狐君博|账号名=mt3robot9|返回码=0|是否成功=是|耗时(毫秒)=0
2026-04-06 19:54:09,779 [mkdb.Worker..23]  INFO gm命令开始执行|用户ID=9|角色ID=32769|会话ID=33|指令内容=//gomap 1631|调用来源=CLIENT|执行类=fire.pb.gm.GM_gomap
2026-04-06 19:54:09,779 [mkdb.Worker..23]  WARN gm_robot_autogrant|角色ID=32769|用户ID=9|指令名=gomap|模式=全量授权
2026-04-06 19:54:09,779 [mkdb.Worker..23]  INFO gm_cmd_end|用户ID=9|角色ID=32769|会话ID=33|指令内容=//gomap 1631|指令名=gomap|执行类=fire.pb.gm.GM_gomap|角色名=令狐君博|账号名=mt3robot9|返回码=0|是否成功=是|耗时(毫秒)=0
2026-04-06 19:54:09,780 [mkdb.Worker..28]  INFO gm命令开始执行|用户ID=3|角色ID=28673|会话ID=15|指令内容=//gomap 1608|调用来源=CLIENT|执行类=fire.pb.gm.GM_gomap
2026-04-06 19:54:09,780 [mkdb.Worker..28]  WARN gm_robot_autogrant|角色ID=28673|用户ID=3|指令名=gomap|模式=全量授权
2026-04-06 19:54:09,780 [mkdb.Worker..28]  INFO gm_cmd_end|用户ID=3|角色ID=28673|会话ID=15|指令内容=//gomap 1608|指令名=gomap|执行类=fire.pb.gm.GM_gomap|角色名=肖吉星|账号名=mt3robot4|返回码=0|是否成功=是|耗时(毫秒)=0
2026-04-06 19:54:10,819 [mkdb.Worker..25]  INFO gm命令开始执行|用户ID=10|角色ID=36865|会话ID=21|指令内容=//gomap 1631|调用来源=CLIENT|执行类=fire.pb.gm.GM_gomap
2026-04-06 19:54:10,820 [mkdb.Worker..25]  WARN gm_robot_autogrant|角色ID=36865|用户ID=10|指令名=gomap|模式=全量授权
2026-04-06 19:54:10,820 [mkdb.Worker..25]  INFO gm_cmd_end|用户ID=10|角色ID=36865|会话ID=21|指令内容=//gomap 1631|指令名=gomap|执行类=fire.pb.gm.GM_gomap|角色名=梁力夫|账号名=mt3robot10|返回码=0|是否成功=是|耗时(毫秒)=1
2026-04-06 19:54:11,787 [mkdb.Worker..28]  INFO gm命令开始执行|用户ID=2|角色ID=24577|会话ID=35|指令内容=//gomap 1608|调用来源=CLIENT|执行类=fire.pb.gm.GM_gomap
2026-04-06 19:54:11,787 [mkdb.Worker..28]  WARN gm_robot_autogrant|角色ID=24577|用户ID=2|指令名=gomap|模式=全量授权
2026-04-06 19:54:11,787 [mkdb.Worker..28]  INFO gm_cmd_end|用户ID=2|角色ID=24577|会话ID=35|指令内容=//gomap 1608|指令名=gomap|执行类=fire.pb.gm.GM_gomap|角色名=凤咏思|账号名=mt3robot3|返回码=0|是否成功=是|耗时(毫秒)=1
2026-04-06 19:54:12,805 [mkdb.Worker..26]  INFO gm命令开始执行|用户ID=3|角色ID=28673|会话ID=15|指令内容=//gomap 1608|调用来源=CLIENT|执行类=fire.pb.gm.GM_gomap
2026-04-06 19:54:12,806 [mkdb.Worker..26]  WARN gm_robot_autogrant|角色ID=28673|用户ID=3|指令名=gomap|模式=全量授权
2026-04-06 19:54:12,806 [mkdb.Worker..26]  INFO gm_cmd_end|用户ID=3|角色ID=28673|会话ID=15|指令内容=//gomap 1608|指令名=gomap|执行类=fire.pb.gm.GM_gomap|角色名=肖吉星|账号名=mt3robot4|返回码=0|是否成功=是|耗时(毫秒)=1
2026-04-06 19:54:14,824 [mkdb.Worker..26]  INFO gm命令开始执行|用户ID=10|角色ID=36865|会话ID=21|指令内容=//gomap 1631|调用来源=CLIENT|执行类=fire.pb.gm.GM_gomap
2026-04-06 19:54:14,824 [mkdb.Worker..26]  WARN gm_robot_autogrant|角色ID=36865|用户ID=10|指令名=gomap|模式=全量授权
2026-04-06 19:54:14,824 [mkdb.Worker..26]  INFO gm_cmd_end|用户ID=10|角色ID=36865|会话ID=21|指令内容=//gomap 1631|指令名=gomap|执行类=fire.pb.gm.GM_gomap|角色名=梁力夫|账号名=mt3robot10|返回码=0|是否成功=是|耗时(毫秒)=0
2026-04-06 19:54:15,869 [mkdb.Worker..20]  INFO gm命令开始执行|用户ID=9|角色ID=32769|会话ID=33|指令内容=//gomap 1631|调用来源=CLIENT|执行类=fire.pb.gm.GM_gomap
2026-04-06 19:54:15,869 [mkdb.Worker..20]  WARN gm_robot_autogrant|角色ID=32769|用户ID=9|指令名=gomap|模式=全量授权
2026-04-06 19:54:15,870 [mkdb.Worker..20]  INFO gm_cmd_end|用户ID=9|角色ID=32769|会话ID=33|指令内容=//gomap 1631|指令名=gomap|执行类=fire.pb.gm.GM_gomap|角色名=令狐君博|账号名=mt3robot9|返回码=0|是否成功=是|耗时(毫秒)=1
2026-04-06 19:54:19,924 [mkdb.Worker..25]  INFO gm命令开始执行|用户ID=8|角色ID=40961|会话ID=31|指令内容=//gomap 1631|调用来源=CLIENT|执行类=fire.pb.gm.GM_gomap
2026-04-06 19:54:19,924 [mkdb.Worker..25]  WARN gm_robot_autogrant|角色ID=40961|用户ID=8|指令名=gomap|模式=全量授权
2026-04-06 19:54:19,925 [mkdb.Worker..25]  INFO gm_cmd_end|用户ID=8|角色ID=40961|会话ID=31|指令内容=//gomap 1631|指令名=gomap|执行类=fire.pb.gm.GM_gomap|角色名=庞向笛|账号名=mt3robot8|返回码=0|是否成功=是|耗时(毫秒)=1
2026-04-06 19:54:20,942 [mkdb.Worker..23]  INFO gm命令开始执行|用户ID=9|角色ID=32769|会话ID=33|指令内容=//gomap 1608|调用来源=CLIENT|执行类=fire.pb.gm.GM_gomap
2026-04-06 19:54:20,942 [mkdb.Worker..28]  INFO gm命令开始执行|用户ID=4|角色ID=16385|会话ID=30|指令内容=//gomap 1608|调用来源=CLIENT|执行类=fire.pb.gm.GM_gomap
2026-04-06 19:54:20,942 [mkdb.Worker..28]  WARN gm_robot_autogrant|角色ID=16385|用户ID=4|指令名=gomap|模式=全量授权
2026-04-06 19:54:20,942 [mkdb.Worker..23]  WARN gm_robot_autogrant|角色ID=32769|用户ID=9|指令名=gomap|模式=全量授权
2026-04-06 19:54:20,943 [mkdb.Worker..23]  INFO gm_cmd_end|用户ID=9|角色ID=32769|会话ID=33|指令内容=//gomap 1608|指令名=gomap|执行类=fire.pb.gm.GM_gomap|角色名=令狐君博|账号名=mt3robot9|返回码=0|是否成功=是|耗时(毫秒)=1
2026-04-06 19:54:20,943 [mkdb.Worker..28]  INFO gm_cmd_end|用户ID=4|角色ID=16385|会话ID=30|指令内容=//gomap 1608|指令名=gomap|执行类=fire.pb.gm.GM_gomap|角色名=肖安澜|账号名=mt3robot6|返回码=0|是否成功=是|耗时(毫秒)=1
2026-04-06 19:54:21,961 [mkdb.Worker..26]  INFO gm命令开始执行|用户ID=3|角色ID=28673|会话ID=15|指令内容=//gomap 1608|调用来源=CLIENT|执行类=fire.pb.gm.GM_gomap
2026-04-06 19:54:21,961 [mkdb.Worker..26]  WARN gm_robot_autogrant|角色ID=28673|用户ID=3|指令名=gomap|模式=全量授权
2026-04-06 19:54:21,962 [mkdb.Worker..26]  INFO gm_cmd_end|用户ID=3|角色ID=28673|会话ID=15|指令内容=//gomap 1608|指令名=gomap|执行类=fire.pb.gm.GM_gomap|角色名=肖吉星|账号名=mt3robot4|返回码=0|是否成功=是|耗时(毫秒)=1
2026-04-06 19:54:24,975 [mkdb.Worker..25]  INFO gm命令开始执行|用户ID=2|角色ID=24577|会话ID=35|指令内容=//addlevel -11|调用来源=CLIENT|执行类=fire.pb.gm.GM_addlevel
2026-04-06 19:54:24,975 [mkdb.Worker..25]  WARN gm_robot_autogrant|角色ID=24577|用户ID=2|指令名=addlevel|模式=全量授权
2026-04-06 19:54:24,975 [mkdb.Worker..25]  INFO gm_cmd_end|用户ID=2|角色ID=24577|会话ID=35|指令内容=//addlevel -11|指令名=addlevel|执行类=fire.pb.gm.GM_addlevel|角色名=凤咏思|账号名=mt3robot3|返回码=-4|是否成功=否|耗时(毫秒)=0
2026-04-06 19:54:25,026 [mkdb.Worker..28]  INFO gm命令开始执行|用户ID=4|角色ID=16385|会话ID=30|指令内容=//gomap 1608|调用来源=CLIENT|执行类=fire.pb.gm.GM_gomap
2026-04-06 19:54:25,026 [mkdb.Worker..28]  WARN gm_robot_autogrant|角色ID=16385|用户ID=4|指令名=gomap|模式=全量授权
2026-04-06 19:54:25,027 [mkdb.Worker..28]  INFO gm_cmd_end|用户ID=4|角色ID=16385|会话ID=30|指令内容=//gomap 1608|指令名=gomap|执行类=fire.pb.gm.GM_gomap|角色名=肖安澜|账号名=mt3robot6|返回码=0|是否成功=是|耗时(毫秒)=1
2026-04-06 19:54:26,027 [mkdb.Worker..25]  INFO gm命令开始执行|用户ID=8|角色ID=40961|会话ID=31|指令内容=//addlevel -11|调用来源=CLIENT|执行类=fire.pb.gm.GM_addlevel
2026-04-06 19:54:26,027 [mkdb.Worker..25]  WARN gm_robot_autogrant|角色ID=40961|用户ID=8|指令名=addlevel|模式=全量授权
2026-04-06 19:54:26,027 [mkdb.Worker..28]  INFO gm命令开始执行|用户ID=4|角色ID=16385|会话ID=30|指令内容=//addlevel -11|调用来源=CLIENT|执行类=fire.pb.gm.GM_addlevel
2026-04-06 19:54:26,028 [mkdb.Worker..25]  INFO gm_cmd_end|用户ID=8|角色ID=40961|会话ID=31|指令内容=//addlevel -11|指令名=addlevel|执行类=fire.pb.gm.GM_addlevel|角色名=庞向笛|账号名=mt3robot8|返回码=-4|是否成功=否|耗时(毫秒)=0
2026-04-06 19:54:26,028 [mkdb.Worker..28]  WARN gm_robot_autogrant|角色ID=16385|用户ID=4|指令名=addlevel|模式=全量授权
2026-04-06 19:54:26,028 [mkdb.Worker..28]  INFO gm_cmd_end|用户ID=4|角色ID=16385|会话ID=30|指令内容=//addlevel -11|指令名=addlevel|执行类=fire.pb.gm.GM_addlevel|角色名=肖安澜|账号名=mt3robot6|返回码=-4|是否成功=否|耗时(毫秒)=1
2026-04-06 19:54:26,028 [mkdb.Worker..28]  INFO gm命令开始执行|用户ID=1|角色ID=4097|会话ID=12|指令内容=//addlevel -44|调用来源=CLIENT|执行类=fire.pb.gm.GM_addlevel
2026-04-06 19:54:26,028 [mkdb.Worker..23]  INFO gm命令开始执行|用户ID=3|角色ID=28673|会话ID=15|指令内容=//addlevel -44|调用来源=CLIENT|执行类=fire.pb.gm.GM_addlevel
2026-04-06 19:54:26,028 [mkdb.Worker..28]  WARN gm_robot_autogrant|角色ID=4097|用户ID=1|指令名=addlevel|模式=全量授权
2026-04-06 19:54:26,028 [mkdb.Worker..23]  WARN gm_robot_autogrant|角色ID=28673|用户ID=3|指令名=addlevel|模式=全量授权
2026-04-06 19:54:26,028 [mkdb.Worker..28]  INFO gm_cmd_end|用户ID=1|角色ID=4097|会话ID=12|指令内容=//addlevel -44|指令名=addlevel|执行类=fire.pb.gm.GM_addlevel|角色名=司马津|账号名=mt3robot1|返回码=-4|是否成功=否|耗时(毫秒)=0
2026-04-06 19:54:26,029 [mkdb.Worker..23]  INFO gm_cmd_end|用户ID=3|角色ID=28673|会话ID=15|指令内容=//addlevel -44|指令名=addlevel|执行类=fire.pb.gm.GM_addlevel|角色名=肖吉星|账号名=mt3robot4|返回码=-4|是否成功=否|耗时(毫秒)=1
2026-04-06 19:54:28,050 [mkdb.Worker..26]  INFO gm命令开始执行|用户ID=4|角色ID=16385|会话ID=30|指令内容=//gomap 1608|调用来源=CLIENT|执行类=fire.pb.gm.GM_gomap
2026-04-06 19:54:28,050 [mkdb.Worker..26]  WARN gm_robot_autogrant|角色ID=16385|用户ID=4|指令名=gomap|模式=全量授权
2026-04-06 19:54:28,051 [mkdb.Worker..26]  INFO gm_cmd_end|用户ID=4|角色ID=16385|会话ID=30|指令内容=//gomap 1608|指令名=gomap|执行类=fire.pb.gm.GM_gomap|角色名=肖安澜|账号名=mt3robot6|返回码=0|是否成功=是|耗时(毫秒)=1
2026-04-06 19:54:30,071 [mkdb.Worker..23]  INFO gm命令开始执行|用户ID=9|角色ID=32769|会话ID=33|指令内容=//gomap 1608|调用来源=CLIENT|执行类=fire.pb.gm.GM_gomap
2026-04-06 19:54:30,071 [mkdb.Worker..23]  WARN gm_robot_autogrant|角色ID=32769|用户ID=9|指令名=gomap|模式=全量授权
2026-04-06 19:54:30,071 [mkdb.Worker..23]  INFO gm_cmd_end|用户ID=9|角色ID=32769|会话ID=33|指令内容=//gomap 1608|指令名=gomap|执行类=fire.pb.gm.GM_gomap|角色名=令狐君博|账号名=mt3robot9|返回码=0|是否成功=是|耗时(毫秒)=0
2026-04-06 19:54:32,130 [mkdb.Worker..26]  INFO gm命令开始执行|用户ID=8|角色ID=40961|会话ID=31|指令内容=//gomap 1608|调用来源=CLIENT|执行类=fire.pb.gm.GM_gomap
2026-04-06 19:54:32,130 [mkdb.Worker..26]  WARN gm_robot_autogrant|角色ID=40961|用户ID=8|指令名=gomap|模式=全量授权
2026-04-06 19:54:32,131 [mkdb.Worker..26]  INFO gm_cmd_end|用户ID=8|角色ID=40961|会话ID=31|指令内容=//gomap 1608|指令名=gomap|执行类=fire.pb.gm.GM_gomap|角色名=庞向笛|账号名=mt3robot8|返回码=0|是否成功=是|耗时(毫秒)=1
2026-04-06 19:54:34,116 [mkdb.Worker..25]  INFO gm命令开始执行|用户ID=10|角色ID=36865|会话ID=21|指令内容=//addlevel 0 equip|调用来源=CLIENT|执行类=fire.pb.gm.GM_addlevel
2026-04-06 19:54:34,116 [mkdb.Worker..25]  WARN gm_robot_autogrant|角色ID=36865|用户ID=10|指令名=addlevel|模式=全量授权
2026-04-06 19:54:34,117 [mkdb.Worker..25]  INFO gm_cmd_end|用户ID=10|角色ID=36865|会话ID=21|指令内容=//addlevel 0 equip|指令名=addlevel|执行类=fire.pb.gm.GM_addlevel|角色名=梁力夫|账号名=mt3robot10|返回码=-4|是否成功=否|耗时(毫秒)=1
2026-04-06 19:54:36,143 [mkdb.Worker..28]  INFO gm命令开始执行|用户ID=9|角色ID=32769|会话ID=33|指令内容=//addlevel 33 equip|调用来源=CLIENT|执行类=fire.pb.gm.GM_addlevel
2026-04-06 19:54:36,143 [mkdb.Worker..28]  WARN gm_robot_autogrant|角色ID=32769|用户ID=9|指令名=addlevel|模式=全量授权
2026-04-06 19:54:36,143 [mkdb.Worker..28]  INFO gm_cmd_end|用户ID=9|角色ID=32769|会话ID=33|指令内容=//addlevel 33 equip|指令名=addlevel|执行类=fire.pb.gm.GM_addlevel|角色名=令狐君博|账号名=mt3robot9|返回码=0|是否成功=是|耗时(毫秒)=0
2026-04-06 19:54:36,184 [mkdb.Worker..20]  INFO gm命令开始执行|用户ID=8|角色ID=40961|会话ID=31|指令内容=//gomap 1631|调用来源=CLIENT|执行类=fire.pb.gm.GM_gomap
2026-04-06 19:54:36,184 [mkdb.Worker..20]  WARN gm_robot_autogrant|角色ID=40961|用户ID=8|指令名=gomap|模式=全量授权
2026-04-06 19:54:36,185 [mkdb.Worker..20]  INFO gm_cmd_end|用户ID=8|角色ID=40961|会话ID=31|指令内容=//gomap 1631|指令名=gomap|执行类=fire.pb.gm.GM_gomap|角色名=庞向笛|账号名=mt3robot8|返回码=0|是否成功=是|耗时(毫秒)=1
2026-04-06 19:54:36,185 [mkdb.Worker..20]  INFO gm命令开始执行|用户ID=1|角色ID=4097|会话ID=12|指令内容=//gomap 1608|调用来源=CLIENT|执行类=fire.pb.gm.GM_gomap
2026-04-06 19:54:36,185 [mkdb.Worker..20]  WARN gm_robot_autogrant|角色ID=4097|用户ID=1|指令名=gomap|模式=全量授权
2026-04-06 19:54:36,193 [mkdb.Worker..20]  INFO gm_cmd_end|用户ID=1|角色ID=4097|会话ID=12|指令内容=//gomap 1608|指令名=gomap|执行类=fire.pb.gm.GM_gomap|角色名=司马津|账号名=mt3robot1|返回码=0|是否成功=是|耗时(毫秒)=8
2026-04-06 19:54:36,411 [mkdb.Worker..28]  INFO gm命令开始执行|用户ID=9|角色ID=32769|会话ID=33|指令内容=//addtitle 705 robot_auth 315360000 32769|调用来源=CLIENT|执行类=fire.pb.gm.GM_addtitle
2026-04-06 19:54:36,411 [mkdb.Worker..28]  WARN gm_robot_autogrant|角色ID=32769|用户ID=9|指令名=addtitle|模式=全量授权
2026-04-06 19:54:36,414 [mkdb.Worker..28]  INFO gm_cmd_end|用户ID=9|角色ID=32769|会话ID=33|指令内容=//addtitle 705 robot_auth 315360000 32769|指令名=addtitle|执行类=fire.pb.gm.GM_addtitle|角色名=令狐君博|账号名=mt3robot9|返回码=0|是否成功=是|耗时(毫秒)=3
2026-04-06 19:54:43,272 [mkdb.Worker..23]  INFO gm命令开始执行|用户ID=4|角色ID=16385|会话ID=30|指令内容=//gomap 1615|调用来源=CLIENT|执行类=fire.pb.gm.GM_gomap
2026-04-06 19:54:43,272 [mkdb.Worker..23]  WARN gm_robot_autogrant|角色ID=16385|用户ID=4|指令名=gomap|模式=全量授权
2026-04-06 19:54:43,272 [mkdb.Worker..23]  INFO gm_cmd_end|用户ID=4|角色ID=16385|会话ID=30|指令内容=//gomap 1615|指令名=gomap|执行类=fire.pb.gm.GM_gomap|角色名=肖安澜|账号名=mt3robot6|返回码=0|是否成功=是|耗时(毫秒)=0
2026-04-06 19:54:47,363 [mkdb.Worker..23]  INFO gm命令开始执行|用户ID=3|角色ID=28673|会话ID=15|指令内容=//gomap 1615|调用来源=CLIENT|执行类=fire.pb.gm.GM_gomap
2026-04-06 19:54:47,363 [mkdb.Worker..23]  WARN gm_robot_autogrant|角色ID=28673|用户ID=3|指令名=gomap|模式=全量授权
2026-04-06 19:54:47,364 [mkdb.Worker..23]  INFO gm_cmd_end|用户ID=3|角色ID=28673|会话ID=15|指令内容=//gomap 1615|指令名=gomap|执行类=fire.pb.gm.GM_gomap|角色名=肖吉星|账号名=mt3robot4|返回码=0|是否成功=是|耗时(毫秒)=1
2026-04-06 19:54:49,364 [mkdb.Worker..28]  INFO gm命令开始执行|用户ID=9|角色ID=32769|会话ID=33|指令内容=//gomap 1608|调用来源=CLIENT|执行类=fire.pb.gm.GM_gomap
2026-04-06 19:54:49,364 [mkdb.Worker..28]  WARN gm_robot_autogrant|角色ID=32769|用户ID=9|指令名=gomap|模式=全量授权
2026-04-06 19:54:49,364 [mkdb.Worker..28]  INFO gm_cmd_end|用户ID=9|角色ID=32769|会话ID=33|指令内容=//gomap 1608|指令名=gomap|执行类=fire.pb.gm.GM_gomap|角色名=令狐君博|账号名=mt3robot9|返回码=0|是否成功=是|耗时(毫秒)=0
2026-04-06 19:54:52,444 [mkdb.Worker..20]  INFO gm命令开始执行|用户ID=10|角色ID=36865|会话ID=21|指令内容=//gomap 1608|调用来源=CLIENT|执行类=fire.pb.gm.GM_gomap
2026-04-06 19:54:52,444 [mkdb.Worker..20]  WARN gm_robot_autogrant|角色ID=36865|用户ID=10|指令名=gomap|模式=全量授权
2026-04-06 19:54:52,445 [mkdb.Worker..20]  INFO gm_cmd_end|用户ID=10|角色ID=36865|会话ID=21|指令内容=//gomap 1608|指令名=gomap|执行类=fire.pb.gm.GM_gomap|角色名=梁力夫|账号名=mt3robot10|返回码=0|是否成功=是|耗时(毫秒)=1
2026-04-06 19:54:53,467 [mkdb.Worker..26]  INFO gm命令开始执行|用户ID=1|角色ID=4097|会话ID=12|指令内容=//gomap 1615|调用来源=CLIENT|执行类=fire.pb.gm.GM_gomap
2026-04-06 19:54:53,467 [mkdb.Worker..26]  WARN gm_robot_autogrant|角色ID=4097|用户ID=1|指令名=gomap|模式=全量授权
2026-04-06 19:54:53,468 [mkdb.Worker..26]  INFO gm_cmd_end|用户ID=1|角色ID=4097|会话ID=12|指令内容=//gomap 1615|指令名=gomap|执行类=fire.pb.gm.GM_gomap|角色名=司马津|账号名=mt3robot1|返回码=0|是否成功=是|耗时(毫秒)=1
2026-04-06 19:54:54,441 [mkdb.Worker..28]  INFO gm命令开始执行|用户ID=2|角色ID=24577|会话ID=35|指令内容=//gomap 1615|调用来源=CLIENT|执行类=fire.pb.gm.GM_gomap
2026-04-06 19:54:54,441 [mkdb.Worker..28]  WARN gm_robot_autogrant|角色ID=24577|用户ID=2|指令名=gomap|模式=全量授权
2026-04-06 19:54:54,441 [mkdb.Worker..28]  INFO gm_cmd_end|用户ID=2|角色ID=24577|会话ID=35|指令内容=//gomap 1615|指令名=gomap|执行类=fire.pb.gm.GM_gomap|角色名=凤咏思|账号名=mt3robot3|返回码=0|是否成功=是|耗时(毫秒)=0
2026-04-06 19:54:56,502 [mkdb.Worker..28]  INFO gm命令开始执行|用户ID=9|角色ID=32769|会话ID=33|指令内容=//gomap 1608|调用来源=CLIENT|执行类=fire.pb.gm.GM_gomap
2026-04-06 19:54:56,502 [mkdb.Worker..28]  WARN gm_robot_autogrant|角色ID=32769|用户ID=9|指令名=gomap|模式=全量授权
2026-04-06 19:54:56,502 [mkdb.Worker..20]  INFO gm命令开始执行|用户ID=10|角色ID=36865|会话ID=21|指令内容=//gomap 1608|调用来源=CLIENT|执行类=fire.pb.gm.GM_gomap
2026-04-06 19:54:56,502 [mkdb.Worker..20]  WARN gm_robot_autogrant|角色ID=36865|用户ID=10|指令名=gomap|模式=全量授权
2026-04-06 19:54:56,503 [mkdb.Worker..28]  INFO gm_cmd_end|用户ID=9|角色ID=32769|会话ID=33|指令内容=//gomap 1608|指令名=gomap|执行类=fire.pb.gm.GM_gomap|角色名=令狐君博|账号名=mt3robot9|返回码=0|是否成功=是|耗时(毫秒)=1
2026-04-06 19:54:56,503 [mkdb.Worker..20]  INFO gm_cmd_end|用户ID=10|角色ID=36865|会话ID=21|指令内容=//gomap 1608|指令名=gomap|执行类=fire.pb.gm.GM_gomap|角色名=梁力夫|账号名=mt3robot10|返回码=0|是否成功=是|耗时(毫秒)=1
2026-04-06 19:54:59,496 [mkdb.Worker..26]  INFO gm命令开始执行|用户ID=2|角色ID=24577|会话ID=35|指令内容=//gomap 1608|调用来源=CLIENT|执行类=fire.pb.gm.GM_gomap
2026-04-06 19:54:59,496 [mkdb.Worker..26]  WARN gm_robot_autogrant|角色ID=24577|用户ID=2|指令名=gomap|模式=全量授权
2026-04-06 19:54:59,496 [mkdb.Worker..26]  INFO gm_cmd_end|用户ID=2|角色ID=24577|会话ID=35|指令内容=//gomap 1608|指令名=gomap|执行类=fire.pb.gm.GM_gomap|角色名=凤咏思|账号名=mt3robot3|返回码=0|是否成功=是|耗时(毫秒)=0
2026-04-06 19:55:02,570 [mkdb.Worker..28]  INFO gm命令开始执行|用户ID=8|角色ID=40961|会话ID=31|指令内容=//gomap 1608|调用来源=CLIENT|执行类=fire.pb.gm.GM_gomap
2026-04-06 19:55:02,570 [mkdb.Worker..28]  WARN gm_robot_autogrant|角色ID=40961|用户ID=8|指令名=gomap|模式=全量授权
2026-04-06 19:55:02,571 [mkdb.Worker..28]  INFO gm_cmd_end|用户ID=8|角色ID=40961|会话ID=31|指令内容=//gomap 1608|指令名=gomap|执行类=fire.pb.gm.GM_gomap|角色名=庞向笛|账号名=mt3robot8|返回码=0|是否成功=是|耗时(毫秒)=1
2026-04-06 19:55:06,619 [mkdb.Worker..25]  INFO gm命令开始执行|用户ID=10|角色ID=36865|会话ID=21|指令内容=//gomap 1631|调用来源=CLIENT|执行类=fire.pb.gm.GM_gomap
2026-04-06 19:55:06,619 [mkdb.Worker..25]  WARN gm_robot_autogrant|角色ID=36865|用户ID=10|指令名=gomap|模式=全量授权
2026-04-06 19:55:06,620 [mkdb.Worker..25]  INFO gm_cmd_end|用户ID=10|角色ID=36865|会话ID=21|指令内容=//gomap 1631|指令名=gomap|执行类=fire.pb.gm.GM_gomap|角色名=梁力夫|账号名=mt3robot10|返回码=0|是否成功=是|耗时(毫秒)=1
2026-04-06 19:55:07,637 [mkdb.Worker..28]  INFO gm命令开始执行|用户ID=3|角色ID=28673|会话ID=15|指令内容=//gomap 1608|调用来源=CLIENT|执行类=fire.pb.gm.GM_gomap
2026-04-06 19:55:07,638 [mkdb.Worker..28]  WARN gm_robot_autogrant|角色ID=28673|用户ID=3|指令名=gomap|模式=全量授权
2026-04-06 19:55:07,638 [mkdb.Worker..28]  INFO gm_cmd_end|用户ID=3|角色ID=28673|会话ID=15|指令内容=//gomap 1608|指令名=gomap|执行类=fire.pb.gm.GM_gomap|角色名=肖吉星|账号名=mt3robot4|返回码=0|是否成功=是|耗时(毫秒)=1
2026-04-06 19:55:10,630 [mkdb.Worker..26]  INFO gm命令开始执行|用户ID=2|角色ID=24577|会话ID=35|指令内容=//addlevel 33 equip|调用来源=CLIENT|执行类=fire.pb.gm.GM_addlevel
2026-04-06 19:55:10,630 [mkdb.Worker..26]  WARN gm_robot_autogrant|角色ID=24577|用户ID=2|指令名=addlevel|模式=全量授权
2026-04-06 19:55:10,630 [mkdb.Worker..26]  INFO gm_cmd_end|用户ID=2|角色ID=24577|会话ID=35|指令内容=//addlevel 33 equip|指令名=addlevel|执行类=fire.pb.gm.GM_addlevel|角色名=凤咏思|账号名=mt3robot3|返回码=0|是否成功=是|耗时(毫秒)=1
2026-04-06 19:55:11,336 [mkdb.Worker..20]  INFO gm命令开始执行|用户ID=6|角色ID=12289|会话ID=36|指令内容=//addfushi 1 100000|调用来源=CLIENT|执行类=fire.pb.gm.GM_addfushi
2026-04-06 19:55:11,336 [mkdb.Worker..20]  WARN gm_robot_autogrant|角色ID=12289|用户ID=6|指令名=addfushi|模式=全量授权
2026-04-06 19:55:11,339 [mkdb.Worker..20]  INFO gm_cmd_end|用户ID=6|角色ID=12289|会话ID=36|指令内容=//addfushi 1 100000|指令名=addfushi|执行类=fire.pb.gm.GM_addfushi|角色名=岑飞羽|账号名=mt3robot7|返回码=0|是否成功=是|耗时(毫秒)=3
2026-04-06 19:55:11,678 [mkdb.Worker..28]  INFO gm命令开始执行|用户ID=9|角色ID=32769|会话ID=33|指令内容=//gomap 1631|调用来源=CLIENT|执行类=fire.pb.gm.GM_gomap
2026-04-06 19:55:11,678 [mkdb.Worker..28]  WARN gm_robot_autogrant|角色ID=32769|用户ID=9|指令名=gomap|模式=全量授权
2026-04-06 19:55:11,678 [mkdb.Worker..28]  INFO gm_cmd_end|用户ID=9|角色ID=32769|会话ID=33|指令内容=//gomap 1631|指令名=gomap|执行类=fire.pb.gm.GM_gomap|角色名=令狐君博|账号名=mt3robot9|返回码=0|是否成功=是|耗时(毫秒)=0
2026-04-06 19:55:11,690 [mkdb.Worker..23]  INFO gm命令开始执行|用户ID=4|角色ID=16385|会话ID=30|指令内容=//addlevel 33 equip|调用来源=CLIENT|执行类=fire.pb.gm.GM_addlevel
2026-04-06 19:55:11,691 [mkdb.Worker..23]  WARN gm_robot_autogrant|角色ID=16385|用户ID=4|指令名=addlevel|模式=全量授权
2026-04-06 19:55:11,691 [mkdb.Worker..23]  INFO gm_cmd_end|用户ID=4|角色ID=16385|会话ID=30|指令内容=//addlevel 33 equip|指令名=addlevel|执行类=fire.pb.gm.GM_addlevel|角色名=肖安澜|账号名=mt3robot6|返回码=0|是否成功=是|耗时(毫秒)=1
2026-04-06 19:55:11,734 [mkdb.Worker..20]  INFO gm命令开始执行|用户ID=1|角色ID=4097|会话ID=12|指令内容=//addlevel 0 equip|调用来源=CLIENT|执行类=fire.pb.gm.GM_addlevel
2026-04-06 19:55:11,734 [mkdb.Worker..26]  INFO gm命令开始执行|用户ID=8|角色ID=40961|会话ID=31|指令内容=//addlevel 33 equip|调用来源=CLIENT|执行类=fire.pb.gm.GM_addlevel
2026-04-06 19:55:11,734 [mkdb.Worker..20]  WARN gm_robot_autogrant|角色ID=4097|用户ID=1|指令名=addlevel|模式=全量授权
2026-04-06 19:55:11,735 [mkdb.Worker..20]  INFO gm_cmd_end|用户ID=1|角色ID=4097|会话ID=12|指令内容=//addlevel 0 equip|指令名=addlevel|执行类=fire.pb.gm.GM_addlevel|角色名=司马津|账号名=mt3robot1|返回码=-4|是否成功=否|耗时(毫秒)=1
2026-04-06 19:55:11,734 [mkdb.Worker..26]  WARN gm_robot_autogrant|角色ID=40961|用户ID=8|指令名=addlevel|模式=全量授权
2026-04-06 19:55:11,738 [mkdb.Worker..26]  INFO gm_cmd_end|用户ID=8|角色ID=40961|会话ID=31|指令内容=//addlevel 33 equip|指令名=addlevel|执行类=fire.pb.gm.GM_addlevel|角色名=庞向笛|账号名=mt3robot8|返回码=0|是否成功=是|耗时(毫秒)=4
2026-04-06 19:55:11,739 [mkdb.Worker..28]  INFO gm命令开始执行|用户ID=3|角色ID=28673|会话ID=15|指令内容=//addlevel 0 equip|调用来源=CLIENT|执行类=fire.pb.gm.GM_addlevel
2026-04-06 19:55:11,739 [mkdb.Worker..28]  WARN gm_robot_autogrant|角色ID=28673|用户ID=3|指令名=addlevel|模式=全量授权
2026-04-06 19:55:11,739 [mkdb.Worker..28]  INFO gm_cmd_end|用户ID=3|角色ID=28673|会话ID=15|指令内容=//addlevel 0 equip|指令名=addlevel|执行类=fire.pb.gm.GM_addlevel|角色名=肖吉星|账号名=mt3robot4|返回码=-4|是否成功=否|耗时(毫秒)=0
2026-04-06 19:55:12,054 [mkdb.Worker..20]  INFO gm命令开始执行|用户ID=4|角色ID=16385|会话ID=30|指令内容=//addtitle 705 robot_auth 315360000 16385|调用来源=CLIENT|执行类=fire.pb.gm.GM_addtitle
2026-04-06 19:55:12,054 [mkdb.Worker..20]  WARN gm_robot_autogrant|角色ID=16385|用户ID=4|指令名=addtitle|模式=全量授权
2026-04-06 19:55:12,054 [mkdb.Worker..20]  INFO gm_cmd_end|用户ID=4|角色ID=16385|会话ID=30|指令内容=//addtitle 705 robot_auth 315360000 16385|指令名=addtitle|执行类=fire.pb.gm.GM_addtitle|角色名=肖安澜|账号名=mt3robot6|返回码=0|是否成功=是|耗时(毫秒)=0
2026-04-06 19:55:12,087 [mkdb.Worker..28]  INFO gm命令开始执行|用户ID=8|角色ID=40961|会话ID=31|指令内容=//addtitle 705 robot_auth 315360000 40961|调用来源=CLIENT|执行类=fire.pb.gm.GM_addtitle
2026-04-06 19:55:12,087 [mkdb.Worker..28]  WARN gm_robot_autogrant|角色ID=40961|用户ID=8|指令名=addtitle|模式=全量授权
2026-04-06 19:55:12,105 [mkdb.Worker..28]  INFO gm_cmd_end|用户ID=8|角色ID=40961|会话ID=31|指令内容=//addtitle 705 robot_auth 315360000 40961|指令名=addtitle|执行类=fire.pb.gm.GM_addtitle|角色名=庞向笛|账号名=mt3robot8|返回码=0|是否成功=是|耗时(毫秒)=18
2026-04-06 19:55:13,848 [mkdb.Worker..20]  INFO gm命令开始执行|用户ID=6|角色ID=12289|会话ID=36|指令内容=//addlevel -11|调用来源=CLIENT|执行类=fire.pb.gm.GM_addlevel
2026-04-06 19:55:13,848 [mkdb.Worker..20]  WARN gm_robot_autogrant|角色ID=12289|用户ID=6|指令名=addlevel|模式=全量授权
2026-04-06 19:55:13,848 [mkdb.Worker..20]  INFO gm_cmd_end|用户ID=6|角色ID=12289|会话ID=36|指令内容=//addlevel -11|指令名=addlevel|执行类=fire.pb.gm.GM_addlevel|角色名=岑飞羽|账号名=mt3robot7|返回码=-4|是否成功=否|耗时(毫秒)=0
2026-04-06 19:55:13,854 [mkdb.Worker..25]  INFO gm命令开始执行|用户ID=2|角色ID=24577|会话ID=35|指令内容=//gomap 1615|调用来源=CLIENT|执行类=fire.pb.gm.GM_gomap
2026-04-06 19:55:13,854 [mkdb.Worker..25]  WARN gm_robot_autogrant|角色ID=24577|用户ID=2|指令名=gomap|模式=全量授权
2026-04-06 19:55:13,855 [mkdb.Worker..25]  INFO gm_cmd_end|用户ID=2|角色ID=24577|会话ID=35|指令内容=//gomap 1615|指令名=gomap|执行类=fire.pb.gm.GM_gomap|角色名=凤咏思|账号名=mt3robot3|返回码=0|是否成功=是|耗时(毫秒)=1
2026-04-06 19:55:16,886 [mkdb.Worker..25]  INFO gm命令开始执行|用户ID=1|角色ID=4097|会话ID=12|指令内容=//gomap 1608|调用来源=CLIENT|执行类=fire.pb.gm.GM_gomap
2026-04-06 19:55:16,886 [mkdb.Worker..25]  WARN gm_robot_autogrant|角色ID=4097|用户ID=1|指令名=gomap|模式=全量授权
2026-04-06 19:55:16,886 [mkdb.Worker..25]  INFO gm_cmd_end|用户ID=1|角色ID=4097|会话ID=12|指令内容=//gomap 1608|指令名=gomap|执行类=fire.pb.gm.GM_gomap|角色名=司马津|账号名=mt3robot1|返回码=0|是否成功=是|耗时(毫秒)=0
2026-04-06 19:55:16,892 [mkdb.Worker..28]  INFO gm命令开始执行|用户ID=3|角色ID=28673|会话ID=15|指令内容=//gomap 1608|调用来源=CLIENT|执行类=fire.pb.gm.GM_gomap
2026-04-06 19:55:16,892 [mkdb.Worker..28]  WARN gm_robot_autogrant|角色ID=28673|用户ID=3|指令名=gomap|模式=全量授权
2026-04-06 19:55:16,893 [mkdb.Worker..28]  INFO gm_cmd_end|用户ID=3|角色ID=28673|会话ID=15|指令内容=//gomap 1608|指令名=gomap|执行类=fire.pb.gm.GM_gomap|角色名=肖吉星|账号名=mt3robot4|返回码=0|是否成功=是|耗时(毫秒)=0
2026-04-06 19:55:17,938 [mkdb.Worker..26]  INFO gm命令开始执行|用户ID=2|角色ID=24577|会话ID=35|指令内容=//gomap 1608|调用来源=CLIENT|执行类=fire.pb.gm.GM_gomap
2026-04-06 19:55:17,938 [mkdb.Worker..26]  WARN gm_robot_autogrant|角色ID=24577|用户ID=2|指令名=gomap|模式=全量授权
2026-04-06 19:55:17,939 [mkdb.Worker..26]  INFO gm_cmd_end|用户ID=2|角色ID=24577|会话ID=35|指令内容=//gomap 1608|指令名=gomap|执行类=fire.pb.gm.GM_gomap|角色名=凤咏思|账号名=mt3robot3|返回码=0|是否成功=是|耗时(毫秒)=1
2026-04-06 19:55:19,962 [mkdb.Worker..28]  INFO gm命令开始执行|用户ID=6|角色ID=12289|会话ID=36|指令内容=//goto 30 51 1608|调用来源=CLIENT|执行类=fire.pb.gm.GM_goto
2026-04-06 19:55:19,962 [mkdb.Worker..28]  WARN gm_robot_autogrant|角色ID=12289|用户ID=6|指令名=goto|模式=全量授权
2026-04-06 19:55:19,963 [mkdb.Worker..25]  INFO gm命令开始执行|用户ID=10|角色ID=36865|会话ID=21|指令内容=//addlevel -44|调用来源=CLIENT|执行类=fire.pb.gm.GM_addlevel
2026-04-06 19:55:19,963 [mkdb.Worker..25]  WARN gm_robot_autogrant|角色ID=36865|用户ID=10|指令名=addlevel|模式=全量授权
2026-04-06 19:55:19,963 [mkdb.Worker..25]  INFO gm_cmd_end|用户ID=10|角色ID=36865|会话ID=21|指令内容=//addlevel -44|指令名=addlevel|执行类=fire.pb.gm.GM_addlevel|角色名=梁力夫|账号名=mt3robot10|返回码=-4|是否成功=否|耗时(毫秒)=0
2026-04-06 19:55:19,964 [mkdb.Worker..28]  INFO gm_cmd_end|用户ID=6|角色ID=12289|会话ID=36|指令内容=//goto 30 51 1608|指令名=goto|执行类=fire.pb.gm.GM_goto|角色名=岑飞羽|账号名=mt3robot7|返回码=0|是否成功=是|耗时(毫秒)=2
2026-04-06 19:55:20,956 [mkdb.Worker..23]  INFO gm命令开始执行|用户ID=2|角色ID=24577|会话ID=35|指令内容=//gomap 1615|调用来源=CLIENT|执行类=fire.pb.gm.GM_gomap
2026-04-06 19:55:20,956 [mkdb.Worker..23]  WARN gm_robot_autogrant|角色ID=24577|用户ID=2|指令名=gomap|模式=全量授权
2026-04-06 19:55:20,957 [mkdb.Worker..23]  INFO gm_cmd_end|用户ID=2|角色ID=24577|会话ID=35|指令内容=//gomap 1615|指令名=gomap|执行类=fire.pb.gm.GM_gomap|角色名=凤咏思|账号名=mt3robot3|返回码=0|是否成功=是|耗时(毫秒)=0
2026-04-06 19:55:21,006 [mkdb.Worker..28]  INFO gm命令开始执行|用户ID=9|角色ID=32769|会话ID=33|指令内容=//goto 30 51 1608|调用来源=CLIENT|执行类=fire.pb.gm.GM_goto
2026-04-06 19:55:21,006 [mkdb.Worker..28]  WARN gm_robot_autogrant|角色ID=32769|用户ID=9|指令名=goto|模式=全量授权
2026-04-06 19:55:21,007 [mkdb.Worker..28]  INFO gm_cmd_end|用户ID=9|角色ID=32769|会话ID=33|指令内容=//goto 30 51 1608|指令名=goto|执行类=fire.pb.gm.GM_goto|角色名=令狐君博|账号名=mt3robot9|返回码=0|是否成功=是|耗时(毫秒)=1
2026-04-06 19:55:22,012 [mkdb.Worker..20]  INFO gm命令开始执行|用户ID=6|角色ID=12289|会话ID=36|指令内容=//goto 34 40 1608|调用来源=CLIENT|执行类=fire.pb.gm.GM_goto
2026-04-06 19:55:22,012 [mkdb.Worker..20]  WARN gm_robot_autogrant|角色ID=12289|用户ID=6|指令名=goto|模式=全量授权
2026-04-06 19:55:22,012 [mkdb.Worker..28]  INFO gm命令开始执行|用户ID=9|角色ID=32769|会话ID=33|指令内容=//addlevel -44|调用来源=CLIENT|执行类=fire.pb.gm.GM_addlevel
2026-04-06 19:55:22,012 [mkdb.Worker..28]  WARN gm_robot_autogrant|角色ID=32769|用户ID=9|指令名=addlevel|模式=全量授权
2026-04-06 19:55:22,013 [mkdb.Worker..28]  INFO gm_cmd_end|用户ID=9|角色ID=32769|会话ID=33|指令内容=//addlevel -44|指令名=addlevel|执行类=fire.pb.gm.GM_addlevel|角色名=令狐君博|账号名=mt3robot9|返回码=-4|是否成功=否|耗时(毫秒)=1
2026-04-06 19:55:22,014 [mkdb.Worker..20]  INFO gm_cmd_end|用户ID=6|角色ID=12289|会话ID=36|指令内容=//goto 34 40 1608|指令名=goto|执行类=fire.pb.gm.GM_goto|角色名=岑飞羽|账号名=mt3robot7|返回码=0|是否成功=是|耗时(毫秒)=2
2026-04-06 19:55:23,073 [mkdb.Worker..25]  INFO gm命令开始执行|用户ID=8|角色ID=40961|会话ID=31|指令内容=//gomap 1618|调用来源=CLIENT|执行类=fire.pb.gm.GM_gomap
2026-04-06 19:55:23,073 [mkdb.Worker..25]  WARN gm_robot_autogrant|角色ID=40961|用户ID=8|指令名=gomap|模式=全量授权
2026-04-06 19:55:23,074 [mkdb.Worker..25]  INFO gm_cmd_end|用户ID=8|角色ID=40961|会话ID=31|指令内容=//gomap 1618|指令名=gomap|执行类=fire.pb.gm.GM_gomap|角色名=庞向笛|账号名=mt3robot8|返回码=0|是否成功=是|耗时(毫秒)=1
2026-04-06 19:55:24,085 [mkdb.Worker..23]  INFO gm命令开始执行|用户ID=3|角色ID=28673|会话ID=15|指令内容=//gomap 1615|调用来源=CLIENT|执行类=fire.pb.gm.GM_gomap
2026-04-06 19:55:24,085 [mkdb.Worker..23]  WARN gm_robot_autogrant|角色ID=28673|用户ID=3|指令名=gomap|模式=全量授权
2026-04-06 19:55:24,086 [mkdb.Worker..23]  INFO gm_cmd_end|用户ID=3|角色ID=28673|会话ID=15|指令内容=//gomap 1615|指令名=gomap|执行类=fire.pb.gm.GM_gomap|角色名=肖吉星|账号名=mt3robot4|返回码=0|是否成功=是|耗时(毫秒)=1
2026-04-06 19:55:25,118 [mkdb.Worker..28]  INFO gm命令开始执行|用户ID=9|角色ID=32769|会话ID=33|指令内容=//gomap 1618|调用来源=CLIENT|执行类=fire.pb.gm.GM_gomap
2026-04-06 19:55:25,118 [mkdb.Worker..28]  WARN gm_robot_autogrant|角色ID=32769|用户ID=9|指令名=gomap|模式=全量授权
2026-04-06 19:55:25,119 [mkdb.Worker..28]  INFO gm_cmd_end|用户ID=9|角色ID=32769|会话ID=33|指令内容=//gomap 1618|指令名=gomap|执行类=fire.pb.gm.GM_gomap|角色名=令狐君博|账号名=mt3robot9|返回码=0|是否成功=是|耗时(毫秒)=1
2026-04-06 19:55:27,112 [mkdb.Worker..23]  INFO gm命令开始执行|用户ID=1|角色ID=4097|会话ID=12|指令内容=//gomap 1615|调用来源=CLIENT|执行类=fire.pb.gm.GM_gomap
2026-04-06 19:55:27,112 [mkdb.Worker..23]  WARN gm_robot_autogrant|角色ID=4097|用户ID=1|指令名=gomap|模式=全量授权
2026-04-06 19:55:27,112 [mkdb.Worker..23]  INFO gm_cmd_end|用户ID=1|角色ID=4097|会话ID=12|指令内容=//gomap 1615|指令名=gomap|执行类=fire.pb.gm.GM_gomap|角色名=司马津|账号名=mt3robot1|返回码=0|是否成功=是|耗时(毫秒)=1
2026-04-06 19:55:29,173 [mkdb.Worker..20]  INFO gm命令开始执行|用户ID=10|角色ID=36865|会话ID=21|指令内容=//gomap 1618|调用来源=CLIENT|执行类=fire.pb.gm.GM_gomap
2026-04-06 19:55:29,173 [mkdb.Worker..20]  WARN gm_robot_autogrant|角色ID=36865|用户ID=10|指令名=gomap|模式=全量授权
2026-04-06 19:55:29,174 [mkdb.Worker..20]  INFO gm_cmd_end|用户ID=10|角色ID=36865|会话ID=21|指令内容=//gomap 1618|指令名=gomap|执行类=fire.pb.gm.GM_gomap|角色名=梁力夫|账号名=mt3robot10|返回码=0|是否成功=是|耗时(毫秒)=1
2026-04-06 19:55:30,166 [mkdb.Worker..25]  INFO gm命令开始执行|用户ID=2|角色ID=24577|会话ID=35|指令内容=//gomap 1608|调用来源=CLIENT|执行类=fire.pb.gm.GM_gomap
2026-04-06 19:55:30,166 [mkdb.Worker..25]  WARN gm_robot_autogrant|角色ID=24577|用户ID=2|指令名=gomap|模式=全量授权
2026-04-06 19:55:30,166 [mkdb.Worker..25]  INFO gm_cmd_end|用户ID=2|角色ID=24577|会话ID=35|指令内容=//gomap 1608|指令名=gomap|执行类=fire.pb.gm.GM_gomap|角色名=凤咏思|账号名=mt3robot3|返回码=0|是否成功=是|耗时(毫秒)=0
2026-04-06 19:55:31,224 [mkdb.Worker..23]  INFO gm命令开始执行|用户ID=1|角色ID=4097|会话ID=12|指令内容=//gomap 1608|调用来源=CLIENT|执行类=fire.pb.gm.GM_gomap
2026-04-06 19:55:31,224 [mkdb.Worker..23]  WARN gm_robot_autogrant|角色ID=4097|用户ID=1|指令名=gomap|模式=全量授权
2026-04-06 19:55:31,225 [mkdb.Worker..23]  INFO gm_cmd_end|用户ID=1|角色ID=4097|会话ID=12|指令内容=//gomap 1608|指令名=gomap|执行类=fire.pb.gm.GM_gomap|角色名=司马津|账号名=mt3robot1|返回码=0|是否成功=是|耗时(毫秒)=1
2026-04-06 19:55:35,246 [mkdb.Worker..25]  INFO gm命令开始执行|用户ID=1|角色ID=4097|会话ID=12|指令内容=//gomap 1615|调用来源=CLIENT|执行类=fire.pb.gm.GM_gomap
2026-04-06 19:55:35,246 [mkdb.Worker..25]  WARN gm_robot_autogrant|角色ID=4097|用户ID=1|指令名=gomap|模式=全量授权
2026-04-06 19:55:35,247 [mkdb.Worker..25]  INFO gm_cmd_end|用户ID=1|角色ID=4097|会话ID=12|指令内容=//gomap 1615|指令名=gomap|执行类=fire.pb.gm.GM_gomap|角色名=司马津|账号名=mt3robot1|返回码=0|是否成功=是|耗时(毫秒)=1
2026-04-06 19:55:35,247 [mkdb.Worker..25]  INFO gm命令开始执行|用户ID=3|角色ID=28673|会话ID=15|指令内容=//gomap 1615|调用来源=CLIENT|执行类=fire.pb.gm.GM_gomap
2026-04-06 19:55:35,247 [mkdb.Worker..25]  WARN gm_robot_autogrant|角色ID=28673|用户ID=3|指令名=gomap|模式=全量授权
2026-04-06 19:55:35,247 [mkdb.Worker..25]  INFO gm_cmd_end|用户ID=3|角色ID=28673|会话ID=15|指令内容=//gomap 1615|指令名=gomap|执行类=fire.pb.gm.GM_gomap|角色名=肖吉星|账号名=mt3robot4|返回码=0|是否成功=是|耗时(毫秒)=0
2026-04-06 19:55:36,293 [mkdb.Worker..28]  INFO gm命令开始执行|用户ID=4|角色ID=16385|会话ID=30|指令内容=//gomap 1608|调用来源=CLIENT|执行类=fire.pb.gm.GM_gomap
2026-04-06 19:55:36,293 [mkdb.Worker..28]  WARN gm_robot_autogrant|角色ID=16385|用户ID=4|指令名=gomap|模式=全量授权
2026-04-06 19:55:36,294 [mkdb.Worker..28]  INFO gm_cmd_end|用户ID=4|角色ID=16385|会话ID=30|指令内容=//gomap 1608|指令名=gomap|执行类=fire.pb.gm.GM_gomap|角色名=肖安澜|账号名=mt3robot6|返回码=0|是否成功=是|耗时(毫秒)=1
2026-04-06 19:55:37,299 [mkdb.Worker..26]  INFO gm命令开始执行|用户ID=9|角色ID=32769|会话ID=33|指令内容=//gomap 1618|调用来源=CLIENT|执行类=fire.pb.gm.GM_gomap
2026-04-06 19:55:37,299 [mkdb.Worker..26]  WARN gm_robot_autogrant|角色ID=32769|用户ID=9|指令名=gomap|模式=全量授权
2026-04-06 19:55:37,300 [mkdb.Worker..26]  INFO gm_cmd_end|用户ID=9|角色ID=32769|会话ID=33|指令内容=//gomap 1618|指令名=gomap|执行类=fire.pb.gm.GM_gomap|角色名=令狐君博|账号名=mt3robot9|返回码=0|是否成功=是|耗时(毫秒)=1
2026-04-06 19:55:40,298 [mkdb.Worker..23]  INFO gm命令开始执行|用户ID=4|角色ID=16385|会话ID=30|指令内容=//gomap 1608|调用来源=CLIENT|执行类=fire.pb.gm.GM_gomap
2026-04-06 19:55:40,298 [mkdb.Worker..23]  WARN gm_robot_autogrant|角色ID=16385|用户ID=4|指令名=gomap|模式=全量授权
2026-04-06 19:55:40,298 [mkdb.Worker..23]  INFO gm_cmd_end|用户ID=4|角色ID=16385|会话ID=30|指令内容=//gomap 1608|指令名=gomap|执行类=fire.pb.gm.GM_gomap|角色名=肖安澜|账号名=mt3robot6|返回码=0|是否成功=是|耗时(毫秒)=0
2026-04-06 19:55:43,375 [mkdb.Worker..25]  INFO gm命令开始执行|用户ID=2|角色ID=24577|会话ID=35|指令内容=//gomap 1615|调用来源=CLIENT|执行类=fire.pb.gm.GM_gomap
2026-04-06 19:55:43,375 [mkdb.Worker..28]  INFO gm命令开始执行|用户ID=8|角色ID=40961|会话ID=31|指令内容=//gomap 1618|调用来源=CLIENT|执行类=fire.pb.gm.GM_gomap
2026-04-06 19:55:43,375 [mkdb.Worker..28]  WARN gm_robot_autogrant|角色ID=40961|用户ID=8|指令名=gomap|模式=全量授权
2026-04-06 19:55:43,375 [mkdb.Worker..25]  WARN gm_robot_autogrant|角色ID=24577|用户ID=2|指令名=gomap|模式=全量授权
2026-04-06 19:55:43,376 [mkdb.Worker..28]  INFO gm_cmd_end|用户ID=8|角色ID=40961|会话ID=31|指令内容=//gomap 1618|指令名=gomap|执行类=fire.pb.gm.GM_gomap|角色名=庞向笛|账号名=mt3robot8|返回码=0|是否成功=是|耗时(毫秒)=1
2026-04-06 19:55:43,376 [mkdb.Worker..25]  INFO gm_cmd_end|用户ID=2|角色ID=24577|会话ID=35|指令内容=//gomap 1615|指令名=gomap|执行类=fire.pb.gm.GM_gomap|角色名=凤咏思|账号名=mt3robot3|返回码=0|是否成功=是|耗时(毫秒)=1
2026-04-06 19:55:44,351 [mkdb.Worker..28]  INFO gm命令开始执行|用户ID=6|角色ID=12289|会话ID=36|指令内容=//gomap 1618|调用来源=CLIENT|执行类=fire.pb.gm.GM_gomap
2026-04-06 19:55:44,351 [mkdb.Worker..28]  WARN gm_robot_autogrant|角色ID=12289|用户ID=6|指令名=gomap|模式=全量授权
2026-04-06 19:55:44,351 [mkdb.Worker..28]  INFO gm_cmd_end|用户ID=6|角色ID=12289|会话ID=36|指令内容=//gomap 1618|指令名=gomap|执行类=fire.pb.gm.GM_gomap|角色名=岑飞羽|账号名=mt3robot7|返回码=0|是否成功=是|耗时(毫秒)=0
2026-04-06 19:55:45,415 [mkdb.Worker..26]  INFO gm命令开始执行|用户ID=9|角色ID=32769|会话ID=33|指令内容=//gomap 1619|调用来源=CLIENT|执行类=fire.pb.gm.GM_gomap
2026-04-06 19:55:45,415 [mkdb.Worker..26]  WARN gm_robot_autogrant|角色ID=32769|用户ID=9|指令名=gomap|模式=全量授权
2026-04-06 19:55:45,416 [mkdb.Worker..26]  INFO gm_cmd_end|用户ID=9|角色ID=32769|会话ID=33|指令内容=//gomap 1619|指令名=gomap|执行类=fire.pb.gm.GM_gomap|角色名=令狐君博|账号名=mt3robot9|返回码=0|是否成功=是|耗时(毫秒)=1
2026-04-06 19:55:49,478 [mkdb.Worker..28]  INFO gm命令开始执行|用户ID=9|角色ID=32769|会话ID=33|指令内容=//gomap 1619|调用来源=CLIENT|执行类=fire.pb.gm.GM_gomap
2026-04-06 19:55:49,478 [mkdb.Worker..28]  WARN gm_robot_autogrant|角色ID=32769|用户ID=9|指令名=gomap|模式=全量授权
2026-04-06 19:55:49,479 [mkdb.Worker..28]  INFO gm_cmd_end|用户ID=9|角色ID=32769|会话ID=33|指令内容=//gomap 1619|指令名=gomap|执行类=fire.pb.gm.GM_gomap|角色名=令狐君博|账号名=mt3robot9|返回码=0|是否成功=是|耗时(毫秒)=1
2026-04-06 19:55:51,482 [mkdb.Worker..26]  INFO gm命令开始执行|用户ID=4|角色ID=16385|会话ID=30|指令内容=//gomap 1608|调用来源=CLIENT|执行类=fire.pb.gm.GM_gomap
2026-04-06 19:55:51,482 [mkdb.Worker..26]  WARN gm_robot_autogrant|角色ID=16385|用户ID=4|指令名=gomap|模式=全量授权
2026-04-06 19:55:51,482 [mkdb.Worker..26]  INFO gm_cmd_end|用户ID=4|角色ID=16385|会话ID=30|指令内容=//gomap 1608|指令名=gomap|执行类=fire.pb.gm.GM_gomap|角色名=肖安澜|账号名=mt3robot6|返回码=0|是否成功=是|耗时(毫秒)=1
2026-06-18 01:20:03,277 [main]  INFO GMProcMXBean|Token配置=已配置(43字符)
2026-06-18 13:00:50,717 [main]  INFO GMProcMXBean|Token配置=已配置(43字符)
2026-06-18 23:19:26,920 [mkdb.Worker.procedure.35]  INFO gm_jmx_config|IP白名单数=1|IP列表=[127.0.0.1]|Token配置=已配置(43字符)
2026-06-18 23:19:26,922 [mkdb.Worker.procedure.35]  INFO GMInteface初始化完成|GM开关=false|认证方式=Token+IP白名单|安全建议=启用Token+IP白名单双重验证
2026-06-30 15:03:18,606 [main]  INFO GMProcMXBean|Token配置=已配置(43字符)
2026-06-30 18:13:19,361 [mkdb.Worker.procedure.32]  INFO gm_jmx_config|IP白名单数=1|IP列表=[127.0.0.1]|Token配置=已配置(43字符)
2026-06-30 18:13:19,361 [mkdb.Worker.procedure.32]  INFO GMInteface初始化完成|GM开关=false|认证方式=Token+IP白名单|安全建议=启用Token+IP白名单双重验证
2026-07-05 10:25:07,154 [main]  INFO GMProcMXBean|Token配置=已配置(43字符)
2026-07-05 10:25:57,072 [mkdb.Worker.procedure.40]  INFO gm_jmx_config|IP白名单数=1|IP列表=[127.0.0.1]|Token配置=已配置(43字符)
2026-07-05 10:25:57,072 [mkdb.Worker.procedure.40]  INFO GMInteface初始化完成|GM开关=false|认证方式=Token+IP白名单|安全建议=启用Token+IP白名单双重验证
