e:\mt3\cocos2d-x-2.2.6\external\box2d\proj.win32\debug.win32\vc120.pdb
e:\mt3\cocos2d-x-2.2.6\external\box2d\proj.win32\debug.win32\vc120.idb
e:\mt3\cocos2d-x-2.2.6\external\box2d\proj.win32\debug.win32\b2chainandpolygoncontact.obj
e:\mt3\cocos2d-x-2.2.6\external\box2d\proj.win32\debug.win32\b2circlecontact.obj
e:\mt3\cocos2d-x-2.2.6\external\box2d\proj.win32\debug.win32\b2contact.obj
e:\mt3\cocos2d-x-2.2.6\external\box2d\proj.win32\debug.win32\b2contactsolver.obj
e:\mt3\cocos2d-x-2.2.6\external\box2d\proj.win32\debug.win32\b2edgeandcirclecontact.obj
e:\mt3\cocos2d-x-2.2.6\external\box2d\proj.win32\debug.win32\b2edgeandpolygoncontact.obj
e:\mt3\cocos2d-x-2.2.6\external\box2d\proj.win32\debug.win32\b2polygonandcirclecontact.obj
e:\mt3\cocos2d-x-2.2.6\external\box2d\proj.win32\debug.win32\b2polygoncontact.obj
e:\mt3\cocos2d-x-2.2.6\external\box2d\proj.win32\debug.win32\b2distancejoint.obj
e:\mt3\cocos2d-x-2.2.6\external\box2d\proj.win32\debug.win32\b2frictionjoint.obj
e:\mt3\cocos2d-x-2.2.6\external\box2d\proj.win32\debug.win32\b2gearjoint.obj
e:\mt3\cocos2d-x-2.2.6\external\box2d\proj.win32\debug.win32\b2joint.obj
e:\mt3\cocos2d-x-2.2.6\external\box2d\proj.win32\debug.win32\b2mousejoint.obj
e:\mt3\cocos2d-x-2.2.6\external\box2d\proj.win32\debug.win32\b2prismaticjoint.obj
e:\mt3\cocos2d-x-2.2.6\external\box2d\proj.win32\debug.win32\b2pulleyjoint.obj
e:\mt3\cocos2d-x-2.2.6\external\box2d\proj.win32\debug.win32\b2revolutejoint.obj
e:\mt3\cocos2d-x-2.2.6\external\box2d\proj.win32\debug.win32\b2ropejoint.obj
e:\mt3\cocos2d-x-2.2.6\external\box2d\proj.win32\debug.win32\b2weldjoint.obj
e:\mt3\cocos2d-x-2.2.6\external\box2d\proj.win32\debug.win32\b2wheeljoint.obj
e:\mt3\cocos2d-x-2.2.6\external\box2d\proj.win32\debug.win32\b2rope.obj
e:\mt3\cocos2d-x-2.2.6\external\box2d\proj.win32\debug.win32\b2distance.obj
e:\mt3\cocos2d-x-2.2.6\external\box2d\proj.win32\debug.win32\b2dynamictree.obj
e:\mt3\cocos2d-x-2.2.6\external\box2d\proj.win32\debug.win32\b2timeofimpact.obj
e:\mt3\cocos2d-x-2.2.6\external\box2d\proj.win32\debug.win32\b2chainshape.obj
e:\mt3\cocos2d-x-2.2.6\external\box2d\proj.win32\debug.win32\b2circleshape.obj
e:\mt3\cocos2d-x-2.2.6\external\box2d\proj.win32\debug.win32\b2edgeshape.obj
e:\mt3\cocos2d-x-2.2.6\external\box2d\proj.win32\debug.win32\b2polygonshape.obj
e:\mt3\cocos2d-x-2.2.6\external\box2d\proj.win32\debug.win32\b2blockallocator.obj
e:\mt3\cocos2d-x-2.2.6\external\box2d\proj.win32\debug.win32\b2draw.obj
e:\mt3\cocos2d-x-2.2.6\external\box2d\proj.win32\debug.win32\b2math.obj
e:\mt3\cocos2d-x-2.2.6\external\box2d\proj.win32\debug.win32\b2settings.obj
e:\mt3\cocos2d-x-2.2.6\external\box2d\proj.win32\debug.win32\b2stackallocator.obj
e:\mt3\cocos2d-x-2.2.6\external\box2d\proj.win32\debug.win32\b2timer.obj
e:\mt3\cocos2d-x-2.2.6\external\box2d\proj.win32\debug.win32\b2body.obj
e:\mt3\cocos2d-x-2.2.6\external\box2d\proj.win32\debug.win32\b2contactmanager.obj
e:\mt3\cocos2d-x-2.2.6\external\box2d\proj.win32\debug.win32\b2fixture.obj
e:\mt3\cocos2d-x-2.2.6\external\box2d\proj.win32\debug.win32\b2island.obj
e:\mt3\cocos2d-x-2.2.6\external\box2d\proj.win32\debug.win32\b2world.obj
e:\mt3\cocos2d-x-2.2.6\external\box2d\proj.win32\debug.win32\b2worldcallbacks.obj
e:\mt3\cocos2d-x-2.2.6\external\box2d\proj.win32\debug.win32\b2chainandcirclecontact.obj
e:\mt3\cocos2d-x-2.2.6\external\box2d\proj.win32\debug.win32\b2broadphase.obj
e:\mt3\cocos2d-x-2.2.6\external\box2d\proj.win32\debug.win32\b2collidecircle.obj
e:\mt3\cocos2d-x-2.2.6\external\box2d\proj.win32\debug.win32\b2collideedge.obj
e:\mt3\cocos2d-x-2.2.6\external\box2d\proj.win32\debug.win32\b2collidepolygon.obj
e:\mt3\cocos2d-x-2.2.6\external\box2d\proj.win32\debug.win32\b2collision.obj
e:\mt3\cocos2d-x-2.2.6\debug.win32\libbox2d.lib
e:\mt3\cocos2d-x-2.2.6\external\box2d\proj.win32\debug.win32\libbox2d.tlog\cl.command.1.tlog
e:\mt3\cocos2d-x-2.2.6\external\box2d\proj.win32\debug.win32\libbox2d.tlog\cl.read.1.tlog
e:\mt3\cocos2d-x-2.2.6\external\box2d\proj.win32\debug.win32\libbox2d.tlog\cl.write.1.tlog
e:\mt3\cocos2d-x-2.2.6\external\box2d\proj.win32\debug.win32\libbox2d.tlog\lib-link.read.1.tlog
e:\mt3\cocos2d-x-2.2.6\external\box2d\proj.win32\debug.win32\libbox2d.tlog\lib-link.write.1.tlog
e:\mt3\cocos2d-x-2.2.6\external\box2d\proj.win32\debug.win32\libbox2d.tlog\lib.command.1.tlog
