e:\mt3\tools\ceimageseteditor-0.7.1\vc++9\debug\vc120.pdb
e:\mt3\tools\ceimageseteditor-0.7.1\vc++9\debug\vc120.idb
e:\mt3\tools\ceimageseteditor-0.7.1\vc++9\debug\editordocument.obj
e:\mt3\tools\ceimageseteditor-0.7.1\vc++9\debug\editorframe.obj
e:\mt3\tools\ceimageseteditor-0.7.1\vc++9\debug\editorglcanvas.obj
e:\mt3\tools\ceimageseteditor-0.7.1\vc++9\debug\editorsettings.obj
e:\mt3\tools\ceimageseteditor-0.7.1\vc++9\debug\editorview.obj
e:\mt3\tools\ceimageseteditor-0.7.1\vc++9\debug\elasticbox.obj
e:\mt3\tools\ceimageseteditor-0.7.1\vc++9\debug\elasticboxproperties.obj
e:\mt3\tools\ceimageseteditor-0.7.1\vc++9\debug\elasticboxwindowrenderer.obj
e:\mt3\tools\ceimageseteditor-0.7.1\vc++9\debug\imagesetcache.obj
e:\mt3\tools\ceimageseteditor-0.7.1\vc++9\debug\imagesethandler.obj
e:\mt3\tools\ceimageseteditor-0.7.1\vc++9\debug\looknfeelbrowser.obj
e:\mt3\tools\ceimageseteditor-0.7.1\vc++9\debug\looknfeelparser.obj
e:\mt3\tools\ceimageseteditor-0.7.1\vc++9\debug\looknfeelviewer.obj
e:\mt3\tools\ceimageseteditor-0.7.1\vc++9\debug\ninepatchgenerator.obj
e:\mt3\tools\ceimageseteditor-0.7.1\vc++9\debug\propertiespanel.obj
e:\mt3\tools\ceimageseteditor-0.7.1\vc++9\debug\regionexporter.obj
e:\mt3\tools\ceimageseteditor-0.7.1\vc++9\debug\resourcepathmanager.obj
e:\mt3\tools\ceimageseteditor-0.7.1\vc++9\debug\threepiecegenerator.obj
e:\mt3\tools\ceimageseteditor-0.7.1\vc++9\debug\tiledtexturemanager.obj
e:\mt3\tools\ceimageseteditor-0.7.1\vc++9\debug\wxpathcelleditor.obj
e:\mt3\tools\ceimageseteditor-0.7.1\vc++9\debug\asynctextureloader.obj
e:\mt3\tools\ceimageseteditor-0.7.1\vc++9\debug\autoregiondetector.obj
e:\mt3\tools\ceimageseteditor-0.7.1\vc++9\debug\ceimageseteditor.obj
e:\mt3\tools\ceimageseteditor-0.7.1\vc++9\debug\dialogabout.obj
e:\mt3\tools\ceimageseteditor-0.7.1\vc++9\debug\dialogautodetect.obj
e:\mt3\tools\ceimageseteditor-0.7.1\vc++9\debug\dialogbatchrename.obj
e:\mt3\tools\ceimageseteditor-0.7.1\vc++9\debug\dialogexportregions.obj
e:\mt3\tools\ceimageseteditor-0.7.1\vc++9\debug\dialoggenerateregions.obj
e:\mt3\tools\ceimageseteditor-0.7.1\vc++9\debug\dialoglooknfeelbrowser.obj
e:\mt3\tools\ceimageseteditor-0.7.1\vc++9\debug\dialogresourcegroups.obj
e:\mt3\tools\ceimageseteditor-0.7.1\vc++9\debug\editorcommand.obj
e:\mt3\tools\ceimageseteditor-0.7.1\vc++9\debug\editorcommandhistory.obj
e:\mt3\tools\ceimageseteditor-0.7.1\vc++9\debug\editordocmanager.obj
e:\mt3\tools\ceimageseteditor-0.7.1\bin\debug\ceimageseteditor_d.ilk
e:\mt3\tools\ceimageseteditor-0.7.1\bin\debug\ceimageseteditor_d.exe
e:\mt3\tools\ceimageseteditor-0.7.1\bin\debug\ceimageseteditor_d.pdb
e:\mt3\tools\ceimageseteditor-0.7.1\vc++9\..\bin\debug\ceimageseteditor_d.exe
e:\mt3\tools\ceimageseteditor-0.7.1\vc++9\debug\ceimageseteditor.tlog\cl.command.1.tlog
e:\mt3\tools\ceimageseteditor-0.7.1\vc++9\debug\ceimageseteditor.tlog\cl.read.1.tlog
e:\mt3\tools\ceimageseteditor-0.7.1\vc++9\debug\ceimageseteditor.tlog\cl.write.1.tlog
e:\mt3\tools\ceimageseteditor-0.7.1\vc++9\debug\ceimageseteditor.tlog\link.command.1.tlog
e:\mt3\tools\ceimageseteditor-0.7.1\vc++9\debug\ceimageseteditor.tlog\link.read.1.tlog
e:\mt3\tools\ceimageseteditor-0.7.1\vc++9\debug\ceimageseteditor.tlog\link.write.1.tlog
