e:\mt3\cocos2d-x-2.2.6\cocos2dx\proj.win32\debug.win32\libcocos2d.pch
e:\mt3\cocos2d-x-2.2.6\cocos2dx\proj.win32\debug.win32\vc120.pdb
e:\mt3\cocos2d-x-2.2.6\cocos2dx\proj.win32\debug.win32\vc120.idb
e:\mt3\cocos2d-x-2.2.6\cocos2dx\proj.win32\debug.win32\pch.obj
e:\mt3\cocos2d-x-2.2.6\cocos2dx\proj.win32\debug.win32\cctexturepvr.obj
e:\mt3\cocos2d-x-2.2.6\cocos2dx\proj.win32\debug.win32\ccparallaxnode.obj
e:\mt3\cocos2d-x-2.2.6\cocos2dx\proj.win32\debug.win32\cctilemapatlas.obj
e:\mt3\cocos2d-x-2.2.6\cocos2dx\proj.win32\debug.win32\cctmxlayer.obj
e:\mt3\cocos2d-x-2.2.6\cocos2dx\proj.win32\debug.win32\cctmxobjectgroup.obj
e:\mt3\cocos2d-x-2.2.6\cocos2dx\proj.win32\debug.win32\cctmxtiledmap.obj
e:\mt3\cocos2d-x-2.2.6\cocos2dx\proj.win32\debug.win32\cctmxxmlparser.obj
e:\mt3\cocos2d-x-2.2.6\cocos2dx\proj.win32\debug.win32\cctouch.obj
e:\mt3\cocos2d-x-2.2.6\cocos2dx\proj.win32\debug.win32\cctouchdispatcher.obj
e:\mt3\cocos2d-x-2.2.6\cocos2dx\proj.win32\debug.win32\cctouchhandler.obj
e:\mt3\cocos2d-x-2.2.6\cocos2dx\proj.win32\debug.win32\cckeypaddelegate.obj
e:\mt3\cocos2d-x-2.2.6\cocos2dx\proj.win32\debug.win32\cckeypaddispatcher.obj
e:\mt3\cocos2d-x-2.2.6\cocos2dx\proj.win32\debug.win32\ccimedispatcher.obj
e:\mt3\cocos2d-x-2.2.6\cocos2dx\proj.win32\debug.win32\cctextfieldttf.obj
e:\mt3\cocos2d-x-2.2.6\cocos2dx\proj.win32\debug.win32\ccscriptsupport.obj
e:\mt3\cocos2d-x-2.2.6\cocos2dx\proj.win32\debug.win32\cccamera.obj
e:\mt3\cocos2d-x-2.2.6\cocos2dx\proj.win32\debug.win32\ccconfiguration.obj
e:\mt3\cocos2d-x-2.2.6\cocos2dx\proj.win32\debug.win32\ccdirector.obj
e:\mt3\cocos2d-x-2.2.6\cocos2dx\proj.win32\debug.win32\ccscheduler.obj
e:\mt3\cocos2d-x-2.2.6\cocos2dx\proj.win32\debug.win32\cocos2d.obj
e:\mt3\cocos2d-x-2.2.6\cocos2dx\proj.win32\debug.win32\ccpointextension.obj
e:\mt3\cocos2d-x-2.2.6\cocos2dx\proj.win32\debug.win32\ccprofiling.obj
e:\mt3\cocos2d-x-2.2.6\cocos2dx\proj.win32\debug.win32\ccutf8.obj
e:\mt3\cocos2d-x-2.2.6\cocos2dx\proj.win32\debug.win32\ccutils.obj
e:\mt3\cocos2d-x-2.2.6\cocos2dx\proj.win32\debug.win32\ccvertex.obj
e:\mt3\cocos2d-x-2.2.6\cocos2dx\proj.win32\debug.win32\cccomponent.obj
e:\mt3\cocos2d-x-2.2.6\cocos2dx\proj.win32\debug.win32\cccomponentcontainer.obj
e:\mt3\cocos2d-x-2.2.6\cocos2dx\proj.win32\debug.win32\tinyxml2.obj
e:\mt3\cocos2d-x-2.2.6\cocos2dx\proj.win32\debug.win32\transformutils.obj
e:\mt3\cocos2d-x-2.2.6\cocos2dx\proj.win32\debug.win32\cccarray.obj
e:\mt3\cocos2d-x-2.2.6\cocos2dx\proj.win32\debug.win32\ogreddscodec.obj
e:\mt3\cocos2d-x-2.2.6\cocos2dx\proj.win32\debug.win32\tgalib.obj
e:\mt3\cocos2d-x-2.2.6\cocos2dx\proj.win32\debug.win32\ccuserdefault.obj
e:\mt3\cocos2d-x-2.2.6\cocos2dx\proj.win32\debug.win32\ioapi.obj
e:\mt3\cocos2d-x-2.2.6\cocos2dx\proj.win32\debug.win32\unzip.obj
e:\mt3\cocos2d-x-2.2.6\cocos2dx\proj.win32\debug.win32\ziputils.obj
e:\mt3\cocos2d-x-2.2.6\cocos2dx\proj.win32\debug.win32\cctexture2d.obj
e:\mt3\cocos2d-x-2.2.6\cocos2dx\proj.win32\debug.win32\cctextureatlas.obj
e:\mt3\cocos2d-x-2.2.6\cocos2dx\proj.win32\debug.win32\cctexturecache.obj
e:\mt3\cocos2d-x-2.2.6\cocos2dx\proj.win32\debug.win32\cctextureetc.obj
e:\mt3\cocos2d-x-2.2.6\cocos2dx\proj.win32\debug.win32\ccaccelerometer.obj
e:\mt3\cocos2d-x-2.2.6\cocos2dx\proj.win32\debug.win32\ccapplication.obj
e:\mt3\cocos2d-x-2.2.6\cocos2dx\proj.win32\debug.win32\cccommon.obj
e:\mt3\cocos2d-x-2.2.6\cocos2dx\proj.win32\debug.win32\ccdevice.obj
e:\mt3\cocos2d-x-2.2.6\cocos2dx\proj.win32\debug.win32\cceglview.obj
e:\mt3\cocos2d-x-2.2.6\cocos2dx\proj.win32\debug.win32\ccfileutilswin32.obj
e:\mt3\cocos2d-x-2.2.6\cocos2dx\proj.win32\debug.win32\ccimage.obj
e:\mt3\cocos2d-x-2.2.6\cocos2dx\proj.win32\debug.win32\ccstdc.obj
e:\mt3\cocos2d-x-2.2.6\cocos2dx\proj.win32\debug.win32\ccglprogram.obj
e:\mt3\cocos2d-x-2.2.6\cocos2dx\proj.win32\debug.win32\ccglstatecache.obj
e:\mt3\cocos2d-x-2.2.6\cocos2dx\proj.win32\debug.win32\ccshadercache.obj
e:\mt3\cocos2d-x-2.2.6\cocos2dx\proj.win32\debug.win32\ccshaders.obj
e:\mt3\cocos2d-x-2.2.6\cocos2dx\proj.win32\debug.win32\ccanimation.obj
e:\mt3\cocos2d-x-2.2.6\cocos2dx\proj.win32\debug.win32\ccanimationcache.obj
e:\mt3\cocos2d-x-2.2.6\cocos2dx\proj.win32\debug.win32\ccsprite.obj
e:\mt3\cocos2d-x-2.2.6\cocos2dx\proj.win32\debug.win32\ccspritebatchnode.obj
e:\mt3\cocos2d-x-2.2.6\cocos2dx\proj.win32\debug.win32\ccspriteframe.obj
e:\mt3\cocos2d-x-2.2.6\cocos2dx\proj.win32\debug.win32\ccspriteframecache.obj
e:\mt3\cocos2d-x-2.2.6\cocos2dx\proj.win32\debug.win32\base64.obj
e:\mt3\cocos2d-x-2.2.6\cocos2dx\proj.win32\debug.win32\ccnotificationcenter.obj
e:\mt3\cocos2d-x-2.2.6\cocos2dx\proj.win32\debug.win32\ccscene.obj
e:\mt3\cocos2d-x-2.2.6\cocos2dx\proj.win32\debug.win32\cctransition.obj
e:\mt3\cocos2d-x-2.2.6\cocos2dx\proj.win32\debug.win32\cctransitionpageturn.obj
e:\mt3\cocos2d-x-2.2.6\cocos2dx\proj.win32\debug.win32\cctransitionprogress.obj
e:\mt3\cocos2d-x-2.2.6\cocos2dx\proj.win32\debug.win32\ccmenu.obj
e:\mt3\cocos2d-x-2.2.6\cocos2dx\proj.win32\debug.win32\ccmenuitem.obj
e:\mt3\cocos2d-x-2.2.6\cocos2dx\proj.win32\debug.win32\ccclippingnode.obj
e:\mt3\cocos2d-x-2.2.6\cocos2dx\proj.win32\debug.win32\ccmotionstreak.obj
e:\mt3\cocos2d-x-2.2.6\cocos2dx\proj.win32\debug.win32\ccprogresstimer.obj
e:\mt3\cocos2d-x-2.2.6\cocos2dx\proj.win32\debug.win32\ccrendertexture.obj
e:\mt3\cocos2d-x-2.2.6\cocos2dx\proj.win32\debug.win32\ccparticlebatchnode.obj
e:\mt3\cocos2d-x-2.2.6\cocos2dx\proj.win32\debug.win32\ccparticleexamples.obj
e:\mt3\cocos2d-x-2.2.6\cocos2dx\proj.win32\debug.win32\ccparticlesystem.obj
e:\mt3\cocos2d-x-2.2.6\cocos2dx\proj.win32\debug.win32\ccparticlesystemquad.obj
e:\mt3\cocos2d-x-2.2.6\cocos2dx\proj.win32\debug.win32\cceglviewprotocol.obj
e:\mt3\cocos2d-x-2.2.6\cocos2dx\proj.win32\debug.win32\ccfileutils.obj
e:\mt3\cocos2d-x-2.2.6\cocos2dx\proj.win32\debug.win32\ccimagecommonwebp.obj
e:\mt3\cocos2d-x-2.2.6\cocos2dx\proj.win32\debug.win32\ccsaxparser.obj
e:\mt3\cocos2d-x-2.2.6\cocos2dx\proj.win32\debug.win32\ccthread.obj
e:\mt3\cocos2d-x-2.2.6\cocos2dx\proj.win32\debug.win32\platform.obj
e:\mt3\cocos2d-x-2.2.6\cocos2dx\proj.win32\debug.win32\ccdrawnode.obj
e:\mt3\cocos2d-x-2.2.6\cocos2dx\proj.win32\debug.win32\ccgrabber.obj
e:\mt3\cocos2d-x-2.2.6\cocos2dx\proj.win32\debug.win32\ccgrid.obj
e:\mt3\cocos2d-x-2.2.6\cocos2dx\proj.win32\debug.win32\ccaction.obj
e:\mt3\cocos2d-x-2.2.6\cocos2dx\proj.win32\debug.win32\ccactioncamera.obj
e:\mt3\cocos2d-x-2.2.6\cocos2dx\proj.win32\debug.win32\ccactioncatmullrom.obj
e:\mt3\cocos2d-x-2.2.6\cocos2dx\proj.win32\debug.win32\ccactionease.obj
e:\mt3\cocos2d-x-2.2.6\cocos2dx\proj.win32\debug.win32\ccactiongrid.obj
e:\mt3\cocos2d-x-2.2.6\cocos2dx\proj.win32\debug.win32\ccactiongrid3d.obj
e:\mt3\cocos2d-x-2.2.6\cocos2dx\proj.win32\debug.win32\ccactioninstant.obj
e:\mt3\cocos2d-x-2.2.6\cocos2dx\proj.win32\debug.win32\ccactioninterval.obj
e:\mt3\cocos2d-x-2.2.6\cocos2dx\proj.win32\debug.win32\ccactionmanager.obj
e:\mt3\cocos2d-x-2.2.6\cocos2dx\proj.win32\debug.win32\ccactionpageturn3d.obj
e:\mt3\cocos2d-x-2.2.6\cocos2dx\proj.win32\debug.win32\ccactionprogresstimer.obj
e:\mt3\cocos2d-x-2.2.6\cocos2dx\proj.win32\debug.win32\ccactiontiledgrid.obj
e:\mt3\cocos2d-x-2.2.6\cocos2dx\proj.win32\debug.win32\ccactiontween.obj
e:\mt3\cocos2d-x-2.2.6\cocos2dx\proj.win32\debug.win32\cclabelatlas.obj
e:\mt3\cocos2d-x-2.2.6\cocos2dx\proj.win32\debug.win32\cclabelbmfont.obj
e:\mt3\cocos2d-x-2.2.6\cocos2dx\proj.win32\debug.win32\cclabelttf.obj
e:\mt3\cocos2d-x-2.2.6\cocos2dx\proj.win32\debug.win32\cclayer.obj
e:\mt3\cocos2d-x-2.2.6\cocos2dx\proj.win32\debug.win32\ccatlasnode.obj
e:\mt3\cocos2d-x-2.2.6\cocos2dx\proj.win32\debug.win32\ccnode.obj
e:\mt3\cocos2d-x-2.2.6\cocos2dx\proj.win32\debug.win32\ccaffinetransform.obj
e:\mt3\cocos2d-x-2.2.6\cocos2dx\proj.win32\debug.win32\ccarray.obj
e:\mt3\cocos2d-x-2.2.6\cocos2dx\proj.win32\debug.win32\ccautoreleasepool.obj
e:\mt3\cocos2d-x-2.2.6\cocos2dx\proj.win32\debug.win32\ccdatavisitor.obj
e:\mt3\cocos2d-x-2.2.6\cocos2dx\proj.win32\debug.win32\ccdictionary.obj
e:\mt3\cocos2d-x-2.2.6\cocos2dx\proj.win32\debug.win32\ccgeometry.obj
e:\mt3\cocos2d-x-2.2.6\cocos2dx\proj.win32\debug.win32\ccns.obj
e:\mt3\cocos2d-x-2.2.6\cocos2dx\proj.win32\debug.win32\ccobject.obj
e:\mt3\cocos2d-x-2.2.6\cocos2dx\proj.win32\debug.win32\ccset.obj
e:\mt3\cocos2d-x-2.2.6\cocos2dx\proj.win32\debug.win32\ccstring.obj
e:\mt3\cocos2d-x-2.2.6\cocos2dx\proj.win32\debug.win32\cczone.obj
e:\mt3\cocos2d-x-2.2.6\cocos2dx\proj.win32\debug.win32\ccdrawingprimitives.obj
e:\mt3\cocos2d-x-2.2.6\cocos2dx\proj.win32\debug.win32\ccfpsimages.obj
e:\mt3\cocos2d-x-2.2.6\cocos2dx\proj.win32\debug.win32\aabb.obj
e:\mt3\cocos2d-x-2.2.6\cocos2dx\proj.win32\debug.win32\mat3.obj
e:\mt3\cocos2d-x-2.2.6\cocos2dx\proj.win32\debug.win32\mat4.obj
e:\mt3\cocos2d-x-2.2.6\cocos2dx\proj.win32\debug.win32\neon_matrix_impl.obj
e:\mt3\cocos2d-x-2.2.6\cocos2dx\proj.win32\debug.win32\plane.obj
e:\mt3\cocos2d-x-2.2.6\cocos2dx\proj.win32\debug.win32\quaternion.obj
e:\mt3\cocos2d-x-2.2.6\cocos2dx\proj.win32\debug.win32\ray2.obj
e:\mt3\cocos2d-x-2.2.6\cocos2dx\proj.win32\debug.win32\utility.obj
e:\mt3\cocos2d-x-2.2.6\cocos2dx\proj.win32\debug.win32\vec2.obj
e:\mt3\cocos2d-x-2.2.6\cocos2dx\proj.win32\debug.win32\vec3.obj
e:\mt3\cocos2d-x-2.2.6\cocos2dx\proj.win32\debug.win32\vec4.obj
e:\mt3\cocos2d-x-2.2.6\cocos2dx\proj.win32\debug.win32\mat4stack.obj
e:\mt3\cocos2d-x-2.2.6\cocos2dx\proj.win32\debug.win32\matrix.obj
e:\mt3\cocos2d-x-2.2.6\debug.win32\libcocos2d.lib
e:\mt3\cocos2d-x-2.2.6\debug.win32\libcocos2d.exp
e:\mt3\cocos2d-x-2.2.6\debug.win32\libcocos2d.dll
e:\mt3\cocos2d-x-2.2.6\debug.win32\libcocos2d.pdb
e:\mt3\cocos2d-x-2.2.6\cocos2dx\proj.win32\debug.win32\libcocos2d.tlog\cl.command.1.tlog
e:\mt3\cocos2d-x-2.2.6\cocos2dx\proj.win32\debug.win32\libcocos2d.tlog\cl.read.1.tlog
e:\mt3\cocos2d-x-2.2.6\cocos2dx\proj.win32\debug.win32\libcocos2d.tlog\cl.write.1.tlog
e:\mt3\cocos2d-x-2.2.6\cocos2dx\proj.win32\debug.win32\libcocos2d.tlog\libcocos2d.write.1u.tlog
e:\mt3\cocos2d-x-2.2.6\cocos2dx\proj.win32\debug.win32\libcocos2d.tlog\link.command.1.tlog
e:\mt3\cocos2d-x-2.2.6\cocos2dx\proj.win32\debug.win32\libcocos2d.tlog\link.read.1.tlog
e:\mt3\cocos2d-x-2.2.6\cocos2dx\proj.win32\debug.win32\libcocos2d.tlog\link.write.1.tlog
