20/06/2014 14:54:43 (Std) 	+-+-+-+-+-+-+-+-+-+-+-+-+-+-+-+-+-+-+-+-+-+-+-+-+-+-+-+-+-+-+-+-+-+-+-+-+-+-+-+
20/06/2014 14:54:43 (Std) 	+                     Crazy Eddie's GUI System - Event log                    +
20/06/2014 14:54:43 (Std) 	+                          (http://www.cegui.org.uk/)                         +
20/06/2014 14:54:43 (Std) 	+-+-+-+-+-+-+-+-+-+-+-+-+-+-+-+-+-+-+-+-+-+-+-+-+-+-+-+-+-+-+-+-+-+-+-+-+-+-+-+

20/06/2014 14:54:43 (Std) 	CEGUI::Logger singleton created. (042BD820)
20/06/2014 14:54:43 (Std) 	
20/06/2014 14:54:43 (Std) 	********************************************************************************
20/06/2014 14:54:43 (Std) 	* Important:                                                                   *
20/06/2014 14:54:43 (Std) 	*     To get support at the CEGUI forums, you must post _at least_ the section *
20/06/2014 14:54:43 (Std) 	*     of this log file indicated below.  Failure to do this will result in no  *
20/06/2014 14:54:43 (Std) 	*     support being given; please do not waste our time.                       *
20/06/2014 14:54:43 (Std) 	********************************************************************************
20/06/2014 14:54:43 (Std) 	********************************************************************************
20/06/2014 14:54:43 (Std) 	* -------- START OF ESSENTIAL SECTION TO BE POSTED ON THE FORUM       -------- *
20/06/2014 14:54:43 (Std) 	********************************************************************************
20/06/2014 14:54:43 (Std) 	---- Version 0.7.9 (Build: Jun 20 2014 Debug Microsoft Windows MSVC++ 10.0 32 bit) ----
20/06/2014 14:54:43 (Std) 	---- Renderer module is: CEGUI::Direct3D9Renderer - Official Direct3D 9 based 2nd generation renderer module. ----
20/06/2014 14:54:43 (Std) 	---- XML Parser module is: CEGUI::ExpatParser - Official expat based parser module for CEGUI ----
20/06/2014 14:54:43 (Std) 	---- Image Codec module is: SILLYImageCodec - Official SILLY based image codec ----
20/06/2014 14:54:43 (Std) 	---- Scripting module is: None ----
20/06/2014 14:54:43 (Std) 	********************************************************************************
20/06/2014 14:54:43 (Std) 	* -------- END OF ESSENTIAL SECTION TO BE POSTED ON THE FORUM         -------- *
20/06/2014 14:54:43 (Std) 	********************************************************************************
20/06/2014 14:54:43 (Std) 	
20/06/2014 14:54:43 (Std) 	---- Begining CEGUI System initialisation ----
20/06/2014 14:54:43 (Std) 	CEGUI::ImagesetManager singleton created (042BEBD0)
20/06/2014 14:54:43 (Std) 	CEGUI::FontManager singleton created. (042BDF18)
20/06/2014 14:54:43 (Std) 	CEGUI::WindowFactoryManager singleton created
20/06/2014 14:54:43 (Std) 	CEGUI::WindowManager singleton created (042BF130)
20/06/2014 14:54:43 (Std) 	CEGUI::SchemeManager singleton created. (042C0758)
20/06/2014 14:54:43 (Std) 	CEGUI::MouseCursor singleton created. (042C0A00)
20/06/2014 14:54:43 (Std) 	CEGUI::GlobalEventSet singleton created. (042B4480)
20/06/2014 14:54:43 (Std) 	CEGUI::AnimationManager singleton created (042C06C8)
20/06/2014 14:54:43 (Std) 	CEGUI::WidgetLookManager singleton created. (042BD7E0)
20/06/2014 14:54:43 (Std) 	CEGUI::WindowRendererManager singleton created (04A5BC70)
20/06/2014 14:54:43 (Std) 	CEGUI::RenderEffectManager singleton created (042C3530)
20/06/2014 14:54:43 (Std) 	Created WindowFactory for 'DefaultWindow' windows.
20/06/2014 14:54:43 (Std) 	WindowFactory for 'DefaultWindow' windows added. (042C3950)
20/06/2014 14:54:43 (Std) 	Created WindowFactory for 'DragContainer' windows.
20/06/2014 14:54:43 (Std) 	WindowFactory for 'DragContainer' windows added. (042C3F20)
20/06/2014 14:54:43 (Std) 	Created WindowFactory for 'ScrolledContainer' windows.
20/06/2014 14:54:43 (Std) 	WindowFactory for 'ScrolledContainer' windows added. (042C3850)
20/06/2014 14:54:43 (Std) 	Created WindowFactory for 'ClippedContainer' windows.
20/06/2014 14:54:43 (Std) 	WindowFactory for 'ClippedContainer' windows added. (042C3AA8)
20/06/2014 14:54:43 (Std) 	Created WindowFactory for 'CEGUI/Checkbox' windows.
20/06/2014 14:54:43 (Std) 	WindowFactory for 'CEGUI/Checkbox' windows added. (042C3B70)
20/06/2014 14:54:43 (Std) 	Created WindowFactory for 'CEGUI/PushButton' windows.
20/06/2014 14:54:43 (Std) 	WindowFactory for 'CEGUI/PushButton' windows added. (042C3C38)
20/06/2014 14:54:43 (Std) 	Created WindowFactory for 'CEGUI/RadioButton' windows.
20/06/2014 14:54:43 (Std) 	WindowFactory for 'CEGUI/RadioButton' windows added. (042C3D00)
20/06/2014 14:54:43 (Std) 	Created WindowFactory for 'CEGUI/Combobox' windows.
20/06/2014 14:54:43 (Std) 	WindowFactory for 'CEGUI/Combobox' windows added. (042C3DC8)
20/06/2014 14:54:43 (Std) 	Created WindowFactory for 'CEGUI/ComboDropList' windows.
20/06/2014 14:54:43 (Std) 	WindowFactory for 'CEGUI/ComboDropList' windows added. (042C3FE8)
20/06/2014 14:54:43 (Std) 	Created WindowFactory for 'CEGUI/Editbox' windows.
20/06/2014 14:54:43 (Std) 	WindowFactory for 'CEGUI/Editbox' windows added. (042C40B0)
20/06/2014 14:54:43 (Std) 	Created WindowFactory for 'CEGUI/FrameWindow' windows.
20/06/2014 14:54:43 (Std) 	WindowFactory for 'CEGUI/FrameWindow' windows added. (042C4178)
20/06/2014 14:54:43 (Std) 	Created WindowFactory for 'CEGUI/ItemEntry' windows.
20/06/2014 14:54:43 (Std) 	WindowFactory for 'CEGUI/ItemEntry' windows added. (042C4240)
20/06/2014 14:54:43 (Std) 	Created WindowFactory for 'CEGUI/Listbox' windows.
20/06/2014 14:54:43 (Std) 	WindowFactory for 'CEGUI/Listbox' windows added. (042C4308)
20/06/2014 14:54:43 (Std) 	Created WindowFactory for 'CEGUI/ListHeader' windows.
20/06/2014 14:54:43 (Std) 	WindowFactory for 'CEGUI/ListHeader' windows added. (042C43D0)
20/06/2014 14:54:43 (Std) 	Created WindowFactory for 'CEGUI/ListHeaderSegment' windows.
20/06/2014 14:54:43 (Std) 	WindowFactory for 'CEGUI/ListHeaderSegment' windows added. (042C4498)
20/06/2014 14:54:43 (Std) 	Created WindowFactory for 'CEGUI/Menubar' windows.
20/06/2014 14:54:43 (Std) 	WindowFactory for 'CEGUI/Menubar' windows added. (042C4638)
20/06/2014 14:54:43 (Std) 	Created WindowFactory for 'CEGUI/PopupMenu' windows.
20/06/2014 14:54:43 (Std) 	WindowFactory for 'CEGUI/PopupMenu' windows added. (042C4700)
20/06/2014 14:54:43 (Std) 	Created WindowFactory for 'CEGUI/MenuItem' windows.
20/06/2014 14:54:43 (Std) 	WindowFactory for 'CEGUI/MenuItem' windows added. (042C47C8)
20/06/2014 14:54:43 (Std) 	Created WindowFactory for 'CEGUI/MultiColumnList' windows.
20/06/2014 14:54:43 (Std) 	WindowFactory for 'CEGUI/MultiColumnList' windows added. (042C4890)
20/06/2014 14:54:43 (Std) 	Created WindowFactory for 'CEGUI/MultiLineEditbox' windows.
20/06/2014 14:54:43 (Std) 	WindowFactory for 'CEGUI/MultiLineEditbox' windows added. (042C4958)
20/06/2014 14:54:43 (Std) 	Created WindowFactory for 'CEGUI/ProgressBar' windows.
20/06/2014 14:54:43 (Std) 	WindowFactory for 'CEGUI/ProgressBar' windows added. (042C4A20)
20/06/2014 14:54:43 (Std) 	Created WindowFactory for 'CEGUI/ScrollablePane' windows.
20/06/2014 14:54:43 (Std) 	WindowFactory for 'CEGUI/ScrollablePane' windows added. (042C4AE8)
20/06/2014 14:54:43 (Std) 	Created WindowFactory for 'CEGUI/Scrollbar' windows.
20/06/2014 14:54:43 (Std) 	WindowFactory for 'CEGUI/Scrollbar' windows added. (042C4BB0)
20/06/2014 14:54:43 (Std) 	Created WindowFactory for 'CEGUI/Slider' windows.
20/06/2014 14:54:43 (Std) 	WindowFactory for 'CEGUI/Slider' windows added. (042C4C78)
20/06/2014 14:54:43 (Std) 	Created WindowFactory for 'CEGUI/Spinner' windows.
20/06/2014 14:54:43 (Std) 	WindowFactory for 'CEGUI/Spinner' windows added. (042C4D40)
20/06/2014 14:54:43 (Std) 	Created WindowFactory for 'CEGUI/TabButton' windows.
20/06/2014 14:54:43 (Std) 	WindowFactory for 'CEGUI/TabButton' windows added. (042C4E08)
20/06/2014 14:54:43 (Std) 	Created WindowFactory for 'CEGUI/TabControl' windows.
20/06/2014 14:54:43 (Std) 	WindowFactory for 'CEGUI/TabControl' windows added. (042C4ED0)
20/06/2014 14:54:43 (Std) 	Created WindowFactory for 'CEGUI/Thumb' windows.
20/06/2014 14:54:43 (Std) 	WindowFactory for 'CEGUI/Thumb' windows added. (042C4F98)
20/06/2014 14:54:43 (Std) 	Created WindowFactory for 'CEGUI/Titlebar' windows.
20/06/2014 14:54:43 (Std) 	WindowFactory for 'CEGUI/Titlebar' windows added. (042C5128)
20/06/2014 14:54:43 (Std) 	Created WindowFactory for 'CEGUI/Tooltip' windows.
20/06/2014 14:54:43 (Std) 	WindowFactory for 'CEGUI/Tooltip' windows added. (042C5060)
20/06/2014 14:54:43 (Std) 	Created WindowFactory for 'CEGUI/ItemListbox' windows.
20/06/2014 14:54:43 (Std) 	WindowFactory for 'CEGUI/ItemListbox' windows added. (042C51F0)
20/06/2014 14:54:43 (Std) 	Created WindowFactory for 'CEGUI/GroupBox' windows.
20/06/2014 14:54:43 (Std) 	WindowFactory for 'CEGUI/GroupBox' windows added. (042C52B8)
20/06/2014 14:54:43 (Std) 	Created WindowFactory for 'CEGUI/Tree' windows.
20/06/2014 14:54:43 (Std) 	WindowFactory for 'CEGUI/Tree' windows added. (042C5380)
20/06/2014 14:54:43 (Std) 	Created WindowFactory for 'HorizontalLayoutContainer' windows.
20/06/2014 14:54:43 (Std) 	WindowFactory for 'HorizontalLayoutContainer' windows added. (042C5510)
20/06/2014 14:54:43 (Std) 	Created WindowFactory for 'VerticalLayoutContainer' windows.
20/06/2014 14:54:43 (Std) 	WindowFactory for 'VerticalLayoutContainer' windows added. (042C5448)
20/06/2014 14:54:43 (Std) 	Created WindowFactory for 'GridLayoutContainer' windows.
20/06/2014 14:54:43 (Std) 	WindowFactory for 'GridLayoutContainer' windows added. (042C55D8)
20/06/2014 14:54:43 (Std) 	Window type alias named 'DefaultGUISheet' added for window type 'DefaultWindow'.
20/06/2014 14:54:43 (Std) 	CEGUI::System singleton created. (042BCAD0)
20/06/2014 14:54:43 (Std) 	---- CEGUI System initialisation completed ----
20/06/2014 14:54:43 (Std) 	
20/06/2014 14:54:43 (Std) 	Attempting to create Imageset 'cegui_logo' using image file 'logo.png'.
20/06/2014 14:54:43 (Std) 	---- Scripting module is now: CEGUI::LuaScriptModule - Official Lua based scripting module for CEGUI ----
20/06/2014 14:54:43 (Std) 	---- Creating Lua bindings ----
20/06/2014 14:54:43 (Std) 	Started creation of Scheme from XML specification:
20/06/2014 14:54:43 (Std) 	---- CEGUI GUIScheme name: TaharezLook
20/06/2014 14:54:43 (Info) 	Finished creation of GUIScheme 'TaharezLook' via XML file. (08878A60)
20/06/2014 14:54:43 (Info) 	---- Begining resource loading for GUI scheme 'TaharezLook' ----
20/06/2014 14:54:43 (Std) 	Started creation of Imageset from XML specification:
20/06/2014 14:54:43 (Std) 	---- CEGUI Imageset name: TaharezLook
20/06/2014 14:54:43 (Std) 	---- Source texture file: TaharezLook.tga in resource group: (Default)
20/06/2014 14:54:43 (Info) 	Finished creation of Imageset 'TaharezLook' via XML file. (08889A58)
20/06/2014 14:54:43 (Std) 	Started creation of Font from XML specification:
20/06/2014 14:54:43 (Std) 	---- CEGUI font name: test_chinese_fnt
20/06/2014 14:54:43 (Std) 	----       Font type: FreeType
20/06/2014 14:54:43 (Std) 	----     Source file: simhei.ttf in resource group: (Default)
20/06/2014 14:54:43 (Std) 	---- Real point size: 12
20/06/2014 14:54:45 (Info) 	Successfully loaded 28522 glyphs
20/06/2014 14:54:45 (Info) 	Finished creation of Font 'test_chinese_fnt' via XML file. (0882DFA0)
20/06/2014 14:54:45 (Std) 	===== Falagard 'root' element: look and feel parsing begins =====
20/06/2014 14:54:45 (Info) 	---> Start of definition for widget look 'TaharezLook/Button'.
20/06/2014 14:54:45 (Info) 	---< End of definition for widget look 'TaharezLook/Button'.
20/06/2014 14:54:45 (Info) 	---> Start of definition for widget look 'TaharezLook/RadioButton'.
20/06/2014 14:54:45 (Info) 	---< End of definition for widget look 'TaharezLook/RadioButton'.
20/06/2014 14:54:45 (Info) 	---> Start of definition for widget look 'TaharezLook/Checkbox'.
20/06/2014 14:54:45 (Info) 	---< End of definition for widget look 'TaharezLook/Checkbox'.
20/06/2014 14:54:45 (Info) 	---> Start of definition for widget look 'TaharezLook/Editbox'.
20/06/2014 14:54:45 (Info) 	---< End of definition for widget look 'TaharezLook/Editbox'.
20/06/2014 14:54:45 (Info) 	---> Start of definition for widget look 'TaharezLook/Titlebar'.
20/06/2014 14:54:45 (Info) 	---< End of definition for widget look 'TaharezLook/Titlebar'.
20/06/2014 14:54:45 (Info) 	---> Start of definition for widget look 'TaharezLook/FrameWindow'.
20/06/2014 14:54:45 (Info) 	---< End of definition for widget look 'TaharezLook/FrameWindow'.
20/06/2014 14:54:45 (Info) 	---> Start of definition for widget look 'TaharezLook/GroupBox'.
20/06/2014 14:54:45 (Info) 	---< End of definition for widget look 'TaharezLook/GroupBox'.
20/06/2014 14:54:45 (Info) 	---> Start of definition for widget look 'TaharezLook/ProgressBar'.
20/06/2014 14:54:45 (Info) 	---< End of definition for widget look 'TaharezLook/ProgressBar'.
20/06/2014 14:54:45 (Info) 	---> Start of definition for widget look 'TaharezLook/AltProgressBar'.
20/06/2014 14:54:45 (Info) 	---< End of definition for widget look 'TaharezLook/AltProgressBar'.
20/06/2014 14:54:45 (Info) 	---> Start of definition for widget look 'TaharezLook/VUMeter'.
20/06/2014 14:54:45 (Info) 	---< End of definition for widget look 'TaharezLook/VUMeter'.
20/06/2014 14:54:45 (Info) 	---> Start of definition for widget look 'TaharezLook/SliderThumb'.
20/06/2014 14:54:45 (Info) 	---< End of definition for widget look 'TaharezLook/SliderThumb'.
20/06/2014 14:54:45 (Info) 	---> Start of definition for widget look 'TaharezLook/Slider'.
20/06/2014 14:54:45 (Info) 	---< End of definition for widget look 'TaharezLook/Slider'.
20/06/2014 14:54:45 (Info) 	---> Start of definition for widget look 'TaharezLook/HorizontalScrollbarThumb'.
20/06/2014 14:54:45 (Info) 	---< End of definition for widget look 'TaharezLook/HorizontalScrollbarThumb'.
20/06/2014 14:54:45 (Info) 	---> Start of definition for widget look 'TaharezLook/HorizontalScrollbar'.
20/06/2014 14:54:45 (Info) 	---< End of definition for widget look 'TaharezLook/HorizontalScrollbar'.
20/06/2014 14:54:45 (Info) 	---> Start of definition for widget look 'TaharezLook/VerticalScrollbarThumb'.
20/06/2014 14:54:45 (Info) 	---< End of definition for widget look 'TaharezLook/VerticalScrollbarThumb'.
20/06/2014 14:54:45 (Info) 	---> Start of definition for widget look 'TaharezLook/VerticalScrollbar'.
20/06/2014 14:54:45 (Info) 	---< End of definition for widget look 'TaharezLook/VerticalScrollbar'.
20/06/2014 14:54:45 (Info) 	---> Start of definition for widget look 'TaharezLook/Listbox'.
20/06/2014 14:54:45 (Info) 	---< End of definition for widget look 'TaharezLook/Listbox'.
20/06/2014 14:54:45 (Info) 	---> Start of definition for widget look 'TaharezLook/ComboDropList'.
20/06/2014 14:54:45 (Info) 	---< End of definition for widget look 'TaharezLook/ComboDropList'.
20/06/2014 14:54:45 (Info) 	---> Start of definition for widget look 'TaharezLook/ComboEditbox'.
20/06/2014 14:54:45 (Info) 	---< End of definition for widget look 'TaharezLook/ComboEditbox'.
20/06/2014 14:54:45 (Info) 	---> Start of definition for widget look 'TaharezLook/Combobox'.
20/06/2014 14:54:45 (Info) 	---< End of definition for widget look 'TaharezLook/Combobox'.
20/06/2014 14:54:45 (Info) 	---> Start of definition for widget look 'TaharezLook/Spinner'.
20/06/2014 14:54:45 (Info) 	---< End of definition for widget look 'TaharezLook/Spinner'.
20/06/2014 14:54:45 (Info) 	---> Start of definition for widget look 'TaharezLook/StaticShared'.
20/06/2014 14:54:45 (Info) 	---< End of definition for widget look 'TaharezLook/StaticShared'.
20/06/2014 14:54:45 (Info) 	---> Start of definition for widget look 'TaharezLook/StaticImage'.
20/06/2014 14:54:45 (Info) 	---< End of definition for widget look 'TaharezLook/StaticImage'.
20/06/2014 14:54:45 (Info) 	---> Start of definition for widget look 'TaharezLook/StaticText'.
20/06/2014 14:54:45 (Info) 	---< End of definition for widget look 'TaharezLook/StaticText'.
20/06/2014 14:54:45 (Info) 	---> Start of definition for widget look 'TaharezLook/ListHeaderSegment'.
20/06/2014 14:54:45 (Info) 	---< End of definition for widget look 'TaharezLook/ListHeaderSegment'.
20/06/2014 14:54:45 (Info) 	---> Start of definition for widget look 'TaharezLook/ListHeader'.
20/06/2014 14:54:45 (Info) 	---< End of definition for widget look 'TaharezLook/ListHeader'.
20/06/2014 14:54:45 (Info) 	---> Start of definition for widget look 'TaharezLook/MultiColumnList'.
20/06/2014 14:54:45 (Info) 	---< End of definition for widget look 'TaharezLook/MultiColumnList'.
20/06/2014 14:54:45 (Info) 	---> Start of definition for widget look 'TaharezLook/MultiLineEditbox'.
20/06/2014 14:54:45 (Info) 	---< End of definition for widget look 'TaharezLook/MultiLineEditbox'.
20/06/2014 14:54:45 (Info) 	---> Start of definition for widget look 'TaharezLook/Tooltip'.
20/06/2014 14:54:45 (Info) 	---< End of definition for widget look 'TaharezLook/Tooltip'.
20/06/2014 14:54:45 (Info) 	---> Start of definition for widget look 'TaharezLook/ScrollablePane'.
20/06/2014 14:54:45 (Info) 	---< End of definition for widget look 'TaharezLook/ScrollablePane'.
20/06/2014 14:54:45 (Info) 	---> Start of definition for widget look 'TaharezLook/TabButton'.
20/06/2014 14:54:45 (Info) 	---< End of definition for widget look 'TaharezLook/TabButton'.
20/06/2014 14:54:45 (Info) 	---> Start of definition for widget look 'TaharezLook/TabContentPane'.
20/06/2014 14:54:45 (Info) 	---< End of definition for widget look 'TaharezLook/TabContentPane'.
20/06/2014 14:54:45 (Info) 	---> Start of definition for widget look 'TaharezLook/TabButtonPane'.
20/06/2014 14:54:45 (Info) 	---< End of definition for widget look 'TaharezLook/TabButtonPane'.
20/06/2014 14:54:45 (Info) 	---> Start of definition for widget look 'TaharezLook/TabControl'.
20/06/2014 14:54:45 (Info) 	---< End of definition for widget look 'TaharezLook/TabControl'.
20/06/2014 14:54:45 (Info) 	---> Start of definition for widget look 'TaharezLook/MenuItem'.
20/06/2014 14:54:45 (Info) 	---< End of definition for widget look 'TaharezLook/MenuItem'.
20/06/2014 14:54:45 (Info) 	---> Start of definition for widget look 'TaharezLook/PopupMenu'.
20/06/2014 14:54:45 (Info) 	---< End of definition for widget look 'TaharezLook/PopupMenu'.
20/06/2014 14:54:45 (Info) 	---> Start of definition for widget look 'TaharezLook/Menubar'.
20/06/2014 14:54:45 (Info) 	---< End of definition for widget look 'TaharezLook/Menubar'.
20/06/2014 14:54:45 (Info) 	---> Start of definition for widget look 'TaharezLook/LargeVerticalScrollbarThumb'.
20/06/2014 14:54:45 (Info) 	---< End of definition for widget look 'TaharezLook/LargeVerticalScrollbarThumb'.
20/06/2014 14:54:45 (Info) 	---> Start of definition for widget look 'TaharezLook/LargeVerticalScrollbar'.
20/06/2014 14:54:45 (Info) 	---< End of definition for widget look 'TaharezLook/LargeVerticalScrollbar'.
20/06/2014 14:54:45 (Info) 	---> Start of definition for widget look 'TaharezLook/ImageButton'.
20/06/2014 14:54:45 (Info) 	---< End of definition for widget look 'TaharezLook/ImageButton'.
20/06/2014 14:54:45 (Info) 	---> Start of definition for widget look 'TaharezLook/ItemListbox'.
20/06/2014 14:54:45 (Info) 	---< End of definition for widget look 'TaharezLook/ItemListbox'.
20/06/2014 14:54:45 (Info) 	---> Start of definition for widget look 'TaharezLook/ListboxItem'.
20/06/2014 14:54:45 (Info) 	---< End of definition for widget look 'TaharezLook/ListboxItem'.
20/06/2014 14:54:45 (Info) 	---> Start of definition for widget look 'TaharezLook/Tree'.
20/06/2014 14:54:45 (Info) 	---< End of definition for widget look 'TaharezLook/Tree'.
20/06/2014 14:54:45 (Std) 	===== Look and feel parsing completed =====
20/06/2014 14:54:45 (Std) 	No window renderer factories specified for module 'CEGUIFalagardWRBase' - adding all available factories...
20/06/2014 14:54:45 (Std) 	Created WindowRendererFactory for 'Falagard/Button' WindowRenderers.
20/06/2014 14:54:45 (Std) 	WindowRendererFactory 'Falagard/Button' added. (042C5C18)
20/06/2014 14:54:45 (Std) 	Created WindowRendererFactory for 'Falagard/Default' WindowRenderers.
20/06/2014 14:54:45 (Std) 	WindowRendererFactory 'Falagard/Default' added. (042C6258)
20/06/2014 14:54:45 (Std) 	Created WindowRendererFactory for 'Falagard/Editbox' WindowRenderers.
20/06/2014 14:54:45 (Std) 	WindowRendererFactory 'Falagard/Editbox' added. (042C6190)
20/06/2014 14:54:45 (Std) 	Created WindowRendererFactory for 'Falagard/FrameWindow' WindowRenderers.
20/06/2014 14:54:45 (Std) 	WindowRendererFactory 'Falagard/FrameWindow' added. (042C6320)
20/06/2014 14:54:45 (Std) 	Created WindowRendererFactory for 'Falagard/ItemEntry' WindowRenderers.
20/06/2014 14:54:45 (Std) 	WindowRendererFactory 'Falagard/ItemEntry' added. (042C63E8)
20/06/2014 14:54:45 (Std) 	Created WindowRendererFactory for 'Falagard/ListHeader' WindowRenderers.
20/06/2014 14:54:45 (Std) 	WindowRendererFactory 'Falagard/ListHeader' added. (042C64B0)
20/06/2014 14:54:45 (Std) 	Created WindowRendererFactory for 'Falagard/ListHeaderSegment' WindowRenderers.
20/06/2014 14:54:45 (Std) 	WindowRendererFactory 'Falagard/ListHeaderSegment' added. (0885A940)
20/06/2014 14:54:45 (Std) 	Created WindowRendererFactory for 'Falagard/Listbox' WindowRenderers.
20/06/2014 14:54:45 (Std) 	WindowRendererFactory 'Falagard/Listbox' added. (0885AA08)
20/06/2014 14:54:45 (Std) 	Created WindowRendererFactory for 'Falagard/Menubar' WindowRenderers.
20/06/2014 14:54:45 (Std) 	WindowRendererFactory 'Falagard/Menubar' added. (0885AAD0)
20/06/2014 14:54:45 (Std) 	Created WindowRendererFactory for 'Falagard/MenuItem' WindowRenderers.
20/06/2014 14:54:45 (Std) 	WindowRendererFactory 'Falagard/MenuItem' added. (0885AB98)
20/06/2014 14:54:45 (Std) 	Created WindowRendererFactory for 'Falagard/MultiColumnList' WindowRenderers.
20/06/2014 14:54:45 (Std) 	WindowRendererFactory 'Falagard/MultiColumnList' added. (0885AC60)
20/06/2014 14:54:45 (Std) 	Created WindowRendererFactory for 'Falagard/MultiLineEditbox' WindowRenderers.
20/06/2014 14:54:45 (Std) 	WindowRendererFactory 'Falagard/MultiLineEditbox' added. (0885AD28)
20/06/2014 14:54:45 (Std) 	Created WindowRendererFactory for 'Falagard/PopupMenu' WindowRenderers.
20/06/2014 14:54:45 (Std) 	WindowRendererFactory 'Falagard/PopupMenu' added. (0885ADF0)
20/06/2014 14:54:45 (Std) 	Created WindowRendererFactory for 'Falagard/ProgressBar' WindowRenderers.
20/06/2014 14:54:45 (Std) 	WindowRendererFactory 'Falagard/ProgressBar' added. (0885AEB8)
20/06/2014 14:54:45 (Std) 	Created WindowRendererFactory for 'Falagard/ScrollablePane' WindowRenderers.
20/06/2014 14:54:45 (Std) 	WindowRendererFactory 'Falagard/ScrollablePane' added. (0885AF80)
20/06/2014 14:54:45 (Std) 	Created WindowRendererFactory for 'Falagard/Scrollbar' WindowRenderers.
20/06/2014 14:54:45 (Std) 	WindowRendererFactory 'Falagard/Scrollbar' added. (0885B048)
20/06/2014 14:54:45 (Std) 	Created WindowRendererFactory for 'Falagard/Slider' WindowRenderers.
20/06/2014 14:54:45 (Std) 	WindowRendererFactory 'Falagard/Slider' added. (0885B110)
20/06/2014 14:54:45 (Std) 	Created WindowRendererFactory for 'Falagard/Static' WindowRenderers.
20/06/2014 14:54:45 (Std) 	WindowRendererFactory 'Falagard/Static' added. (0885B2A0)
20/06/2014 14:54:45 (Std) 	Created WindowRendererFactory for 'Falagard/StaticImage' WindowRenderers.
20/06/2014 14:54:45 (Std) 	WindowRendererFactory 'Falagard/StaticImage' added. (0885B368)
20/06/2014 14:54:45 (Std) 	Created WindowRendererFactory for 'Falagard/StaticText' WindowRenderers.
20/06/2014 14:54:45 (Std) 	WindowRendererFactory 'Falagard/StaticText' added. (0885B1D8)
20/06/2014 14:54:45 (Std) 	Created WindowRendererFactory for 'Falagard/SystemButton' WindowRenderers.
20/06/2014 14:54:45 (Std) 	WindowRendererFactory 'Falagard/SystemButton' added. (0885B430)
20/06/2014 14:54:45 (Std) 	Created WindowRendererFactory for 'Falagard/TabButton' WindowRenderers.
20/06/2014 14:54:45 (Std) 	WindowRendererFactory 'Falagard/TabButton' added. (0885B4F8)
20/06/2014 14:54:45 (Std) 	Created WindowRendererFactory for 'Falagard/TabControl' WindowRenderers.
20/06/2014 14:54:45 (Std) 	WindowRendererFactory 'Falagard/TabControl' added. (0885B5C0)
20/06/2014 14:54:45 (Std) 	Created WindowRendererFactory for 'Falagard/Titlebar' WindowRenderers.
20/06/2014 14:54:45 (Std) 	WindowRendererFactory 'Falagard/Titlebar' added. (0885B688)
20/06/2014 14:54:45 (Std) 	Created WindowRendererFactory for 'Falagard/ToggleButton' WindowRenderers.
20/06/2014 14:54:45 (Std) 	WindowRendererFactory 'Falagard/ToggleButton' added. (0885B750)
20/06/2014 14:54:45 (Std) 	Created WindowRendererFactory for 'Falagard/Tooltip' WindowRenderers.
20/06/2014 14:54:45 (Std) 	WindowRendererFactory 'Falagard/Tooltip' added. (0885B818)
20/06/2014 14:54:45 (Std) 	Created WindowRendererFactory for 'Falagard/ItemListbox' WindowRenderers.
20/06/2014 14:54:45 (Std) 	WindowRendererFactory 'Falagard/ItemListbox' added. (0885B8E0)
20/06/2014 14:54:45 (Std) 	Created WindowRendererFactory for 'Falagard/Tree' WindowRenderers.
20/06/2014 14:54:45 (Std) 	WindowRendererFactory 'Falagard/Tree' added. (0885B9A8)
20/06/2014 14:54:45 (Std) 	Creating falagard mapping for type 'TaharezLook/Button' using base type 'CEGUI/PushButton', window renderer 'Falagard/Button' Look'N'Feel 'TaharezLook/Button' and RenderEffect ''. (0057A2F0)
20/06/2014 14:54:45 (Std) 	Creating falagard mapping for type 'TaharezLook/Checkbox' using base type 'CEGUI/Checkbox', window renderer 'Falagard/ToggleButton' Look'N'Feel 'TaharezLook/Checkbox' and RenderEffect ''. (0057A2F0)
20/06/2014 14:54:45 (Std) 	Creating falagard mapping for type 'TaharezLook/ImageButton' using base type 'CEGUI/PushButton', window renderer 'Falagard/Button' Look'N'Feel 'TaharezLook/ImageButton' and RenderEffect ''. (0057A2F0)
20/06/2014 14:54:45 (Std) 	Creating falagard mapping for type 'TaharezLook/RadioButton' using base type 'CEGUI/RadioButton', window renderer 'Falagard/ToggleButton' Look'N'Feel 'TaharezLook/RadioButton' and RenderEffect ''. (0057A2F0)
20/06/2014 14:54:45 (Std) 	Creating falagard mapping for type 'TaharezLook/FrameWindow' using base type 'CEGUI/FrameWindow', window renderer 'Falagard/FrameWindow' Look'N'Feel 'TaharezLook/FrameWindow' and RenderEffect ''. (0057A2F0)
20/06/2014 14:54:45 (Std) 	Creating falagard mapping for type 'TaharezLook/Titlebar' using base type 'CEGUI/Titlebar', window renderer 'Falagard/Titlebar' Look'N'Feel 'TaharezLook/Titlebar' and RenderEffect ''. (0057A2F0)
20/06/2014 14:54:45 (Std) 	Creating falagard mapping for type 'TaharezLook/SystemButton' using base type 'CEGUI/PushButton', window renderer 'Falagard/SystemButton' Look'N'Feel 'TaharezLook/Button' and RenderEffect ''. (0057A2F0)
20/06/2014 14:54:45 (Std) 	Creating falagard mapping for type 'TaharezLook/Editbox' using base type 'CEGUI/Editbox', window renderer 'Falagard/Editbox' Look'N'Feel 'TaharezLook/Editbox' and RenderEffect ''. (0057A2F0)
20/06/2014 14:54:45 (Std) 	Creating falagard mapping for type 'TaharezLook/MultiLineEditbox' using base type 'CEGUI/MultiLineEditbox', window renderer 'Falagard/MultiLineEditbox' Look'N'Feel 'TaharezLook/MultiLineEditbox' and RenderEffect ''. (0057A2F0)
20/06/2014 14:54:45 (Std) 	Creating falagard mapping for type 'TaharezLook/Menubar' using base type 'CEGUI/Menubar', window renderer 'Falagard/Menubar' Look'N'Feel 'TaharezLook/Menubar' and RenderEffect ''. (0057A2F0)
20/06/2014 14:54:45 (Std) 	Creating falagard mapping for type 'TaharezLook/PopupMenu' using base type 'CEGUI/PopupMenu', window renderer 'Falagard/PopupMenu' Look'N'Feel 'TaharezLook/PopupMenu' and RenderEffect ''. (0057A2F0)
20/06/2014 14:54:45 (Std) 	Creating falagard mapping for type 'TaharezLook/MenuItem' using base type 'CEGUI/MenuItem', window renderer 'Falagard/MenuItem' Look'N'Feel 'TaharezLook/MenuItem' and RenderEffect ''. (0057A2F0)
20/06/2014 14:54:45 (Std) 	Creating falagard mapping for type 'TaharezLook/AlternateProgressBar' using base type 'CEGUI/ProgressBar', window renderer 'Falagard/ProgressBar' Look'N'Feel 'TaharezLook/AltProgressBar' and RenderEffect ''. (0057A2F0)
20/06/2014 14:54:45 (Std) 	Creating falagard mapping for type 'TaharezLook/ProgressBar' using base type 'CEGUI/ProgressBar', window renderer 'Falagard/ProgressBar' Look'N'Feel 'TaharezLook/ProgressBar' and RenderEffect ''. (0057A2F0)
20/06/2014 14:54:45 (Std) 	Creating falagard mapping for type 'TaharezLook/VUMeter' using base type 'CEGUI/ProgressBar', window renderer 'Falagard/ProgressBar' Look'N'Feel 'TaharezLook/VUMeter' and RenderEffect ''. (0057A2F0)
20/06/2014 14:54:45 (Std) 	Creating falagard mapping for type 'TaharezLook/VerticalScrollbar' using base type 'CEGUI/Scrollbar', window renderer 'Falagard/Scrollbar' Look'N'Feel 'TaharezLook/VerticalScrollbar' and RenderEffect ''. (0057A2F0)
20/06/2014 14:54:45 (Std) 	Creating falagard mapping for type 'TaharezLook/HorizontalScrollbar' using base type 'CEGUI/Scrollbar', window renderer 'Falagard/Scrollbar' Look'N'Feel 'TaharezLook/HorizontalScrollbar' and RenderEffect ''. (0057A2F0)
20/06/2014 14:54:45 (Std) 	Creating falagard mapping for type 'TaharezLook/VerticalScrollbarThumb' using base type 'CEGUI/Thumb', window renderer 'Falagard/Button' Look'N'Feel 'TaharezLook/VerticalScrollbarThumb' and RenderEffect ''. (0057A2F0)
20/06/2014 14:54:45 (Std) 	Creating falagard mapping for type 'TaharezLook/HorizontalScrollbarThumb' using base type 'CEGUI/Thumb', window renderer 'Falagard/Button' Look'N'Feel 'TaharezLook/HorizontalScrollbarThumb' and RenderEffect ''. (0057A2F0)
20/06/2014 14:54:45 (Std) 	Creating falagard mapping for type 'TaharezLook/LargeVerticalScrollbar' using base type 'CEGUI/Scrollbar', window renderer 'Falagard/Scrollbar' Look'N'Feel 'TaharezLook/LargeVerticalScrollbar' and RenderEffect ''. (0057A2F0)
20/06/2014 14:54:45 (Std) 	Creating falagard mapping for type 'TaharezLook/LargeVerticalScrollbarThumb' using base type 'CEGUI/Thumb', window renderer 'Falagard/Button' Look'N'Feel 'TaharezLook/LargeVerticalScrollbarThumb' and RenderEffect ''. (0057A2F0)
20/06/2014 14:54:45 (Std) 	Creating falagard mapping for type 'TaharezLook/TabButtonPane' using base type 'CEGUI/TabButton', window renderer 'Falagard/Default' Look'N'Feel 'TaharezLook/TabButtonPane' and RenderEffect ''. (0057A2F0)
20/06/2014 14:54:45 (Std) 	Creating falagard mapping for type 'TaharezLook/TabButton' using base type 'CEGUI/TabButton', window renderer 'Falagard/TabButton' Look'N'Feel 'TaharezLook/TabButton' and RenderEffect ''. (0057A2F0)
20/06/2014 14:54:45 (Std) 	Creating falagard mapping for type 'TaharezLook/TabControl' using base type 'CEGUI/TabControl', window renderer 'Falagard/TabControl' Look'N'Feel 'TaharezLook/TabControl' and RenderEffect ''. (0057A2F0)
20/06/2014 14:54:45 (Std) 	Creating falagard mapping for type 'TaharezLook/TabContentPane' using base type 'DefaultWindow', window renderer 'Falagard/Default' Look'N'Feel 'TaharezLook/TabContentPane' and RenderEffect ''. (0057A2F0)
20/06/2014 14:54:45 (Std) 	Creating falagard mapping for type 'TaharezLook/ComboDropList' using base type 'CEGUI/ComboDropList', window renderer 'Falagard/Listbox' Look'N'Feel 'TaharezLook/ComboDropList' and RenderEffect ''. (0057A2F0)
20/06/2014 14:54:45 (Std) 	Creating falagard mapping for type 'TaharezLook/ComboEditbox' using base type 'CEGUI/Editbox', window renderer 'Falagard/Editbox' Look'N'Feel 'TaharezLook/ComboEditbox' and RenderEffect ''. (0057A2F0)
20/06/2014 14:54:45 (Std) 	Creating falagard mapping for type 'TaharezLook/Combobox' using base type 'CEGUI/Combobox', window renderer 'Falagard/Default' Look'N'Feel 'TaharezLook/Combobox' and RenderEffect ''. (0057A2F0)
20/06/2014 14:54:45 (Std) 	Creating falagard mapping for type 'TaharezLook/Listbox' using base type 'CEGUI/Listbox', window renderer 'Falagard/Listbox' Look'N'Feel 'TaharezLook/Listbox' and RenderEffect ''. (0057A2F0)
20/06/2014 14:54:45 (Std) 	Creating falagard mapping for type 'TaharezLook/ListHeader' using base type 'CEGUI/ListHeader', window renderer 'Falagard/ListHeader' Look'N'Feel 'TaharezLook/ListHeader' and RenderEffect ''. (0057A2F0)
20/06/2014 14:54:45 (Std) 	Creating falagard mapping for type 'TaharezLook/ListHeaderSegment' using base type 'CEGUI/ListHeaderSegment', window renderer 'Falagard/ListHeaderSegment' Look'N'Feel 'TaharezLook/ListHeaderSegment' and RenderEffect ''. (0057A2F0)
20/06/2014 14:54:45 (Std) 	Creating falagard mapping for type 'TaharezLook/MultiColumnList' using base type 'CEGUI/MultiColumnList', window renderer 'Falagard/MultiColumnList' Look'N'Feel 'TaharezLook/MultiColumnList' and RenderEffect ''. (0057A2F0)
20/06/2014 14:54:45 (Std) 	Creating falagard mapping for type 'TaharezLook/Slider' using base type 'CEGUI/Slider', window renderer 'Falagard/Slider' Look'N'Feel 'TaharezLook/Slider' and RenderEffect ''. (0057A2F0)
20/06/2014 14:54:45 (Std) 	Creating falagard mapping for type 'TaharezLook/SliderThumb' using base type 'CEGUI/SliderThumb', window renderer 'Falagard/Button' Look'N'Feel 'TaharezLook/SliderThumb' and RenderEffect ''. (0057A2F0)
20/06/2014 14:54:45 (Std) 	Creating falagard mapping for type 'TaharezLook/ScrollablePane' using base type 'CEGUI/ScrollablePane', window renderer 'Falagard/ScrollablePane' Look'N'Feel 'TaharezLook/ScrollablePane' and RenderEffect ''. (0057A2F0)
20/06/2014 14:54:45 (Std) 	Creating falagard mapping for type 'TaharezLook/Spinner' using base type 'CEGUI/Spinner', window renderer 'Falagard/Default' Look'N'Feel 'TaharezLook/Spinner' and RenderEffect ''. (0057A2F0)
20/06/2014 14:54:45 (Std) 	Creating falagard mapping for type 'TaharezLook/Tooltip' using base type 'CEGUI/Tooltip', window renderer 'Falagard/Tooltip' Look'N'Feel 'TaharezLook/Tooltip' and RenderEffect ''. (0057A2F0)
20/06/2014 14:54:45 (Std) 	Creating falagard mapping for type 'TaharezLook/StaticImage' using base type 'DefaultWindow', window renderer 'Falagard/StaticImage' Look'N'Feel 'TaharezLook/StaticImage' and RenderEffect ''. (0057A2F0)
20/06/2014 14:54:45 (Std) 	Creating falagard mapping for type 'TaharezLook/StaticText' using base type 'DefaultWindow', window renderer 'Falagard/StaticText' Look'N'Feel 'TaharezLook/StaticText' and RenderEffect ''. (0057A2F0)
20/06/2014 14:54:45 (Info) 	---- Resource loading for GUI scheme 'TaharezLook' completed ----
20/06/2014 14:54:45 (Info) 	---- Beginning loading of GUI layout from 'Demo8.layout' ----
20/06/2014 14:54:45 (Info) 	Window 'root' of type 'DefaultWindow' has been created. (09450498)
20/06/2014 14:54:45 (Info) 	Window 'Demo8' of type 'DefaultWindow' has been created. (09452A60)
20/06/2014 14:54:45 (Info) 	Window 'Demo8/ViewScroll' of type 'TaharezLook/LargeVerticalScrollbar' has been created. (09457028)
20/06/2014 14:54:45 (Info) 	Assigning the window renderer 'Falagard/Scrollbar' to the window 'Demo8/ViewScroll'
20/06/2014 14:54:45 (Info) 	Assigning LookNFeel 'TaharezLook/LargeVerticalScrollbar' to window 'Demo8/ViewScroll'.
20/06/2014 14:54:46 (Info) 	Window 'Demo8/ViewScroll__auto_incbtn__' of type 'TaharezLook/ImageButton' has been created. (09459A08)
20/06/2014 14:54:46 (Info) 	Assigning the window renderer 'Falagard/Button' to the window 'Demo8/ViewScroll__auto_incbtn__'
20/06/2014 14:54:46 (Info) 	Assigning LookNFeel 'TaharezLook/ImageButton' to window 'Demo8/ViewScroll__auto_incbtn__'.
20/06/2014 14:54:46 (Info) 	Window 'Demo8/ViewScroll__auto_decbtn__' of type 'TaharezLook/ImageButton' has been created. (0945FFD0)
20/06/2014 14:54:46 (Info) 	Assigning the window renderer 'Falagard/Button' to the window 'Demo8/ViewScroll__auto_decbtn__'
20/06/2014 14:54:46 (Info) 	Assigning LookNFeel 'TaharezLook/ImageButton' to window 'Demo8/ViewScroll__auto_decbtn__'.
20/06/2014 14:54:46 (Info) 	Window 'Demo8/ViewScroll__auto_thumb__' of type 'TaharezLook/LargeVerticalScrollbarThumb' has been created. (09464598)
20/06/2014 14:54:46 (Info) 	Assigning the window renderer 'Falagard/Button' to the window 'Demo8/ViewScroll__auto_thumb__'
20/06/2014 14:54:46 (Info) 	Assigning LookNFeel 'TaharezLook/LargeVerticalScrollbarThumb' to window 'Demo8/ViewScroll__auto_thumb__'.
20/06/2014 14:54:46 (Info) 	Window 'Demo8/Window1' of type 'TaharezLook/FrameWindow' has been created. (09464EF0)
20/06/2014 14:54:46 (Info) 	Assigning the window renderer 'Falagard/FrameWindow' to the window 'Demo8/Window1'
20/06/2014 14:54:46 (Info) 	Assigning LookNFeel 'TaharezLook/FrameWindow' to window 'Demo8/Window1'.
20/06/2014 14:54:46 (Info) 	Window 'Demo8/Window1__auto_titlebar__' of type 'TaharezLook/Titlebar' has been created. (0946B4E0)
20/06/2014 14:54:46 (Info) 	Assigning the window renderer 'Falagard/Titlebar' to the window 'Demo8/Window1__auto_titlebar__'
20/06/2014 14:54:46 (Info) 	Assigning LookNFeel 'TaharezLook/Titlebar' to window 'Demo8/Window1__auto_titlebar__'.
20/06/2014 14:54:46 (Info) 	Window 'Demo8/Window1__auto_closebutton__' of type 'TaharezLook/ImageButton' has been created. (09475AC8)
20/06/2014 14:54:46 (Info) 	Assigning the window renderer 'Falagard/Button' to the window 'Demo8/Window1__auto_closebutton__'
20/06/2014 14:54:46 (Info) 	Assigning LookNFeel 'TaharezLook/ImageButton' to window 'Demo8/Window1__auto_closebutton__'.
20/06/2014 14:54:46 (Info) 	Window 'Demo8/Window1/Listbox' of type 'TaharezLook/Listbox' has been created. (0947A620)
20/06/2014 14:54:46 (Info) 	Assigning the window renderer 'Falagard/Listbox' to the window 'Demo8/Window1/Listbox'
20/06/2014 14:54:46 (Info) 	Assigning LookNFeel 'TaharezLook/Listbox' to window 'Demo8/Window1/Listbox'.
20/06/2014 14:54:46 (Info) 	Window 'Demo8/Window1/Listbox__auto_hscrollbar__' of type 'TaharezLook/HorizontalScrollbar' has been created. (0947EC08)
20/06/2014 14:54:46 (Info) 	Assigning the window renderer 'Falagard/Scrollbar' to the window 'Demo8/Window1/Listbox__auto_hscrollbar__'
20/06/2014 14:54:46 (Info) 	Assigning LookNFeel 'TaharezLook/HorizontalScrollbar' to window 'Demo8/Window1/Listbox__auto_hscrollbar__'.
20/06/2014 14:54:46 (Info) 	Window 'Demo8/Window1/Listbox__auto_hscrollbar____auto_incbtn__' of type 'TaharezLook/ImageButton' has been created. (094831E8)
20/06/2014 14:54:46 (Info) 	Assigning the window renderer 'Falagard/Button' to the window 'Demo8/Window1/Listbox__auto_hscrollbar____auto_incbtn__'
20/06/2014 14:54:46 (Info) 	Assigning LookNFeel 'TaharezLook/ImageButton' to window 'Demo8/Window1/Listbox__auto_hscrollbar____auto_incbtn__'.
20/06/2014 14:54:46 (Info) 	Window 'Demo8/Window1/Listbox__auto_hscrollbar____auto_decbtn__' of type 'TaharezLook/ImageButton' has been created. (094857B0)
20/06/2014 14:54:46 (Info) 	Assigning the window renderer 'Falagard/Button' to the window 'Demo8/Window1/Listbox__auto_hscrollbar____auto_decbtn__'
20/06/2014 14:54:46 (Info) 	Assigning LookNFeel 'TaharezLook/ImageButton' to window 'Demo8/Window1/Listbox__auto_hscrollbar____auto_decbtn__'.
20/06/2014 14:54:46 (Info) 	Window 'Demo8/Window1/Listbox__auto_hscrollbar____auto_thumb__' of type 'TaharezLook/HorizontalScrollbarThumb' has been created. (0948BD78)
20/06/2014 14:54:46 (Info) 	Assigning the window renderer 'Falagard/Button' to the window 'Demo8/Window1/Listbox__auto_hscrollbar____auto_thumb__'
20/06/2014 14:54:46 (Info) 	Assigning LookNFeel 'TaharezLook/HorizontalScrollbarThumb' to window 'Demo8/Window1/Listbox__auto_hscrollbar____auto_thumb__'.
20/06/2014 14:54:46 (Info) 	Window 'Demo8/Window1/Listbox__auto_vscrollbar__' of type 'TaharezLook/VerticalScrollbar' has been created. (09492360)
20/06/2014 14:54:46 (Info) 	Assigning the window renderer 'Falagard/Scrollbar' to the window 'Demo8/Window1/Listbox__auto_vscrollbar__'
20/06/2014 14:54:46 (Info) 	Assigning LookNFeel 'TaharezLook/VerticalScrollbar' to window 'Demo8/Window1/Listbox__auto_vscrollbar__'.
20/06/2014 14:54:46 (Info) 	Window 'Demo8/Window1/Listbox__auto_vscrollbar____auto_incbtn__' of type 'TaharezLook/ImageButton' has been created. (09498940)
20/06/2014 14:54:46 (Info) 	Assigning the window renderer 'Falagard/Button' to the window 'Demo8/Window1/Listbox__auto_vscrollbar____auto_incbtn__'
20/06/2014 14:54:46 (Info) 	Assigning LookNFeel 'TaharezLook/ImageButton' to window 'Demo8/Window1/Listbox__auto_vscrollbar____auto_incbtn__'.
20/06/2014 14:54:46 (Info) 	Window 'Demo8/Window1/Listbox__auto_vscrollbar____auto_decbtn__' of type 'TaharezLook/ImageButton' has been created. (094A4F08)
20/06/2014 14:54:46 (Info) 	Assigning the window renderer 'Falagard/Button' to the window 'Demo8/Window1/Listbox__auto_vscrollbar____auto_decbtn__'
20/06/2014 14:54:46 (Info) 	Assigning LookNFeel 'TaharezLook/ImageButton' to window 'Demo8/Window1/Listbox__auto_vscrollbar____auto_decbtn__'.
20/06/2014 14:54:46 (Info) 	Window 'Demo8/Window1/Listbox__auto_vscrollbar____auto_thumb__' of type 'TaharezLook/VerticalScrollbarThumb' has been created. (094A74D0)
20/06/2014 14:54:46 (Info) 	Assigning the window renderer 'Falagard/Button' to the window 'Demo8/Window1/Listbox__auto_vscrollbar____auto_thumb__'
20/06/2014 14:54:46 (Info) 	Assigning LookNFeel 'TaharezLook/VerticalScrollbarThumb' to window 'Demo8/Window1/Listbox__auto_vscrollbar____auto_thumb__'.
20/06/2014 14:54:46 (Info) 	Window 'Demo8/Window1/Controls' of type 'TaharezLook/StaticText' has been created. (094A9AB8)
20/06/2014 14:54:46 (Info) 	Assigning the window renderer 'Falagard/StaticText' to the window 'Demo8/Window1/Controls'
20/06/2014 14:54:46 (Info) 	Assigning LookNFeel 'TaharezLook/StaticText' to window 'Demo8/Window1/Controls'.
20/06/2014 14:54:46 (Info) 	Window 'Demo8/Window1/Controls__auto_hscrollbar__' of type 'TaharezLook/HorizontalScrollbar' has been created. (094AA7F8)
20/06/2014 14:54:46 (Info) 	Assigning the window renderer 'Falagard/Scrollbar' to the window 'Demo8/Window1/Controls__auto_hscrollbar__'
20/06/2014 14:54:46 (Info) 	Assigning LookNFeel 'TaharezLook/HorizontalScrollbar' to window 'Demo8/Window1/Controls__auto_hscrollbar__'.
20/06/2014 14:54:46 (Info) 	Window 'Demo8/Window1/Controls__auto_hscrollbar____auto_incbtn__' of type 'TaharezLook/ImageButton' has been created. (094AADD8)
20/06/2014 14:54:46 (Info) 	Assigning the window renderer 'Falagard/Button' to the window 'Demo8/Window1/Controls__auto_hscrollbar____auto_incbtn__'
20/06/2014 14:54:46 (Info) 	Assigning LookNFeel 'TaharezLook/ImageButton' to window 'Demo8/Window1/Controls__auto_hscrollbar____auto_incbtn__'.
20/06/2014 14:54:46 (Info) 	Window 'Demo8/Window1/Controls__auto_hscrollbar____auto_decbtn__' of type 'TaharezLook/ImageButton' has been created. (095FAF10)
20/06/2014 14:54:46 (Info) 	Assigning the window renderer 'Falagard/Button' to the window 'Demo8/Window1/Controls__auto_hscrollbar____auto_decbtn__'
20/06/2014 14:54:46 (Info) 	Assigning LookNFeel 'TaharezLook/ImageButton' to window 'Demo8/Window1/Controls__auto_hscrollbar____auto_decbtn__'.
20/06/2014 14:54:46 (Info) 	Window 'Demo8/Window1/Controls__auto_hscrollbar____auto_thumb__' of type 'TaharezLook/HorizontalScrollbarThumb' has been created. (096034D8)
20/06/2014 14:54:46 (Info) 	Assigning the window renderer 'Falagard/Button' to the window 'Demo8/Window1/Controls__auto_hscrollbar____auto_thumb__'
20/06/2014 14:54:46 (Info) 	Assigning LookNFeel 'TaharezLook/HorizontalScrollbarThumb' to window 'Demo8/Window1/Controls__auto_hscrollbar____auto_thumb__'.
20/06/2014 14:54:46 (Info) 	Window 'Demo8/Window1/Controls__auto_vscrollbar__' of type 'TaharezLook/VerticalScrollbar' has been created. (09607AC0)
20/06/2014 14:54:46 (Info) 	Assigning the window renderer 'Falagard/Scrollbar' to the window 'Demo8/Window1/Controls__auto_vscrollbar__'
20/06/2014 14:54:46 (Info) 	Assigning LookNFeel 'TaharezLook/VerticalScrollbar' to window 'Demo8/Window1/Controls__auto_vscrollbar__'.
20/06/2014 14:54:46 (Info) 	Window 'Demo8/Window1/Controls__auto_vscrollbar____auto_incbtn__' of type 'TaharezLook/ImageButton' has been created. (096100A0)
20/06/2014 14:54:46 (Info) 	Assigning the window renderer 'Falagard/Button' to the window 'Demo8/Window1/Controls__auto_vscrollbar____auto_incbtn__'
20/06/2014 14:54:46 (Info) 	Assigning LookNFeel 'TaharezLook/ImageButton' to window 'Demo8/Window1/Controls__auto_vscrollbar____auto_incbtn__'.
20/06/2014 14:54:46 (Info) 	Window 'Demo8/Window1/Controls__auto_vscrollbar____auto_decbtn__' of type 'TaharezLook/ImageButton' has been created. (09610668)
20/06/2014 14:54:46 (Info) 	Assigning the window renderer 'Falagard/Button' to the window 'Demo8/Window1/Controls__auto_vscrollbar____auto_decbtn__'
20/06/2014 14:54:46 (Info) 	Assigning LookNFeel 'TaharezLook/ImageButton' to window 'Demo8/Window1/Controls__auto_vscrollbar____auto_decbtn__'.
20/06/2014 14:54:46 (Info) 	Window 'Demo8/Window1/Controls__auto_vscrollbar____auto_thumb__' of type 'TaharezLook/VerticalScrollbarThumb' has been created. (09618C30)
20/06/2014 14:54:46 (Info) 	Assigning the window renderer 'Falagard/Button' to the window 'Demo8/Window1/Controls__auto_vscrollbar____auto_thumb__'
20/06/2014 14:54:46 (Info) 	Assigning LookNFeel 'TaharezLook/VerticalScrollbarThumb' to window 'Demo8/Window1/Controls__auto_vscrollbar____auto_thumb__'.
20/06/2014 14:54:46 (Info) 	Window 'Demo8/Window1/Controls/Red' of type 'TaharezLook/HorizontalScrollbar' has been created. (09625980)
20/06/2014 14:54:46 (Info) 	Assigning the window renderer 'Falagard/Scrollbar' to the window 'Demo8/Window1/Controls/Red'
20/06/2014 14:54:46 (Info) 	Assigning LookNFeel 'TaharezLook/HorizontalScrollbar' to window 'Demo8/Window1/Controls/Red'.
20/06/2014 14:54:46 (Info) 	Window 'Demo8/Window1/Controls/Red__auto_incbtn__' of type 'TaharezLook/ImageButton' has been created. (094AA080)
20/06/2014 14:54:46 (Info) 	Assigning the window renderer 'Falagard/Button' to the window 'Demo8/Window1/Controls/Red__auto_incbtn__'
20/06/2014 14:54:46 (Info) 	Assigning LookNFeel 'TaharezLook/ImageButton' to window 'Demo8/Window1/Controls/Red__auto_incbtn__'.
20/06/2014 14:54:46 (Info) 	Window 'Demo8/Window1/Controls/Red__auto_decbtn__' of type 'TaharezLook/ImageButton' has been created. (09627F60)
20/06/2014 14:54:46 (Info) 	Assigning the window renderer 'Falagard/Button' to the window 'Demo8/Window1/Controls/Red__auto_decbtn__'
20/06/2014 14:54:46 (Info) 	Assigning LookNFeel 'TaharezLook/ImageButton' to window 'Demo8/Window1/Controls/Red__auto_decbtn__'.
20/06/2014 14:54:46 (Info) 	Window 'Demo8/Window1/Controls/Red__auto_thumb__' of type 'TaharezLook/HorizontalScrollbarThumb' has been created. (09630528)
20/06/2014 14:54:46 (Info) 	Assigning the window renderer 'Falagard/Button' to the window 'Demo8/Window1/Controls/Red__auto_thumb__'
20/06/2014 14:54:46 (Info) 	Assigning LookNFeel 'TaharezLook/HorizontalScrollbarThumb' to window 'Demo8/Window1/Controls/Red__auto_thumb__'.
20/06/2014 14:54:46 (Info) 	Window 'Demo8/Window1/Controls/Green' of type 'TaharezLook/HorizontalScrollbar' has been created. (09625218)
20/06/2014 14:54:46 (Info) 	Assigning the window renderer 'Falagard/Scrollbar' to the window 'Demo8/Window1/Controls/Green'
20/06/2014 14:54:46 (Info) 	Assigning LookNFeel 'TaharezLook/HorizontalScrollbar' to window 'Demo8/Window1/Controls/Green'.
20/06/2014 14:54:46 (Info) 	Window 'Demo8/Window1/Controls/Green__auto_incbtn__' of type 'TaharezLook/ImageButton' has been created. (09632B10)
20/06/2014 14:54:46 (Info) 	Assigning the window renderer 'Falagard/Button' to the window 'Demo8/Window1/Controls/Green__auto_incbtn__'
20/06/2014 14:54:46 (Info) 	Assigning LookNFeel 'TaharezLook/ImageButton' to window 'Demo8/Window1/Controls/Green__auto_incbtn__'.
20/06/2014 14:54:46 (Info) 	Window 'Demo8/Window1/Controls/Green__auto_decbtn__' of type 'TaharezLook/ImageButton' has been created. (096451C0)
20/06/2014 14:54:46 (Info) 	Assigning the window renderer 'Falagard/Button' to the window 'Demo8/Window1/Controls/Green__auto_decbtn__'
20/06/2014 14:54:46 (Info) 	Assigning LookNFeel 'TaharezLook/ImageButton' to window 'Demo8/Window1/Controls/Green__auto_decbtn__'.
20/06/2014 14:54:46 (Info) 	Window 'Demo8/Window1/Controls/Green__auto_thumb__' of type 'TaharezLook/HorizontalScrollbarThumb' has been created. (09633C68)
20/06/2014 14:54:46 (Info) 	Assigning the window renderer 'Falagard/Button' to the window 'Demo8/Window1/Controls/Green__auto_thumb__'
20/06/2014 14:54:46 (Info) 	Assigning LookNFeel 'TaharezLook/HorizontalScrollbarThumb' to window 'Demo8/Window1/Controls/Green__auto_thumb__'.
20/06/2014 14:54:46 (Info) 	Window 'Demo8/Window1/Controls/Blue' of type 'TaharezLook/HorizontalScrollbar' has been created. (096511A8)
20/06/2014 14:54:46 (Info) 	Assigning the window renderer 'Falagard/Scrollbar' to the window 'Demo8/Window1/Controls/Blue'
20/06/2014 14:54:46 (Info) 	Assigning LookNFeel 'TaharezLook/HorizontalScrollbar' to window 'Demo8/Window1/Controls/Blue'.
20/06/2014 14:54:46 (Info) 	Window 'Demo8/Window1/Controls/Blue__auto_incbtn__' of type 'TaharezLook/ImageButton' has been created. (09645788)
20/06/2014 14:54:46 (Info) 	Assigning the window renderer 'Falagard/Button' to the window 'Demo8/Window1/Controls/Blue__auto_incbtn__'
20/06/2014 14:54:46 (Info) 	Assigning LookNFeel 'TaharezLook/ImageButton' to window 'Demo8/Window1/Controls/Blue__auto_incbtn__'.
20/06/2014 14:54:46 (Info) 	Window 'Demo8/Window1/Controls/Blue__auto_decbtn__' of type 'TaharezLook/ImageButton' has been created. (09645D50)
20/06/2014 14:54:46 (Info) 	Assigning the window renderer 'Falagard/Button' to the window 'Demo8/Window1/Controls/Blue__auto_decbtn__'
20/06/2014 14:54:46 (Info) 	Assigning LookNFeel 'TaharezLook/ImageButton' to window 'Demo8/Window1/Controls/Blue__auto_decbtn__'.
20/06/2014 14:54:46 (Info) 	Window 'Demo8/Window1/Controls/Blue__auto_thumb__' of type 'TaharezLook/HorizontalScrollbarThumb' has been created. (09663788)
20/06/2014 14:54:46 (Info) 	Assigning the window renderer 'Falagard/Button' to the window 'Demo8/Window1/Controls/Blue__auto_thumb__'
20/06/2014 14:54:46 (Info) 	Assigning LookNFeel 'TaharezLook/HorizontalScrollbarThumb' to window 'Demo8/Window1/Controls/Blue__auto_thumb__'.
20/06/2014 14:54:46 (Info) 	Window 'Demo8/Window1/Controls/ColourSample' of type 'TaharezLook/StaticImage' has been created. (09646318)
20/06/2014 14:54:46 (Info) 	Assigning the window renderer 'Falagard/StaticImage' to the window 'Demo8/Window1/Controls/ColourSample'
20/06/2014 14:54:46 (Info) 	Assigning LookNFeel 'TaharezLook/StaticImage' to window 'Demo8/Window1/Controls/ColourSample'.
20/06/2014 14:54:46 (Info) 	Window 'Demo8/Window1/Controls/Editbox' of type 'TaharezLook/Editbox' has been created. (09634250)
20/06/2014 14:54:46 (Info) 	Assigning the window renderer 'Falagard/Editbox' to the window 'Demo8/Window1/Controls/Editbox'
20/06/2014 14:54:46 (Info) 	Assigning LookNFeel 'TaharezLook/Editbox' to window 'Demo8/Window1/Controls/Editbox'.
20/06/2014 14:54:46 (Info) 	Window 'Demo8/Window1/Controls/Add' of type 'TaharezLook/Button' has been created. (096468E0)
20/06/2014 14:54:46 (Info) 	Assigning the window renderer 'Falagard/Button' to the window 'Demo8/Window1/Controls/Add'
20/06/2014 14:54:46 (Info) 	Assigning LookNFeel 'TaharezLook/Button' to window 'Demo8/Window1/Controls/Add'.
20/06/2014 14:54:46 (Info) 	Window 'Demo8/Window1/Controls/ins1' of type 'TaharezLook/StaticText' has been created. (09646EA8)
20/06/2014 14:54:46 (Info) 	Assigning the window renderer 'Falagard/StaticText' to the window 'Demo8/Window1/Controls/ins1'
20/06/2014 14:54:46 (Info) 	Assigning LookNFeel 'TaharezLook/StaticText' to window 'Demo8/Window1/Controls/ins1'.
20/06/2014 14:54:46 (Info) 	Window 'Demo8/Window1/Controls/ins1__auto_hscrollbar__' of type 'TaharezLook/HorizontalScrollbar' has been created. (096348D0)
20/06/2014 14:54:46 (Info) 	Assigning the window renderer 'Falagard/Scrollbar' to the window 'Demo8/Window1/Controls/ins1__auto_hscrollbar__'
20/06/2014 14:54:46 (Info) 	Assigning LookNFeel 'TaharezLook/HorizontalScrollbar' to window 'Demo8/Window1/Controls/ins1__auto_hscrollbar__'.
20/06/2014 14:54:46 (Info) 	Window 'Demo8/Window1/Controls/ins1__auto_hscrollbar____auto_incbtn__' of type 'TaharezLook/ImageButton' has been created. (09647470)
20/06/2014 14:54:46 (Info) 	Assigning the window renderer 'Falagard/Button' to the window 'Demo8/Window1/Controls/ins1__auto_hscrollbar____auto_incbtn__'
20/06/2014 14:54:46 (Info) 	Assigning LookNFeel 'TaharezLook/ImageButton' to window 'Demo8/Window1/Controls/ins1__auto_hscrollbar____auto_incbtn__'.
20/06/2014 14:54:46 (Info) 	Window 'Demo8/Window1/Controls/ins1__auto_hscrollbar____auto_decbtn__' of type 'TaharezLook/ImageButton' has been created. (09647A38)
20/06/2014 14:54:46 (Info) 	Assigning the window renderer 'Falagard/Button' to the window 'Demo8/Window1/Controls/ins1__auto_hscrollbar____auto_decbtn__'
20/06/2014 14:54:46 (Info) 	Assigning LookNFeel 'TaharezLook/ImageButton' to window 'Demo8/Window1/Controls/ins1__auto_hscrollbar____auto_decbtn__'.
20/06/2014 14:54:46 (Info) 	Window 'Demo8/Window1/Controls/ins1__auto_hscrollbar____auto_thumb__' of type 'TaharezLook/HorizontalScrollbarThumb' has been created. (096981A0)
20/06/2014 14:54:46 (Info) 	Assigning the window renderer 'Falagard/Button' to the window 'Demo8/Window1/Controls/ins1__auto_hscrollbar____auto_thumb__'
20/06/2014 14:54:46 (Info) 	Assigning LookNFeel 'TaharezLook/HorizontalScrollbarThumb' to window 'Demo8/Window1/Controls/ins1__auto_hscrollbar____auto_thumb__'.
20/06/2014 14:54:46 (Info) 	Window 'Demo8/Window1/Controls/ins1__auto_vscrollbar__' of type 'TaharezLook/VerticalScrollbar' has been created. (09698788)
20/06/2014 14:54:46 (Info) 	Assigning the window renderer 'Falagard/Scrollbar' to the window 'Demo8/Window1/Controls/ins1__auto_vscrollbar__'
20/06/2014 14:54:46 (Info) 	Assigning LookNFeel 'TaharezLook/VerticalScrollbar' to window 'Demo8/Window1/Controls/ins1__auto_vscrollbar__'.
20/06/2014 14:54:46 (Info) 	Window 'Demo8/Window1/Controls/ins1__auto_vscrollbar____auto_incbtn__' of type 'TaharezLook/ImageButton' has been created. (09648000)
20/06/2014 14:54:46 (Info) 	Assigning the window renderer 'Falagard/Button' to the window 'Demo8/Window1/Controls/ins1__auto_vscrollbar____auto_incbtn__'
20/06/2014 14:54:46 (Info) 	Assigning LookNFeel 'TaharezLook/ImageButton' to window 'Demo8/Window1/Controls/ins1__auto_vscrollbar____auto_incbtn__'.
20/06/2014 14:54:46 (Info) 	Window 'Demo8/Window1/Controls/ins1__auto_vscrollbar____auto_decbtn__' of type 'TaharezLook/ImageButton' has been created. (096485C8)
20/06/2014 14:54:46 (Info) 	Assigning the window renderer 'Falagard/Button' to the window 'Demo8/Window1/Controls/ins1__auto_vscrollbar____auto_decbtn__'
20/06/2014 14:54:46 (Info) 	Assigning LookNFeel 'TaharezLook/ImageButton' to window 'Demo8/Window1/Controls/ins1__auto_vscrollbar____auto_decbtn__'.
20/06/2014 14:54:46 (Info) 	Window 'Demo8/Window1/Controls/ins1__auto_vscrollbar____auto_thumb__' of type 'TaharezLook/VerticalScrollbarThumb' has been created. (09665D70)
20/06/2014 14:54:46 (Info) 	Assigning the window renderer 'Falagard/Button' to the window 'Demo8/Window1/Controls/ins1__auto_vscrollbar____auto_thumb__'
20/06/2014 14:54:46 (Info) 	Assigning LookNFeel 'TaharezLook/VerticalScrollbarThumb' to window 'Demo8/Window1/Controls/ins1__auto_vscrollbar____auto_thumb__'.
20/06/2014 14:54:46 (Std) 	Attempting to create Imageset 'test_chinese_fnt_auto_glyph_images_ ' with texture only.
20/06/2014 14:54:46 (Error)	Attempt to set value of '271'  to read only property 'HorzExtent' on window: Demo8/Window1/Controls/ins1
20/06/2014 14:54:46 (Error)	Attempt to set value of '48'  to read only property 'VertExtent' on window: Demo8/Window1/Controls/ins1
20/06/2014 14:54:46 (Info) 	Window 'Demo8/Window2' of type 'TaharezLook/FrameWindow' has been created. (096CB008)
20/06/2014 14:54:46 (Info) 	Assigning the window renderer 'Falagard/FrameWindow' to the window 'Demo8/Window2'
20/06/2014 14:54:46 (Info) 	Assigning LookNFeel 'TaharezLook/FrameWindow' to window 'Demo8/Window2'.
20/06/2014 14:54:46 (Info) 	Window 'Demo8/Window2__auto_titlebar__' of type 'TaharezLook/Titlebar' has been created. (096CD5F8)
20/06/2014 14:54:46 (Info) 	Assigning the window renderer 'Falagard/Titlebar' to the window 'Demo8/Window2__auto_titlebar__'
20/06/2014 14:54:46 (Info) 	Assigning LookNFeel 'TaharezLook/Titlebar' to window 'Demo8/Window2__auto_titlebar__'.
20/06/2014 14:54:46 (Info) 	Window 'Demo8/Window2__auto_closebutton__' of type 'TaharezLook/ImageButton' has been created. (09648B90)
20/06/2014 14:54:46 (Info) 	Assigning the window renderer 'Falagard/Button' to the window 'Demo8/Window2__auto_closebutton__'
20/06/2014 14:54:46 (Info) 	Assigning LookNFeel 'TaharezLook/ImageButton' to window 'Demo8/Window2__auto_closebutton__'.
20/06/2014 14:54:46 (Info) 	Window 'Demo8/Window2/Info' of type 'TaharezLook/StaticText' has been created. (09649158)
20/06/2014 14:54:46 (Info) 	Assigning the window renderer 'Falagard/StaticText' to the window 'Demo8/Window2/Info'
20/06/2014 14:54:46 (Info) 	Assigning LookNFeel 'TaharezLook/StaticText' to window 'Demo8/Window2/Info'.
20/06/2014 14:54:46 (Info) 	Window 'Demo8/Window2/Info__auto_hscrollbar__' of type 'TaharezLook/HorizontalScrollbar' has been created. (09680F30)
20/06/2014 14:54:46 (Info) 	Assigning the window renderer 'Falagard/Scrollbar' to the window 'Demo8/Window2/Info__auto_hscrollbar__'
20/06/2014 14:54:46 (Info) 	Assigning LookNFeel 'TaharezLook/HorizontalScrollbar' to window 'Demo8/Window2/Info__auto_hscrollbar__'.
20/06/2014 14:54:46 (Info) 	Window 'Demo8/Window2/Info__auto_hscrollbar____auto_incbtn__' of type 'TaharezLook/ImageButton' has been created. (09649720)
20/06/2014 14:54:46 (Info) 	Assigning the window renderer 'Falagard/Button' to the window 'Demo8/Window2/Info__auto_hscrollbar____auto_incbtn__'
20/06/2014 14:54:46 (Info) 	Assigning LookNFeel 'TaharezLook/ImageButton' to window 'Demo8/Window2/Info__auto_hscrollbar____auto_incbtn__'.
20/06/2014 14:54:46 (Info) 	Window 'Demo8/Window2/Info__auto_hscrollbar____auto_decbtn__' of type 'TaharezLook/ImageButton' has been created. (09649CE8)
20/06/2014 14:54:46 (Info) 	Assigning the window renderer 'Falagard/Button' to the window 'Demo8/Window2/Info__auto_hscrollbar____auto_decbtn__'
20/06/2014 14:54:46 (Info) 	Assigning LookNFeel 'TaharezLook/ImageButton' to window 'Demo8/Window2/Info__auto_hscrollbar____auto_decbtn__'.
20/06/2014 14:54:46 (Info) 	Window 'Demo8/Window2/Info__auto_hscrollbar____auto_thumb__' of type 'TaharezLook/HorizontalScrollbarThumb' has been created. (09681510)
20/06/2014 14:54:46 (Info) 	Assigning the window renderer 'Falagard/Button' to the window 'Demo8/Window2/Info__auto_hscrollbar____auto_thumb__'
20/06/2014 14:54:46 (Info) 	Assigning LookNFeel 'TaharezLook/HorizontalScrollbarThumb' to window 'Demo8/Window2/Info__auto_hscrollbar____auto_thumb__'.
20/06/2014 14:54:46 (Info) 	Window 'Demo8/Window2/Info__auto_vscrollbar__' of type 'TaharezLook/VerticalScrollbar' has been created. (09681AF8)
20/06/2014 14:54:46 (Info) 	Assigning the window renderer 'Falagard/Scrollbar' to the window 'Demo8/Window2/Info__auto_vscrollbar__'
20/06/2014 14:54:46 (Info) 	Assigning LookNFeel 'TaharezLook/VerticalScrollbar' to window 'Demo8/Window2/Info__auto_vscrollbar__'.
20/06/2014 14:54:46 (Info) 	Window 'Demo8/Window2/Info__auto_vscrollbar____auto_incbtn__' of type 'TaharezLook/ImageButton' has been created. (0964A2B0)
20/06/2014 14:54:46 (Info) 	Assigning the window renderer 'Falagard/Button' to the window 'Demo8/Window2/Info__auto_vscrollbar____auto_incbtn__'
20/06/2014 14:54:46 (Info) 	Assigning LookNFeel 'TaharezLook/ImageButton' to window 'Demo8/Window2/Info__auto_vscrollbar____auto_incbtn__'.
20/06/2014 14:54:46 (Info) 	Window 'Demo8/Window2/Info__auto_vscrollbar____auto_decbtn__' of type 'TaharezLook/ImageButton' has been created. (0964A878)
20/06/2014 14:54:46 (Info) 	Assigning the window renderer 'Falagard/Button' to the window 'Demo8/Window2/Info__auto_vscrollbar____auto_decbtn__'
20/06/2014 14:54:46 (Info) 	Assigning LookNFeel 'TaharezLook/ImageButton' to window 'Demo8/Window2/Info__auto_vscrollbar____auto_decbtn__'.
20/06/2014 14:54:46 (Info) 	Window 'Demo8/Window2/Info__auto_vscrollbar____auto_thumb__' of type 'TaharezLook/VerticalScrollbarThumb' has been created. (096FFBE0)
20/06/2014 14:54:46 (Info) 	Assigning the window renderer 'Falagard/Button' to the window 'Demo8/Window2/Info__auto_vscrollbar____auto_thumb__'
20/06/2014 14:54:46 (Info) 	Assigning LookNFeel 'TaharezLook/VerticalScrollbarThumb' to window 'Demo8/Window2/Info__auto_vscrollbar____auto_thumb__'.
20/06/2014 14:54:46 (Error)	Attempt to set value of '312'  to read only property 'HorzExtent' on window: Demo8/Window2/Info
20/06/2014 14:54:46 (Error)	Attempt to set value of '32'  to read only property 'VertExtent' on window: Demo8/Window2/Info
20/06/2014 14:54:46 (Info) 	Window 'Demo8/Window2/Tips' of type 'TaharezLook/StaticText' has been created. (0964AE40)
20/06/2014 14:54:46 (Info) 	Assigning the window renderer 'Falagard/StaticText' to the window 'Demo8/Window2/Tips'
20/06/2014 14:54:46 (Info) 	Assigning LookNFeel 'TaharezLook/StaticText' to window 'Demo8/Window2/Tips'.
20/06/2014 14:54:46 (Info) 	Window 'Demo8/Window2/Tips__auto_hscrollbar__' of type 'TaharezLook/HorizontalScrollbar' has been created. (0967F180)
20/06/2014 14:54:46 (Info) 	Assigning the window renderer 'Falagard/Scrollbar' to the window 'Demo8/Window2/Tips__auto_hscrollbar__'
20/06/2014 14:54:46 (Info) 	Assigning LookNFeel 'TaharezLook/HorizontalScrollbar' to window 'Demo8/Window2/Tips__auto_hscrollbar__'.
20/06/2014 14:54:46 (Info) 	Window 'Demo8/Window2/Tips__auto_hscrollbar____auto_incbtn__' of type 'TaharezLook/ImageButton' has been created. (0964B408)
20/06/2014 14:54:46 (Info) 	Assigning the window renderer 'Falagard/Button' to the window 'Demo8/Window2/Tips__auto_hscrollbar____auto_incbtn__'
20/06/2014 14:54:46 (Info) 	Assigning LookNFeel 'TaharezLook/ImageButton' to window 'Demo8/Window2/Tips__auto_hscrollbar____auto_incbtn__'.
20/06/2014 14:54:46 (Info) 	Window 'Demo8/Window2/Tips__auto_hscrollbar____auto_decbtn__' of type 'TaharezLook/ImageButton' has been created. (0964B9D0)
20/06/2014 14:54:46 (Info) 	Assigning the window renderer 'Falagard/Button' to the window 'Demo8/Window2/Tips__auto_hscrollbar____auto_decbtn__'
20/06/2014 14:54:46 (Info) 	Assigning LookNFeel 'TaharezLook/ImageButton' to window 'Demo8/Window2/Tips__auto_hscrollbar____auto_decbtn__'.
20/06/2014 14:54:46 (Info) 	Window 'Demo8/Window2/Tips__auto_hscrollbar____auto_thumb__' of type 'TaharezLook/HorizontalScrollbarThumb' has been created. (0972A948)
20/06/2014 14:54:46 (Info) 	Assigning the window renderer 'Falagard/Button' to the window 'Demo8/Window2/Tips__auto_hscrollbar____auto_thumb__'
20/06/2014 14:54:46 (Info) 	Assigning LookNFeel 'TaharezLook/HorizontalScrollbarThumb' to window 'Demo8/Window2/Tips__auto_hscrollbar____auto_thumb__'.
20/06/2014 14:54:46 (Info) 	Window 'Demo8/Window2/Tips__auto_vscrollbar__' of type 'TaharezLook/VerticalScrollbar' has been created. (0967F760)
20/06/2014 14:54:46 (Info) 	Assigning the window renderer 'Falagard/Scrollbar' to the window 'Demo8/Window2/Tips__auto_vscrollbar__'
20/06/2014 14:54:46 (Info) 	Assigning LookNFeel 'TaharezLook/VerticalScrollbar' to window 'Demo8/Window2/Tips__auto_vscrollbar__'.
20/06/2014 14:54:46 (Info) 	Window 'Demo8/Window2/Tips__auto_vscrollbar____auto_incbtn__' of type 'TaharezLook/ImageButton' has been created. (0964BF98)
20/06/2014 14:54:46 (Info) 	Assigning the window renderer 'Falagard/Button' to the window 'Demo8/Window2/Tips__auto_vscrollbar____auto_incbtn__'
20/06/2014 14:54:46 (Info) 	Assigning LookNFeel 'TaharezLook/ImageButton' to window 'Demo8/Window2/Tips__auto_vscrollbar____auto_incbtn__'.
20/06/2014 14:54:46 (Info) 	Window 'Demo8/Window2/Tips__auto_vscrollbar____auto_decbtn__' of type 'TaharezLook/ImageButton' has been created. (0964C560)
20/06/2014 14:54:46 (Info) 	Assigning the window renderer 'Falagard/Button' to the window 'Demo8/Window2/Tips__auto_vscrollbar____auto_decbtn__'
20/06/2014 14:54:46 (Info) 	Assigning LookNFeel 'TaharezLook/ImageButton' to window 'Demo8/Window2/Tips__auto_vscrollbar____auto_decbtn__'.
20/06/2014 14:54:46 (Info) 	Window 'Demo8/Window2/Tips__auto_vscrollbar____auto_thumb__' of type 'TaharezLook/VerticalScrollbarThumb' has been created. (0967FD40)
20/06/2014 14:54:46 (Info) 	Assigning the window renderer 'Falagard/Button' to the window 'Demo8/Window2/Tips__auto_vscrollbar____auto_thumb__'
20/06/2014 14:54:46 (Info) 	Assigning LookNFeel 'TaharezLook/VerticalScrollbarThumb' to window 'Demo8/Window2/Tips__auto_vscrollbar____auto_thumb__'.
20/06/2014 14:54:46 (Error)	Attempt to set value of '283'  to read only property 'HorzExtent' on window: Demo8/Window2/Tips
20/06/2014 14:54:46 (Error)	Attempt to set value of '32'  to read only property 'VertExtent' on window: Demo8/Window2/Tips
20/06/2014 14:54:46 (Std) 	---- Successfully completed loading of GUI layout from 'Demo8.layout' ----
20/06/2014 14:54:46 (Info) 	Window 'CEGUI::System::default__auto_tooltip__' of type 'TaharezLook/Tooltip' has been created. (0974CF30)
20/06/2014 14:54:46 (Info) 	Assigning the window renderer 'Falagard/Tooltip' to the window 'CEGUI::System::default__auto_tooltip__'
20/06/2014 14:54:46 (Info) 	Assigning LookNFeel 'TaharezLook/Tooltip' to window 'CEGUI::System::default__auto_tooltip__'.
20/06/2014 14:54:46 (Std) 	Attempting to create Imageset 'test_chinese_fnt_auto_glyph_images_一' with texture only.
20/06/2014 14:54:46 (Std) 	Attempting to create Imageset 'test_chinese_fnt_auto_glyph_images_嘀' with texture only.
20/06/2014 14:54:53 (Std) 	---- Begining CEGUI System destruction ----
20/06/2014 14:54:53 (Info) 	Window 'Demo8/ViewScroll__auto_incbtn__' has been added to dead pool. (09459A08)
20/06/2014 14:54:53 (Info) 	Window 'Demo8/ViewScroll__auto_decbtn__' has been added to dead pool. (0945FFD0)
20/06/2014 14:54:53 (Info) 	Window 'Demo8/ViewScroll__auto_thumb__' has been added to dead pool. (09464598)
20/06/2014 14:54:53 (Info) 	Window 'Demo8/ViewScroll' has been added to dead pool. (09457028)
20/06/2014 14:54:53 (Info) 	Window 'Demo8/Window1__auto_titlebar__' has been added to dead pool. (0946B4E0)
20/06/2014 14:54:53 (Info) 	Window 'Demo8/Window1__auto_closebutton__' has been added to dead pool. (09475AC8)
20/06/2014 14:54:53 (Info) 	Window 'Demo8/Window1/Listbox__auto_hscrollbar____auto_incbtn__' has been added to dead pool. (094831E8)
20/06/2014 14:54:53 (Info) 	Window 'Demo8/Window1/Listbox__auto_hscrollbar____auto_decbtn__' has been added to dead pool. (094857B0)
20/06/2014 14:54:53 (Info) 	Window 'Demo8/Window1/Listbox__auto_hscrollbar____auto_thumb__' has been added to dead pool. (0948BD78)
20/06/2014 14:54:53 (Info) 	Window 'Demo8/Window1/Listbox__auto_hscrollbar__' has been added to dead pool. (0947EC08)
20/06/2014 14:54:53 (Info) 	Window 'Demo8/Window1/Listbox__auto_vscrollbar____auto_incbtn__' has been added to dead pool. (09498940)
20/06/2014 14:54:53 (Info) 	Window 'Demo8/Window1/Listbox__auto_vscrollbar____auto_decbtn__' has been added to dead pool. (094A4F08)
20/06/2014 14:54:53 (Info) 	Window 'Demo8/Window1/Listbox__auto_vscrollbar____auto_thumb__' has been added to dead pool. (094A74D0)
20/06/2014 14:54:53 (Info) 	Window 'Demo8/Window1/Listbox__auto_vscrollbar__' has been added to dead pool. (09492360)
20/06/2014 14:54:53 (Info) 	Window 'Demo8/Window1/Listbox' has been added to dead pool. (0947A620)
20/06/2014 14:54:53 (Info) 	Window 'Demo8/Window1/Controls__auto_hscrollbar____auto_incbtn__' has been added to dead pool. (094AADD8)
20/06/2014 14:54:53 (Info) 	Window 'Demo8/Window1/Controls__auto_hscrollbar____auto_decbtn__' has been added to dead pool. (095FAF10)
20/06/2014 14:54:53 (Info) 	Window 'Demo8/Window1/Controls__auto_hscrollbar____auto_thumb__' has been added to dead pool. (096034D8)
20/06/2014 14:54:53 (Info) 	Window 'Demo8/Window1/Controls__auto_hscrollbar__' has been added to dead pool. (094AA7F8)
20/06/2014 14:54:53 (Info) 	Window 'Demo8/Window1/Controls__auto_vscrollbar____auto_incbtn__' has been added to dead pool. (096100A0)
20/06/2014 14:54:53 (Info) 	Window 'Demo8/Window1/Controls__auto_vscrollbar____auto_decbtn__' has been added to dead pool. (09610668)
20/06/2014 14:54:53 (Info) 	Window 'Demo8/Window1/Controls__auto_vscrollbar____auto_thumb__' has been added to dead pool. (09618C30)
20/06/2014 14:54:53 (Info) 	Window 'Demo8/Window1/Controls__auto_vscrollbar__' has been added to dead pool. (09607AC0)
20/06/2014 14:54:53 (Info) 	Window 'Demo8/Window1/Controls/Red__auto_incbtn__' has been added to dead pool. (094AA080)
20/06/2014 14:54:53 (Info) 	Window 'Demo8/Window1/Controls/Red__auto_decbtn__' has been added to dead pool. (09627F60)
20/06/2014 14:54:53 (Info) 	Window 'Demo8/Window1/Controls/Red__auto_thumb__' has been added to dead pool. (09630528)
20/06/2014 14:54:53 (Info) 	Window 'Demo8/Window1/Controls/Red' has been added to dead pool. (09625980)
20/06/2014 14:54:53 (Info) 	Window 'Demo8/Window1/Controls/Green__auto_incbtn__' has been added to dead pool. (09632B10)
20/06/2014 14:54:53 (Info) 	Window 'Demo8/Window1/Controls/Green__auto_decbtn__' has been added to dead pool. (096451C0)
20/06/2014 14:54:53 (Info) 	Window 'Demo8/Window1/Controls/Green__auto_thumb__' has been added to dead pool. (09633C68)
20/06/2014 14:54:53 (Info) 	Window 'Demo8/Window1/Controls/Green' has been added to dead pool. (09625218)
20/06/2014 14:54:53 (Info) 	Window 'Demo8/Window1/Controls/Blue__auto_incbtn__' has been added to dead pool. (09645788)
20/06/2014 14:54:53 (Info) 	Window 'Demo8/Window1/Controls/Blue__auto_decbtn__' has been added to dead pool. (09645D50)
20/06/2014 14:54:53 (Info) 	Window 'Demo8/Window1/Controls/Blue__auto_thumb__' has been added to dead pool. (09663788)
20/06/2014 14:54:53 (Info) 	Window 'Demo8/Window1/Controls/Blue' has been added to dead pool. (096511A8)
20/06/2014 14:54:53 (Info) 	Window 'Demo8/Window1/Controls/ColourSample' has been added to dead pool. (09646318)
20/06/2014 14:54:53 (Info) 	Window 'Demo8/Window1/Controls/Editbox' has been added to dead pool. (09634250)
20/06/2014 14:54:53 (Info) 	Window 'Demo8/Window1/Controls/Add' has been added to dead pool. (096468E0)
20/06/2014 14:54:53 (Info) 	Window 'Demo8/Window1/Controls/ins1__auto_hscrollbar____auto_incbtn__' has been added to dead pool. (09647470)
20/06/2014 14:54:53 (Info) 	Window 'Demo8/Window1/Controls/ins1__auto_hscrollbar____auto_decbtn__' has been added to dead pool. (09647A38)
20/06/2014 14:54:53 (Info) 	Window 'Demo8/Window1/Controls/ins1__auto_hscrollbar____auto_thumb__' has been added to dead pool. (096981A0)
20/06/2014 14:54:53 (Info) 	Window 'Demo8/Window1/Controls/ins1__auto_hscrollbar__' has been added to dead pool. (096348D0)
20/06/2014 14:54:53 (Info) 	Window 'Demo8/Window1/Controls/ins1__auto_vscrollbar____auto_incbtn__' has been added to dead pool. (09648000)
20/06/2014 14:54:53 (Info) 	Window 'Demo8/Window1/Controls/ins1__auto_vscrollbar____auto_decbtn__' has been added to dead pool. (096485C8)
20/06/2014 14:54:53 (Info) 	Window 'Demo8/Window1/Controls/ins1__auto_vscrollbar____auto_thumb__' has been added to dead pool. (09665D70)
20/06/2014 14:54:53 (Info) 	Window 'Demo8/Window1/Controls/ins1__auto_vscrollbar__' has been added to dead pool. (09698788)
20/06/2014 14:54:53 (Info) 	Window 'Demo8/Window1/Controls/ins1' has been added to dead pool. (09646EA8)
20/06/2014 14:54:53 (Info) 	Window 'Demo8/Window1/Controls' has been added to dead pool. (094A9AB8)
20/06/2014 14:54:53 (Info) 	Window 'Demo8/Window1' has been added to dead pool. (09464EF0)
20/06/2014 14:54:53 (Info) 	Window 'Demo8/Window2__auto_titlebar__' has been added to dead pool. (096CD5F8)
20/06/2014 14:54:53 (Info) 	Window 'Demo8/Window2__auto_closebutton__' has been added to dead pool. (09648B90)
20/06/2014 14:54:53 (Info) 	Window 'Demo8/Window2/Info__auto_hscrollbar____auto_incbtn__' has been added to dead pool. (09649720)
20/06/2014 14:54:53 (Info) 	Window 'Demo8/Window2/Info__auto_hscrollbar____auto_decbtn__' has been added to dead pool. (09649CE8)
20/06/2014 14:54:53 (Info) 	Window 'Demo8/Window2/Info__auto_hscrollbar____auto_thumb__' has been added to dead pool. (09681510)
20/06/2014 14:54:53 (Info) 	Window 'Demo8/Window2/Info__auto_hscrollbar__' has been added to dead pool. (09680F30)
20/06/2014 14:54:53 (Info) 	Window 'Demo8/Window2/Info__auto_vscrollbar____auto_incbtn__' has been added to dead pool. (0964A2B0)
20/06/2014 14:54:53 (Info) 	Window 'Demo8/Window2/Info__auto_vscrollbar____auto_decbtn__' has been added to dead pool. (0964A878)
20/06/2014 14:54:53 (Info) 	Window 'Demo8/Window2/Info__auto_vscrollbar____auto_thumb__' has been added to dead pool. (096FFBE0)
20/06/2014 14:54:53 (Info) 	Window 'Demo8/Window2/Info__auto_vscrollbar__' has been added to dead pool. (09681AF8)
20/06/2014 14:54:53 (Info) 	Window 'Demo8/Window2/Info' has been added to dead pool. (09649158)
20/06/2014 14:54:53 (Info) 	Window 'Demo8/Window2/Tips__auto_hscrollbar____auto_incbtn__' has been added to dead pool. (0964B408)
20/06/2014 14:54:53 (Info) 	Window 'Demo8/Window2/Tips__auto_hscrollbar____auto_decbtn__' has been added to dead pool. (0964B9D0)
20/06/2014 14:54:53 (Info) 	Window 'Demo8/Window2/Tips__auto_hscrollbar____auto_thumb__' has been added to dead pool. (0972A948)
20/06/2014 14:54:53 (Info) 	Window 'Demo8/Window2/Tips__auto_hscrollbar__' has been added to dead pool. (0967F180)
20/06/2014 14:54:53 (Info) 	Window 'Demo8/Window2/Tips__auto_vscrollbar____auto_incbtn__' has been added to dead pool. (0964BF98)
20/06/2014 14:54:53 (Info) 	Window 'Demo8/Window2/Tips__auto_vscrollbar____auto_decbtn__' has been added to dead pool. (0964C560)
20/06/2014 14:54:53 (Info) 	Window 'Demo8/Window2/Tips__auto_vscrollbar____auto_thumb__' has been added to dead pool. (0967FD40)
20/06/2014 14:54:53 (Info) 	Window 'Demo8/Window2/Tips__auto_vscrollbar__' has been added to dead pool. (0967F760)
20/06/2014 14:54:53 (Info) 	Window 'Demo8/Window2/Tips' has been added to dead pool. (0964AE40)
20/06/2014 14:54:53 (Info) 	Window 'Demo8/Window2' has been added to dead pool. (096CB008)
20/06/2014 14:54:53 (Info) 	Window 'Demo8' has been added to dead pool. (09452A60)
20/06/2014 14:54:53 (Info) 	Window 'root' has been added to dead pool. (09450498)
20/06/2014 14:54:53 (Info) 	Window 'CEGUI::System::default__auto_tooltip__' has been added to dead pool. (0974CF30)
20/06/2014 14:54:53 (Std) 	WindowFactory for 'CEGUI/Tree' windows removed. (042C5380)
20/06/2014 14:54:53 (Std) 	Deleted WindowFactory for 'CEGUI/Tree' windows.
20/06/2014 14:54:53 (Std) 	WindowFactory for 'CEGUI/Thumb' windows removed. (042C4F98)
20/06/2014 14:54:53 (Std) 	Deleted WindowFactory for 'CEGUI/Thumb' windows.
20/06/2014 14:54:53 (Std) 	WindowFactory for 'CEGUI/Slider' windows removed. (042C4C78)
20/06/2014 14:54:53 (Std) 	Deleted WindowFactory for 'CEGUI/Slider' windows.
20/06/2014 14:54:53 (Std) 	WindowFactory for 'CEGUI/Editbox' windows removed. (042C40B0)
20/06/2014 14:54:53 (Std) 	Deleted WindowFactory for 'CEGUI/Editbox' windows.
20/06/2014 14:54:53 (Std) 	WindowFactory for 'CEGUI/Listbox' windows removed. (042C4308)
20/06/2014 14:54:53 (Std) 	Deleted WindowFactory for 'CEGUI/Listbox' windows.
20/06/2014 14:54:53 (Std) 	WindowFactory for 'CEGUI/Menubar' windows removed. (042C4638)
20/06/2014 14:54:53 (Std) 	Deleted WindowFactory for 'CEGUI/Menubar' windows.
20/06/2014 14:54:53 (Std) 	WindowFactory for 'CEGUI/Spinner' windows removed. (042C4D40)
20/06/2014 14:54:53 (Std) 	Deleted WindowFactory for 'CEGUI/Spinner' windows.
20/06/2014 14:54:53 (Std) 	WindowFactory for 'CEGUI/Tooltip' windows removed. (042C5060)
20/06/2014 14:54:53 (Std) 	Deleted WindowFactory for 'CEGUI/Tooltip' windows.
20/06/2014 14:54:53 (Std) 	WindowFactory for 'DefaultWindow' windows removed. (042C3950)
20/06/2014 14:54:53 (Std) 	Deleted WindowFactory for 'DefaultWindow' windows.
20/06/2014 14:54:53 (Std) 	WindowFactory for 'DragContainer' windows removed. (042C3F20)
20/06/2014 14:54:53 (Std) 	Deleted WindowFactory for 'DragContainer' windows.
20/06/2014 14:54:53 (Std) 	WindowFactory for 'CEGUI/Checkbox' windows removed. (042C3B70)
20/06/2014 14:54:53 (Std) 	Deleted WindowFactory for 'CEGUI/Checkbox' windows.
20/06/2014 14:54:53 (Std) 	WindowFactory for 'CEGUI/Combobox' windows removed. (042C3DC8)
20/06/2014 14:54:53 (Std) 	Deleted WindowFactory for 'CEGUI/Combobox' windows.
20/06/2014 14:54:53 (Std) 	WindowFactory for 'CEGUI/GroupBox' windows removed. (042C52B8)
20/06/2014 14:54:53 (Std) 	Deleted WindowFactory for 'CEGUI/GroupBox' windows.
20/06/2014 14:54:53 (Std) 	WindowFactory for 'CEGUI/MenuItem' windows removed. (042C47C8)
20/06/2014 14:54:53 (Std) 	Deleted WindowFactory for 'CEGUI/MenuItem' windows.
20/06/2014 14:54:53 (Std) 	WindowFactory for 'CEGUI/Titlebar' windows removed. (042C5128)
20/06/2014 14:54:53 (Std) 	Deleted WindowFactory for 'CEGUI/Titlebar' windows.
20/06/2014 14:54:53 (Std) 	WindowFactory for 'CEGUI/ItemEntry' windows removed. (042C4240)
20/06/2014 14:54:53 (Std) 	Deleted WindowFactory for 'CEGUI/ItemEntry' windows.
20/06/2014 14:54:53 (Std) 	WindowFactory for 'CEGUI/PopupMenu' windows removed. (042C4700)
20/06/2014 14:54:53 (Std) 	Deleted WindowFactory for 'CEGUI/PopupMenu' windows.
20/06/2014 14:54:53 (Std) 	WindowFactory for 'CEGUI/Scrollbar' windows removed. (042C4BB0)
20/06/2014 14:54:53 (Std) 	Deleted WindowFactory for 'CEGUI/Scrollbar' windows.
20/06/2014 14:54:53 (Std) 	WindowFactory for 'CEGUI/TabButton' windows removed. (042C4E08)
20/06/2014 14:54:53 (Std) 	Deleted WindowFactory for 'CEGUI/TabButton' windows.
20/06/2014 14:54:53 (Std) 	WindowFactory for 'CEGUI/ListHeader' windows removed. (042C43D0)
20/06/2014 14:54:53 (Std) 	Deleted WindowFactory for 'CEGUI/ListHeader' windows.
20/06/2014 14:54:53 (Std) 	WindowFactory for 'CEGUI/PushButton' windows removed. (042C3C38)
20/06/2014 14:54:53 (Std) 	Deleted WindowFactory for 'CEGUI/PushButton' windows.
20/06/2014 14:54:53 (Std) 	WindowFactory for 'CEGUI/TabControl' windows removed. (042C4ED0)
20/06/2014 14:54:53 (Std) 	Deleted WindowFactory for 'CEGUI/TabControl' windows.
20/06/2014 14:54:53 (Std) 	WindowFactory for 'ClippedContainer' windows removed. (042C3AA8)
20/06/2014 14:54:53 (Std) 	Deleted WindowFactory for 'ClippedContainer' windows.
20/06/2014 14:54:53 (Std) 	WindowFactory for 'CEGUI/FrameWindow' windows removed. (042C4178)
20/06/2014 14:54:53 (Std) 	Deleted WindowFactory for 'CEGUI/FrameWindow' windows.
20/06/2014 14:54:53 (Std) 	WindowFactory for 'CEGUI/ItemListbox' windows removed. (042C51F0)
20/06/2014 14:54:53 (Std) 	Deleted WindowFactory for 'CEGUI/ItemListbox' windows.
20/06/2014 14:54:53 (Std) 	WindowFactory for 'CEGUI/ProgressBar' windows removed. (042C4A20)
20/06/2014 14:54:53 (Std) 	Deleted WindowFactory for 'CEGUI/ProgressBar' windows.
20/06/2014 14:54:53 (Std) 	WindowFactory for 'CEGUI/RadioButton' windows removed. (042C3D00)
20/06/2014 14:54:53 (Std) 	Deleted WindowFactory for 'CEGUI/RadioButton' windows.
20/06/2014 14:54:53 (Std) 	WindowFactory for 'ScrolledContainer' windows removed. (042C3850)
20/06/2014 14:54:53 (Std) 	Deleted WindowFactory for 'ScrolledContainer' windows.
20/06/2014 14:54:53 (Std) 	WindowFactory for 'CEGUI/ComboDropList' windows removed. (042C3FE8)
20/06/2014 14:54:53 (Std) 	Deleted WindowFactory for 'CEGUI/ComboDropList' windows.
20/06/2014 14:54:53 (Std) 	WindowFactory for 'GridLayoutContainer' windows removed. (042C55D8)
20/06/2014 14:54:53 (Std) 	Deleted WindowFactory for 'GridLayoutContainer' windows.
20/06/2014 14:54:53 (Std) 	WindowFactory for 'CEGUI/ScrollablePane' windows removed. (042C4AE8)
20/06/2014 14:54:53 (Std) 	Deleted WindowFactory for 'CEGUI/ScrollablePane' windows.
20/06/2014 14:54:53 (Std) 	WindowFactory for 'CEGUI/MultiColumnList' windows removed. (042C4890)
20/06/2014 14:54:53 (Std) 	Deleted WindowFactory for 'CEGUI/MultiColumnList' windows.
20/06/2014 14:54:53 (Std) 	WindowFactory for 'CEGUI/MultiLineEditbox' windows removed. (042C4958)
20/06/2014 14:54:53 (Std) 	Deleted WindowFactory for 'CEGUI/MultiLineEditbox' windows.
20/06/2014 14:54:53 (Std) 	WindowFactory for 'CEGUI/ListHeaderSegment' windows removed. (042C4498)
20/06/2014 14:54:53 (Std) 	Deleted WindowFactory for 'CEGUI/ListHeaderSegment' windows.
20/06/2014 14:54:53 (Std) 	WindowFactory for 'VerticalLayoutContainer' windows removed. (042C5448)
20/06/2014 14:54:53 (Std) 	Deleted WindowFactory for 'VerticalLayoutContainer' windows.
20/06/2014 14:54:53 (Std) 	WindowFactory for 'HorizontalLayoutContainer' windows removed. (042C5510)
20/06/2014 14:54:53 (Std) 	Deleted WindowFactory for 'HorizontalLayoutContainer' windows.
20/06/2014 14:54:53 (Std) 	---- Destroying Lua bindings ----
20/06/2014 14:54:53 (Std) 	---- Begining cleanup of GUI Scheme system ----
20/06/2014 14:54:53 (Info) 	Object of type 'Scheme' named 'TaharezLook' has been destroyed. (08878A60)
20/06/2014 14:54:53 (Info) 	---- Begining resource cleanup for GUI scheme 'TaharezLook' ----
20/06/2014 14:54:53 (Info) 	Object of type 'Font' named 'test_chinese_fnt' has been destroyed. (0882DFA0)
20/06/2014 14:54:53 (Info) 	Object of type 'Imageset' named 'test_chinese_fnt_auto_glyph_images_ ' has been destroyed. (0967D4A8)
20/06/2014 14:54:53 (Info) 	Object of type 'Imageset' named 'test_chinese_fnt_auto_glyph_images_一' has been destroyed. (0967D630)
20/06/2014 14:54:53 (Info) 	Object of type 'Imageset' named 'test_chinese_fnt_auto_glyph_images_嘀' has been destroyed. (0967DDD8)
20/06/2014 14:54:53 (Info) 	Object of type 'Imageset' named 'TaharezLook' has been destroyed. (08889A58)
20/06/2014 14:54:53 (Std) 	WindowRendererFactory for 'Falagard/Button' WindowRenderers removed. (042C5C18)
20/06/2014 14:54:53 (Std) 	Deleted WindowRendererFactory for 'Falagard/Button' WindowRenderers.
20/06/2014 14:54:53 (Std) 	WindowRendererFactory for 'Falagard/Default' WindowRenderers removed. (042C6258)
20/06/2014 14:54:53 (Std) 	Deleted WindowRendererFactory for 'Falagard/Default' WindowRenderers.
20/06/2014 14:54:53 (Std) 	WindowRendererFactory for 'Falagard/Editbox' WindowRenderers removed. (042C6190)
20/06/2014 14:54:53 (Std) 	Deleted WindowRendererFactory for 'Falagard/Editbox' WindowRenderers.
20/06/2014 14:54:53 (Std) 	WindowRendererFactory for 'Falagard/FrameWindow' WindowRenderers removed. (042C6320)
20/06/2014 14:54:53 (Std) 	Deleted WindowRendererFactory for 'Falagard/FrameWindow' WindowRenderers.
20/06/2014 14:54:53 (Std) 	WindowRendererFactory for 'Falagard/ItemEntry' WindowRenderers removed. (042C63E8)
20/06/2014 14:54:53 (Std) 	Deleted WindowRendererFactory for 'Falagard/ItemEntry' WindowRenderers.
20/06/2014 14:54:53 (Std) 	WindowRendererFactory for 'Falagard/ListHeader' WindowRenderers removed. (042C64B0)
20/06/2014 14:54:53 (Std) 	Deleted WindowRendererFactory for 'Falagard/ListHeader' WindowRenderers.
20/06/2014 14:54:53 (Std) 	WindowRendererFactory for 'Falagard/ListHeaderSegment' WindowRenderers removed. (0885A940)
20/06/2014 14:54:53 (Std) 	Deleted WindowRendererFactory for 'Falagard/ListHeaderSegment' WindowRenderers.
20/06/2014 14:54:53 (Std) 	WindowRendererFactory for 'Falagard/Listbox' WindowRenderers removed. (0885AA08)
20/06/2014 14:54:53 (Std) 	Deleted WindowRendererFactory for 'Falagard/Listbox' WindowRenderers.
20/06/2014 14:54:53 (Std) 	WindowRendererFactory for 'Falagard/Menubar' WindowRenderers removed. (0885AAD0)
20/06/2014 14:54:53 (Std) 	Deleted WindowRendererFactory for 'Falagard/Menubar' WindowRenderers.
20/06/2014 14:54:53 (Std) 	WindowRendererFactory for 'Falagard/MenuItem' WindowRenderers removed. (0885AB98)
20/06/2014 14:54:53 (Std) 	Deleted WindowRendererFactory for 'Falagard/MenuItem' WindowRenderers.
20/06/2014 14:54:53 (Std) 	WindowRendererFactory for 'Falagard/MultiColumnList' WindowRenderers removed. (0885AC60)
20/06/2014 14:54:53 (Std) 	Deleted WindowRendererFactory for 'Falagard/MultiColumnList' WindowRenderers.
20/06/2014 14:54:53 (Std) 	WindowRendererFactory for 'Falagard/MultiLineEditbox' WindowRenderers removed. (0885AD28)
20/06/2014 14:54:53 (Std) 	Deleted WindowRendererFactory for 'Falagard/MultiLineEditbox' WindowRenderers.
20/06/2014 14:54:53 (Std) 	WindowRendererFactory for 'Falagard/PopupMenu' WindowRenderers removed. (0885ADF0)
20/06/2014 14:54:53 (Std) 	Deleted WindowRendererFactory for 'Falagard/PopupMenu' WindowRenderers.
20/06/2014 14:54:53 (Std) 	WindowRendererFactory for 'Falagard/ProgressBar' WindowRenderers removed. (0885AEB8)
20/06/2014 14:54:53 (Std) 	Deleted WindowRendererFactory for 'Falagard/ProgressBar' WindowRenderers.
20/06/2014 14:54:53 (Std) 	WindowRendererFactory for 'Falagard/ScrollablePane' WindowRenderers removed. (0885AF80)
20/06/2014 14:54:53 (Std) 	Deleted WindowRendererFactory for 'Falagard/ScrollablePane' WindowRenderers.
20/06/2014 14:54:53 (Std) 	WindowRendererFactory for 'Falagard/Scrollbar' WindowRenderers removed. (0885B048)
20/06/2014 14:54:53 (Std) 	Deleted WindowRendererFactory for 'Falagard/Scrollbar' WindowRenderers.
20/06/2014 14:54:53 (Std) 	WindowRendererFactory for 'Falagard/Slider' WindowRenderers removed. (0885B110)
20/06/2014 14:54:53 (Std) 	Deleted WindowRendererFactory for 'Falagard/Slider' WindowRenderers.
20/06/2014 14:54:53 (Std) 	WindowRendererFactory for 'Falagard/Static' WindowRenderers removed. (0885B2A0)
20/06/2014 14:54:53 (Std) 	Deleted WindowRendererFactory for 'Falagard/Static' WindowRenderers.
20/06/2014 14:54:53 (Std) 	WindowRendererFactory for 'Falagard/StaticImage' WindowRenderers removed. (0885B368)
20/06/2014 14:54:53 (Std) 	Deleted WindowRendererFactory for 'Falagard/StaticImage' WindowRenderers.
20/06/2014 14:54:53 (Std) 	WindowRendererFactory for 'Falagard/StaticText' WindowRenderers removed. (0885B1D8)
20/06/2014 14:54:53 (Std) 	Deleted WindowRendererFactory for 'Falagard/StaticText' WindowRenderers.
20/06/2014 14:54:53 (Std) 	WindowRendererFactory for 'Falagard/SystemButton' WindowRenderers removed. (0885B430)
20/06/2014 14:54:53 (Std) 	Deleted WindowRendererFactory for 'Falagard/SystemButton' WindowRenderers.
20/06/2014 14:54:53 (Std) 	WindowRendererFactory for 'Falagard/TabButton' WindowRenderers removed. (0885B4F8)
20/06/2014 14:54:53 (Std) 	Deleted WindowRendererFactory for 'Falagard/TabButton' WindowRenderers.
20/06/2014 14:54:53 (Std) 	WindowRendererFactory for 'Falagard/TabControl' WindowRenderers removed. (0885B5C0)
20/06/2014 14:54:53 (Std) 	Deleted WindowRendererFactory for 'Falagard/TabControl' WindowRenderers.
20/06/2014 14:54:53 (Std) 	WindowRendererFactory for 'Falagard/Titlebar' WindowRenderers removed. (0885B688)
20/06/2014 14:54:53 (Std) 	Deleted WindowRendererFactory for 'Falagard/Titlebar' WindowRenderers.
20/06/2014 14:54:53 (Std) 	WindowRendererFactory for 'Falagard/ToggleButton' WindowRenderers removed. (0885B750)
20/06/2014 14:54:53 (Std) 	Deleted WindowRendererFactory for 'Falagard/ToggleButton' WindowRenderers.
20/06/2014 14:54:53 (Std) 	WindowRendererFactory for 'Falagard/Tooltip' WindowRenderers removed. (0885B818)
20/06/2014 14:54:53 (Std) 	Deleted WindowRendererFactory for 'Falagard/Tooltip' WindowRenderers.
20/06/2014 14:54:53 (Std) 	WindowRendererFactory for 'Falagard/ItemListbox' WindowRenderers removed. (0885B8E0)
20/06/2014 14:54:53 (Std) 	Deleted WindowRendererFactory for 'Falagard/ItemListbox' WindowRenderers.
20/06/2014 14:54:53 (Std) 	WindowRendererFactory for 'Falagard/Tree' WindowRenderers removed. (0885B9A8)
20/06/2014 14:54:53 (Std) 	Deleted WindowRendererFactory for 'Falagard/Tree' WindowRenderers.
20/06/2014 14:54:53 (Info) 	---- Resource cleanup for GUI scheme 'TaharezLook' completed ----
20/06/2014 14:54:53 (Info) 	GUI scheme 'TaharezLook' has been unloaded (object destructor). (08878A60)
20/06/2014 14:54:53 (Std) 	CEGUI::SchemeManager singleton destroyed. (042C0758)
20/06/2014 14:54:53 (Std) 	CEGUI::WindowManager singleton destroyed (042BF130)
20/06/2014 14:54:53 (Std) 	CEGUI::WindowFactoryManager singleton destroyed
20/06/2014 14:54:53 (Std) 	CEGUI::WidgetLookManager singleton destroyed. (042BD7E0)
20/06/2014 14:54:53 (Std) 	CEGUI::WindowRendererManager singleton destroyed (04A5BC70)
20/06/2014 14:54:53 (Std) 	CEGUI::AnimationManager singleton destroyed (042C06C8)
20/06/2014 14:54:53 (Std) 	CEGUI::RenderEffectManager singleton destroyed (042C3530)
20/06/2014 14:54:53 (Std) 	---- Begining cleanup of Font system ----
20/06/2014 14:54:53 (Std) 	CEGUI::FontManager singleton destroyed. (042BDF18)
20/06/2014 14:54:53 (Std) 	CEGUI::MouseCursor singleton destroyed. (042C0A00)
20/06/2014 14:54:53 (Std) 	---- Begining cleanup of Imageset system ----
20/06/2014 14:54:53 (Info) 	Object of type 'Imageset' named 'cegui_logo' has been destroyed. (042CB480)
20/06/2014 14:54:53 (Std) 	CEGUI::ImagesetManager singleton destroyed (042BEBD0)
20/06/2014 14:54:53 (Std) 	CEGUI::GlobalEventSet singleton destroyed. (042B4480)
20/06/2014 14:54:53 (Std) 	CEGUI::System singleton destroyed. (042BCAD0)
20/06/2014 14:54:53 (Std) 	---- CEGUI System destruction completed ----
20/06/2014 14:54:53 (Std) 	CEGUI::Logger singleton destroyed. (042BD820)
