31/07/2026 23:57:55 (Std) 	+-+-+-+-+-+-+-+-+-+-+-+-+-+-+-+-+-+-+-+-+-+-+-+-+-+-+-+-+-+-+-+-+-+-+-+-+-+-+-+
31/07/2026 23:57:55 (Std) 	+                     Crazy Eddie's GUI System - Event log                    +
31/07/2026 23:57:55 (Std) 	+                          (http://www.cegui.org.uk/)                         +
31/07/2026 23:57:55 (Std) 	+-+-+-+-+-+-+-+-+-+-+-+-+-+-+-+-+-+-+-+-+-+-+-+-+-+-+-+-+-+-+-+-+-+-+-+-+-+-+-+

31/07/2026 23:57:55 (Std) 	CEGUI::Logger singleton created. (1AB7E5B8)
31/07/2026 23:57:55 (Std) 	
31/07/2026 23:57:55 (Std) 	********************************************************************************
31/07/2026 23:57:55 (Std) 	* Important:                                                                   *
31/07/2026 23:57:55 (Std) 	*     To get support at the CEGUI forums, you must post _at least_ the section *
31/07/2026 23:57:55 (Std) 	*     of this log file indicated below.  Failure to do this will result in no  *
31/07/2026 23:57:55 (Std) 	*     support being given; please do not waste our time.                       *
31/07/2026 23:57:55 (Std) 	********************************************************************************
31/07/2026 23:57:55 (Std) 	********************************************************************************
31/07/2026 23:57:55 (Std) 	* -------- START OF ESSENTIAL SECTION TO BE POSTED ON THE FORUM       -------- *
31/07/2026 23:57:55 (Std) 	********************************************************************************
31/07/2026 23:57:55 (Std) 	---- Version 0.7.9 (Build: Jul 31 2026 Static Microsoft Windows MSVC++ Great Scott! 32 bit) ----
31/07/2026 23:57:55 (Std) 	---- Renderer module is: CEGUI::Cocos2DRenderer - Cocos2D renderer module for Cocos2d-x 3.0-oh. ----
31/07/2026 23:57:55 (Std) 	---- XML Parser module is: CEGUI::TinyXMLParser - Official tinyXML based parser module for CEGUI ----
31/07/2026 23:57:55 (Std) 	---- Image Codec module is: SILLYImageCodec - Official SILLY based image codec ----
31/07/2026 23:57:55 (Std) 	---- Scripting module is: CEGUI::LuaScriptModule - Official Lua based scripting module for CEGUI ----
31/07/2026 23:57:55 (Std) 	********************************************************************************
31/07/2026 23:57:55 (Std) 	* -------- END OF ESSENTIAL SECTION TO BE POSTED ON THE FORUM         -------- *
31/07/2026 23:57:55 (Std) 	********************************************************************************
31/07/2026 23:57:55 (Std) 	
31/07/2026 23:57:55 (Std) 	---- Begining CEGUI System initialisation ----
31/07/2026 23:57:55 (Std) 	CEGUI::ImagesetManager singleton created (1F9F92A0)
31/07/2026 23:57:55 (Std) 	CEGUI::FontManager singleton created. (1F9F80A0)
31/07/2026 23:57:55 (Std) 	CEGUI::WindowFactoryManager singleton created
31/07/2026 23:57:55 (Std) 	CEGUI::WindowManager singleton created (1ADF18A0)
31/07/2026 23:57:55 (Std) 	CEGUI::SchemeManager singleton created. (1F9F85E0)
31/07/2026 23:57:55 (Std) 	CEGUI::MouseCursor singleton created. (1AC91370)
31/07/2026 23:57:55 (Std) 	CEGUI::GlobalEventSet singleton created. (1ADA9A98)
31/07/2026 23:57:55 (Std) 	CEGUI::AnimationManager singleton created (1ADB6638)
31/07/2026 23:57:55 (Std) 	CEGUI::WidgetLookManager singleton created. (1AB34168)
31/07/2026 23:57:55 (Std) 	CEGUI::WindowRendererManager singleton created (1AB341D8)
31/07/2026 23:57:55 (Std) 	CEGUI::RenderEffectManager singleton created (1A75DDC0)
31/07/2026 23:57:55 (Std) 	Created WindowFactory for 'DefaultWindow' windows.
31/07/2026 23:57:55 (Std) 	WindowFactory for 'DefaultWindow' windows added. (1ACE27B8)
31/07/2026 23:57:55 (Std) 	Created WindowFactory for 'DragContainer' windows.
31/07/2026 23:57:55 (Std) 	WindowFactory for 'DragContainer' windows added. (1ACE2470)
31/07/2026 23:57:55 (Std) 	Created WindowFactory for 'ScrolledContainer' windows.
31/07/2026 23:57:55 (Std) 	WindowFactory for 'ScrolledContainer' windows added. (1ACE1BE8)
31/07/2026 23:57:55 (Std) 	Created WindowFactory for 'ClippedContainer' windows.
31/07/2026 23:57:55 (Std) 	WindowFactory for 'ClippedContainer' windows added. (1ACE1C90)
31/07/2026 23:57:55 (Std) 	Created WindowFactory for 'CEGUI/MessageTip' windows.
31/07/2026 23:57:55 (Std) 	WindowFactory for 'CEGUI/MessageTip' windows added. (1ACE1600)
31/07/2026 23:57:55 (Std) 	Created WindowFactory for 'CEGUI/Checkbox' windows.
31/07/2026 23:57:55 (Std) 	WindowFactory for 'CEGUI/Checkbox' windows added. (1ACE14B0)
31/07/2026 23:57:55 (Std) 	Created WindowFactory for 'CEGUI/PushButton' windows.
31/07/2026 23:57:55 (Std) 	WindowFactory for 'CEGUI/PushButton' windows added. (1ACE2080)
31/07/2026 23:57:55 (Std) 	Created WindowFactory for 'CEGUI/RadioButton' windows.
31/07/2026 23:57:55 (Std) 	WindowFactory for 'CEGUI/RadioButton' windows added. (1ACE1408)
31/07/2026 23:57:55 (Std) 	Created WindowFactory for 'CEGUI/Combobox' windows.
31/07/2026 23:57:55 (Std) 	WindowFactory for 'CEGUI/Combobox' windows added. (1ACE1DE0)
31/07/2026 23:57:55 (Std) 	Created WindowFactory for 'CEGUI/ComboDropList' windows.
31/07/2026 23:57:55 (Std) 	WindowFactory for 'CEGUI/ComboDropList' windows added. (1ACE1E88)
31/07/2026 23:57:55 (Std) 	Created WindowFactory for 'CEGUI/Editbox' windows.
31/07/2026 23:57:55 (Std) 	WindowFactory for 'CEGUI/Editbox' windows added. (1ACE1F30)
31/07/2026 23:57:55 (Std) 	Created WindowFactory for 'CEGUI/RichEditbox' windows.
31/07/2026 23:57:55 (Std) 	WindowFactory for 'CEGUI/RichEditbox' windows added. (1ACE1FD8)
31/07/2026 23:57:55 (Std) 	Created WindowFactory for 'CEGUI/FrameWindow' windows.
31/07/2026 23:57:55 (Std) 	WindowFactory for 'CEGUI/FrameWindow' windows added. (1ACE2128)
31/07/2026 23:57:55 (Std) 	Created WindowFactory for 'CEGUI/ItemEntry' windows.
31/07/2026 23:57:55 (Std) 	WindowFactory for 'CEGUI/ItemEntry' windows added. (1ACE2518)
31/07/2026 23:57:55 (Std) 	Created WindowFactory for 'CEGUI/Listbox' windows.
31/07/2026 23:57:55 (Std) 	WindowFactory for 'CEGUI/Listbox' windows added. (1ACE1558)
31/07/2026 23:57:55 (Std) 	Created WindowFactory for 'CEGUI/ListHeader' windows.
31/07/2026 23:57:55 (Std) 	WindowFactory for 'CEGUI/ListHeader' windows added. (1ACE16A8)
31/07/2026 23:57:55 (Std) 	Created WindowFactory for 'CEGUI/ListHeaderSegment' windows.
31/07/2026 23:57:55 (Std) 	WindowFactory for 'CEGUI/ListHeaderSegment' windows added. (1ACE21D0)
31/07/2026 23:57:55 (Std) 	Created WindowFactory for 'CEGUI/Menubar' windows.
31/07/2026 23:57:55 (Std) 	WindowFactory for 'CEGUI/Menubar' windows added. (1ACE2278)
31/07/2026 23:57:55 (Std) 	Created WindowFactory for 'CEGUI/PopupMenu' windows.
31/07/2026 23:57:55 (Std) 	WindowFactory for 'CEGUI/PopupMenu' windows added. (1ACE25C0)
31/07/2026 23:57:55 (Std) 	Created WindowFactory for 'CEGUI/MenuItem' windows.
31/07/2026 23:57:55 (Std) 	WindowFactory for 'CEGUI/MenuItem' windows added. (1ACE1750)
31/07/2026 23:57:55 (Std) 	Created WindowFactory for 'CEGUI/MultiColumnList' windows.
31/07/2026 23:57:55 (Std) 	WindowFactory for 'CEGUI/MultiColumnList' windows added. (1ACE2668)
31/07/2026 23:57:55 (Std) 	Created WindowFactory for 'CEGUI/MultiLineEditbox' windows.
31/07/2026 23:57:55 (Std) 	WindowFactory for 'CEGUI/MultiLineEditbox' windows added. (1ACE2710)
31/07/2026 23:57:55 (Std) 	Created WindowFactory for 'CEGUI/ProgressBar' windows.
31/07/2026 23:57:55 (Std) 	WindowFactory for 'CEGUI/ProgressBar' windows added. (1ACE2860)
31/07/2026 23:57:55 (Std) 	Created WindowFactory for 'CEGUI/ScrollablePane' windows.
31/07/2026 23:57:55 (Std) 	WindowFactory for 'CEGUI/ScrollablePane' windows added. (1ACE3580)
31/07/2026 23:57:55 (Std) 	Created WindowFactory for 'CEGUI/Scrollbar' windows.
31/07/2026 23:57:55 (Std) 	WindowFactory for 'CEGUI/Scrollbar' windows added. (1ACE2F98)
31/07/2026 23:57:55 (Std) 	Created WindowFactory for 'CEGUI/Slider' windows.
31/07/2026 23:57:55 (Std) 	WindowFactory for 'CEGUI/Slider' windows added. (1ACE38C8)
31/07/2026 23:57:55 (Std) 	Created WindowFactory for 'CEGUI/Spinner' windows.
31/07/2026 23:57:55 (Std) 	WindowFactory for 'CEGUI/Spinner' windows added. (1ACE2BA8)
31/07/2026 23:57:55 (Std) 	Created WindowFactory for 'CEGUI/TabButton' windows.
31/07/2026 23:57:55 (Std) 	WindowFactory for 'CEGUI/TabButton' windows added. (1ACE3820)
31/07/2026 23:57:55 (Std) 	Created WindowFactory for 'CEGUI/TabControl' windows.
31/07/2026 23:57:55 (Std) 	WindowFactory for 'CEGUI/TabControl' windows added. (1ACE2C50)
31/07/2026 23:57:55 (Std) 	Created WindowFactory for 'CEGUI/Thumb' windows.
31/07/2026 23:57:55 (Std) 	WindowFactory for 'CEGUI/Thumb' windows added. (1ACE3C10)
31/07/2026 23:57:55 (Std) 	Created WindowFactory for 'CEGUI/Titlebar' windows.
31/07/2026 23:57:55 (Std) 	WindowFactory for 'CEGUI/Titlebar' windows added. (1ACE2A58)
31/07/2026 23:57:55 (Std) 	Created WindowFactory for 'CEGUI/Tooltip' windows.
31/07/2026 23:57:55 (Std) 	WindowFactory for 'CEGUI/Tooltip' windows added. (1ACE3628)
31/07/2026 23:57:55 (Std) 	Created WindowFactory for 'CEGUI/ItemListbox' windows.
31/07/2026 23:57:55 (Std) 	WindowFactory for 'CEGUI/ItemListbox' windows added. (1ACE3970)
31/07/2026 23:57:55 (Std) 	Created WindowFactory for 'CEGUI/GroupBox' windows.
31/07/2026 23:57:55 (Std) 	WindowFactory for 'CEGUI/GroupBox' windows added. (1ACE32E0)
31/07/2026 23:57:55 (Std) 	Created WindowFactory for 'CEGUI/Tree' windows.
31/07/2026 23:57:55 (Std) 	WindowFactory for 'CEGUI/Tree' windows added. (1ACE2DA0)
31/07/2026 23:57:55 (Std) 	Created WindowFactory for 'HorizontalLayoutContainer' windows.
31/07/2026 23:57:55 (Std) 	WindowFactory for 'HorizontalLayoutContainer' windows added. (1ACE29B0)
31/07/2026 23:57:55 (Std) 	Created WindowFactory for 'VerticalLayoutContainer' windows.
31/07/2026 23:57:55 (Std) 	WindowFactory for 'VerticalLayoutContainer' windows added. (1ACE3CB8)
31/07/2026 23:57:55 (Std) 	Created WindowFactory for 'GridLayoutContainer' windows.
31/07/2026 23:57:55 (Std) 	WindowFactory for 'GridLayoutContainer' windows added. (1ACE2CF8)
31/07/2026 23:57:55 (Std) 	Window type alias named 'DefaultGUISheet' added for window type 'DefaultWindow'.
31/07/2026 23:57:55 (Std) 	CEGUI::System singleton created. (1A952480)
31/07/2026 23:57:55 (Std) 	---- CEGUI System initialisation completed ----
31/07/2026 23:57:55 (Std) 	
31/07/2026 23:57:55 (Std) 	---- Creating Lua bindings ----
31/07/2026 23:57:55 (Std) 	Display resize: w=1280 h=720
