31/07/2026 19:54:26 (Std) 	+-+-+-+-+-+-+-+-+-+-+-+-+-+-+-+-+-+-+-+-+-+-+-+-+-+-+-+-+-+-+-+-+-+-+-+-+-+-+-+
31/07/2026 19:54:26 (Std) 	+                     Crazy Eddie's GUI System - Event log                    +
31/07/2026 19:54:26 (Std) 	+                          (http://www.cegui.org.uk/)                         +
31/07/2026 19:54:26 (Std) 	+-+-+-+-+-+-+-+-+-+-+-+-+-+-+-+-+-+-+-+-+-+-+-+-+-+-+-+-+-+-+-+-+-+-+-+-+-+-+-+

31/07/2026 19:54:26 (Std) 	CEGUI::Logger singleton created. (1D2A18C0)
31/07/2026 19:54:26 (Std) 	
31/07/2026 19:54:26 (Std) 	********************************************************************************
31/07/2026 19:54:26 (Std) 	* Important:                                                                   *
31/07/2026 19:54:26 (Std) 	*     To get support at the CEGUI forums, you must post _at least_ the section *
31/07/2026 19:54:26 (Std) 	*     of this log file indicated below.  Failure to do this will result in no  *
31/07/2026 19:54:26 (Std) 	*     support being given; please do not waste our time.                       *
31/07/2026 19:54:26 (Std) 	********************************************************************************
31/07/2026 19:54:26 (Std) 	********************************************************************************
31/07/2026 19:54:26 (Std) 	* -------- START OF ESSENTIAL SECTION TO BE POSTED ON THE FORUM       -------- *
31/07/2026 19:54:26 (Std) 	********************************************************************************
31/07/2026 19:54:26 (Std) 	---- Version 0.7.9 (Build: Jul 31 2026 Static Microsoft Windows MSVC++ Great Scott! 32 bit) ----
31/07/2026 19:54:26 (Std) 	---- Renderer module is: CEGUI::Cocos2DRenderer - Cocos2D renderer module for Cocos2d-x 3.0-oh. ----
31/07/2026 19:54:26 (Std) 	---- XML Parser module is: CEGUI::TinyXMLParser - Official tinyXML based parser module for CEGUI ----
31/07/2026 19:54:26 (Std) 	---- Image Codec module is: SILLYImageCodec - Official SILLY based image codec ----
31/07/2026 19:54:26 (Std) 	---- Scripting module is: CEGUI::LuaScriptModule - Official Lua based scripting module for CEGUI ----
31/07/2026 19:54:26 (Std) 	********************************************************************************
31/07/2026 19:54:26 (Std) 	* -------- END OF ESSENTIAL SECTION TO BE POSTED ON THE FORUM         -------- *
31/07/2026 19:54:26 (Std) 	********************************************************************************
31/07/2026 19:54:26 (Std) 	
31/07/2026 19:54:26 (Std) 	---- Begining CEGUI System initialisation ----
31/07/2026 19:54:26 (Std) 	CEGUI::ImagesetManager singleton created (1B68AA10)
31/07/2026 19:54:26 (Std) 	CEGUI::FontManager singleton created. (1B68AAD0)
31/07/2026 19:54:26 (Std) 	CEGUI::WindowFactoryManager singleton created
31/07/2026 19:54:26 (Std) 	CEGUI::WindowManager singleton created (1CDE5E50)
31/07/2026 19:54:26 (Std) 	CEGUI::SchemeManager singleton created. (1B68B0D0)
31/07/2026 19:54:26 (Std) 	CEGUI::MouseCursor singleton created. (1D4A93E8)
31/07/2026 19:54:26 (Std) 	CEGUI::GlobalEventSet singleton created. (1D537590)
31/07/2026 19:54:26 (Std) 	CEGUI::AnimationManager singleton created (1D521CB0)
31/07/2026 19:54:26 (Std) 	CEGUI::WidgetLookManager singleton created. (1D2D9180)
31/07/2026 19:54:26 (Std) 	CEGUI::WindowRendererManager singleton created (1D2D9160)
31/07/2026 19:54:26 (Std) 	CEGUI::RenderEffectManager singleton created (1D29A678)
31/07/2026 19:54:26 (Std) 	Created WindowFactory for 'DefaultWindow' windows.
31/07/2026 19:54:26 (Std) 	WindowFactory for 'DefaultWindow' windows added. (1D4FA020)
31/07/2026 19:54:26 (Std) 	Created WindowFactory for 'DragContainer' windows.
31/07/2026 19:54:26 (Std) 	WindowFactory for 'DragContainer' windows added. (1D4FA2C0)
31/07/2026 19:54:26 (Std) 	Created WindowFactory for 'ScrolledContainer' windows.
31/07/2026 19:54:26 (Std) 	WindowFactory for 'ScrolledContainer' windows added. (1D4F8E68)
31/07/2026 19:54:26 (Std) 	Created WindowFactory for 'ClippedContainer' windows.
31/07/2026 19:54:26 (Std) 	WindowFactory for 'ClippedContainer' windows added. (1D4F94F8)
31/07/2026 19:54:26 (Std) 	Created WindowFactory for 'CEGUI/MessageTip' windows.
31/07/2026 19:54:26 (Std) 	WindowFactory for 'CEGUI/MessageTip' windows added. (1D4F95A0)
31/07/2026 19:54:26 (Std) 	Created WindowFactory for 'CEGUI/Checkbox' windows.
31/07/2026 19:54:26 (Std) 	WindowFactory for 'CEGUI/Checkbox' windows added. (1D4F98E8)
31/07/2026 19:54:26 (Std) 	Created WindowFactory for 'CEGUI/PushButton' windows.
31/07/2026 19:54:26 (Std) 	WindowFactory for 'CEGUI/PushButton' windows added. (1D4F8F10)
31/07/2026 19:54:26 (Std) 	Created WindowFactory for 'CEGUI/RadioButton' windows.
31/07/2026 19:54:26 (Std) 	WindowFactory for 'CEGUI/RadioButton' windows added. (1D4F9648)
31/07/2026 19:54:26 (Std) 	Created WindowFactory for 'CEGUI/Combobox' windows.
31/07/2026 19:54:26 (Std) 	WindowFactory for 'CEGUI/Combobox' windows added. (1D4F9A38)
31/07/2026 19:54:26 (Std) 	Created WindowFactory for 'CEGUI/ComboDropList' windows.
31/07/2026 19:54:26 (Std) 	WindowFactory for 'CEGUI/ComboDropList' windows added. (1D4F9ED0)
31/07/2026 19:54:26 (Std) 	Created WindowFactory for 'CEGUI/Editbox' windows.
31/07/2026 19:54:26 (Std) 	WindowFactory for 'CEGUI/Editbox' windows added. (1D4FA170)
31/07/2026 19:54:26 (Std) 	Created WindowFactory for 'CEGUI/RichEditbox' windows.
31/07/2026 19:54:26 (Std) 	WindowFactory for 'CEGUI/RichEditbox' windows added. (1D4F91B0)
31/07/2026 19:54:26 (Std) 	Created WindowFactory for 'CEGUI/FrameWindow' windows.
31/07/2026 19:54:26 (Std) 	WindowFactory for 'CEGUI/FrameWindow' windows added. (1D4F9AE0)
31/07/2026 19:54:26 (Std) 	Created WindowFactory for 'CEGUI/ItemEntry' windows.
31/07/2026 19:54:26 (Std) 	WindowFactory for 'CEGUI/ItemEntry' windows added. (1D4F9B88)
31/07/2026 19:54:26 (Std) 	Created WindowFactory for 'CEGUI/Listbox' windows.
31/07/2026 19:54:26 (Std) 	WindowFactory for 'CEGUI/Listbox' windows added. (1D4F9CD8)
31/07/2026 19:54:26 (Std) 	Created WindowFactory for 'CEGUI/ListHeader' windows.
31/07/2026 19:54:26 (Std) 	WindowFactory for 'CEGUI/ListHeader' windows added. (1D4FB7C0)
31/07/2026 19:54:26 (Std) 	Created WindowFactory for 'CEGUI/ListHeaderSegment' windows.
31/07/2026 19:54:26 (Std) 	WindowFactory for 'CEGUI/ListHeaderSegment' windows added. (1D4FA9F8)
31/07/2026 19:54:26 (Std) 	Created WindowFactory for 'CEGUI/Menubar' windows.
31/07/2026 19:54:26 (Std) 	WindowFactory for 'CEGUI/Menubar' windows added. (1D4FB280)
31/07/2026 19:54:26 (Std) 	Created WindowFactory for 'CEGUI/PopupMenu' windows.
31/07/2026 19:54:26 (Std) 	WindowFactory for 'CEGUI/PopupMenu' windows added. (1D4FA950)
31/07/2026 19:54:26 (Std) 	Created WindowFactory for 'CEGUI/MenuItem' windows.
31/07/2026 19:54:26 (Std) 	WindowFactory for 'CEGUI/MenuItem' windows added. (1D4FB130)
31/07/2026 19:54:26 (Std) 	Created WindowFactory for 'CEGUI/MultiColumnList' windows.
31/07/2026 19:54:26 (Std) 	WindowFactory for 'CEGUI/MultiColumnList' windows added. (1D4FB328)
31/07/2026 19:54:26 (Std) 	Created WindowFactory for 'CEGUI/MultiLineEditbox' windows.
31/07/2026 19:54:26 (Std) 	WindowFactory for 'CEGUI/MultiLineEditbox' windows added. (1D4FB670)
31/07/2026 19:54:26 (Std) 	Created WindowFactory for 'CEGUI/ProgressBar' windows.
31/07/2026 19:54:26 (Std) 	WindowFactory for 'CEGUI/ProgressBar' windows added. (1D4FADE8)
31/07/2026 19:54:26 (Std) 	Created WindowFactory for 'CEGUI/ScrollablePane' windows.
31/07/2026 19:54:26 (Std) 	WindowFactory for 'CEGUI/ScrollablePane' windows added. (1D4FB3D0)
31/07/2026 19:54:26 (Std) 	Created WindowFactory for 'CEGUI/Scrollbar' windows.
31/07/2026 19:54:26 (Std) 	WindowFactory for 'CEGUI/Scrollbar' windows added. (1D4FA8A8)
31/07/2026 19:54:26 (Std) 	Created WindowFactory for 'CEGUI/Slider' windows.
31/07/2026 19:54:26 (Std) 	WindowFactory for 'CEGUI/Slider' windows added. (1D4FA4B8)
31/07/2026 19:54:26 (Std) 	Created WindowFactory for 'CEGUI/Spinner' windows.
31/07/2026 19:54:26 (Std) 	WindowFactory for 'CEGUI/Spinner' windows added. (1D4FA800)
31/07/2026 19:54:26 (Std) 	Created WindowFactory for 'CEGUI/TabButton' windows.
31/07/2026 19:54:26 (Std) 	WindowFactory for 'CEGUI/TabButton' windows added. (1D4FA560)
31/07/2026 19:54:26 (Std) 	Created WindowFactory for 'CEGUI/TabControl' windows.
31/07/2026 19:54:26 (Std) 	WindowFactory for 'CEGUI/TabControl' windows added. (1D4FABF0)
31/07/2026 19:54:26 (Std) 	Created WindowFactory for 'CEGUI/Thumb' windows.
31/07/2026 19:54:26 (Std) 	WindowFactory for 'CEGUI/Thumb' windows added. (1D4FAC98)
31/07/2026 19:54:26 (Std) 	Created WindowFactory for 'CEGUI/Titlebar' windows.
31/07/2026 19:54:26 (Std) 	WindowFactory for 'CEGUI/Titlebar' windows added. (1D4FA368)
31/07/2026 19:54:26 (Std) 	Created WindowFactory for 'CEGUI/Tooltip' windows.
31/07/2026 19:54:26 (Std) 	WindowFactory for 'CEGUI/Tooltip' windows added. (1D4FB478)
31/07/2026 19:54:26 (Std) 	Created WindowFactory for 'CEGUI/ItemListbox' windows.
31/07/2026 19:54:26 (Std) 	WindowFactory for 'CEGUI/ItemListbox' windows added. (1D4FB1D8)
31/07/2026 19:54:26 (Std) 	Created WindowFactory for 'CEGUI/GroupBox' windows.
31/07/2026 19:54:26 (Std) 	WindowFactory for 'CEGUI/GroupBox' windows added. (1D4FA758)
31/07/2026 19:54:26 (Std) 	Created WindowFactory for 'CEGUI/Tree' windows.
31/07/2026 19:54:26 (Std) 	WindowFactory for 'CEGUI/Tree' windows added. (1D4FB520)
31/07/2026 19:54:26 (Std) 	Created WindowFactory for 'HorizontalLayoutContainer' windows.
31/07/2026 19:54:26 (Std) 	WindowFactory for 'HorizontalLayoutContainer' windows added. (1D4FAAA0)
31/07/2026 19:54:26 (Std) 	Created WindowFactory for 'VerticalLayoutContainer' windows.
31/07/2026 19:54:26 (Std) 	WindowFactory for 'VerticalLayoutContainer' windows added. (1D4FB5C8)
31/07/2026 19:54:26 (Std) 	Created WindowFactory for 'GridLayoutContainer' windows.
31/07/2026 19:54:26 (Std) 	WindowFactory for 'GridLayoutContainer' windows added. (1D4FB718)
31/07/2026 19:54:26 (Std) 	Window type alias named 'DefaultGUISheet' added for window type 'DefaultWindow'.
31/07/2026 19:54:26 (Std) 	CEGUI::System singleton created. (1BDDB2B0)
31/07/2026 19:54:26 (Std) 	---- CEGUI System initialisation completed ----
31/07/2026 19:54:26 (Std) 	
31/07/2026 19:54:26 (Std) 	---- Creating Lua bindings ----
31/07/2026 19:54:26 (Std) 	Display resize: w=1280 h=720
31/07/2026 19:54:26 (Error)	[PFSResourceProvider::loadRawDataContainer] File open failed - path: /ui/schemes/taharezlook_bootstrap.scheme
31/07/2026 19:54:26 (Error)	CEGUI::FileIOException in file cegui\src\CEGUIPfsResourceProvider.cpp(103) : PFSResourceProvider::loadRawDataContainer - Cannot open file: /ui/schemes/taharezlook_bootstrap.scheme
31/07/2026 20:03:16 (Std) 	+-+-+-+-+-+-+-+-+-+-+-+-+-+-+-+-+-+-+-+-+-+-+-+-+-+-+-+-+-+-+-+-+-+-+-+-+-+-+-+
31/07/2026 20:03:16 (Std) 	+                     Crazy Eddie's GUI System - Event log                    +
31/07/2026 20:03:16 (Std) 	+                          (http://www.cegui.org.uk/)                         +
31/07/2026 20:03:16 (Std) 	+-+-+-+-+-+-+-+-+-+-+-+-+-+-+-+-+-+-+-+-+-+-+-+-+-+-+-+-+-+-+-+-+-+-+-+-+-+-+-+

31/07/2026 20:03:16 (Std) 	CEGUI::Logger singleton created. (1DC41900)
31/07/2026 20:03:16 (Std) 	
31/07/2026 20:03:16 (Std) 	********************************************************************************
31/07/2026 20:03:16 (Std) 	* Important:                                                                   *
31/07/2026 20:03:16 (Std) 	*     To get support at the CEGUI forums, you must post _at least_ the section *
31/07/2026 20:03:16 (Std) 	*     of this log file indicated below.  Failure to do this will result in no  *
31/07/2026 20:03:16 (Std) 	*     support being given; please do not waste our time.                       *
31/07/2026 20:03:16 (Std) 	********************************************************************************
31/07/2026 20:03:16 (Std) 	********************************************************************************
31/07/2026 20:03:16 (Std) 	* -------- START OF ESSENTIAL SECTION TO BE POSTED ON THE FORUM       -------- *
31/07/2026 20:03:16 (Std) 	********************************************************************************
31/07/2026 20:03:16 (Std) 	---- Version 0.7.9 (Build: Jul 31 2026 Static Microsoft Windows MSVC++ Great Scott! 32 bit) ----
31/07/2026 20:03:16 (Std) 	---- Renderer module is: CEGUI::Cocos2DRenderer - Cocos2D renderer module for Cocos2d-x 3.0-oh. ----
31/07/2026 20:03:16 (Std) 	---- XML Parser module is: CEGUI::TinyXMLParser - Official tinyXML based parser module for CEGUI ----
31/07/2026 20:03:16 (Std) 	---- Image Codec module is: SILLYImageCodec - Official SILLY based image codec ----
31/07/2026 20:03:16 (Std) 	---- Scripting module is: CEGUI::LuaScriptModule - Official Lua based scripting module for CEGUI ----
31/07/2026 20:03:16 (Std) 	********************************************************************************
31/07/2026 20:03:16 (Std) 	* -------- END OF ESSENTIAL SECTION TO BE POSTED ON THE FORUM         -------- *
31/07/2026 20:03:16 (Std) 	********************************************************************************
31/07/2026 20:03:16 (Std) 	
31/07/2026 20:03:16 (Std) 	---- Begining CEGUI System initialisation ----
31/07/2026 20:03:16 (Std) 	CEGUI::ImagesetManager singleton created (1BCE22E0)
31/07/2026 20:03:16 (Std) 	CEGUI::FontManager singleton created. (1BCF87E0)
31/07/2026 20:03:16 (Std) 	CEGUI::WindowFactoryManager singleton created
31/07/2026 20:03:16 (Std) 	CEGUI::WindowManager singleton created (1D5D5BF8)
31/07/2026 20:03:16 (Std) 	CEGUI::SchemeManager singleton created. (1DD5D5C0)
31/07/2026 20:03:16 (Std) 	CEGUI::MouseCursor singleton created. (1DBC6108)
31/07/2026 20:03:16 (Std) 	CEGUI::GlobalEventSet singleton created. (1DC3C9F8)
31/07/2026 20:03:16 (Std) 	CEGUI::AnimationManager singleton created (1DCF7C00)
31/07/2026 20:03:16 (Std) 	CEGUI::WidgetLookManager singleton created. (1DABCB68)
31/07/2026 20:03:16 (Std) 	CEGUI::WindowRendererManager singleton created (1DABCD28)
31/07/2026 20:03:16 (Std) 	CEGUI::RenderEffectManager singleton created (1D44BB98)
31/07/2026 20:03:16 (Std) 	Created WindowFactory for 'DefaultWindow' windows.
31/07/2026 20:03:16 (Std) 	WindowFactory for 'DefaultWindow' windows added. (1DC60658)
31/07/2026 20:03:16 (Std) 	Created WindowFactory for 'DragContainer' windows.
31/07/2026 20:03:16 (Std) 	WindowFactory for 'DragContainer' windows added. (1DC618B8)
31/07/2026 20:03:16 (Std) 	Created WindowFactory for 'ScrolledContainer' windows.
31/07/2026 20:03:16 (Std) 	WindowFactory for 'ScrolledContainer' windows added. (1DC60A48)
31/07/2026 20:03:16 (Std) 	Created WindowFactory for 'ClippedContainer' windows.
31/07/2026 20:03:16 (Std) 	WindowFactory for 'ClippedContainer' windows added. (1DC60460)
31/07/2026 20:03:16 (Std) 	Created WindowFactory for 'CEGUI/MessageTip' windows.
31/07/2026 20:03:16 (Std) 	WindowFactory for 'CEGUI/MessageTip' windows added. (1DC616C0)
31/07/2026 20:03:16 (Std) 	Created WindowFactory for 'CEGUI/Checkbox' windows.
31/07/2026 20:03:16 (Std) 	WindowFactory for 'CEGUI/Checkbox' windows added. (1DC60F88)
31/07/2026 20:03:16 (Std) 	Created WindowFactory for 'CEGUI/PushButton' windows.
31/07/2026 20:03:16 (Std) 	WindowFactory for 'CEGUI/PushButton' windows added. (1DC60700)
31/07/2026 20:03:16 (Std) 	Created WindowFactory for 'CEGUI/RadioButton' windows.
31/07/2026 20:03:16 (Std) 	WindowFactory for 'CEGUI/RadioButton' windows added. (1DC608F8)
31/07/2026 20:03:16 (Std) 	Created WindowFactory for 'CEGUI/Combobox' windows.
31/07/2026 20:03:16 (Std) 	WindowFactory for 'CEGUI/Combobox' windows added. (1DC60508)
31/07/2026 20:03:16 (Std) 	Created WindowFactory for 'CEGUI/ComboDropList' windows.
31/07/2026 20:03:16 (Std) 	WindowFactory for 'CEGUI/ComboDropList' windows added. (1DC61030)
31/07/2026 20:03:16 (Std) 	Created WindowFactory for 'CEGUI/Editbox' windows.
31/07/2026 20:03:16 (Std) 	WindowFactory for 'CEGUI/Editbox' windows added. (1DC60850)
31/07/2026 20:03:16 (Std) 	Created WindowFactory for 'CEGUI/RichEditbox' windows.
31/07/2026 20:03:16 (Std) 	WindowFactory for 'CEGUI/RichEditbox' windows added. (1DC610D8)
31/07/2026 20:03:16 (Std) 	Created WindowFactory for 'CEGUI/FrameWindow' windows.
31/07/2026 20:03:16 (Std) 	WindowFactory for 'CEGUI/FrameWindow' windows added. (1DC60C40)
31/07/2026 20:03:16 (Std) 	Created WindowFactory for 'CEGUI/ItemEntry' windows.
31/07/2026 20:03:16 (Std) 	WindowFactory for 'CEGUI/ItemEntry' windows added. (1DC61420)
31/07/2026 20:03:16 (Std) 	Created WindowFactory for 'CEGUI/Listbox' windows.
31/07/2026 20:03:16 (Std) 	WindowFactory for 'CEGUI/Listbox' windows added. (1DC61180)
31/07/2026 20:03:16 (Std) 	Created WindowFactory for 'CEGUI/ListHeader' windows.
31/07/2026 20:03:16 (Std) 	WindowFactory for 'CEGUI/ListHeader' windows added. (1DC61228)
31/07/2026 20:03:16 (Std) 	Created WindowFactory for 'CEGUI/ListHeaderSegment' windows.
31/07/2026 20:03:16 (Std) 	WindowFactory for 'CEGUI/ListHeaderSegment' windows added. (1DC60CE8)
31/07/2026 20:03:16 (Std) 	Created WindowFactory for 'CEGUI/Menubar' windows.
31/07/2026 20:03:16 (Std) 	WindowFactory for 'CEGUI/Menubar' windows added. (1DC607A8)
31/07/2026 20:03:16 (Std) 	Created WindowFactory for 'CEGUI/PopupMenu' windows.
31/07/2026 20:03:16 (Std) 	WindowFactory for 'CEGUI/PopupMenu' windows added. (1DC60D90)
31/07/2026 20:03:16 (Std) 	Created WindowFactory for 'CEGUI/MenuItem' windows.
31/07/2026 20:03:16 (Std) 	WindowFactory for 'CEGUI/MenuItem' windows added. (1DC61570)
31/07/2026 20:03:16 (Std) 	Created WindowFactory for 'CEGUI/MultiColumnList' windows.
31/07/2026 20:03:16 (Std) 	WindowFactory for 'CEGUI/MultiColumnList' windows added. (1DC60B98)
31/07/2026 20:03:16 (Std) 	Created WindowFactory for 'CEGUI/MultiLineEditbox' windows.
31/07/2026 20:03:16 (Std) 	WindowFactory for 'CEGUI/MultiLineEditbox' windows added. (1DC609A0)
31/07/2026 20:03:16 (Std) 	Created WindowFactory for 'CEGUI/ProgressBar' windows.
31/07/2026 20:03:16 (Std) 	WindowFactory for 'CEGUI/ProgressBar' windows added. (1DC61768)
31/07/2026 20:03:16 (Std) 	Created WindowFactory for 'CEGUI/ScrollablePane' windows.
31/07/2026 20:03:16 (Std) 	WindowFactory for 'CEGUI/ScrollablePane' windows added. (1DC61618)
31/07/2026 20:03:16 (Std) 	Created WindowFactory for 'CEGUI/Scrollbar' windows.
31/07/2026 20:03:16 (Std) 	WindowFactory for 'CEGUI/Scrollbar' windows added. (1DC61960)
31/07/2026 20:03:16 (Std) 	Created WindowFactory for 'CEGUI/Slider' windows.
31/07/2026 20:03:16 (Std) 	WindowFactory for 'CEGUI/Slider' windows added. (1DC61A08)
31/07/2026 20:03:16 (Std) 	Created WindowFactory for 'CEGUI/Spinner' windows.
31/07/2026 20:03:16 (Std) 	WindowFactory for 'CEGUI/Spinner' windows added. (1DC62728)
31/07/2026 20:03:16 (Std) 	Created WindowFactory for 'CEGUI/TabButton' windows.
31/07/2026 20:03:16 (Std) 	WindowFactory for 'CEGUI/TabButton' windows added. (1DC62D10)
31/07/2026 20:03:16 (Std) 	Created WindowFactory for 'CEGUI/TabControl' windows.
31/07/2026 20:03:16 (Std) 	WindowFactory for 'CEGUI/TabControl' windows added. (1DC62BC0)
31/07/2026 20:03:16 (Std) 	Created WindowFactory for 'CEGUI/Thumb' windows.
31/07/2026 20:03:16 (Std) 	WindowFactory for 'CEGUI/Thumb' windows added. (1DC62488)
31/07/2026 20:03:16 (Std) 	Created WindowFactory for 'CEGUI/Titlebar' windows.
31/07/2026 20:03:16 (Std) 	WindowFactory for 'CEGUI/Titlebar' windows added. (1DC62B18)
31/07/2026 20:03:16 (Std) 	Created WindowFactory for 'CEGUI/Tooltip' windows.
31/07/2026 20:03:16 (Std) 	WindowFactory for 'CEGUI/Tooltip' windows added. (1DC62DB8)
31/07/2026 20:03:16 (Std) 	Created WindowFactory for 'CEGUI/ItemListbox' windows.
31/07/2026 20:03:16 (Std) 	WindowFactory for 'CEGUI/ItemListbox' windows added. (1DC62530)
31/07/2026 20:03:16 (Std) 	Created WindowFactory for 'CEGUI/GroupBox' windows.
31/07/2026 20:03:16 (Std) 	WindowFactory for 'CEGUI/GroupBox' windows added. (1DC62098)
31/07/2026 20:03:16 (Std) 	Created WindowFactory for 'CEGUI/Tree' windows.
31/07/2026 20:03:16 (Std) 	WindowFactory for 'CEGUI/Tree' windows added. (1DC61D50)
31/07/2026 20:03:16 (Std) 	Created WindowFactory for 'HorizontalLayoutContainer' windows.
31/07/2026 20:03:16 (Std) 	WindowFactory for 'HorizontalLayoutContainer' windows added. (1DC629C8)
31/07/2026 20:03:16 (Std) 	Created WindowFactory for 'VerticalLayoutContainer' windows.
31/07/2026 20:03:16 (Std) 	WindowFactory for 'VerticalLayoutContainer' windows added. (1DC62140)
31/07/2026 20:03:16 (Std) 	Created WindowFactory for 'GridLayoutContainer' windows.
31/07/2026 20:03:16 (Std) 	WindowFactory for 'GridLayoutContainer' windows added. (1DC627D0)
31/07/2026 20:03:16 (Std) 	Window type alias named 'DefaultGUISheet' added for window type 'DefaultWindow'.
31/07/2026 20:03:16 (Std) 	CEGUI::System singleton created. (1D8C1990)
31/07/2026 20:03:16 (Std) 	---- CEGUI System initialisation completed ----
31/07/2026 20:03:16 (Std) 	
31/07/2026 20:03:16 (Std) 	---- Creating Lua bindings ----
31/07/2026 20:03:16 (Std) 	Display resize: w=1280 h=720
