LUA:2026-07-05 19:57:39:(Error)	loginBg.OnCreate step=enter
LUA:2026-07-05 19:57:39:(Error)	loginBg.OnCreate step=after Dialog.OnCreate
LUA:2026-07-05 19:57:39:(Error)	loginBg.OnCreate step=after WindowManager
LUA:2026-07-05 19:57:39:(Error)	loginBg.OnCreate step=after getWindow
LUA:2026-07-05 19:57:39:(Error)	loginBg.OnCreate step=after GetScreenPosOfCenter
LUA:2026-07-05 19:57:39:(Error)	loginBg.OnCreate step=after NuclearPoint
LUA:2026-07-05 19:57:39:(Error)	loginBg.OnCreate step=after UISpineSprite.new
LUA:2026-07-05 19:57:39:(Error)	loginBg.OnCreate step=after SetUILocation
LUA:2026-07-05 19:57:39:(Error)	loginBg.OnCreate step=after setRenderEffect
LUA:2026-07-05 19:57:39:(Error)	loginBg.OnCreate step=leave
LUA:2026-07-05 19:57:39:(Error)	LoginQuickDialog.getInstanceAndShow enter
LUA:2026-07-05 19:57:39:(Error)	LoginQuickDialog.OnCreate enter
LUA:2026-07-05 19:57:39:(Error)	LoginQuickDialog.OnCreate LoginBtn1 bound
LUA:2026-07-05 19:57:39:(Error)	LoginQuickDialog.getInstanceAndShow leave
LUA:2026-07-05 19:57:40:(Error)	LoginQuickDialog.HandleLoginMouseClicked enter
LUA:2026-07-05 19:57:40:(Error)	LoginQuickDialog.HandleLoginMouseClicked leave
2026-07-05 19:57:41:(Warn)	[LoginHTTP] response missing credential; using submitted credential fallback register=0 accountLen=6
2026-07-05 19:57:43:(Warn)	[LoginFlow] OnAutoFailed op=7 e=0 accountLen=0 detail=server attr
2026-07-05 19:57:43:(Warn)	[LoginFlow] OnAutoFailed op=3 e=0 accountLen=0 detail=server attr;
2026-07-05 19:57:43:(Warn)	[LoginFlow] OnAutoFailed op=1 e=0 accountLen=0 detail=
2026-07-05 19:57:44:(Warn)	[LoginFlow] OnAutoFailed op=7 e=0 accountLen=0 detail=server attr
2026-07-05 19:57:44:(Warn)	[LoginFlow] OnAutoFailed op=3 e=0 accountLen=0 detail=server attr;
2026-07-05 19:57:45:(Warn)	macAddress = 04:42:1A:A8:63:75, ipAddress = 172.22.208.1
2026-07-05 19:57:45:(Error)	ERROR: LJFMOpen::OpenFile(name:/effect/geffect/skill/mt3_ss_da/mt3_ss_da_1.eff.inf))

2026-07-05 19:57:45:(Error)	ERROR: LJFMOpen::OpenFile(name:/effect/geffect/skill/mt3_ss_da/mt3_ss_da_2.eff.inf))

2026-07-05 19:57:45:(Error)	ERROR: LJFMOpen::OpenFile(name:/effect/geffect/skill/mt3_dly_3/mt3_dly_3_shouji.eff.inf))

2026-07-05 19:57:45:(Error)	ERROR: LJFMOpen::OpenFile(name:/effect/geffect/skill/mt3_ms_3/mt3_ms_3.eff.inf))

2026-07-05 19:57:45:(Error)	ERROR: LJFMOpen::OpenFile(name:/effect/geffect/skill/mt3_fs_da/mt3_fs_da_shouji.eff.inf))

2026-07-05 19:57:45:(Error)	ERROR: LJFMOpen::OpenFile(name:/effect/geffect/skill/mt3_ms_da/mt3_ms_da.eff.inf))

2026-07-05 19:57:45:(Error)	ERROR: LJFMOpen::OpenFile(name:/effect/geffect/skill/mt_ari/ziyidie_1.eff.inf))

2026-07-05 19:57:45:(Error)	ERROR: LJFMOpen::OpenFile(name:/effect/geffect/skill/mt_ari/ziyidie_2.eff.inf))

2026-07-05 19:57:45:(Error)	ERROR: LJFMOpen::OpenFile(name:/effect/geffect/skill/mt_ari/mt_tiandingzhiguo_shang_1.eff.inf))

2026-07-05 19:57:45:(Error)	ERROR: LJFMOpen::OpenFile(name:/effect/geffect/skill/mt_ari/mt_tiandingzhiguo_shang_2.eff.inf))

2026-07-05 19:57:45:(Error)	ERROR: LJFMOpen::OpenFile(name:/effect/geffect/skill/mt3_wq_jifengshu/mt3_wq_jifengshu.eff.inf))

2026-07-05 19:57:45:(Error)	ERROR: LJFMOpen::OpenFile(name:/effect/geffect/skill/mt3_fs_2/mt3_fs_2_shifa_shang.eff.inf))

2026-07-05 19:57:45:(Error)	ERROR: LJFMOpen::OpenFile(name:/effect/geffect/skill/mt3_dly_6/mt3_dly_6.eff.inf))

2026-07-05 19:57:45:(Error)	ERROR: LJFMOpen::OpenFile(name:/effect/geffect/skill/mt3_dz_5/mt3_dz_5.eff.inf))

2026-07-05 19:57:45:(Error)	ERROR: LJFMOpen::OpenFile(name:/effect/geffect/skill/mt_ari/mt3_flzt.eff.inf))

2026-07-05 19:57:45:(Error)	ERROR: LJFMOpen::OpenFile(name:/effect/geffect/skill/mt3_fs_5/mt3_fs_5.eff.inf))

2026-07-05 19:57:45:(Error)	ERROR: LJFMOpen::OpenFile(name:/effect/geffect/skill/aobao_hit/aobao_hit.eff.inf))

2026-07-05 19:57:45:(Error)	ERROR: LJFMOpen::OpenFile(name:/effect/geffect/skill/acc3-st/Cc.yj.eff.inf))

2026-07-05 19:57:45:(Error)	ERROR: LJFMOpen::OpenFile(name:/effect/geffect/skill/mt_shouliezitai/mt_shouliezitai.eff.inf))

2026-07-05 19:57:45:(Error)	ERROR: LJFMOpen::OpenFile(name:/effect/geffect/skill/mt_tiandingzhiguo/mt_tiandingzhiguo_shang_1.eff.inf))

2026-07-05 19:57:45:(Error)	ERROR: LJFMOpen::OpenFile(name:/effect/geffect/skill/mt_tiandingzhiguo/mt_tiandingzhiguo_shang_2.eff.inf))

2026-07-05 19:57:45:(Error)	ERROR: LJFMOpen::OpenFile(name:/effect/geffect/skill/mt_tiandingzhiguo/mt_tiandingzhiguo_xia.eff.inf))

2026-07-05 19:57:45:(Error)	ERROR: LJFMOpen::OpenFile(name:/effect/geffect/skill/mt_shenyuzenan/mt_shenyuzenan_mingzhong.eff.inf))

2026-07-05 19:57:45:(Error)	ERROR: LJFMOpen::OpenFile(name:/effect/geffect/skill/mt3_wq_poxuekuanggong/mt3_wq_poxuekuanggong.eff.inf))

2026-07-05 19:57:45:(Error)	ERROR: LJFMOpen::OpenFile(name:/effect/geffect/skill/mt_guai_taishanyading/mt_guai_taishanyading.eff.inf))

2026-07-05 19:57:45:(Error)	ERROR: LJFMOpen::OpenFile(name:/effect/geffect/skill/mt3_pet_leishenzhinu/mt3_pet_leitingzhinu_1.eff.inf))

2026-07-05 19:57:45:(Error)	ERROR: LJFMOpen::OpenFile(name:/effect/geffect/skill/mt3_pet_leishenzhinu/mt3_pet_leitingzhinu_2.eff.inf))

2026-07-05 19:57:45:(Error)	ERROR: LJFMOpen::OpenFile(name:/effect/geffect/skill/mt3_lr_5/shengmingxianji_shouji.eff.inf))

2026-07-05 19:57:46:(Error)	ERROR: LJFMOpen::OpenFile(name:/effect/animation/sprite/di/di2_res000.dds))

2026-07-05 19:57:49:(Error)	ERROR: LJFMOpen::OpenFile(name:/effect/animation/ui/dianji/putong/zhiyin_res000.dds))

2026-07-05 19:57:50:(Error)	ERROR: LJFMOpen::OpenFile(name:/effect/geffect/sprite/npc/101.eff.inf))

2026-07-05 19:57:51:(Error)	ERROR: LJFMOpen::OpenFile(name:/effect/animation/sprite/npc/ercichenghao/menpaidaoshi_res000.dds))

2026-07-05 19:57:51:(Error)	ERROR: LJFMOpen::OpenFile(name:/effect/animation/sprite/npc/ercichenghao/menpaidaoshi_res000.png))

2026-07-05 19:57:56:(Warn)	[LoginFlow] OnAutoFailed op=3 e=0 accountLen=6 detail=recv error (s=3272 b=0 e=0);
2026-07-05 19:57:56:(Warn)	[LoginFlow] OnAutoFailed op=7 e=0 accountLen=0 detail=server attr
2026-07-05 19:57:57:(Warn)	macAddress = 04:42:1A:A8:63:75, ipAddress = 172.22.208.1
2026-07-05 19:58:01:(Warn)	[LoginFlow] OnAutoFailed op=3 e=0 accountLen=6 detail=recv error (s=3348 b=0 e=0);
2026-07-05 19:58:01:(Warn)	[LoginFlow] OnAutoFailed op=7 e=0 accountLen=0 detail=server attr
2026-07-05 19:58:01:(Warn)	macAddress = 04:42:1A:A8:63:75, ipAddress = 172.22.208.1
