LUA:2026-07-23 13:53:53:(Error)	loginBg.OnCreate step=enter
LUA:2026-07-23 13:53:53:(Error)	loginBg.OnCreate step=after Dialog.OnCreate
LUA:2026-07-23 13:53:53:(Error)	loginBg.OnCreate step=after WindowManager
LUA:2026-07-23 13:53:53:(Error)	loginBg.OnCreate step=after getWindow
LUA:2026-07-23 13:53:53:(Error)	loginBg.OnCreate step=after GetScreenPosOfCenter
LUA:2026-07-23 13:53:53:(Error)	loginBg.OnCreate step=after NuclearPoint
LUA:2026-07-23 13:53:54:(Error)	loginBg.OnCreate step=after UISpineSprite.new
LUA:2026-07-23 13:53:54:(Error)	loginBg.OnCreate step=after SetUILocation
LUA:2026-07-23 13:53:54:(Error)	loginBg.OnCreate step=after setRenderEffect
LUA:2026-07-23 13:53:54:(Error)	loginBg.OnCreate step=leave
LUA:2026-07-23 13:53:54:(Error)	LoginQuickDialog.getInstanceAndShow enter
LUA:2026-07-23 13:53:54:(Error)	LoginQuickDialog.OnCreate enter
LUA:2026-07-23 13:53:54:(Error)	LoginQuickDialog.OnCreate LoginBtn1 bound
LUA:2026-07-23 13:53:54:(Error)	LoginQuickDialog.getInstanceAndShow leave
LUA:2026-07-23 13:53:55:(Error)	LoginQuickDialog.HandleLoginMouseClicked enter
LUA:2026-07-23 13:53:55:(Error)	LoginQuickDialog.HandleLoginMouseClicked leave
2026-07-23 13:53:57:(Warn)	[LoginHTTP] response missing credential; using submitted credential fallback register=0 accountLen=6
LUA:2026-07-23 13:53:57:(Error)	[LoginFlow][SelectServerEntryDiag] getInstanceAndShow autoArg=true currentAuto=false loadServerSuccess=false hasInstance=false
LUA:2026-07-23 13:53:57:(Error)	[LoginFlow][SelectServerEntryDiag] connetGetServerInfo serverCount=0 loadServerSuccess=false autoOpen=true
LUA:2026-07-23 13:53:57:(Error)	[LoginFlow][SelectServerEntryDiag] SetGetServerResult result=1 autoOpen=true hasInstance=true
LUA:2026-07-23 13:53:57:(Error)	[SelectServerDiag] OnInit begin serverCount=3
LUA:2026-07-23 13:53:57:(Error)	[SelectServerDiag] OnInit server index=0 area=测试专区 name=技术测试 serverid=1000000001 groupKey=1000000001 ip=193.112.65.157 port=42001 flag=3 status=0
LUA:2026-07-23 13:53:57:(Error)	[SelectServerDiag] OnInit server index=1 area=畅玩2026 name=苍穹01区 serverid=1000000002 groupKey=1000000002 ip=193.112.65.157 port=42002 flag=2 status=0
LUA:2026-07-23 13:53:57:(Error)	[SelectServerDiag] OnInit server index=2 area=畅玩2026 name=苍穹02区 serverid=1101961002 groupKey=1101961002 ip=193.112.65.157 port=42003 flag=2 status=0
LUA:2026-07-23 13:53:57:(Error)	[SelectServerDiag] OnInit end areaMapCount=3 recommendArea=推荐 recommendCount=2
LUA:2026-07-23 13:53:57:(Error)	[LoginFlow][SelectServerEntryDiag] checkLoad host=193.112.65.157 port=42001 key=1000000001
LUA:2026-07-23 13:53:57:(Error)	[LoginFlow][SelectServerEntryDiag] OpenSelectServersDialog begin loadServerSuccess=true autoOpen=true hasServer=true selectArea=测试专区 selectServer=技术测试
LUA:2026-07-23 13:53:57:(Error)	[LoginFlow][SelectServerEntryDiag] OpenSelectServersDialog before ToServerChoose
LUA:2026-07-23 13:53:57:(Error)	[LoginFlow][SelectServerEntryDiag] OpenSelectServersDialog after ToServerChoose selectArea=测试专区 selectServer=技术测试
LUA:2026-07-23 13:53:57:(Error)	[LoginFlow][SelectServerEntryDiag] OpenSelectServersDialog before SelectServersDialog.getInstanceAndShow
LUA:2026-07-23 13:53:57:(Error)	[SelectServerDiag] OnCreate begin
LUA:2026-07-23 13:53:57:(Error)	[SelectServerDiag] OnCreate windows ok okBtn=true returnBtn=true serverPane=true areaPane=true
LUA:2026-07-23 13:53:57:(Error)	[SelectServerDiag] OnInit begin serverCount=3
LUA:2026-07-23 13:53:57:(Error)	[SelectServerDiag] OnInit server index=0 area=测试专区 name=技术测试 serverid=1000000001 groupKey=1000000001 ip=193.112.65.157 port=42001 flag=3 status=0
LUA:2026-07-23 13:53:57:(Error)	[SelectServerDiag] OnInit server index=1 area=畅玩2026 name=苍穹01区 serverid=1000000002 groupKey=1000000002 ip=193.112.65.157 port=42002 flag=2 status=0
LUA:2026-07-23 13:53:57:(Error)	[SelectServerDiag] OnInit server index=2 area=畅玩2026 name=苍穹02区 serverid=1101961002 groupKey=1101961002 ip=193.112.65.157 port=42003 flag=2 status=0
LUA:2026-07-23 13:53:57:(Error)	[SelectServerDiag] OnInit end areaMapCount=3 recommendArea=推荐 recommendCount=2
LUA:2026-07-23 13:53:57:(Error)	[SelectServerDiag] OnCreate after OnInit areaMapCount=3 selectArea=nil
LUA:2026-07-23 13:53:57:(Error)	[SelectServerDiag] InitAreaList begin areaMapCount=3 currentSelect=nil
LUA:2026-07-23 13:53:57:(Error)	[SelectServerDiag] InitAreaList sorted area id=0 name=推荐 serverCount=2
LUA:2026-07-23 13:53:57:(Error)	[SelectServerDiag] InitAreaList sorted area id=1 name=测试专区 serverCount=1
LUA:2026-07-23 13:53:57:(Error)	[SelectServerDiag] InitAreaList sorted area id=2 name=畅玩2026 serverCount=2
LUA:2026-07-23 13:53:57:(Error)	[SelectServerDiag] GetDefaultSelectAreaName begin selfSelect=nil areaSortCount=3
LUA:2026-07-23 13:53:57:(Error)	[SelectServerDiag] GetDefaultSelectAreaName loginManagerSelect=测试专区
LUA:2026-07-23 13:53:57:(Error)	[SelectServerDiag] GetDefaultSelectAreaName keep selectArea=测试专区 serverCount=1
LUA:2026-07-23 13:53:57:(Error)	[SelectServerDiag] InitAreaList selectedArea=测试专区
LUA:2026-07-23 13:53:57:(Error)	[SelectServerDiag] InitAreaList create areaCell index=1 id=0 name=推荐 selected=测试专区 serverCount=2
LUA:2026-07-23 13:53:57:(Error)	[SelectServerDiag] InitAreaList create areaCell index=2 id=1 name=测试专区 selected=测试专区 serverCount=1
LUA:2026-07-23 13:53:57:(Error)	[SelectServerDiag] InitAreaList create areaCell index=3 id=2 name=畅玩2026 selected=测试专区 serverCount=2
LUA:2026-07-23 13:53:57:(Error)	[SelectServerDiag] InitAreaList end createdAreaCells=3 selected=测试专区
LUA:2026-07-23 13:53:57:(Error)	[SelectServerDiag] OnCreate after InitAreaList areaCells=3 selectArea=测试专区
LUA:2026-07-23 13:53:57:(Error)	[SelectServerDiag] ClearAllServerCells count=0
LUA:2026-07-23 13:53:57:(Error)	[SelectServerDiag] RefreshServerCells begin selectedArg=测试专区 selfSelect=测试专区 areaMapCount=3
LUA:2026-07-23 13:53:57:(Error)	[SelectServerDiag] RefreshServerCells selectedAreaFound=true selectedAreaName=测试专区 serverCount=1 lastSelectID=-1
LUA:2026-07-23 13:53:57:(Error)	[SelectServerDiag] RefreshServerCells before sort serverTableCount=1 selectedLast=-1
LUA:2026-07-23 13:53:57:(Error)	[SelectServerDiag] RefreshServerCells create serverCell index=1 serverid=1000000001 name=技术测试 orgid=1000000001 sort=999999
LUA:2026-07-23 13:53:57:(Error)	[SelectServerDiag] RefreshServerCells created serverCells=1 finalSelected=1000000001
LUA:2026-07-23 13:53:57:(Error)	[SelectServerDiag] DeselectOtherServerBtn selectArea=测试专区 serverCells=1
LUA:2026-07-23 13:53:57:(Error)	[SelectServerDiag] DeselectOtherServerBtn selectArea=测试专区 serverCells=1
LUA:2026-07-23 13:53:57:(Error)	[SelectServerDiag] OnCreate after RefreshServerCells serverCells=1 selectArea=测试专区
LUA:2026-07-23 13:53:57:(Error)	[SelectServerDiag] SelectCurrentAreaBtn selectArea=测试专区 areaCells=3
LUA:2026-07-23 13:53:57:(Error)	[SelectServerDiag] DeselectOtherServerBtn selectArea=测试专区 serverCells=1
LUA:2026-07-23 13:53:57:(Error)	[LoginFlow][SelectServerEntryDiag] OpenSelectServersDialog after SelectServersDialog.getInstanceAndShow
2026-07-23 13:53:57:(Warn)	[LoginFlow] OnAutoFailed op=7 e=0 accountLen=0 detail=server attr
2026-07-23 13:53:57:(Warn)	[LoginFlow] OnAutoFailed op=3 e=0 accountLen=0 detail=server attr;
LUA:2026-07-23 13:54:00:(Error)	[SelectServerDiag] ClearAllServerCells count=1
LUA:2026-07-23 13:54:00:(Error)	[SelectServerDiag] ClearAllAreaCells count=3
LUA:2026-07-23 13:54:00:(Error)	[LoginFlow][SelectServerEntryDiag] getInstanceAndShow autoArg=nil currentAuto=false loadServerSuccess=false hasInstance=false
LUA:2026-07-23 13:54:00:(Error)	[LoginFlow][SelectServerEntryDiag] connetGetServerInfo serverCount=3 loadServerSuccess=false autoOpen=false
LUA:2026-07-23 13:54:00:(Error)	[SelectServerDiag] OnInit begin serverCount=3
LUA:2026-07-23 13:54:00:(Error)	[SelectServerDiag] OnInit server index=0 area=测试专区 name=技术测试 serverid=1000000001 groupKey=1000000001 ip=193.112.65.157 port=42001 flag=3 status=0
LUA:2026-07-23 13:54:00:(Error)	[SelectServerDiag] OnInit server index=1 area=畅玩2026 name=苍穹01区 serverid=1000000002 groupKey=1000000002 ip=193.112.65.157 port=42002 flag=2 status=0
LUA:2026-07-23 13:54:00:(Error)	[SelectServerDiag] OnInit server index=2 area=畅玩2026 name=苍穹02区 serverid=1101961002 groupKey=1101961002 ip=193.112.65.157 port=42003 flag=2 status=0
LUA:2026-07-23 13:54:00:(Error)	[SelectServerDiag] OnInit end areaMapCount=3 recommendArea=推荐 recommendCount=2
LUA:2026-07-23 13:54:00:(Error)	[LoginFlow][SelectServerEntryDiag] checkLoad host=193.112.65.157 port=42001 key=1000000001
2026-07-23 13:54:00:(Warn)	[LoginFlow] OnAutoFailed op=7 e=0 accountLen=0 detail=server attr
LUA:2026-07-23 13:54:00:(Error)	[LoginFlow][SelectServerEntryDiag] SetServerLoad serverKey=1000000001 serverLoad=1
LUA:2026-07-23 13:54:00:(Error)	[LoginFlow][SelectServerEntryDiag] setServerStatus matched serverid=1000000001 serverLoad=1
2026-07-23 13:54:00:(Warn)	[LoginFlow] OnAutoFailed op=3 e=0 accountLen=0 detail=server attr;
LUA:2026-07-23 13:54:00:(Error)	[LoginFlow][SelectServerEntryDiag] setServerStatus matched serverid=1000000001 serverLoad=1
LUA:2026-07-23 13:54:00:(Error)	[LoginFlow][SelectServerEntryDiag] HandleLoginBtnClick serverLoad=1 serverid=1000000001 status=0 loadHead=true loadKey=1000000001 loadState=1
LUA:2026-07-23 13:54:00:(Error)	[LoginFlow][SelectServerEntryDiag] DoEnterGame serverid=1000000001 couldEntry=true
LUA:2026-07-23 13:54:00:(Error)	[LoginFlow][SelectServerEntryDiag] LoginGame begin accountLen=6 keyLen=6 channelLen=0
LUA:2026-07-23 13:54:00:(Error)	[LoginFlow][SelectServerEntryDiag] LoginGame CreateConnection before serverid=1000000001 servername=技术测试 area=测试专区 host=193.112.65.157 port=42001 connectAccountLen=6 hasComma=false
LUA:2026-07-23 13:54:00:(Error)	[LoginFlow][SelectServerEntryDiag] LoginGame CreateConnection returned
LUA:2026-07-23 13:54:00:(Error)	[LoginFlow][SelectServerEntryDiag] LoginGame security type set
LUA:2026-07-23 13:54:00:(Error)	[LoginFlow][SelectServerEntryDiag] LoginGame waiting dialog shown
2026-07-23 13:54:01:(Warn)	macAddress = 04:42:1A:A8:63:75, ipAddress = 172.23.48.1
2026-07-23 13:54:01:(Error)	ERROR: LJFMOpen::OpenFile(name:/effect/geffect/skill/mt3_ss_da/mt3_ss_da_1.eff.inf))

2026-07-23 13:54:01:(Error)	ERROR: LJFMOpen::OpenFile(name:/effect/geffect/skill/mt3_ss_da/mt3_ss_da_2.eff.inf))

2026-07-23 13:54:01:(Error)	ERROR: LJFMOpen::OpenFile(name:/effect/geffect/skill/mt3_dly_3/mt3_dly_3_shouji.eff.inf))

2026-07-23 13:54:01:(Error)	ERROR: LJFMOpen::OpenFile(name:/effect/geffect/skill/mt3_ms_3/mt3_ms_3.eff.inf))

2026-07-23 13:54:01:(Error)	ERROR: LJFMOpen::OpenFile(name:/effect/geffect/skill/mt3_fs_da/mt3_fs_da_shouji.eff.inf))

2026-07-23 13:54:01:(Error)	ERROR: LJFMOpen::OpenFile(name:/effect/geffect/skill/mt3_ms_da/mt3_ms_da.eff.inf))

2026-07-23 13:54:01:(Error)	ERROR: LJFMOpen::OpenFile(name:/effect/geffect/skill/mt_ari/ziyidie_1.eff.inf))

2026-07-23 13:54:01:(Error)	ERROR: LJFMOpen::OpenFile(name:/effect/geffect/skill/mt_ari/ziyidie_2.eff.inf))

2026-07-23 13:54:01:(Error)	ERROR: LJFMOpen::OpenFile(name:/effect/geffect/skill/mt_ari/mt_tiandingzhiguo_shang_1.eff.inf))

2026-07-23 13:54:01:(Error)	ERROR: LJFMOpen::OpenFile(name:/effect/geffect/skill/mt_ari/mt_tiandingzhiguo_shang_2.eff.inf))

2026-07-23 13:54:01:(Error)	ERROR: LJFMOpen::OpenFile(name:/effect/geffect/skill/mt3_wq_jifengshu/mt3_wq_jifengshu.eff.inf))

2026-07-23 13:54:01:(Error)	ERROR: LJFMOpen::OpenFile(name:/effect/geffect/skill/mt3_fs_2/mt3_fs_2_shifa_shang.eff.inf))

2026-07-23 13:54:01:(Error)	ERROR: LJFMOpen::OpenFile(name:/effect/geffect/skill/mt3_dly_6/mt3_dly_6.eff.inf))

2026-07-23 13:54:01:(Error)	ERROR: LJFMOpen::OpenFile(name:/effect/geffect/skill/mt3_dz_5/mt3_dz_5.eff.inf))

2026-07-23 13:54:01:(Error)	ERROR: LJFMOpen::OpenFile(name:/effect/geffect/skill/mt_ari/mt3_flzt.eff.inf))

2026-07-23 13:54:01:(Error)	ERROR: LJFMOpen::OpenFile(name:/effect/geffect/skill/mt3_fs_5/mt3_fs_5.eff.inf))

2026-07-23 13:54:01:(Error)	ERROR: LJFMOpen::OpenFile(name:/effect/geffect/skill/aobao_hit/aobao_hit.eff.inf))

2026-07-23 13:54:01:(Error)	ERROR: LJFMOpen::OpenFile(name:/effect/geffect/skill/acc3-st/Cc.yj.eff.inf))

2026-07-23 13:54:01:(Error)	ERROR: LJFMOpen::OpenFile(name:/effect/geffect/skill/mt_shouliezitai/mt_shouliezitai.eff.inf))

2026-07-23 13:54:01:(Error)	ERROR: LJFMOpen::OpenFile(name:/effect/geffect/skill/mt_tiandingzhiguo/mt_tiandingzhiguo_shang_1.eff.inf))

2026-07-23 13:54:01:(Error)	ERROR: LJFMOpen::OpenFile(name:/effect/geffect/skill/mt_tiandingzhiguo/mt_tiandingzhiguo_shang_2.eff.inf))

2026-07-23 13:54:01:(Error)	ERROR: LJFMOpen::OpenFile(name:/effect/geffect/skill/mt_tiandingzhiguo/mt_tiandingzhiguo_xia.eff.inf))

2026-07-23 13:54:01:(Error)	ERROR: LJFMOpen::OpenFile(name:/effect/geffect/skill/mt_shenyuzenan/mt_shenyuzenan_mingzhong.eff.inf))

2026-07-23 13:54:01:(Error)	ERROR: LJFMOpen::OpenFile(name:/effect/geffect/skill/mt3_wq_poxuekuanggong/mt3_wq_poxuekuanggong.eff.inf))

2026-07-23 13:54:01:(Error)	ERROR: LJFMOpen::OpenFile(name:/effect/geffect/skill/mt_guai_taishanyading/mt_guai_taishanyading.eff.inf))

2026-07-23 13:54:01:(Error)	ERROR: LJFMOpen::OpenFile(name:/effect/geffect/skill/mt3_pet_leishenzhinu/mt3_pet_leitingzhinu_1.eff.inf))

2026-07-23 13:54:01:(Error)	ERROR: LJFMOpen::OpenFile(name:/effect/geffect/skill/mt3_pet_leishenzhinu/mt3_pet_leitingzhinu_2.eff.inf))

2026-07-23 13:54:01:(Error)	ERROR: LJFMOpen::OpenFile(name:/effect/geffect/skill/mt3_lr_5/shengmingxianji_shouji.eff.inf))

2026-07-23 13:54:01:(Error)	ERROR: LJFMOpen::OpenFile(name:/map/map_1606_mhxybaoxiangguo/goto.dat))

2026-07-23 13:54:01:(Error)	ERROR: LJFMOpen::OpenFile(name:/effect/animation/sprite/di/di2_res000.dds))

2026-07-23 13:54:03:(Error)	ERROR: LJFMOpen::OpenFile(name:/effect/animation/ui/dianji/putong/zhiyin_res000.dds))

LUA:2026-07-23 13:54:06:(Warn)	table CMessageTip can't find ID:160061111
2026-07-23 13:54:28:(Error)	ERROR: LJFMOpen::OpenFile(name:/effect/geffect/sprite/npc/Add10xzise..eff.inf))

2026-07-23 13:54:31:(Error)	ERROR: LJFMOpen::OpenFile(name:/effect/animation/sprite/npc/tanhao_res000.dds))

2026-07-23 13:54:31:(Error)	ERROR: LJFMOpen::OpenFile(name:/effect/animation/sprite/npc/tanhao_res000.png))

