[2026-07-05 19:57:35.410] [LJFM] InitFileList begin loadFromPak=1 versionDonotCheck=1 rootDir=E:\MT3\client\resource\bin\Release\ runDir=E:\MT3\client\resource\bin\Release\cache/res1
[2026-07-05 19:57:35.411] [LJFM] InitFileList candidate[0]=E:/MT3/client/res_win/res/fl.ljpi exists=1
[2026-07-05 19:57:35.411] [LJFM] InitFileList selectedBase=E:/MT3/client/res_win/res/ foundPackRoot=1
[2026-07-05 19:57:35.568] [LJFM] InitFileList versionDonotCheck probe base=E:/MT3/client/res_win/res/fl.ljpi loadResult=1
[2026-07-05 19:57:35.568] [LJFM] InitFileList success(versionDonotCheck)
[2026-07-06 03:57:14.247] [LJFM] InitFileList begin loadFromPak=1 versionDonotCheck=1 rootDir=E:\MT3\client\resource\bin\Release\ runDir=E:\MT3\client\resource\bin\Release\cache/res1
[2026-07-06 03:57:14.247] [LJFM] InitFileList candidate[0]=E:/MT3/client/res_win/res/fl.ljpi exists=1
[2026-07-06 03:57:14.247] [LJFM] InitFileList selectedBase=E:/MT3/client/res_win/res/ foundPackRoot=1
[2026-07-06 03:57:14.396] [LJFM] InitFileList versionDonotCheck probe base=E:/MT3/client/res_win/res/fl.ljpi loadResult=1
[2026-07-06 03:57:14.396] [LJFM] InitFileList success(versionDonotCheck)
[2026-07-20 11:25:39.720] [LJFM] InitFileList begin loadFromPak=1 versionDonotCheck=1 rootDir=E:\MT3\client\resource\bin\Release\ runDir=E:\MT3\client\resource\bin\Release\cache/res1
[2026-07-20 11:25:39.721] [LJFM] InitFileList candidate[0]=E:/MT3/client/res_win/res/fl.ljpi exists=1
[2026-07-20 11:25:39.721] [LJFM] InitFileList selectedBase=E:/MT3/client/res_win/res/ foundPackRoot=1
[2026-07-20 11:25:39.856] [LJFM] InitFileList versionDonotCheck probe base=E:/MT3/client/res_win/res/fl.ljpi loadResult=1
[2026-07-20 11:25:39.857] [LJFM] InitFileList success(versionDonotCheck)
[2026-07-20 11:28:06.601] [LJFM] InitFileList begin loadFromPak=1 versionDonotCheck=1 rootDir=E:\MT3\client\resource\bin\Release\ runDir=E:\MT3\client\resource\bin\Release\cache/res1
[2026-07-20 11:28:06.601] [LJFM] InitFileList candidate[0]=E:/MT3/client/res_win/res/fl.ljpi exists=1
[2026-07-20 11:28:06.602] [LJFM] InitFileList selectedBase=E:/MT3/client/res_win/res/ foundPackRoot=1
[2026-07-20 11:28:06.758] [LJFM] InitFileList versionDonotCheck probe base=E:/MT3/client/res_win/res/fl.ljpi loadResult=1
[2026-07-20 11:28:06.759] [LJFM] InitFileList success(versionDonotCheck)
[2026-07-20 13:07:58.014] [LJFM] InitFileList begin loadFromPak=1 versionDonotCheck=1 rootDir=E:\MT3\client\resource\bin\Release\ runDir=E:\MT3\client\resource\bin\Release\cache/res1
[2026-07-20 13:07:58.015] [LJFM] InitFileList candidate[0]=E:/MT3/client/res_win/res/fl.ljpi exists=1
[2026-07-20 13:07:58.015] [LJFM] InitFileList selectedBase=E:/MT3/client/res_win/res/ foundPackRoot=1
[2026-07-20 13:07:58.118] [LJFM] InitFileList versionDonotCheck probe base=E:/MT3/client/res_win/res/fl.ljpi loadResult=1
[2026-07-20 13:07:58.119] [LJFM] InitFileList success(versionDonotCheck)
[2026-07-22 13:59:38.713] [LJFM] InitFileList begin loadFromPak=1 versionDonotCheck=1 rootDir=E:\MT3\client\resource\bin\Release\ runDir=E:\MT3\client\resource\bin\Release\cache/res1
[2026-07-22 13:59:38.714] [LJFM] InitFileList candidate[0]=E:/MT3/client/res_win/res/fl.ljpi exists=1
[2026-07-22 13:59:38.714] [LJFM] InitFileList selectedBase=E:/MT3/client/res_win/res/ foundPackRoot=1
[2026-07-22 13:59:38.823] [LJFM] InitFileList versionDonotCheck probe base=E:/MT3/client/res_win/res/fl.ljpi loadResult=1
[2026-07-22 13:59:38.823] [LJFM] InitFileList success(versionDonotCheck)
[2026-07-23 12:31:31.831] [LJFM] InitFileList begin loadFromPak=1 versionDonotCheck=1 rootDir=E:\MT3\client\resource\bin\Release\ runDir=E:\MT3\client\resource\bin\Release\cache/res1
[2026-07-23 12:31:31.832] [LJFM] InitFileList candidate[0]=E:/MT3/client/res_win/res/fl.ljpi exists=1
[2026-07-23 12:31:31.833] [LJFM] InitFileList selectedBase=E:/MT3/client/res_win/res/ foundPackRoot=1
[2026-07-23 12:31:31.953] [LJFM] InitFileList versionDonotCheck probe base=E:/MT3/client/res_win/res/fl.ljpi loadResult=1
[2026-07-23 12:31:31.953] [LJFM] InitFileList success(versionDonotCheck)
[2026-07-23 12:31:56.112] [LJFM] InitFileList begin loadFromPak=1 versionDonotCheck=1 rootDir=E:\MT3\client\resource\bin\Release\ runDir=E:\MT3\client\resource\bin\Release\cache/res1
[2026-07-23 12:31:56.112] [LJFM] InitFileList candidate[0]=E:/MT3/client/res_win/res/fl.ljpi exists=1
[2026-07-23 12:31:56.113] [LJFM] InitFileList selectedBase=E:/MT3/client/res_win/res/ foundPackRoot=1
[2026-07-23 12:31:56.226] [LJFM] InitFileList versionDonotCheck probe base=E:/MT3/client/res_win/res/fl.ljpi loadResult=1
[2026-07-23 12:31:56.227] [LJFM] InitFileList success(versionDonotCheck)
[2026-07-23 12:36:55.861] [LJFM] InitFileList begin loadFromPak=1 versionDonotCheck=1 rootDir=E:\MT3\client\resource\bin\Release\ runDir=E:\MT3\client\resource\bin\Release\cache/res1
[2026-07-23 12:36:55.862] [LJFM] InitFileList candidate[0]=E:/MT3/client/res_win/res/fl.ljpi exists=1
[2026-07-23 12:36:55.863] [LJFM] InitFileList selectedBase=E:/MT3/client/res_win/res/ foundPackRoot=1
[2026-07-23 12:36:55.991] [LJFM] InitFileList versionDonotCheck probe base=E:/MT3/client/res_win/res/fl.ljpi loadResult=1
[2026-07-23 12:36:55.991] [LJFM] InitFileList success(versionDonotCheck)
[2026-07-23 12:39:29.258] [LJFM] InitFileList begin loadFromPak=1 versionDonotCheck=1 rootDir=E:\MT3\client\resource\bin\Release\ runDir=E:\MT3\client\resource\bin\Release\cache/res1
[2026-07-23 12:39:29.259] [LJFM] InitFileList candidate[0]=E:/MT3/client/res_win/res/fl.ljpi exists=1
[2026-07-23 12:39:29.259] [LJFM] InitFileList selectedBase=E:/MT3/client/res_win/res/ foundPackRoot=1
[2026-07-23 12:39:29.366] [LJFM] InitFileList versionDonotCheck probe base=E:/MT3/client/res_win/res/fl.ljpi loadResult=1
[2026-07-23 12:39:29.366] [LJFM] InitFileList success(versionDonotCheck)
[2026-07-23 13:03:41.212] [LJFM] InitFileList begin loadFromPak=1 versionDonotCheck=1 rootDir=E:\MT3\client\resource\bin\Release\ runDir=E:\MT3\client\resource\bin\Release\cache/res1
[2026-07-23 13:03:41.213] [LJFM] InitFileList candidate[0]=E:/MT3/client/res_win/res/fl.ljpi exists=1
[2026-07-23 13:03:41.214] [LJFM] InitFileList selectedBase=E:/MT3/client/res_win/res/ foundPackRoot=1
[2026-07-23 13:03:41.329] [LJFM] InitFileList versionDonotCheck probe base=E:/MT3/client/res_win/res/fl.ljpi loadResult=1
[2026-07-23 13:03:41.330] [LJFM] InitFileList success(versionDonotCheck)
[2026-07-23 13:11:42.145] [LJFM] InitFileList begin loadFromPak=1 versionDonotCheck=1 rootDir=E:\MT3\client\resource\bin\Release\ runDir=E:\MT3\client\resource\bin\Release\cache/res1
[2026-07-23 13:11:42.145] [LJFM] InitFileList candidate[0]=E:/MT3/client/res_win/res/fl.ljpi exists=1
[2026-07-23 13:11:42.145] [LJFM] InitFileList selectedBase=E:/MT3/client/res_win/res/ foundPackRoot=1
[2026-07-23 13:11:42.247] [LJFM] InitFileList versionDonotCheck probe base=E:/MT3/client/res_win/res/fl.ljpi loadResult=1
[2026-07-23 13:11:42.247] [LJFM] InitFileList success(versionDonotCheck)
[2026-07-23 13:13:09.836] [LJFM] InitFileList begin loadFromPak=1 versionDonotCheck=1 rootDir=E:\MT3\client\resource\bin\Release\ runDir=E:\MT3\client\resource\bin\Release\cache/res1
[2026-07-23 13:13:09.837] [LJFM] InitFileList candidate[0]=E:/MT3/client/res_win/res/fl.ljpi exists=1
[2026-07-23 13:13:09.837] [LJFM] InitFileList selectedBase=E:/MT3/client/res_win/res/ foundPackRoot=1
[2026-07-23 13:13:09.957] [LJFM] InitFileList versionDonotCheck probe base=E:/MT3/client/res_win/res/fl.ljpi loadResult=1
[2026-07-23 13:13:09.957] [LJFM] InitFileList success(versionDonotCheck)
[2026-07-23 13:53:50.104] [LJFM] InitFileList begin loadFromPak=1 versionDonotCheck=1 rootDir=E:\MT3\client\resource\bin\Release\ runDir=E:\MT3\client\resource\bin\Release\cache/res1
[2026-07-23 13:53:50.105] [LJFM] InitFileList candidate[0]=E:/MT3/client/res_win/res/fl.ljpi exists=1
[2026-07-23 13:53:50.106] [LJFM] InitFileList selectedBase=E:/MT3/client/res_win/res/ foundPackRoot=1
[2026-07-23 13:53:50.326] [LJFM] InitFileList versionDonotCheck probe base=E:/MT3/client/res_win/res/fl.ljpi loadResult=1
[2026-07-23 13:53:50.329] [LJFM] InitFileList success(versionDonotCheck)
[2026-07-30 14:35:38.764] [LJFM] InitFileList begin loadFromPak=1 versionDonotCheck=1 rootDir=E:\MT3\client\resource\bin\Release\ runDir=E:\MT3\client\resource\bin\Release\cache/res1
[2026-07-30 14:35:38.766] [LJFM] InitFileList candidate[0]=E:/MT3/client/res_win/res/fl.ljpi exists=1
[2026-07-30 14:35:38.767] [LJFM] InitFileList selectedBase=E:/MT3/client/res_win/res/ foundPackRoot=1
[2026-07-30 14:35:38.893] [LJFM] InitFileList versionDonotCheck probe base=E:/MT3/client/res_win/res/fl.ljpi loadResult=1
[2026-07-30 14:35:38.894] [LJFM] InitFileList success(versionDonotCheck)
[2026-07-31 19:54:25.270] [LJFM] InitFileList begin loadFromPak=1 versionDonotCheck=1 rootDir= runDir=cache/res1
[2026-07-31 19:54:25.270] [LJFM] InitFileList candidate[0]=E:/MT3/client/res_win/res/fl.ljpi exists=1
[2026-07-31 19:54:25.270] [LJFM] InitFileList selectedBase=E:/MT3/client/res_win/res/ foundPackRoot=1
[2026-07-31 19:54:25.382] [LJFM] InitFileList versionDonotCheck probe base=E:/MT3/client/res_win/res/fl.ljpi loadResult=1
[2026-07-31 19:54:25.382] [LJFM] InitFileList success(versionDonotCheck)
[MT3_RNDR] CreateRenderer enter ppr=0116F700 dmode=1024x768 flags=1 rv=2 mstype=4
[MT3_RNDR] CreateRenderer before new Cocos2dRenderer pFileIOMan=14764E58
[MT3_RNDR] CreateRenderer after new Cocos2dRenderer *ppr=147E4768
[MT3_RNDR] CreateRenderer before (*ppr)->Create
[MT3_RNDR] Cocos2dRenderer::Create before ParticleManager
[MT3_RNDR] Cocos2dRenderer::Create after ParticleManager=0E8207F8
[MT3_RNDR] Cocos2dRenderer::Create before CFontManager
[MT3_RNDR] Cocos2dRenderer::Create before CFontManager::Init
[MT3_RNDR] Cocos2dRenderer::Create after CFontManager::Init
[MT3_RNDR] Cocos2dRenderer::Create done
[MT3_RNDR] CreateRenderer after (*ppr)->Create result=0
[2026-07-31 20:03:14.723] [LJFM] InitFileList begin loadFromPak=1 versionDonotCheck=1 rootDir= runDir=cache/res1
[2026-07-31 20:03:14.724] [LJFM] InitFileList candidate[0]=E:/MT3/client/res_win/res/fl.ljpi exists=1
[2026-07-31 20:03:14.724] [LJFM] InitFileList selectedBase=E:/MT3/client/res_win/res/ foundPackRoot=1
[2026-07-31 20:03:14.874] [LJFM] InitFileList versionDonotCheck probe base=E:/MT3/client/res_win/res/fl.ljpi loadResult=1
[2026-07-31 20:03:14.874] [LJFM] InitFileList success(versionDonotCheck)
[MT3_RNDR] CreateRenderer enter ppr=0168F700 dmode=1024x768 flags=1 rv=2 mstype=4
[MT3_RNDR] CreateRenderer before new Cocos2dRenderer pFileIOMan=0EF58530
[MT3_RNDR] CreateRenderer after new Cocos2dRenderer *ppr=1A034F60
[MT3_RNDR] CreateRenderer before (*ppr)->Create
[MT3_RNDR] Cocos2dRenderer::Create before ParticleManager
[MT3_RNDR] Cocos2dRenderer::Create after ParticleManager=0EEFAAD0
[MT3_RNDR] Cocos2dRenderer::Create before CFontManager
[MT3_RNDR] Cocos2dRenderer::Create before CFontManager::Init
[MT3_RNDR] Cocos2dRenderer::Create after CFontManager::Init
[MT3_RNDR] Cocos2dRenderer::Create done
[MT3_RNDR] CreateRenderer after (*ppr)->Create result=0
[2026-07-31 23:57:54.247] [LJFM] InitFileList begin loadFromPak=1 versionDonotCheck=1 rootDir= runDir=cache/res1
[2026-07-31 23:57:54.248] [LJFM] InitFileList candidate[0]=E:/MT3/client/res_win/res/fl.ljpi exists=1
[2026-07-31 23:57:54.248] [LJFM] InitFileList selectedBase=E:/MT3/client/res_win/res/ foundPackRoot=1
[2026-07-31 23:57:54.386] [LJFM] InitFileList versionDonotCheck probe base=E:/MT3/client/res_win/res/fl.ljpi loadResult=1
[2026-07-31 23:57:54.386] [LJFM] InitFileList success(versionDonotCheck)
[MT3_RNDR] CreateRenderer enter ppr=018FF700 dmode=1024x768 flags=1 rv=2 mstype=4
[MT3_RNDR] CreateRenderer before new Cocos2dRenderer pFileIOMan=12B1FD10
[MT3_RNDR] CreateRenderer after new Cocos2dRenderer *ppr=12AFFF00
[MT3_RNDR] CreateRenderer before (*ppr)->Create
[MT3_RNDR] Cocos2dRenderer::Create before ParticleManager
[MT3_RNDR] Cocos2dRenderer::Create after ParticleManager=12B0C740
[MT3_RNDR] Cocos2dRenderer::Create before CFontManager
[MT3_RNDR] Cocos2dRenderer::Create before CFontManager::Init
[MT3_RNDR] Cocos2dRenderer::Create after CFontManager::Init
[MT3_RNDR] Cocos2dRenderer::Create done
[MT3_RNDR] CreateRenderer after (*ppr)->Create result=0
