e:\mt3\dependencies\cegui\project\win32\debug.win32\vc120.pdb
e:\mt3\dependencies\cegui\project\win32\debug.win32\ceguibuttonbase.obj
e:\mt3\dependencies\cegui\project\win32\debug.win32\cegui_d.lib
e:\mt3\dependencies\cegui\project\win32\debug.win32\ceguiaffector.obj
e:\mt3\dependencies\cegui\project\win32\debug.win32\ceguianimatetext.obj
e:\mt3\dependencies\cegui\project\win32\debug.win32\ceguianimation.obj
e:\mt3\dependencies\cegui\project\win32\debug.win32\ceguianimationbutton.obj
e:\mt3\dependencies\cegui\project\win32\debug.win32\ceguianimationbuttonproperties.obj
e:\mt3\dependencies\cegui\project\win32\debug.win32\ceguianimationinstance.obj
e:\mt3\dependencies\cegui\project\win32\debug.win32\ceguianimationmanager.obj
e:\mt3\dependencies\cegui\project\win32\debug.win32\ceguianimation_xmlhandler.obj
e:\mt3\dependencies\cegui\project\win32\debug.win32\ceguibase.obj
e:\mt3\dependencies\cegui\project\win32\debug.win32\ceguibasicinterpolators.obj
e:\mt3\dependencies\cegui\project\win32\debug.win32\ceguibasicrenderedstringparser.obj
e:\mt3\dependencies\cegui\project\win32\debug.win32\ceguibidivisualmapping.obj
e:\mt3\dependencies\cegui\project\win32\debug.win32\ceguibinlayoutfileserializer.obj
e:\mt3\dependencies\cegui\project\win32\debug.win32\ceguiboundslot.obj
e:\mt3\dependencies\cegui\project\win32\debug.win32\ceguicentredrenderedstring.obj
e:\mt3\dependencies\cegui\project\win32\debug.win32\ceguichainedxmlhandler.obj
e:\mt3\dependencies\cegui\project\win32\debug.win32\ceguicheckbox.obj
e:\mt3\dependencies\cegui\project\win32\debug.win32\ceguicheckboxproperties.obj
e:\mt3\dependencies\cegui\project\win32\debug.win32\ceguiclippedcontainer.obj
e:\mt3\dependencies\cegui\project\win32\debug.win32\ceguicocos2dgeometrybuffer.obj
e:\mt3\dependencies\cegui\project\win32\debug.win32\ceguicocos2drenderer.obj
e:\mt3\dependencies\cegui\project\win32\debug.win32\ceguicocos2drendertarget.obj
e:\mt3\dependencies\cegui\project\win32\debug.win32\ceguicocos2dtexture.obj
e:\mt3\dependencies\cegui\project\win32\debug.win32\ceguicocos2dtexturetarget.obj
e:\mt3\dependencies\cegui\project\win32\debug.win32\ceguicocos2dviewporttarget.obj
e:\mt3\dependencies\cegui\project\win32\debug.win32\ceguicolour.obj
e:\mt3\dependencies\cegui\project\win32\debug.win32\ceguicolourrect.obj
e:\mt3\dependencies\cegui\project\win32\debug.win32\ceguicombobox.obj
e:\mt3\dependencies\cegui\project\win32\debug.win32\ceguicomboboxproperties.obj
e:\mt3\dependencies\cegui\project\win32\debug.win32\ceguicombodroplist.obj
e:\mt3\dependencies\cegui\project\win32\debug.win32\ceguicompnenttip.obj
e:\mt3\dependencies\cegui\project\win32\debug.win32\ceguiconfig_xmlhandler.obj
e:\mt3\dependencies\cegui\project\win32\debug.win32\ceguicoordconverter.obj
e:\mt3\dependencies\cegui\project\win32\debug.win32\ceguidatacontainer.obj
e:\mt3\dependencies\cegui\project\win32\debug.win32\ceguidefaultlogger.obj
e:\mt3\dependencies\cegui\project\win32\debug.win32\ceguidefaultrenderedstringparser.obj
e:\mt3\dependencies\cegui\project\win32\debug.win32\ceguidefaultresourceprovider.obj
e:\mt3\dependencies\cegui\project\win32\debug.win32\ceguidragcontainer.obj
e:\mt3\dependencies\cegui\project\win32\debug.win32\ceguidragcontainerproperties.obj
e:\mt3\dependencies\cegui\project\win32\debug.win32\ceguidynamicmodule.obj
e:\mt3\dependencies\cegui\project\win32\debug.win32\ceguieditbox.obj
e:\mt3\dependencies\cegui\project\win32\debug.win32\ceguieditboxproperties.obj
e:\mt3\dependencies\cegui\project\win32\debug.win32\ceguieditboxstringparser.obj
e:\mt3\dependencies\cegui\project\win32\debug.win32\ceguievent.obj
e:\mt3\dependencies\cegui\project\win32\debug.win32\ceguieventset.obj
e:\mt3\dependencies\cegui\project\win32\debug.win32\ceguieventsignal.obj
e:\mt3\dependencies\cegui\project\win32\debug.win32\ceguieventsignalset.obj
e:\mt3\dependencies\cegui\project\win32\debug.win32\ceguiexceptions.obj
e:\mt3\dependencies\cegui\project\win32\debug.win32\ceguifactorymodule.obj
e:\mt3\dependencies\cegui\project\win32\debug.win32\ceguifalagard_xmlhandler.obj
e:\mt3\dependencies\cegui\project\win32\debug.win32\ceguifalcomponentbase.obj
e:\mt3\dependencies\cegui\project\win32\debug.win32\ceguifaldimensions.obj
e:\mt3\dependencies\cegui\project\win32\debug.win32\ceguifalframecomponent.obj
e:\mt3\dependencies\cegui\project\win32\debug.win32\ceguifalimagerycomponent.obj
e:\mt3\dependencies\cegui\project\win32\debug.win32\ceguifalimagerysection.obj
e:\mt3\dependencies\cegui\project\win32\debug.win32\ceguifallayerspecification.obj
e:\mt3\dependencies\cegui\project\win32\debug.win32\ceguifalnamedarea.obj
e:\mt3\dependencies\cegui\project\win32\debug.win32\ceguifalpropertydefinition.obj
e:\mt3\dependencies\cegui\project\win32\debug.win32\ceguifalpropertydefinitionbase.obj
e:\mt3\dependencies\cegui\project\win32\debug.win32\ceguifalpropertyinitialiser.obj
e:\mt3\dependencies\cegui\project\win32\debug.win32\ceguifalpropertylinkdefinition.obj
e:\mt3\dependencies\cegui\project\win32\debug.win32\ceguifalsectionspecification.obj
e:\mt3\dependencies\cegui\project\win32\debug.win32\ceguifalstateimagery.obj
e:\mt3\dependencies\cegui\project\win32\debug.win32\ceguifaltextcomponent.obj
e:\mt3\dependencies\cegui\project\win32\debug.win32\ceguifalwidgetcomponent.obj
e:\mt3\dependencies\cegui\project\win32\debug.win32\ceguifalwidgetlookfeel.obj
e:\mt3\dependencies\cegui\project\win32\debug.win32\ceguifalwidgetlookmanager.obj
e:\mt3\dependencies\cegui\project\win32\debug.win32\ceguifalxmlenumhelper.obj
e:\mt3\dependencies\cegui\project\win32\debug.win32\ceguifilestream.obj
e:\mt3\dependencies\cegui\project\win32\debug.win32\ceguifont.obj
e:\mt3\dependencies\cegui\project\win32\debug.win32\ceguifontmanager.obj
e:\mt3\dependencies\cegui\project\win32\debug.win32\ceguifontproperties.obj
e:\mt3\dependencies\cegui\project\win32\debug.win32\ceguifont_xmlhandler.obj
e:\mt3\dependencies\cegui\project\win32\debug.win32\ceguiformattedrenderedstring.obj
e:\mt3\dependencies\cegui\project\win32\debug.win32\ceguiframewindow.obj
e:\mt3\dependencies\cegui\project\win32\debug.win32\ceguiframewindowproperties.obj
e:\mt3\dependencies\cegui\project\win32\debug.win32\ceguifreetypefont.obj
e:\mt3\dependencies\cegui\project\win32\debug.win32\ceguifribidivisualmapping.obj
e:\mt3\dependencies\cegui\project\win32\debug.win32\ceguigesturerecognizer.obj
e:\mt3\dependencies\cegui\project\win32\debug.win32\ceguigesturerecognizermanager.obj
e:\mt3\dependencies\cegui\project\win32\debug.win32\ceguiglobaleventset.obj
e:\mt3\dependencies\cegui\project\win32\debug.win32\ceguigroupbox.obj
e:\mt3\dependencies\cegui\project\win32\debug.win32\ceguigroupbtnitem.obj
e:\mt3\dependencies\cegui\project\win32\debug.win32\ceguigroupbtntree.obj
e:\mt3\dependencies\cegui\project\win32\debug.win32\ceguigroupbutton.obj
e:\mt3\dependencies\cegui\project\win32\debug.win32\ceguigroupbuttonproperties.obj
e:\mt3\dependencies\cegui\project\win32\debug.win32\ceguiguilayout_xmlhandler.obj
e:\mt3\dependencies\cegui\project\win32\debug.win32\ceguiguisheet.obj
e:\mt3\dependencies\cegui\project\win32\debug.win32\ceguiimage.obj
e:\mt3\dependencies\cegui\project\win32\debug.win32\ceguiimagecodec.obj
e:\mt3\dependencies\cegui\project\win32\debug.win32\ceguiimageset.obj
e:\mt3\dependencies\cegui\project\win32\debug.win32\ceguiimagesetmanager.obj
e:\mt3\dependencies\cegui\project\win32\debug.win32\ceguiimageset_xmlhandler.obj
e:\mt3\dependencies\cegui\project\win32\debug.win32\ceguiirregularbutton.obj
e:\mt3\dependencies\cegui\project\win32\debug.win32\ceguiirregularbuttonproperties.obj
e:\mt3\dependencies\cegui\project\win32\debug.win32\ceguiirregularfigure.obj
e:\mt3\dependencies\cegui\project\win32\debug.win32\ceguiitemcell.obj
e:\mt3\dependencies\cegui\project\win32\debug.win32\ceguiitemcellgeneral.obj
e:\mt3\dependencies\cegui\project\win32\debug.win32\ceguiitemcellproperties.obj
e:\mt3\dependencies\cegui\project\win32\debug.win32\ceguiitementry.obj
e:\mt3\dependencies\cegui\project\win32\debug.win32\ceguiitementryproperties.obj
e:\mt3\dependencies\cegui\project\win32\debug.win32\ceguiitemlistbase.obj
e:\mt3\dependencies\cegui\project\win32\debug.win32\ceguiitemlistbaseproperties.obj
e:\mt3\dependencies\cegui\project\win32\debug.win32\ceguiitemlistbox.obj
e:\mt3\dependencies\cegui\project\win32\debug.win32\ceguiitemlistboxproperties.obj
e:\mt3\dependencies\cegui\project\win32\debug.win32\ceguiitemtable.obj
e:\mt3\dependencies\cegui\project\win32\debug.win32\ceguiitemtableproperties.obj
e:\mt3\dependencies\cegui\project\win32\debug.win32\ceguijustifiedrenderedstring.obj
e:\mt3\dependencies\cegui\project\win32\debug.win32\ceguijustifiedrenderedstringwordwrapper.obj
e:\mt3\dependencies\cegui\project\win32\debug.win32\ceguikeyframe.obj
e:\mt3\dependencies\cegui\project\win32\debug.win32\ceguilayoutserializer_v1.obj
e:\mt3\dependencies\cegui\project\win32\debug.win32\ceguileftalignedrenderedstring.obj
e:\mt3\dependencies\cegui\project\win32\debug.win32\ceguilinktext.obj
e:\mt3\dependencies\cegui\project\win32\debug.win32\ceguilinktextproperties.obj
e:\mt3\dependencies\cegui\project\win32\debug.win32\ceguilistbox.obj
e:\mt3\dependencies\cegui\project\win32\debug.win32\ceguilistboxitem.obj
e:\mt3\dependencies\cegui\project\win32\debug.win32\ceguilistboxproperties.obj
e:\mt3\dependencies\cegui\project\win32\debug.win32\ceguilistboxtextitem.obj
e:\mt3\dependencies\cegui\project\win32\debug.win32\ceguilistheader.obj
e:\mt3\dependencies\cegui\project\win32\debug.win32\ceguilistheaderproperties.obj
e:\mt3\dependencies\cegui\project\win32\debug.win32\ceguilistheadersegment.obj
e:\mt3\dependencies\cegui\project\win32\debug.win32\ceguilistheadersegmentproperties.obj
e:\mt3\dependencies\cegui\project\win32\debug.win32\ceguiljxmlparser.obj
e:\mt3\dependencies\cegui\project\win32\debug.win32\ceguiljxmlparserhelper.obj
e:\mt3\dependencies\cegui\project\win32\debug.win32\ceguiljxmlparsermodule.obj
e:\mt3\dependencies\cegui\project\win32\debug.win32\ceguiloadingtaskmanager.obj
e:\mt3\dependencies\cegui\project\win32\debug.win32\ceguilogger.obj
e:\mt3\dependencies\cegui\project\win32\debug.win32\ceguilongpressgesturerecognizer.obj
e:\mt3\dependencies\cegui\project\win32\debug.win32\ceguilua.obj
e:\mt3\dependencies\cegui\project\win32\debug.win32\ceguiluafunctor.obj
e:\mt3\dependencies\cegui\project\win32\debug.win32\ceguimemorystream.obj
e:\mt3\dependencies\cegui\project\win32\debug.win32\ceguimenubar.obj
e:\mt3\dependencies\cegui\project\win32\debug.win32\ceguimenubase.obj
e:\mt3\dependencies\cegui\project\win32\debug.win32\ceguimenubaseproperties.obj
e:\mt3\dependencies\cegui\project\win32\debug.win32\ceguimenuitem.obj
e:\mt3\dependencies\cegui\project\win32\debug.win32\ceguimessagetip.obj
e:\mt3\dependencies\cegui\project\win32\debug.win32\ceguiminibidivisualmapping.obj
e:\mt3\dependencies\cegui\project\win32\debug.win32\ceguimousecursor.obj
e:\mt3\dependencies\cegui\project\win32\debug.win32\ceguimulticolumnlist.obj
e:\mt3\dependencies\cegui\project\win32\debug.win32\ceguimulticolumnlistproperties.obj
e:\mt3\dependencies\cegui\project\win32\debug.win32\ceguimultilineeditbox.obj
e:\mt3\dependencies\cegui\project\win32\debug.win32\ceguimultilineeditboxproperties.obj
e:\mt3\dependencies\cegui\project\win32\debug.win32\ceguinamedxmlresourcemanager.obj
e:\mt3\dependencies\cegui\project\win32\debug.win32\ceguinodeserializer_v1.obj
e:\mt3\dependencies\cegui\project\win32\debug.win32\ceguipanelbox.obj
e:\mt3\dependencies\cegui\project\win32\debug.win32\ceguipanelchengjiuitem.obj
e:\mt3\dependencies\cegui\project\win32\debug.win32\ceguipanelchengweiitem.obj
e:\mt3\dependencies\cegui\project\win32\debug.win32\ceguipanelitem.obj
e:\mt3\dependencies\cegui\project\win32\debug.win32\ceguipanelqiyuanitem.obj
e:\mt3\dependencies\cegui\project\win32\debug.win32\ceguipangesturerecognizer.obj
e:\mt3\dependencies\cegui\project\win32\debug.win32\ceguipcreregexmatcher.obj
e:\mt3\dependencies\cegui\project\win32\debug.win32\ceguipfsresourceprovider.obj
e:\mt3\dependencies\cegui\project\win32\debug.win32\ceguipixmapfont.obj
e:\mt3\dependencies\cegui\project\win32\debug.win32\ceguipopupmenu.obj
e:\mt3\dependencies\cegui\project\win32\debug.win32\ceguipopupmenuproperties.obj
e:\mt3\dependencies\cegui\project\win32\debug.win32\ceguiprogressbar.obj
e:\mt3\dependencies\cegui\project\win32\debug.win32\ceguiprogressbarproperties.obj
e:\mt3\dependencies\cegui\project\win32\debug.win32\ceguiprogressbartwovalue.obj
e:\mt3\dependencies\cegui\project\win32\debug.win32\ceguiprogressbartwovalueproperties.obj
e:\mt3\dependencies\cegui\project\win32\debug.win32\ceguiproperty.obj
e:\mt3\dependencies\cegui\project\win32\debug.win32\ceguipropertyhelper.obj
e:\mt3\dependencies\cegui\project\win32\debug.win32\ceguipropertyids.obj
e:\mt3\dependencies\cegui\project\win32\debug.win32\ceguipropertyserializer.obj
e:\mt3\dependencies\cegui\project\win32\debug.win32\ceguipropertyserializer_v1.obj
e:\mt3\dependencies\cegui\project\win32\debug.win32\ceguipropertyset.obj
e:\mt3\dependencies\cegui\project\win32\debug.win32\ceguipushbutton.obj
e:\mt3\dependencies\cegui\project\win32\debug.win32\ceguipushbuttonproperties.obj
e:\mt3\dependencies\cegui\project\win32\debug.win32\ceguiradiobutton.obj
e:\mt3\dependencies\cegui\project\win32\debug.win32\ceguiradiobuttonproperties.obj
e:\mt3\dependencies\cegui\project\win32\debug.win32\ceguirect.obj
e:\mt3\dependencies\cegui\project\win32\debug.win32\ceguiregserializers_v1.obj
e:\mt3\dependencies\cegui\project\win32\debug.win32\ceguirenderedstring.obj
e:\mt3\dependencies\cegui\project\win32\debug.win32\ceguirenderedstringcomponent.obj
e:\mt3\dependencies\cegui\project\win32\debug.win32\ceguirenderedstringimagecomponent.obj
e:\mt3\dependencies\cegui\project\win32\debug.win32\ceguirenderedstringtextcomponent.obj
e:\mt3\dependencies\cegui\project\win32\debug.win32\ceguirenderedstringwidgetcomponent.obj
e:\mt3\dependencies\cegui\project\win32\debug.win32\ceguirenderingroot.obj
e:\mt3\dependencies\cegui\project\win32\debug.win32\ceguirenderingsurface.obj
e:\mt3\dependencies\cegui\project\win32\debug.win32\ceguirenderingwindow.obj
e:\mt3\dependencies\cegui\project\win32\debug.win32\ceguirenderqueue.obj
e:\mt3\dependencies\cegui\project\win32\debug.win32\ceguiresloadthread.obj
e:\mt3\dependencies\cegui\project\win32\debug.win32\ceguiricheditbox.obj
e:\mt3\dependencies\cegui\project\win32\debug.win32\ceguiricheditboxanswerquestionlinkcomponent.obj
e:\mt3\dependencies\cegui\project\win32\debug.win32\ceguiricheditboxbuttonimagecomponent.obj
e:\mt3\dependencies\cegui\project\win32\debug.win32\ceguiricheditboxcommonlinkcomponent.obj
e:\mt3\dependencies\cegui\project\win32\debug.win32\ceguiricheditboxcomponent.obj
e:\mt3\dependencies\cegui\project\win32\debug.win32\ceguiricheditboxemotioncomponent.obj
e:\mt3\dependencies\cegui\project\win32\debug.win32\ceguiricheditboxfamilyrecruitlinkcomponent.obj
e:\mt3\dependencies\cegui\project\win32\debug.win32\ceguiricheditboxgotocomponent.obj
e:\mt3\dependencies\cegui\project\win32\debug.win32\ceguiricheditboxhttpcomponent.obj
e:\mt3\dependencies\cegui\project\win32\debug.win32\ceguiricheditboximagecomponent.obj
e:\mt3\dependencies\cegui\project\win32\debug.win32\ceguiricheditboxjointeamlinkcomponent.obj
e:\mt3\dependencies\cegui\project\win32\debug.win32\ceguiricheditboxlinebreakcomponent.obj
e:\mt3\dependencies\cegui\project\win32\debug.win32\ceguiricheditboxlinktextcomponent.obj
e:\mt3\dependencies\cegui\project\win32\debug.win32\ceguiricheditboxnamelinkcomponent.obj
e:\mt3\dependencies\cegui\project\win32\debug.win32\ceguiricheditboxproperties.obj
e:\mt3\dependencies\cegui\project\win32\debug.win32\ceguiricheditboxrequestotherquestcomponent.obj
e:\mt3\dependencies\cegui\project\win32\debug.win32\ceguiricheditboxrequestteamlinkcomponent.obj
e:\mt3\dependencies\cegui\project\win32\debug.win32\ceguiricheditboxtextcomponent.obj
e:\mt3\dependencies\cegui\project\win32\debug.win32\ceguiricheditboxtipslinkcomponent.obj
e:\mt3\dependencies\cegui\project\win32\debug.win32\ceguiricheditbox_xmlhandler.obj
e:\mt3\dependencies\cegui\project\win32\debug.win32\ceguirightalignedrenderedstring.obj
e:\mt3\dependencies\cegui\project\win32\debug.win32\ceguischeme.obj
e:\mt3\dependencies\cegui\project\win32\debug.win32\ceguischememanager.obj
e:\mt3\dependencies\cegui\project\win32\debug.win32\ceguischeme_xmlhandler.obj
e:\mt3\dependencies\cegui\project\win32\debug.win32\ceguiscriptmodule.obj
e:\mt3\dependencies\cegui\project\win32\debug.win32\ceguiscrollablepane.obj
e:\mt3\dependencies\cegui\project\win32\debug.win32\ceguiscrollablepaneproperties.obj
e:\mt3\dependencies\cegui\project\win32\debug.win32\ceguiscrollbar.obj
e:\mt3\dependencies\cegui\project\win32\debug.win32\ceguiscrollbarproperties.obj
e:\mt3\dependencies\cegui\project\win32\debug.win32\ceguiscrolledcontainer.obj
e:\mt3\dependencies\cegui\project\win32\debug.win32\ceguiscrolledcontainerproperties.obj
e:\mt3\dependencies\cegui\project\win32\debug.win32\ceguiscrolleditemlistbase.obj
e:\mt3\dependencies\cegui\project\win32\debug.win32\ceguiscrolleditemlistbaseproperties.obj
e:\mt3\dependencies\cegui\project\win32\debug.win32\ceguiserializermanager.obj
e:\mt3\dependencies\cegui\project\win32\debug.win32\ceguisillyimagecodec.obj
e:\mt3\dependencies\cegui\project\win32\debug.win32\ceguisillyimagecodecmodule.obj
e:\mt3\dependencies\cegui\project\win32\debug.win32\ceguisize.obj
e:\mt3\dependencies\cegui\project\win32\debug.win32\ceguiskillbox.obj
e:\mt3\dependencies\cegui\project\win32\debug.win32\ceguislider.obj
e:\mt3\dependencies\cegui\project\win32\debug.win32\ceguisliderproperties.obj
e:\mt3\dependencies\cegui\project\win32\debug.win32\ceguispecialtree.obj
e:\mt3\dependencies\cegui\project\win32\debug.win32\ceguispecialtreeitem.obj
e:\mt3\dependencies\cegui\project\win32\debug.win32\ceguispecialtreeitem_xmlhandler.obj
e:\mt3\dependencies\cegui\project\win32\debug.win32\ceguispinner.obj
e:\mt3\dependencies\cegui\project\win32\debug.win32\ceguispinnerproperties.obj
e:\mt3\dependencies\cegui\project\win32\debug.win32\ceguistream.obj
e:\mt3\dependencies\cegui\project\win32\debug.win32\ceguistring.obj
e:\mt3\dependencies\cegui\project\win32\debug.win32\ceguisubscriberslot.obj
e:\mt3\dependencies\cegui\project\win32\debug.win32\ceguiswitch.obj
e:\mt3\dependencies\cegui\project\win32\debug.win32\ceguiswitchproperties.obj
e:\mt3\dependencies\cegui\project\win32\debug.win32\ceguisystem.obj
e:\mt3\dependencies\cegui\project\win32\debug.win32\ceguitabbutton.obj
e:\mt3\dependencies\cegui\project\win32\debug.win32\ceguitabcontrol.obj
e:\mt3\dependencies\cegui\project\win32\debug.win32\ceguitabcontrolproperties.obj
e:\mt3\dependencies\cegui\project\win32\debug.win32\ceguitextutils.obj
e:\mt3\dependencies\cegui\project\win32\debug.win32\ceguithumb.obj
e:\mt3\dependencies\cegui\project\win32\debug.win32\ceguithumbproperties.obj
e:\mt3\dependencies\cegui\project\win32\debug.win32\ceguititlebar.obj
e:\mt3\dependencies\cegui\project\win32\debug.win32\ceguititlebarproperties.obj
e:\mt3\dependencies\cegui\project\win32\debug.win32\ceguitooltip.obj
e:\mt3\dependencies\cegui\project\win32\debug.win32\ceguitooltipproperties.obj
e:\mt3\dependencies\cegui\project\win32\debug.win32\ceguitree.obj
e:\mt3\dependencies\cegui\project\win32\debug.win32\ceguitreeitem.obj
e:\mt3\dependencies\cegui\project\win32\debug.win32\ceguitreeproperties.obj
e:\mt3\dependencies\cegui\project\win32\debug.win32\ceguiwindow.obj
e:\mt3\dependencies\cegui\project\win32\debug.win32\ceguiwindowfactorymanager.obj
e:\mt3\dependencies\cegui\project\win32\debug.win32\ceguiwindowmanager.obj
e:\mt3\dependencies\cegui\project\win32\debug.win32\ceguiwindowproperties.obj
e:\mt3\dependencies\cegui\project\win32\debug.win32\ceguiwindowrenderer.obj
e:\mt3\dependencies\cegui\project\win32\debug.win32\ceguiwindowrenderermanager.obj
e:\mt3\dependencies\cegui\project\win32\debug.win32\ceguiwindowrenderermodule.obj
e:\mt3\dependencies\cegui\project\win32\debug.win32\ceguiwrfactoryregisterer.obj
e:\mt3\dependencies\cegui\project\win32\debug.win32\ceguixmlattributes.obj
e:\mt3\dependencies\cegui\project\win32\debug.win32\ceguixmlfiledata.obj
e:\mt3\dependencies\cegui\project\win32\debug.win32\ceguixmlhandler.obj
e:\mt3\dependencies\cegui\project\win32\debug.win32\ceguixmlparser.obj
e:\mt3\dependencies\cegui\project\win32\debug.win32\ceguixmlserializer.obj
e:\mt3\dependencies\cegui\project\win32\debug.win32\ceguixmltobin.obj
e:\mt3\dependencies\cegui\project\win32\debug.win32\falanimatetext.obj
e:\mt3\dependencies\cegui\project\win32\debug.win32\falanimationbutton.obj
e:\mt3\dependencies\cegui\project\win32\debug.win32\falbutton.obj
e:\mt3\dependencies\cegui\project\win32\debug.win32\falcompnenttip.obj
e:\mt3\dependencies\cegui\project\win32\debug.win32\faldefault.obj
e:\mt3\dependencies\cegui\project\win32\debug.win32\faleditbox.obj
e:\mt3\dependencies\cegui\project\win32\debug.win32\faleditboxproperties.obj
e:\mt3\dependencies\cegui\project\win32\debug.win32\falframewindow.obj
e:\mt3\dependencies\cegui\project\win32\debug.win32\falgroupbtntree.obj
e:\mt3\dependencies\cegui\project\win32\debug.win32\falirregularbutton.obj
e:\mt3\dependencies\cegui\project\win32\debug.win32\falirregularfigure.obj
e:\mt3\dependencies\cegui\project\win32\debug.win32\falitemcell.obj
e:\mt3\dependencies\cegui\project\win32\debug.win32\falitemcellgeneral.obj
e:\mt3\dependencies\cegui\project\win32\debug.win32\falitementry.obj
e:\mt3\dependencies\cegui\project\win32\debug.win32\falitemlistbox.obj
e:\mt3\dependencies\cegui\project\win32\debug.win32\falitemtable.obj
e:\mt3\dependencies\cegui\project\win32\debug.win32\fallinktext.obj
e:\mt3\dependencies\cegui\project\win32\debug.win32\fallistbox.obj
e:\mt3\dependencies\cegui\project\win32\debug.win32\fallistheader.obj
e:\mt3\dependencies\cegui\project\win32\debug.win32\fallistheaderproperties.obj
e:\mt3\dependencies\cegui\project\win32\debug.win32\fallistheadersegment.obj
e:\mt3\dependencies\cegui\project\win32\debug.win32\falmenubar.obj
e:\mt3\dependencies\cegui\project\win32\debug.win32\falmenuitem.obj
e:\mt3\dependencies\cegui\project\win32\debug.win32\falmodule.obj
e:\mt3\dependencies\cegui\project\win32\debug.win32\falmulticolumnlist.obj
e:\mt3\dependencies\cegui\project\win32\debug.win32\falmultilineeditbox.obj
e:\mt3\dependencies\cegui\project\win32\debug.win32\falmultilineeditboxproperties.obj
e:\mt3\dependencies\cegui\project\win32\debug.win32\falpopupmenu.obj
e:\mt3\dependencies\cegui\project\win32\debug.win32\falprogressbar.obj
e:\mt3\dependencies\cegui\project\win32\debug.win32\falprogressbarproperties.obj
e:\mt3\dependencies\cegui\project\win32\debug.win32\falprogressbartwovalue.obj
e:\mt3\dependencies\cegui\project\win32\debug.win32\falricheditbox.obj
e:\mt3\dependencies\cegui\project\win32\debug.win32\falricheditboxproperties.obj
e:\mt3\dependencies\cegui\project\win32\debug.win32\falscrollablepane.obj
e:\mt3\dependencies\cegui\project\win32\debug.win32\falscrollbar.obj
e:\mt3\dependencies\cegui\project\win32\debug.win32\falscrollbarproperties.obj
e:\mt3\dependencies\cegui\project\win32\debug.win32\falskillbox.obj
e:\mt3\dependencies\cegui\project\win32\debug.win32\falslider.obj
e:\mt3\dependencies\cegui\project\win32\debug.win32\falsliderproperties.obj
e:\mt3\dependencies\cegui\project\win32\debug.win32\falspecialtree.obj
e:\mt3\dependencies\cegui\project\win32\debug.win32\falstatic.obj
e:\mt3\dependencies\cegui\project\win32\debug.win32\falstaticimage.obj
e:\mt3\dependencies\cegui\project\win32\debug.win32\falstaticimageproperties.obj
e:\mt3\dependencies\cegui\project\win32\debug.win32\falstaticproperties.obj
e:\mt3\dependencies\cegui\project\win32\debug.win32\falstatictext.obj
e:\mt3\dependencies\cegui\project\win32\debug.win32\falstatictextproperties.obj
e:\mt3\dependencies\cegui\project\win32\debug.win32\falswitch.obj
e:\mt3\dependencies\cegui\project\win32\debug.win32\falsystembutton.obj
e:\mt3\dependencies\cegui\project\win32\debug.win32\faltabbutton.obj
e:\mt3\dependencies\cegui\project\win32\debug.win32\faltabcontrol.obj
e:\mt3\dependencies\cegui\project\win32\debug.win32\faltabcontrolproperties.obj
e:\mt3\dependencies\cegui\project\win32\debug.win32\faltitlebar.obj
e:\mt3\dependencies\cegui\project\win32\debug.win32\faltogglebutton.obj
e:\mt3\dependencies\cegui\project\win32\debug.win32\faltogglebuttonextstateimagery.obj
e:\mt3\dependencies\cegui\project\win32\debug.win32\faltooltip.obj
e:\mt3\dependencies\cegui\project\win32\debug.win32\faltree.obj
e:\mt3\dependencies\cegui\project\win32\debug.win32\lua_ceguiwin32.obj
e:\mt3\dependencies\cegui\project\win32\debug.win32\minibidi.obj
e:\mt3\dependencies\cegui\project\win32\debug.win32\required.obj
e:\mt3\dependencies\cegui\project\win32\debug.win32\richeditboxopendialogcomponent.obj
e:\mt3\dependencies\cegui\project\win32\debug.win32\cegui.tlog\cl.command.1.tlog
e:\mt3\dependencies\cegui\project\win32\debug.win32\cegui.tlog\cl.read.1.tlog
e:\mt3\dependencies\cegui\project\win32\debug.win32\cegui.tlog\cl.write.1.tlog
e:\mt3\dependencies\cegui\project\win32\debug.win32\cegui.tlog\lib-link.read.1.tlog
e:\mt3\dependencies\cegui\project\win32\debug.win32\cegui.tlog\lib-link.write.1.tlog
e:\mt3\dependencies\cegui\project\win32\debug.win32\cegui.tlog\lib.command.1.tlog
