e:\mt3\dependencies\pcre-8.31\debug.win32\pcre.pch
e:\mt3\dependencies\pcre-8.31\debug.win32\vc120.pdb
e:\mt3\dependencies\pcre-8.31\debug.win32\vc120.idb
e:\mt3\dependencies\pcre-8.31\debug.win32\pch.obj
e:\mt3\dependencies\pcre-8.31\debug.win32\pcre_xclass.obj
e:\mt3\dependencies\pcre-8.31\debug.win32\pcre_version.obj
e:\mt3\dependencies\pcre-8.31\debug.win32\pcre_valid_utf8.obj
e:\mt3\dependencies\pcre-8.31\debug.win32\pcre_ucd.obj
e:\mt3\dependencies\pcre-8.31\debug.win32\pcre_tables.obj
e:\mt3\dependencies\pcre-8.31\debug.win32\pcre_study.obj
e:\mt3\dependencies\pcre-8.31\debug.win32\pcre_string_utils.obj
e:\mt3\dependencies\pcre-8.31\debug.win32\pcre_refcount.obj
e:\mt3\dependencies\pcre-8.31\debug.win32\pcre_ord2utf8.obj
e:\mt3\dependencies\pcre-8.31\debug.win32\pcre_newline.obj
e:\mt3\dependencies\pcre-8.31\debug.win32\pcre_maketables.obj
e:\mt3\dependencies\pcre-8.31\debug.win32\pcre_jit_compile.obj
e:\mt3\dependencies\pcre-8.31\debug.win32\pcre_globals.obj
e:\mt3\dependencies\pcre-8.31\debug.win32\pcre_get.obj
e:\mt3\dependencies\pcre-8.31\debug.win32\pcre_fullinfo.obj
e:\mt3\dependencies\pcre-8.31\debug.win32\pcre_exec.obj
e:\mt3\dependencies\pcre-8.31\debug.win32\pcre_dfa_exec.obj
e:\mt3\dependencies\pcre-8.31\debug.win32\pcre_config.obj
e:\mt3\dependencies\pcre-8.31\debug.win32\pcre_compile.obj
e:\mt3\dependencies\pcre-8.31\debug.win32\pcre_byte_order.obj
e:\mt3\dependencies\pcre-8.31\debug.win32\pcre_chartables.obj
e:\mt3\dependencies\pcre-8.31\debug.win32\pcre.lib
e:\mt3\dependencies\pcre-8.31\debug.win32\pcre.tlog\cl.command.1.tlog
e:\mt3\dependencies\pcre-8.31\debug.win32\pcre.tlog\cl.read.1.tlog
e:\mt3\dependencies\pcre-8.31\debug.win32\pcre.tlog\cl.write.1.tlog
e:\mt3\dependencies\pcre-8.31\debug.win32\pcre.tlog\lib-link.read.1.tlog
e:\mt3\dependencies\pcre-8.31\debug.win32\pcre.tlog\lib-link.write.1.tlog
e:\mt3\dependencies\pcre-8.31\debug.win32\pcre.tlog\lib.command.1.tlog
