<<<<<<< HEAD
e:\mt3\common\platform\release.win32\vc120.pdb
e:\mt3\common\platform\release.win32\platform.lib
e:\mt3\common\platform\release.win32\corelog.obj
e:\mt3\common\platform\release.win32\encoder.obj
e:\mt3\common\platform\release.win32\fileutil.obj
e:\mt3\common\platform\release.win32\inifile.obj
=======
e:\mt3\tools\celayouteditor-bulid\vc++12\release.win32\platform.lib
e:\mt3\common\platform\release.win32\corelog.obj
e:\mt3\common\platform\release.win32\encoder.obj
e:\mt3\common\platform\release.win32\fileutil.obj
>>>>>>> 7058b3a99c (chore: 移除编译生成的二进制文件和缓存文件)
e:\mt3\common\platform\release.win32\ksemaphore.obj
e:\mt3\common\platform\release.win32\pch.obj
e:\mt3\common\platform\release.win32\platform_types.obj
e:\mt3\common\platform\release.win32\stringbuilder.obj
e:\mt3\common\platform\release.win32\stringcover.obj
e:\mt3\common\platform\release.win32\stringutil.obj
e:\mt3\common\platform\release.win32\thread.obj
e:\mt3\common\platform\release.win32\usememory.obj
e:\mt3\common\platform\release.win32\utils.obj
<<<<<<< HEAD
e:\mt3\common\platform\release.win32\platform.tlog\cl.command.1.tlog
e:\mt3\common\platform\release.win32\platform.tlog\cl.read.1.tlog
e:\mt3\common\platform\release.win32\platform.tlog\cl.write.1.tlog
=======
e:\mt3\tools\celayouteditor-0.7.1\vc++12\release.win32\platform.lib
e:\mt3\common\platform\release.win32\platform.tlog\cl.command.1.tlog
e:\mt3\common\platform\release.win32\platform.tlog\cl.read.1.tlog
>>>>>>> 7058b3a99c (chore: 移除编译生成的二进制文件和缓存文件)
e:\mt3\common\platform\release.win32\platform.tlog\lib-link.read.1.tlog
e:\mt3\common\platform\release.win32\platform.tlog\lib-link.write.1.tlog
e:\mt3\common\platform\release.win32\platform.tlog\lib.command.1.tlog
