e:\mt3\tools\ceimageseteditor-0.7.1\vc++9\release\elasticboxproperties.obj
e:\mt3\tools\ceimageseteditor-0.7.1\vc++9\release\elasticbox.obj
e:\mt3\tools\ceimageseteditor-0.7.1\vc++9\release\editorview.obj
e:\mt3\tools\ceimageseteditor-0.7.1\vc++9\release\editorsettings.obj
e:\mt3\tools\ceimageseteditor-0.7.1\vc++9\release\editorglcanvas.obj
e:\mt3\tools\ceimageseteditor-0.7.1\vc++9\release\editorframe.obj
e:\mt3\tools\ceimageseteditor-0.7.1\vc++9\release\editordocument.obj
e:\mt3\tools\ceimageseteditor-0.7.1\vc++9\release\editordocmanager.obj
e:\mt3\tools\ceimageseteditor-0.7.1\vc++9\release\editorcommandhistory.obj
e:\mt3\tools\ceimageseteditor-0.7.1\vc++9\release\editorcommand.obj
e:\mt3\tools\ceimageseteditor-0.7.1\vc++9\release\dialogresourcegroups.obj
e:\mt3\tools\ceimageseteditor-0.7.1\vc++9\release\dialoglooknfeelbrowser.obj
e:\mt3\tools\ceimageseteditor-0.7.1\vc++9\release\dialoggenerateregions.obj
e:\mt3\tools\ceimageseteditor-0.7.1\vc++9\release\dialogexportregions.obj
e:\mt3\tools\ceimageseteditor-0.7.1\vc++9\release\dialogbatchrename.obj
e:\mt3\tools\ceimageseteditor-0.7.1\vc++9\release\dialogautodetect.obj
e:\mt3\tools\ceimageseteditor-0.7.1\vc++9\release\dialogabout.obj
e:\mt3\tools\ceimageseteditor-0.7.1\vc++9\release\ceimageseteditor.obj
e:\mt3\tools\ceimageseteditor-0.7.1\vc++9\release\autoregiondetector.obj
e:\mt3\tools\ceimageseteditor-0.7.1\vc++9\release\asynctextureloader.obj
e:\mt3\tools\ceimageseteditor-0.7.1\vc++9\release\wxpathcelleditor.obj
e:\mt3\tools\ceimageseteditor-0.7.1\vc++9\release\tiledtexturemanager.obj
e:\mt3\tools\ceimageseteditor-0.7.1\vc++9\release\threepiecegenerator.obj
e:\mt3\tools\ceimageseteditor-0.7.1\vc++9\release\resourcepathmanager.obj
e:\mt3\tools\ceimageseteditor-0.7.1\vc++9\release\regionexporter.obj
e:\mt3\tools\ceimageseteditor-0.7.1\vc++9\release\propertiespanel.obj
e:\mt3\tools\ceimageseteditor-0.7.1\vc++9\release\ninepatchgenerator.obj
e:\mt3\tools\ceimageseteditor-0.7.1\vc++9\release\looknfeelviewer.obj
e:\mt3\tools\ceimageseteditor-0.7.1\vc++9\release\looknfeelparser.obj
e:\mt3\tools\ceimageseteditor-0.7.1\vc++9\release\looknfeelbrowser.obj
e:\mt3\tools\ceimageseteditor-0.7.1\vc++9\release\imagesethandler.obj
e:\mt3\tools\ceimageseteditor-0.7.1\vc++9\release\imagesetcache.obj
e:\mt3\tools\ceimageseteditor-0.7.1\vc++9\release\elasticboxwindowrenderer.obj
e:\mt3\tools\ceimageseteditor-0.7.1\bin\release\ceimageseteditor.exe
e:\mt3\tools\ceimageseteditor-0.7.1\vc++9\..\bin\release\ceimageseteditor.exe
e:\mt3\tools\ceimageseteditor-0.7.1\vc++9\release\ceimageseteditor.tlog\cl.command.1.tlog
e:\mt3\tools\ceimageseteditor-0.7.1\vc++9\release\ceimageseteditor.tlog\cl.read.1.tlog
e:\mt3\tools\ceimageseteditor-0.7.1\vc++9\release\ceimageseteditor.tlog\cl.write.1.tlog
e:\mt3\tools\ceimageseteditor-0.7.1\vc++9\release\ceimageseteditor.tlog\link.command.1.tlog
e:\mt3\tools\ceimageseteditor-0.7.1\vc++9\release\ceimageseteditor.tlog\link.read.1.tlog
e:\mt3\tools\ceimageseteditor-0.7.1\vc++9\release\ceimageseteditor.tlog\link.write.1.tlog
