e:\mt3\common\cauthc\projects\windows\debug.win32\vc120.pdb
e:\mt3\common\cauthc\projects\windows\debug.win32\vc120.idb
e:\mt3\common\cauthc\projects\windows\debug.win32\authc.obj
e:\mt3\common\cauthc\projects\windows\debug.win32\ioengine.obj
e:\mt3\common\cauthc\projects\windows\debug.win32\netsession.obj
e:\mt3\common\cauthc\projects\windows\debug.win32\pollio.obj
e:\mt3\common\cauthc\projects\windows\debug.win32\protocol.obj
e:\mt3\common\cauthc\projects\windows\debug.win32\rpcgen.obj
e:\mt3\common\cauthc\projects\windows\debug.win32\marshal.obj
e:\mt3\common\cauthc\projects\windows\debug.win32\octets.obj
e:\mt3\common\cauthc\projects\windows\debug.win32\security.obj
e:\mt3\common\cauthc\projects\windows\debug.win32\streamcompress.obj
e:\mt3\common\cauthc\projects\windows\debug.win32\timer.obj
e:\mt3\common\cauthc\projects\windows\debug.win32\fnet.obj
e:\mt3\common\cauthc\projects\windows\debug.win32\cauthc.lib
e:\mt3\common\cauthc\projects\windows\debug.win32\cauthc.tlog\cl.command.1.tlog
e:\mt3\common\cauthc\projects\windows\debug.win32\cauthc.tlog\cl.read.1.tlog
e:\mt3\common\cauthc\projects\windows\debug.win32\cauthc.tlog\cl.write.1.tlog
e:\mt3\common\cauthc\projects\windows\debug.win32\cauthc.tlog\lib-link.read.1.tlog
e:\mt3\common\cauthc\projects\windows\debug.win32\cauthc.tlog\lib-link.write.1.tlog
e:\mt3\common\cauthc\projects\windows\debug.win32\cauthc.tlog\lib.command.1.tlog
