20/06/2014 16:07:55 (Std) 	+-+-+-+-+-+-+-+-+-+-+-+-+-+-+-+-+-+-+-+-+-+-+-+-+-+-+-+-+-+-+-+-+-+-+-+-+-+-+-+
20/06/2014 16:07:55 (Std) 	+                     Crazy Eddie's GUI System - Event log                    +
20/06/2014 16:07:55 (Std) 	+                          (http://www.cegui.org.uk/)                         +
20/06/2014 16:07:55 (Std) 	+-+-+-+-+-+-+-+-+-+-+-+-+-+-+-+-+-+-+-+-+-+-+-+-+-+-+-+-+-+-+-+-+-+-+-+-+-+-+-+

20/06/2014 16:07:55 (Std) 	CEGUI::Logger singleton created. (0468BD80)
20/06/2014 16:07:55 (Std) 	
20/06/2014 16:07:55 (Std) 	********************************************************************************
20/06/2014 16:07:55 (Std) 	* Important:                                                                   *
20/06/2014 16:07:55 (Std) 	*     To get support at the CEGUI forums, you must post _at least_ the section *
20/06/2014 16:07:55 (Std) 	*     of this log file indicated below.  Failure to do this will result in no  *
20/06/2014 16:07:55 (Std) 	*     support being given; please do not waste our time.                       *
20/06/2014 16:07:55 (Std) 	********************************************************************************
20/06/2014 16:07:55 (Std) 	********************************************************************************
20/06/2014 16:07:55 (Std) 	* -------- START OF ESSENTIAL SECTION TO BE POSTED ON THE FORUM       -------- *
20/06/2014 16:07:55 (Std) 	********************************************************************************
20/06/2014 16:07:55 (Std) 	---- Version 0.7.9 (Build: Jun 20 2014 Debug Microsoft Windows MSVC++ 10.0 32 bit) ----
20/06/2014 16:07:55 (Std) 	---- Renderer module is: CEGUI::Direct3D9Renderer - Official Direct3D 9 based 2nd generation renderer module. ----
20/06/2014 16:07:55 (Std) 	---- XML Parser module is: CEGUI::ExpatParser - Official expat based parser module for CEGUI ----
20/06/2014 16:07:55 (Std) 	---- Image Codec module is: SILLYImageCodec - Official SILLY based image codec ----
20/06/2014 16:07:55 (Std) 	---- Scripting module is: None ----
20/06/2014 16:07:55 (Std) 	********************************************************************************
20/06/2014 16:07:55 (Std) 	* -------- END OF ESSENTIAL SECTION TO BE POSTED ON THE FORUM         -------- *
20/06/2014 16:07:55 (Std) 	********************************************************************************
20/06/2014 16:07:55 (Std) 	
20/06/2014 16:07:55 (Std) 	---- Begining CEGUI System initialisation ----
20/06/2014 16:07:55 (Std) 	CEGUI::ImagesetManager singleton created (0468D738)
20/06/2014 16:07:55 (Std) 	CEGUI::FontManager singleton created. (0468DC50)
20/06/2014 16:07:55 (Std) 	CEGUI::WindowFactoryManager singleton created
20/06/2014 16:07:55 (Std) 	CEGUI::WindowManager singleton created (0468F6C0)
20/06/2014 16:07:55 (Std) 	CEGUI::SchemeManager singleton created. (0468F9F8)
20/06/2014 16:07:55 (Std) 	CEGUI::MouseCursor singleton created. (0468FD60)
20/06/2014 16:07:55 (Std) 	CEGUI::GlobalEventSet singleton created. (046900C0)
20/06/2014 16:07:55 (Std) 	CEGUI::AnimationManager singleton created (04690250)
20/06/2014 16:07:55 (Std) 	CEGUI::WidgetLookManager singleton created. (04691898)
20/06/2014 16:07:55 (Std) 	CEGUI::WindowRendererManager singleton created (04691B60)
20/06/2014 16:07:55 (Std) 	CEGUI::RenderEffectManager singleton created (04691CE0)
20/06/2014 16:07:55 (Std) 	Created WindowFactory for 'DefaultWindow' windows.
20/06/2014 16:07:55 (Std) 	WindowFactory for 'DefaultWindow' windows added. (04691F18)
20/06/2014 16:07:55 (Std) 	Created WindowFactory for 'DragContainer' windows.
20/06/2014 16:07:55 (Std) 	WindowFactory for 'DragContainer' windows added. (04692118)
20/06/2014 16:07:55 (Std) 	Created WindowFactory for 'ScrolledContainer' windows.
20/06/2014 16:07:55 (Std) 	WindowFactory for 'ScrolledContainer' windows added. (04692320)
20/06/2014 16:07:55 (Std) 	Created WindowFactory for 'ClippedContainer' windows.
20/06/2014 16:07:55 (Std) 	WindowFactory for 'ClippedContainer' windows added. (04692528)
20/06/2014 16:07:55 (Std) 	Created WindowFactory for 'CEGUI/Checkbox' windows.
20/06/2014 16:07:55 (Std) 	WindowFactory for 'CEGUI/Checkbox' windows added. (04692738)
20/06/2014 16:07:55 (Std) 	Created WindowFactory for 'CEGUI/PushButton' windows.
20/06/2014 16:07:55 (Std) 	WindowFactory for 'CEGUI/PushButton' windows added. (04692950)
20/06/2014 16:07:55 (Std) 	Created WindowFactory for 'CEGUI/RadioButton' windows.
20/06/2014 16:07:55 (Std) 	WindowFactory for 'CEGUI/RadioButton' windows added. (04692B10)
20/06/2014 16:07:55 (Std) 	Created WindowFactory for 'CEGUI/Combobox' windows.
20/06/2014 16:07:55 (Std) 	WindowFactory for 'CEGUI/Combobox' windows added. (04692D30)
20/06/2014 16:07:55 (Std) 	Created WindowFactory for 'CEGUI/ComboDropList' windows.
20/06/2014 16:07:55 (Std) 	WindowFactory for 'CEGUI/ComboDropList' windows added. (04692EF0)
20/06/2014 16:07:55 (Std) 	Created WindowFactory for 'CEGUI/Editbox' windows.
20/06/2014 16:07:55 (Std) 	WindowFactory for 'CEGUI/Editbox' windows added. (046930B0)
20/06/2014 16:07:55 (Std) 	Created WindowFactory for 'CEGUI/FrameWindow' windows.
20/06/2014 16:07:55 (Std) 	WindowFactory for 'CEGUI/FrameWindow' windows added. (046932E0)
20/06/2014 16:07:55 (Std) 	Created WindowFactory for 'CEGUI/ItemEntry' windows.
20/06/2014 16:07:55 (Std) 	WindowFactory for 'CEGUI/ItemEntry' windows added. (046934A0)
20/06/2014 16:07:55 (Std) 	Created WindowFactory for 'CEGUI/Listbox' windows.
20/06/2014 16:07:55 (Std) 	WindowFactory for 'CEGUI/Listbox' windows added. (04693660)
20/06/2014 16:07:55 (Std) 	Created WindowFactory for 'CEGUI/ListHeader' windows.
20/06/2014 16:07:55 (Std) 	WindowFactory for 'CEGUI/ListHeader' windows added. (04693D08)
20/06/2014 16:07:55 (Std) 	Created WindowFactory for 'CEGUI/ListHeaderSegment' windows.
20/06/2014 16:07:55 (Std) 	WindowFactory for 'CEGUI/ListHeaderSegment' windows added. (04693820)
20/06/2014 16:07:55 (Std) 	Created WindowFactory for 'CEGUI/Menubar' windows.
20/06/2014 16:07:55 (Std) 	WindowFactory for 'CEGUI/Menubar' windows added. (04693EC8)
20/06/2014 16:07:55 (Std) 	Created WindowFactory for 'CEGUI/PopupMenu' windows.
20/06/2014 16:07:55 (Std) 	WindowFactory for 'CEGUI/PopupMenu' windows added. (04693AC8)
20/06/2014 16:07:55 (Std) 	Created WindowFactory for 'CEGUI/MenuItem' windows.
20/06/2014 16:07:55 (Std) 	WindowFactory for 'CEGUI/MenuItem' windows added. (04693FA0)
20/06/2014 16:07:55 (Std) 	Created WindowFactory for 'CEGUI/MultiColumnList' windows.
20/06/2014 16:07:55 (Std) 	WindowFactory for 'CEGUI/MultiColumnList' windows added. (046942A0)
20/06/2014 16:07:55 (Std) 	Created WindowFactory for 'CEGUI/MultiLineEditbox' windows.
20/06/2014 16:07:55 (Std) 	WindowFactory for 'CEGUI/MultiLineEditbox' windows added. (04694460)
20/06/2014 16:07:55 (Std) 	Created WindowFactory for 'CEGUI/ProgressBar' windows.
20/06/2014 16:07:55 (Std) 	WindowFactory for 'CEGUI/ProgressBar' windows added. (046946D0)
20/06/2014 16:07:55 (Std) 	Created WindowFactory for 'CEGUI/ScrollablePane' windows.
20/06/2014 16:07:55 (Std) 	WindowFactory for 'CEGUI/ScrollablePane' windows added. (04694890)
20/06/2014 16:07:55 (Std) 	Created WindowFactory for 'CEGUI/Scrollbar' windows.
20/06/2014 16:07:55 (Std) 	WindowFactory for 'CEGUI/Scrollbar' windows added. (04694A50)
20/06/2014 16:07:55 (Std) 	Created WindowFactory for 'CEGUI/Slider' windows.
20/06/2014 16:07:55 (Std) 	WindowFactory for 'CEGUI/Slider' windows added. (04694C10)
20/06/2014 16:07:55 (Std) 	Created WindowFactory for 'CEGUI/Spinner' windows.
20/06/2014 16:07:55 (Std) 	WindowFactory for 'CEGUI/Spinner' windows added. (04694DD0)
20/06/2014 16:07:55 (Std) 	Created WindowFactory for 'CEGUI/TabButton' windows.
20/06/2014 16:07:55 (Std) 	WindowFactory for 'CEGUI/TabButton' windows added. (04694F90)
20/06/2014 16:07:55 (Std) 	Created WindowFactory for 'CEGUI/TabControl' windows.
20/06/2014 16:07:55 (Std) 	WindowFactory for 'CEGUI/TabControl' windows added. (04695150)
20/06/2014 16:07:55 (Std) 	Created WindowFactory for 'CEGUI/Thumb' windows.
20/06/2014 16:07:55 (Std) 	WindowFactory for 'CEGUI/Thumb' windows added. (04695310)
20/06/2014 16:07:55 (Std) 	Created WindowFactory for 'CEGUI/Titlebar' windows.
20/06/2014 16:07:55 (Std) 	WindowFactory for 'CEGUI/Titlebar' windows added. (046954D0)
20/06/2014 16:07:55 (Std) 	Created WindowFactory for 'CEGUI/Tooltip' windows.
20/06/2014 16:07:55 (Std) 	WindowFactory for 'CEGUI/Tooltip' windows added. (04695778)
20/06/2014 16:07:55 (Std) 	Created WindowFactory for 'CEGUI/ItemListbox' windows.
20/06/2014 16:07:55 (Std) 	WindowFactory for 'CEGUI/ItemListbox' windows added. (04695938)
20/06/2014 16:07:55 (Std) 	Created WindowFactory for 'CEGUI/GroupBox' windows.
20/06/2014 16:07:55 (Std) 	WindowFactory for 'CEGUI/GroupBox' windows added. (04695AF8)
20/06/2014 16:07:55 (Std) 	Created WindowFactory for 'CEGUI/Tree' windows.
20/06/2014 16:07:55 (Std) 	WindowFactory for 'CEGUI/Tree' windows added. (04695CB8)
20/06/2014 16:07:55 (Std) 	Created WindowFactory for 'HorizontalLayoutContainer' windows.
20/06/2014 16:07:55 (Std) 	WindowFactory for 'HorizontalLayoutContainer' windows added. (04695E78)
20/06/2014 16:07:55 (Std) 	Created WindowFactory for 'VerticalLayoutContainer' windows.
20/06/2014 16:07:55 (Std) 	WindowFactory for 'VerticalLayoutContainer' windows added. (04696108)
20/06/2014 16:07:55 (Std) 	Created WindowFactory for 'GridLayoutContainer' windows.
20/06/2014 16:07:55 (Std) 	WindowFactory for 'GridLayoutContainer' windows added. (046962C8)
20/06/2014 16:07:55 (Std) 	Window type alias named 'DefaultGUISheet' added for window type 'DefaultWindow'.
20/06/2014 16:07:55 (Std) 	CEGUI::System singleton created. (0468B7A8)
20/06/2014 16:07:55 (Std) 	---- CEGUI System initialisation completed ----
20/06/2014 16:07:55 (Std) 	
20/06/2014 16:07:55 (Std) 	Attempting to create Imageset 'cegui_logo' using image file 'logo.png'.
20/06/2014 16:07:55 (Std) 	Started creation of Scheme from XML specification:
20/06/2014 16:07:55 (Std) 	---- CEGUI GUIScheme name: TaharezLook
20/06/2014 16:07:55 (Info) 	Finished creation of GUIScheme 'TaharezLook' via XML file. (0469D150)
20/06/2014 16:07:55 (Info) 	---- Begining resource loading for GUI scheme 'TaharezLook' ----
20/06/2014 16:07:55 (Std) 	Started creation of Imageset from XML specification:
20/06/2014 16:07:55 (Std) 	---- CEGUI Imageset name: TaharezLook
20/06/2014 16:07:55 (Std) 	---- Source texture file: TaharezLook.tga in resource group: (Default)
20/06/2014 16:07:55 (Info) 	Finished creation of Imageset 'TaharezLook' via XML file. (046B3B90)
20/06/2014 16:07:55 (Std) 	Started creation of Font from XML specification:
20/06/2014 16:07:55 (Std) 	---- CEGUI font name: DejaVuSans-10
20/06/2014 16:07:55 (Std) 	----       Font type: FreeType
20/06/2014 16:07:55 (Std) 	----     Source file: DejaVuSans.ttf in resource group: (Default)
20/06/2014 16:07:55 (Std) 	---- Real point size: 10
20/06/2014 16:07:55 (Info) 	Successfully loaded 3045 glyphs
20/06/2014 16:07:55 (Info) 	Finished creation of Font 'DejaVuSans-10' via XML file. (04698520)
20/06/2014 16:07:55 (Std) 	===== Falagard 'root' element: look and feel parsing begins =====
20/06/2014 16:07:55 (Info) 	---> Start of definition for widget look 'TaharezLook/Button'.
20/06/2014 16:07:55 (Info) 	---< End of definition for widget look 'TaharezLook/Button'.
20/06/2014 16:07:55 (Info) 	---> Start of definition for widget look 'TaharezLook/RadioButton'.
20/06/2014 16:07:55 (Info) 	---< End of definition for widget look 'TaharezLook/RadioButton'.
20/06/2014 16:07:55 (Info) 	---> Start of definition for widget look 'TaharezLook/Checkbox'.
20/06/2014 16:07:55 (Info) 	---< End of definition for widget look 'TaharezLook/Checkbox'.
20/06/2014 16:07:55 (Info) 	---> Start of definition for widget look 'TaharezLook/Editbox'.
20/06/2014 16:07:55 (Info) 	---< End of definition for widget look 'TaharezLook/Editbox'.
20/06/2014 16:07:55 (Info) 	---> Start of definition for widget look 'TaharezLook/Titlebar'.
20/06/2014 16:07:55 (Info) 	---< End of definition for widget look 'TaharezLook/Titlebar'.
20/06/2014 16:07:55 (Info) 	---> Start of definition for widget look 'TaharezLook/FrameWindow'.
20/06/2014 16:07:55 (Info) 	---< End of definition for widget look 'TaharezLook/FrameWindow'.
20/06/2014 16:07:55 (Info) 	---> Start of definition for widget look 'TaharezLook/GroupBox'.
20/06/2014 16:07:55 (Info) 	---< End of definition for widget look 'TaharezLook/GroupBox'.
20/06/2014 16:07:55 (Info) 	---> Start of definition for widget look 'TaharezLook/ProgressBar'.
20/06/2014 16:07:55 (Info) 	---< End of definition for widget look 'TaharezLook/ProgressBar'.
20/06/2014 16:07:55 (Info) 	---> Start of definition for widget look 'TaharezLook/AltProgressBar'.
20/06/2014 16:07:55 (Info) 	---< End of definition for widget look 'TaharezLook/AltProgressBar'.
20/06/2014 16:07:55 (Info) 	---> Start of definition for widget look 'TaharezLook/VUMeter'.
20/06/2014 16:07:55 (Info) 	---< End of definition for widget look 'TaharezLook/VUMeter'.
20/06/2014 16:07:55 (Info) 	---> Start of definition for widget look 'TaharezLook/SliderThumb'.
20/06/2014 16:07:55 (Info) 	---< End of definition for widget look 'TaharezLook/SliderThumb'.
20/06/2014 16:07:55 (Info) 	---> Start of definition for widget look 'TaharezLook/Slider'.
20/06/2014 16:07:55 (Info) 	---< End of definition for widget look 'TaharezLook/Slider'.
20/06/2014 16:07:55 (Info) 	---> Start of definition for widget look 'TaharezLook/HorizontalScrollbarThumb'.
20/06/2014 16:07:55 (Info) 	---< End of definition for widget look 'TaharezLook/HorizontalScrollbarThumb'.
20/06/2014 16:07:55 (Info) 	---> Start of definition for widget look 'TaharezLook/HorizontalScrollbar'.
20/06/2014 16:07:55 (Info) 	---< End of definition for widget look 'TaharezLook/HorizontalScrollbar'.
20/06/2014 16:07:55 (Info) 	---> Start of definition for widget look 'TaharezLook/VerticalScrollbarThumb'.
20/06/2014 16:07:55 (Info) 	---< End of definition for widget look 'TaharezLook/VerticalScrollbarThumb'.
20/06/2014 16:07:55 (Info) 	---> Start of definition for widget look 'TaharezLook/VerticalScrollbar'.
20/06/2014 16:07:55 (Info) 	---< End of definition for widget look 'TaharezLook/VerticalScrollbar'.
20/06/2014 16:07:55 (Info) 	---> Start of definition for widget look 'TaharezLook/Listbox'.
20/06/2014 16:07:55 (Info) 	---< End of definition for widget look 'TaharezLook/Listbox'.
20/06/2014 16:07:55 (Info) 	---> Start of definition for widget look 'TaharezLook/ComboDropList'.
20/06/2014 16:07:55 (Info) 	---< End of definition for widget look 'TaharezLook/ComboDropList'.
20/06/2014 16:07:55 (Info) 	---> Start of definition for widget look 'TaharezLook/ComboEditbox'.
20/06/2014 16:07:55 (Info) 	---< End of definition for widget look 'TaharezLook/ComboEditbox'.
20/06/2014 16:07:55 (Info) 	---> Start of definition for widget look 'TaharezLook/Combobox'.
20/06/2014 16:07:55 (Info) 	---< End of definition for widget look 'TaharezLook/Combobox'.
20/06/2014 16:07:55 (Info) 	---> Start of definition for widget look 'TaharezLook/Spinner'.
20/06/2014 16:07:55 (Info) 	---< End of definition for widget look 'TaharezLook/Spinner'.
20/06/2014 16:07:55 (Info) 	---> Start of definition for widget look 'TaharezLook/StaticShared'.
20/06/2014 16:07:55 (Info) 	---< End of definition for widget look 'TaharezLook/StaticShared'.
20/06/2014 16:07:55 (Info) 	---> Start of definition for widget look 'TaharezLook/StaticImage'.
20/06/2014 16:07:55 (Info) 	---< End of definition for widget look 'TaharezLook/StaticImage'.
20/06/2014 16:07:55 (Info) 	---> Start of definition for widget look 'TaharezLook/StaticText'.
20/06/2014 16:07:55 (Info) 	---< End of definition for widget look 'TaharezLook/StaticText'.
20/06/2014 16:07:55 (Info) 	---> Start of definition for widget look 'TaharezLook/ListHeaderSegment'.
20/06/2014 16:07:55 (Info) 	---< End of definition for widget look 'TaharezLook/ListHeaderSegment'.
20/06/2014 16:07:55 (Info) 	---> Start of definition for widget look 'TaharezLook/ListHeader'.
20/06/2014 16:07:55 (Info) 	---< End of definition for widget look 'TaharezLook/ListHeader'.
20/06/2014 16:07:55 (Info) 	---> Start of definition for widget look 'TaharezLook/MultiColumnList'.
20/06/2014 16:07:55 (Info) 	---< End of definition for widget look 'TaharezLook/MultiColumnList'.
20/06/2014 16:07:55 (Info) 	---> Start of definition for widget look 'TaharezLook/MultiLineEditbox'.
20/06/2014 16:07:55 (Info) 	---< End of definition for widget look 'TaharezLook/MultiLineEditbox'.
20/06/2014 16:07:55 (Info) 	---> Start of definition for widget look 'TaharezLook/Tooltip'.
20/06/2014 16:07:55 (Info) 	---< End of definition for widget look 'TaharezLook/Tooltip'.
20/06/2014 16:07:55 (Info) 	---> Start of definition for widget look 'TaharezLook/ScrollablePane'.
20/06/2014 16:07:55 (Info) 	---< End of definition for widget look 'TaharezLook/ScrollablePane'.
20/06/2014 16:07:55 (Info) 	---> Start of definition for widget look 'TaharezLook/TabButton'.
20/06/2014 16:07:55 (Info) 	---< End of definition for widget look 'TaharezLook/TabButton'.
20/06/2014 16:07:55 (Info) 	---> Start of definition for widget look 'TaharezLook/TabContentPane'.
20/06/2014 16:07:55 (Info) 	---< End of definition for widget look 'TaharezLook/TabContentPane'.
20/06/2014 16:07:55 (Info) 	---> Start of definition for widget look 'TaharezLook/TabButtonPane'.
20/06/2014 16:07:55 (Info) 	---< End of definition for widget look 'TaharezLook/TabButtonPane'.
20/06/2014 16:07:55 (Info) 	---> Start of definition for widget look 'TaharezLook/TabControl'.
20/06/2014 16:07:55 (Info) 	---< End of definition for widget look 'TaharezLook/TabControl'.
20/06/2014 16:07:55 (Info) 	---> Start of definition for widget look 'TaharezLook/MenuItem'.
20/06/2014 16:07:55 (Info) 	---< End of definition for widget look 'TaharezLook/MenuItem'.
20/06/2014 16:07:55 (Info) 	---> Start of definition for widget look 'TaharezLook/PopupMenu'.
20/06/2014 16:07:55 (Info) 	---< End of definition for widget look 'TaharezLook/PopupMenu'.
20/06/2014 16:07:55 (Info) 	---> Start of definition for widget look 'TaharezLook/Menubar'.
20/06/2014 16:07:55 (Info) 	---< End of definition for widget look 'TaharezLook/Menubar'.
20/06/2014 16:07:55 (Info) 	---> Start of definition for widget look 'TaharezLook/LargeVerticalScrollbarThumb'.
20/06/2014 16:07:55 (Info) 	---< End of definition for widget look 'TaharezLook/LargeVerticalScrollbarThumb'.
20/06/2014 16:07:55 (Info) 	---> Start of definition for widget look 'TaharezLook/LargeVerticalScrollbar'.
20/06/2014 16:07:55 (Info) 	---< End of definition for widget look 'TaharezLook/LargeVerticalScrollbar'.
20/06/2014 16:07:55 (Info) 	---> Start of definition for widget look 'TaharezLook/ImageButton'.
20/06/2014 16:07:55 (Info) 	---< End of definition for widget look 'TaharezLook/ImageButton'.
20/06/2014 16:07:55 (Info) 	---> Start of definition for widget look 'TaharezLook/ItemListbox'.
20/06/2014 16:07:55 (Info) 	---< End of definition for widget look 'TaharezLook/ItemListbox'.
20/06/2014 16:07:55 (Info) 	---> Start of definition for widget look 'TaharezLook/ListboxItem'.
20/06/2014 16:07:55 (Info) 	---< End of definition for widget look 'TaharezLook/ListboxItem'.
20/06/2014 16:07:55 (Info) 	---> Start of definition for widget look 'TaharezLook/Tree'.
20/06/2014 16:07:55 (Info) 	---< End of definition for widget look 'TaharezLook/Tree'.
20/06/2014 16:07:55 (Std) 	===== Look and feel parsing completed =====
20/06/2014 16:07:55 (Std) 	No window renderer factories specified for module 'CEGUIFalagardWRBase' - adding all available factories...
20/06/2014 16:07:55 (Std) 	Created WindowRendererFactory for 'Falagard/Button' WindowRenderers.
20/06/2014 16:07:55 (Std) 	WindowRendererFactory 'Falagard/Button' added. (0885AF30)
20/06/2014 16:07:55 (Std) 	Created WindowRendererFactory for 'Falagard/Default' WindowRenderers.
20/06/2014 16:07:55 (Std) 	WindowRendererFactory 'Falagard/Default' added. (087E8DE8)
20/06/2014 16:07:55 (Std) 	Created WindowRendererFactory for 'Falagard/Editbox' WindowRenderers.
20/06/2014 16:07:55 (Std) 	WindowRendererFactory 'Falagard/Editbox' added. (08818F28)
20/06/2014 16:07:55 (Std) 	Created WindowRendererFactory for 'Falagard/FrameWindow' WindowRenderers.
20/06/2014 16:07:55 (Std) 	WindowRendererFactory 'Falagard/FrameWindow' added. (0875C7C0)
20/06/2014 16:07:55 (Std) 	Created WindowRendererFactory for 'Falagard/ItemEntry' WindowRenderers.
20/06/2014 16:07:55 (Std) 	WindowRendererFactory 'Falagard/ItemEntry' added. (0875BA90)
20/06/2014 16:07:55 (Std) 	Created WindowRendererFactory for 'Falagard/ListHeader' WindowRenderers.
20/06/2014 16:07:55 (Std) 	WindowRendererFactory 'Falagard/ListHeader' added. (0875B6F0)
20/06/2014 16:07:55 (Std) 	Created WindowRendererFactory for 'Falagard/ListHeaderSegment' WindowRenderers.
20/06/2014 16:07:55 (Std) 	WindowRendererFactory 'Falagard/ListHeaderSegment' added. (046B5C40)
20/06/2014 16:07:55 (Std) 	Created WindowRendererFactory for 'Falagard/Listbox' WindowRenderers.
20/06/2014 16:07:55 (Std) 	WindowRendererFactory 'Falagard/Listbox' added. (046B3830)
20/06/2014 16:07:55 (Std) 	Created WindowRendererFactory for 'Falagard/Menubar' WindowRenderers.
20/06/2014 16:07:55 (Std) 	WindowRendererFactory 'Falagard/Menubar' added. (046B6E28)
20/06/2014 16:07:55 (Std) 	Created WindowRendererFactory for 'Falagard/MenuItem' WindowRenderers.
20/06/2014 16:07:55 (Std) 	WindowRendererFactory 'Falagard/MenuItem' added. (0469D508)
20/06/2014 16:07:55 (Std) 	Created WindowRendererFactory for 'Falagard/MultiColumnList' WindowRenderers.
20/06/2014 16:07:55 (Std) 	WindowRendererFactory 'Falagard/MultiColumnList' added. (08853C10)
20/06/2014 16:07:55 (Std) 	Created WindowRendererFactory for 'Falagard/MultiLineEditbox' WindowRenderers.
20/06/2014 16:07:55 (Std) 	WindowRendererFactory 'Falagard/MultiLineEditbox' added. (0885DE78)
20/06/2014 16:07:55 (Std) 	Created WindowRendererFactory for 'Falagard/PopupMenu' WindowRenderers.
20/06/2014 16:07:55 (Std) 	WindowRendererFactory 'Falagard/PopupMenu' added. (088295B0)
20/06/2014 16:07:55 (Std) 	Created WindowRendererFactory for 'Falagard/ProgressBar' WindowRenderers.
20/06/2014 16:07:55 (Std) 	WindowRendererFactory 'Falagard/ProgressBar' added. (08803118)
20/06/2014 16:07:55 (Std) 	Created WindowRendererFactory for 'Falagard/ScrollablePane' WindowRenderers.
20/06/2014 16:07:55 (Std) 	WindowRendererFactory 'Falagard/ScrollablePane' added. (0875E910)
20/06/2014 16:07:55 (Std) 	Created WindowRendererFactory for 'Falagard/Scrollbar' WindowRenderers.
20/06/2014 16:07:55 (Std) 	WindowRendererFactory 'Falagard/Scrollbar' added. (0875E9E8)
20/06/2014 16:07:55 (Std) 	Created WindowRendererFactory for 'Falagard/Slider' WindowRenderers.
20/06/2014 16:07:55 (Std) 	WindowRendererFactory 'Falagard/Slider' added. (08829978)
20/06/2014 16:07:55 (Std) 	Created WindowRendererFactory for 'Falagard/Static' WindowRenderers.
20/06/2014 16:07:55 (Std) 	WindowRendererFactory 'Falagard/Static' added. (0469E1C0)
20/06/2014 16:07:55 (Std) 	Created WindowRendererFactory for 'Falagard/StaticImage' WindowRenderers.
20/06/2014 16:07:55 (Std) 	WindowRendererFactory 'Falagard/StaticImage' added. (0469E380)
20/06/2014 16:07:55 (Std) 	Created WindowRendererFactory for 'Falagard/StaticText' WindowRenderers.
20/06/2014 16:07:55 (Std) 	WindowRendererFactory 'Falagard/StaticText' added. (0469E540)
20/06/2014 16:07:55 (Std) 	Created WindowRendererFactory for 'Falagard/SystemButton' WindowRenderers.
20/06/2014 16:07:55 (Std) 	WindowRendererFactory 'Falagard/SystemButton' added. (0469E700)
20/06/2014 16:07:55 (Std) 	Created WindowRendererFactory for 'Falagard/TabButton' WindowRenderers.
20/06/2014 16:07:55 (Std) 	WindowRendererFactory 'Falagard/TabButton' added. (04697D78)
20/06/2014 16:07:55 (Std) 	Created WindowRendererFactory for 'Falagard/TabControl' WindowRenderers.
20/06/2014 16:07:55 (Std) 	WindowRendererFactory 'Falagard/TabControl' added. (04697F38)
20/06/2014 16:07:55 (Std) 	Created WindowRendererFactory for 'Falagard/Titlebar' WindowRenderers.
20/06/2014 16:07:55 (Std) 	WindowRendererFactory 'Falagard/Titlebar' added. (046980F8)
20/06/2014 16:07:55 (Std) 	Created WindowRendererFactory for 'Falagard/ToggleButton' WindowRenderers.
20/06/2014 16:07:55 (Std) 	WindowRendererFactory 'Falagard/ToggleButton' added. (046982B8)
20/06/2014 16:07:55 (Std) 	Created WindowRendererFactory for 'Falagard/Tooltip' WindowRenderers.
20/06/2014 16:07:55 (Std) 	WindowRendererFactory 'Falagard/Tooltip' added. (08854318)
20/06/2014 16:07:55 (Std) 	Created WindowRendererFactory for 'Falagard/ItemListbox' WindowRenderers.
20/06/2014 16:07:55 (Std) 	WindowRendererFactory 'Falagard/ItemListbox' added. (088544D8)
20/06/2014 16:07:55 (Std) 	Created WindowRendererFactory for 'Falagard/Tree' WindowRenderers.
20/06/2014 16:07:55 (Std) 	WindowRendererFactory 'Falagard/Tree' added. (08854698)
20/06/2014 16:07:55 (Std) 	Creating falagard mapping for type 'TaharezLook/Button' using base type 'CEGUI/PushButton', window renderer 'Falagard/Button' Look'N'Feel 'TaharezLook/Button' and RenderEffect ''. (0031C308)
20/06/2014 16:07:55 (Std) 	Creating falagard mapping for type 'TaharezLook/Checkbox' using base type 'CEGUI/Checkbox', window renderer 'Falagard/ToggleButton' Look'N'Feel 'TaharezLook/Checkbox' and RenderEffect ''. (0031C308)
20/06/2014 16:07:55 (Std) 	Creating falagard mapping for type 'TaharezLook/ImageButton' using base type 'CEGUI/PushButton', window renderer 'Falagard/Button' Look'N'Feel 'TaharezLook/ImageButton' and RenderEffect ''. (0031C308)
20/06/2014 16:07:55 (Std) 	Creating falagard mapping for type 'TaharezLook/RadioButton' using base type 'CEGUI/RadioButton', window renderer 'Falagard/ToggleButton' Look'N'Feel 'TaharezLook/RadioButton' and RenderEffect ''. (0031C308)
20/06/2014 16:07:55 (Std) 	Creating falagard mapping for type 'TaharezLook/FrameWindow' using base type 'CEGUI/FrameWindow', window renderer 'Falagard/FrameWindow' Look'N'Feel 'TaharezLook/FrameWindow' and RenderEffect ''. (0031C308)
20/06/2014 16:07:55 (Std) 	Creating falagard mapping for type 'TaharezLook/Titlebar' using base type 'CEGUI/Titlebar', window renderer 'Falagard/Titlebar' Look'N'Feel 'TaharezLook/Titlebar' and RenderEffect ''. (0031C308)
20/06/2014 16:07:55 (Std) 	Creating falagard mapping for type 'TaharezLook/SystemButton' using base type 'CEGUI/PushButton', window renderer 'Falagard/Button' Look'N'Feel 'TaharezLook/Button' and RenderEffect ''. (0031C308)
20/06/2014 16:07:55 (Std) 	Creating falagard mapping for type 'TaharezLook/Editbox' using base type 'CEGUI/Editbox', window renderer 'Falagard/Editbox' Look'N'Feel 'TaharezLook/Editbox' and RenderEffect ''. (0031C308)
20/06/2014 16:07:55 (Std) 	Creating falagard mapping for type 'TaharezLook/MultiLineEditbox' using base type 'CEGUI/MultiLineEditbox', window renderer 'Falagard/MultiLineEditbox' Look'N'Feel 'TaharezLook/MultiLineEditbox' and RenderEffect ''. (0031C308)
20/06/2014 16:07:55 (Std) 	Creating falagard mapping for type 'TaharezLook/Menubar' using base type 'CEGUI/Menubar', window renderer 'Falagard/Menubar' Look'N'Feel 'TaharezLook/Menubar' and RenderEffect ''. (0031C308)
20/06/2014 16:07:55 (Std) 	Creating falagard mapping for type 'TaharezLook/PopupMenu' using base type 'CEGUI/PopupMenu', window renderer 'Falagard/PopupMenu' Look'N'Feel 'TaharezLook/PopupMenu' and RenderEffect ''. (0031C308)
20/06/2014 16:07:55 (Std) 	Creating falagard mapping for type 'TaharezLook/MenuItem' using base type 'CEGUI/MenuItem', window renderer 'Falagard/MenuItem' Look'N'Feel 'TaharezLook/MenuItem' and RenderEffect ''. (0031C308)
20/06/2014 16:07:55 (Std) 	Creating falagard mapping for type 'TaharezLook/AlternateProgressBar' using base type 'CEGUI/ProgressBar', window renderer 'Falagard/ProgressBar' Look'N'Feel 'TaharezLook/AltProgressBar' and RenderEffect ''. (0031C308)
20/06/2014 16:07:55 (Std) 	Creating falagard mapping for type 'TaharezLook/ProgressBar' using base type 'CEGUI/ProgressBar', window renderer 'Falagard/ProgressBar' Look'N'Feel 'TaharezLook/ProgressBar' and RenderEffect ''. (0031C308)
20/06/2014 16:07:55 (Std) 	Creating falagard mapping for type 'TaharezLook/VUMeter' using base type 'CEGUI/ProgressBar', window renderer 'Falagard/ProgressBar' Look'N'Feel 'TaharezLook/VUMeter' and RenderEffect ''. (0031C308)
20/06/2014 16:07:55 (Std) 	Creating falagard mapping for type 'TaharezLook/VerticalScrollbar' using base type 'CEGUI/Scrollbar', window renderer 'Falagard/Scrollbar' Look'N'Feel 'TaharezLook/VerticalScrollbar' and RenderEffect ''. (0031C308)
20/06/2014 16:07:55 (Std) 	Creating falagard mapping for type 'TaharezLook/HorizontalScrollbar' using base type 'CEGUI/Scrollbar', window renderer 'Falagard/Scrollbar' Look'N'Feel 'TaharezLook/HorizontalScrollbar' and RenderEffect ''. (0031C308)
20/06/2014 16:07:55 (Std) 	Creating falagard mapping for type 'TaharezLook/VerticalScrollbarThumb' using base type 'CEGUI/Thumb', window renderer 'Falagard/Button' Look'N'Feel 'TaharezLook/VerticalScrollbarThumb' and RenderEffect ''. (0031C308)
20/06/2014 16:07:55 (Std) 	Creating falagard mapping for type 'TaharezLook/HorizontalScrollbarThumb' using base type 'CEGUI/Thumb', window renderer 'Falagard/Button' Look'N'Feel 'TaharezLook/HorizontalScrollbarThumb' and RenderEffect ''. (0031C308)
20/06/2014 16:07:55 (Std) 	Creating falagard mapping for type 'TaharezLook/LargeVerticalScrollbar' using base type 'CEGUI/Scrollbar', window renderer 'Falagard/Scrollbar' Look'N'Feel 'TaharezLook/LargeVerticalScrollbar' and RenderEffect ''. (0031C308)
20/06/2014 16:07:55 (Std) 	Creating falagard mapping for type 'TaharezLook/LargeVerticalScrollbarThumb' using base type 'CEGUI/Thumb', window renderer 'Falagard/Button' Look'N'Feel 'TaharezLook/LargeVerticalScrollbarThumb' and RenderEffect ''. (0031C308)
20/06/2014 16:07:55 (Std) 	Creating falagard mapping for type 'TaharezLook/TabButton' using base type 'CEGUI/TabButton', window renderer 'Falagard/TabButton' Look'N'Feel 'TaharezLook/TabButton' and RenderEffect ''. (0031C308)
20/06/2014 16:07:55 (Std) 	Creating falagard mapping for type 'TaharezLook/TabControl' using base type 'CEGUI/TabControl', window renderer 'Falagard/TabControl' Look'N'Feel 'TaharezLook/TabControl' and RenderEffect ''. (0031C308)
20/06/2014 16:07:55 (Std) 	Creating falagard mapping for type 'TaharezLook/TabContentPane' using base type 'DefaultWindow', window renderer 'Falagard/Default' Look'N'Feel 'TaharezLook/TabContentPane' and RenderEffect ''. (0031C308)
20/06/2014 16:07:55 (Std) 	Creating falagard mapping for type 'TaharezLook/TabButtonPane' using base type 'DefaultWindow', window renderer 'Falagard/Default' Look'N'Feel 'TaharezLook/TabButtonPane' and RenderEffect ''. (0031C308)
20/06/2014 16:07:55 (Std) 	Creating falagard mapping for type 'TaharezLook/ComboDropList' using base type 'CEGUI/ComboDropList', window renderer 'Falagard/Listbox' Look'N'Feel 'TaharezLook/ComboDropList' and RenderEffect ''. (0031C308)
20/06/2014 16:07:55 (Std) 	Creating falagard mapping for type 'TaharezLook/ComboEditbox' using base type 'CEGUI/Editbox', window renderer 'Falagard/Editbox' Look'N'Feel 'TaharezLook/ComboEditbox' and RenderEffect ''. (0031C308)
20/06/2014 16:07:55 (Std) 	Creating falagard mapping for type 'TaharezLook/Combobox' using base type 'CEGUI/Combobox', window renderer 'Falagard/Default' Look'N'Feel 'TaharezLook/Combobox' and RenderEffect ''. (0031C308)
20/06/2014 16:07:55 (Std) 	Creating falagard mapping for type 'TaharezLook/Listbox' using base type 'CEGUI/Listbox', window renderer 'Falagard/Listbox' Look'N'Feel 'TaharezLook/Listbox' and RenderEffect ''. (0031C308)
20/06/2014 16:07:55 (Std) 	Creating falagard mapping for type 'TaharezLook/ListHeader' using base type 'CEGUI/ListHeader', window renderer 'Falagard/ListHeader' Look'N'Feel 'TaharezLook/ListHeader' and RenderEffect ''. (0031C308)
20/06/2014 16:07:55 (Std) 	Creating falagard mapping for type 'TaharezLook/ListHeaderSegment' using base type 'CEGUI/ListHeaderSegment', window renderer 'Falagard/ListHeaderSegment' Look'N'Feel 'TaharezLook/ListHeaderSegment' and RenderEffect ''. (0031C308)
20/06/2014 16:07:55 (Std) 	Creating falagard mapping for type 'TaharezLook/MultiColumnList' using base type 'CEGUI/MultiColumnList', window renderer 'Falagard/MultiColumnList' Look'N'Feel 'TaharezLook/MultiColumnList' and RenderEffect ''. (0031C308)
20/06/2014 16:07:55 (Std) 	Creating falagard mapping for type 'TaharezLook/Slider' using base type 'CEGUI/Slider', window renderer 'Falagard/Slider' Look'N'Feel 'TaharezLook/Slider' and RenderEffect ''. (0031C308)
20/06/2014 16:07:55 (Std) 	Creating falagard mapping for type 'TaharezLook/SliderThumb' using base type 'CEGUI/Thumb', window renderer 'Falagard/Button' Look'N'Feel 'TaharezLook/SliderThumb' and RenderEffect ''. (0031C308)
20/06/2014 16:07:55 (Std) 	Creating falagard mapping for type 'TaharezLook/ScrollablePane' using base type 'CEGUI/ScrollablePane', window renderer 'Falagard/ScrollablePane' Look'N'Feel 'TaharezLook/ScrollablePane' and RenderEffect ''. (0031C308)
20/06/2014 16:07:55 (Std) 	Creating falagard mapping for type 'TaharezLook/Spinner' using base type 'CEGUI/Spinner', window renderer 'Falagard/Default' Look'N'Feel 'TaharezLook/Spinner' and RenderEffect ''. (0031C308)
20/06/2014 16:07:55 (Std) 	Creating falagard mapping for type 'TaharezLook/Tooltip' using base type 'CEGUI/Tooltip', window renderer 'Falagard/Tooltip' Look'N'Feel 'TaharezLook/Tooltip' and RenderEffect ''. (0031C308)
20/06/2014 16:07:55 (Std) 	Creating falagard mapping for type 'TaharezLook/StaticImage' using base type 'DefaultWindow', window renderer 'Falagard/StaticImage' Look'N'Feel 'TaharezLook/StaticImage' and RenderEffect ''. (0031C308)
20/06/2014 16:07:55 (Std) 	Creating falagard mapping for type 'TaharezLook/StaticText' using base type 'DefaultWindow', window renderer 'Falagard/StaticText' Look'N'Feel 'TaharezLook/StaticText' and RenderEffect ''. (0031C308)
20/06/2014 16:07:55 (Std) 	Creating falagard mapping for type 'TaharezLook/ItemListbox' using base type 'CEGUI/ItemListbox', window renderer 'Falagard/ItemListbox' Look'N'Feel 'TaharezLook/ItemListbox' and RenderEffect ''. (0031C308)
20/06/2014 16:07:55 (Std) 	Creating falagard mapping for type 'TaharezLook/ListboxItem' using base type 'CEGUI/ItemEntry', window renderer 'Falagard/ItemEntry' Look'N'Feel 'TaharezLook/ListboxItem' and RenderEffect ''. (0031C308)
20/06/2014 16:07:55 (Std) 	Creating falagard mapping for type 'TaharezLook/GroupBox' using base type 'CEGUI/GroupBox', window renderer 'Falagard/Default' Look'N'Feel 'TaharezLook/GroupBox' and RenderEffect ''. (0031C308)
20/06/2014 16:07:55 (Std) 	Creating falagard mapping for type 'TaharezLook/Tree' using base type 'CEGUI/Tree', window renderer 'Falagard/Tree' Look'N'Feel 'TaharezLook/Tree' and RenderEffect ''. (0031C308)
20/06/2014 16:07:55 (Info) 	---- Resource loading for GUI scheme 'TaharezLook' completed ----
20/06/2014 16:07:55 (Info) 	Window 'Root' of type 'DefaultWindow' has been created. (086E30D8)
20/06/2014 16:07:55 (Info) 	Window 'Demo Window' of type 'TaharezLook/FrameWindow' has been created. (086E5E90)
20/06/2014 16:07:55 (Info) 	Assigning the window renderer 'Falagard/FrameWindow' to the window 'Demo Window'
20/06/2014 16:07:55 (Info) 	Assigning LookNFeel 'TaharezLook/FrameWindow' to window 'Demo Window'.
20/06/2014 16:07:55 (Info) 	Window 'Demo Window__auto_titlebar__' of type 'TaharezLook/Titlebar' has been created. (086EA328)
20/06/2014 16:07:55 (Info) 	Assigning the window renderer 'Falagard/Titlebar' to the window 'Demo Window__auto_titlebar__'
20/06/2014 16:07:55 (Info) 	Assigning LookNFeel 'TaharezLook/Titlebar' to window 'Demo Window__auto_titlebar__'.
20/06/2014 16:07:55 (Info) 	Window 'Demo Window__auto_closebutton__' of type 'TaharezLook/ImageButton' has been created. (086EEB58)
20/06/2014 16:07:55 (Info) 	Assigning the window renderer 'Falagard/Button' to the window 'Demo Window__auto_closebutton__'
20/06/2014 16:07:55 (Info) 	Assigning LookNFeel 'TaharezLook/ImageButton' to window 'Demo Window__auto_closebutton__'.
20/06/2014 16:07:55 (Std) 	Attempting to create Imageset 'DejaVuSans-10_auto_glyph_images_ ' with texture only.
20/06/2014 16:07:56 (Info) 	Object of type 'Imageset' named 'DejaVuSans-10_auto_glyph_images_ ' has been destroyed. (086F70F8)
20/06/2014 16:07:57 (Std) 	Display resize: w=800 h=599
20/06/2014 16:07:57 (Std) 	Display resize: w=800 h=547
20/06/2014 16:07:57 (Std) 	Display resize: w=800 h=544
20/06/2014 16:07:57 (Std) 	Attempting to create Imageset 'DejaVuSans-10_auto_glyph_images_ ' with texture only.
20/06/2014 16:07:58 (Info) 	Object of type 'Imageset' named 'DejaVuSans-10_auto_glyph_images_ ' has been destroyed. (04745628)
20/06/2014 16:07:58 (Std) 	Display resize: w=800 h=545
20/06/2014 16:07:58 (Std) 	Display resize: w=800 h=605
20/06/2014 16:07:58 (Std) 	Display resize: w=800 h=946
20/06/2014 16:07:58 (Std) 	Attempting to create Imageset 'DejaVuSans-10_auto_glyph_images_ ' with texture only.
20/06/2014 16:07:59 (Std) 	---- Begining CEGUI System destruction ----
20/06/2014 16:07:59 (Info) 	Window 'Demo Window__auto_titlebar__' has been added to dead pool. (086EA328)
20/06/2014 16:07:59 (Info) 	Window 'Demo Window__auto_closebutton__' has been added to dead pool. (086EEB58)
20/06/2014 16:07:59 (Info) 	Window 'Demo Window' has been added to dead pool. (086E5E90)
20/06/2014 16:07:59 (Info) 	Window 'Root' has been added to dead pool. (086E30D8)
20/06/2014 16:07:59 (Std) 	WindowFactory for 'CEGUI/Tree' windows removed. (04695CB8)
20/06/2014 16:07:59 (Std) 	Deleted WindowFactory for 'CEGUI/Tree' windows.
20/06/2014 16:07:59 (Std) 	WindowFactory for 'CEGUI/Thumb' windows removed. (04695310)
20/06/2014 16:07:59 (Std) 	Deleted WindowFactory for 'CEGUI/Thumb' windows.
20/06/2014 16:07:59 (Std) 	WindowFactory for 'CEGUI/Slider' windows removed. (04694C10)
20/06/2014 16:07:59 (Std) 	Deleted WindowFactory for 'CEGUI/Slider' windows.
20/06/2014 16:07:59 (Std) 	WindowFactory for 'CEGUI/Editbox' windows removed. (046930B0)
20/06/2014 16:07:59 (Std) 	Deleted WindowFactory for 'CEGUI/Editbox' windows.
20/06/2014 16:07:59 (Std) 	WindowFactory for 'CEGUI/Listbox' windows removed. (04693660)
20/06/2014 16:07:59 (Std) 	Deleted WindowFactory for 'CEGUI/Listbox' windows.
20/06/2014 16:07:59 (Std) 	WindowFactory for 'CEGUI/Menubar' windows removed. (04693EC8)
20/06/2014 16:07:59 (Std) 	Deleted WindowFactory for 'CEGUI/Menubar' windows.
20/06/2014 16:07:59 (Std) 	WindowFactory for 'CEGUI/Spinner' windows removed. (04694DD0)
20/06/2014 16:07:59 (Std) 	Deleted WindowFactory for 'CEGUI/Spinner' windows.
20/06/2014 16:07:59 (Std) 	WindowFactory for 'CEGUI/Tooltip' windows removed. (04695778)
20/06/2014 16:07:59 (Std) 	Deleted WindowFactory for 'CEGUI/Tooltip' windows.
20/06/2014 16:07:59 (Std) 	WindowFactory for 'DefaultWindow' windows removed. (04691F18)
20/06/2014 16:07:59 (Std) 	Deleted WindowFactory for 'DefaultWindow' windows.
20/06/2014 16:07:59 (Std) 	WindowFactory for 'DragContainer' windows removed. (04692118)
20/06/2014 16:07:59 (Std) 	Deleted WindowFactory for 'DragContainer' windows.
20/06/2014 16:07:59 (Std) 	WindowFactory for 'CEGUI/Checkbox' windows removed. (04692738)
20/06/2014 16:07:59 (Std) 	Deleted WindowFactory for 'CEGUI/Checkbox' windows.
20/06/2014 16:07:59 (Std) 	WindowFactory for 'CEGUI/Combobox' windows removed. (04692D30)
20/06/2014 16:07:59 (Std) 	Deleted WindowFactory for 'CEGUI/Combobox' windows.
20/06/2014 16:07:59 (Std) 	WindowFactory for 'CEGUI/GroupBox' windows removed. (04695AF8)
20/06/2014 16:07:59 (Std) 	Deleted WindowFactory for 'CEGUI/GroupBox' windows.
20/06/2014 16:07:59 (Std) 	WindowFactory for 'CEGUI/MenuItem' windows removed. (04693FA0)
20/06/2014 16:07:59 (Std) 	Deleted WindowFactory for 'CEGUI/MenuItem' windows.
20/06/2014 16:07:59 (Std) 	WindowFactory for 'CEGUI/Titlebar' windows removed. (046954D0)
20/06/2014 16:07:59 (Std) 	Deleted WindowFactory for 'CEGUI/Titlebar' windows.
20/06/2014 16:07:59 (Std) 	WindowFactory for 'CEGUI/ItemEntry' windows removed. (046934A0)
20/06/2014 16:07:59 (Std) 	Deleted WindowFactory for 'CEGUI/ItemEntry' windows.
20/06/2014 16:07:59 (Std) 	WindowFactory for 'CEGUI/PopupMenu' windows removed. (04693AC8)
20/06/2014 16:07:59 (Std) 	Deleted WindowFactory for 'CEGUI/PopupMenu' windows.
20/06/2014 16:07:59 (Std) 	WindowFactory for 'CEGUI/Scrollbar' windows removed. (04694A50)
20/06/2014 16:07:59 (Std) 	Deleted WindowFactory for 'CEGUI/Scrollbar' windows.
20/06/2014 16:07:59 (Std) 	WindowFactory for 'CEGUI/TabButton' windows removed. (04694F90)
20/06/2014 16:07:59 (Std) 	Deleted WindowFactory for 'CEGUI/TabButton' windows.
20/06/2014 16:07:59 (Std) 	WindowFactory for 'CEGUI/ListHeader' windows removed. (04693D08)
20/06/2014 16:07:59 (Std) 	Deleted WindowFactory for 'CEGUI/ListHeader' windows.
20/06/2014 16:07:59 (Std) 	WindowFactory for 'CEGUI/PushButton' windows removed. (04692950)
20/06/2014 16:07:59 (Std) 	Deleted WindowFactory for 'CEGUI/PushButton' windows.
20/06/2014 16:07:59 (Std) 	WindowFactory for 'CEGUI/TabControl' windows removed. (04695150)
20/06/2014 16:07:59 (Std) 	Deleted WindowFactory for 'CEGUI/TabControl' windows.
20/06/2014 16:07:59 (Std) 	WindowFactory for 'ClippedContainer' windows removed. (04692528)
20/06/2014 16:07:59 (Std) 	Deleted WindowFactory for 'ClippedContainer' windows.
20/06/2014 16:07:59 (Std) 	WindowFactory for 'CEGUI/FrameWindow' windows removed. (046932E0)
20/06/2014 16:07:59 (Std) 	Deleted WindowFactory for 'CEGUI/FrameWindow' windows.
20/06/2014 16:07:59 (Std) 	WindowFactory for 'CEGUI/ItemListbox' windows removed. (04695938)
20/06/2014 16:07:59 (Std) 	Deleted WindowFactory for 'CEGUI/ItemListbox' windows.
20/06/2014 16:07:59 (Std) 	WindowFactory for 'CEGUI/ProgressBar' windows removed. (046946D0)
20/06/2014 16:07:59 (Std) 	Deleted WindowFactory for 'CEGUI/ProgressBar' windows.
20/06/2014 16:07:59 (Std) 	WindowFactory for 'CEGUI/RadioButton' windows removed. (04692B10)
20/06/2014 16:07:59 (Std) 	Deleted WindowFactory for 'CEGUI/RadioButton' windows.
20/06/2014 16:07:59 (Std) 	WindowFactory for 'ScrolledContainer' windows removed. (04692320)
20/06/2014 16:07:59 (Std) 	Deleted WindowFactory for 'ScrolledContainer' windows.
20/06/2014 16:07:59 (Std) 	WindowFactory for 'CEGUI/ComboDropList' windows removed. (04692EF0)
20/06/2014 16:07:59 (Std) 	Deleted WindowFactory for 'CEGUI/ComboDropList' windows.
20/06/2014 16:07:59 (Std) 	WindowFactory for 'GridLayoutContainer' windows removed. (046962C8)
20/06/2014 16:07:59 (Std) 	Deleted WindowFactory for 'GridLayoutContainer' windows.
20/06/2014 16:07:59 (Std) 	WindowFactory for 'CEGUI/ScrollablePane' windows removed. (04694890)
20/06/2014 16:07:59 (Std) 	Deleted WindowFactory for 'CEGUI/ScrollablePane' windows.
20/06/2014 16:07:59 (Std) 	WindowFactory for 'CEGUI/MultiColumnList' windows removed. (046942A0)
20/06/2014 16:07:59 (Std) 	Deleted WindowFactory for 'CEGUI/MultiColumnList' windows.
20/06/2014 16:07:59 (Std) 	WindowFactory for 'CEGUI/MultiLineEditbox' windows removed. (04694460)
20/06/2014 16:07:59 (Std) 	Deleted WindowFactory for 'CEGUI/MultiLineEditbox' windows.
20/06/2014 16:07:59 (Std) 	WindowFactory for 'CEGUI/ListHeaderSegment' windows removed. (04693820)
20/06/2014 16:07:59 (Std) 	Deleted WindowFactory for 'CEGUI/ListHeaderSegment' windows.
20/06/2014 16:07:59 (Std) 	WindowFactory for 'VerticalLayoutContainer' windows removed. (04696108)
20/06/2014 16:07:59 (Std) 	Deleted WindowFactory for 'VerticalLayoutContainer' windows.
20/06/2014 16:07:59 (Std) 	WindowFactory for 'HorizontalLayoutContainer' windows removed. (04695E78)
20/06/2014 16:07:59 (Std) 	Deleted WindowFactory for 'HorizontalLayoutContainer' windows.
20/06/2014 16:07:59 (Std) 	---- Begining cleanup of GUI Scheme system ----
20/06/2014 16:07:59 (Info) 	Object of type 'Scheme' named 'TaharezLook' has been destroyed. (0469D150)
20/06/2014 16:07:59 (Info) 	---- Begining resource cleanup for GUI scheme 'TaharezLook' ----
20/06/2014 16:07:59 (Info) 	Object of type 'Font' named 'DejaVuSans-10' has been destroyed. (04698520)
20/06/2014 16:07:59 (Info) 	Object of type 'Imageset' named 'DejaVuSans-10_auto_glyph_images_ ' has been destroyed. (0473E180)
20/06/2014 16:07:59 (Info) 	Object of type 'Imageset' named 'TaharezLook' has been destroyed. (046B3B90)
20/06/2014 16:07:59 (Std) 	WindowRendererFactory for 'Falagard/Button' WindowRenderers removed. (0885AF30)
20/06/2014 16:07:59 (Std) 	Deleted WindowRendererFactory for 'Falagard/Button' WindowRenderers.
20/06/2014 16:07:59 (Std) 	WindowRendererFactory for 'Falagard/Default' WindowRenderers removed. (087E8DE8)
20/06/2014 16:07:59 (Std) 	Deleted WindowRendererFactory for 'Falagard/Default' WindowRenderers.
20/06/2014 16:07:59 (Std) 	WindowRendererFactory for 'Falagard/Editbox' WindowRenderers removed. (08818F28)
20/06/2014 16:07:59 (Std) 	Deleted WindowRendererFactory for 'Falagard/Editbox' WindowRenderers.
20/06/2014 16:07:59 (Std) 	WindowRendererFactory for 'Falagard/FrameWindow' WindowRenderers removed. (0875C7C0)
20/06/2014 16:07:59 (Std) 	Deleted WindowRendererFactory for 'Falagard/FrameWindow' WindowRenderers.
20/06/2014 16:07:59 (Std) 	WindowRendererFactory for 'Falagard/ItemEntry' WindowRenderers removed. (0875BA90)
20/06/2014 16:07:59 (Std) 	Deleted WindowRendererFactory for 'Falagard/ItemEntry' WindowRenderers.
20/06/2014 16:07:59 (Std) 	WindowRendererFactory for 'Falagard/ListHeader' WindowRenderers removed. (0875B6F0)
20/06/2014 16:07:59 (Std) 	Deleted WindowRendererFactory for 'Falagard/ListHeader' WindowRenderers.
20/06/2014 16:07:59 (Std) 	WindowRendererFactory for 'Falagard/ListHeaderSegment' WindowRenderers removed. (046B5C40)
20/06/2014 16:07:59 (Std) 	Deleted WindowRendererFactory for 'Falagard/ListHeaderSegment' WindowRenderers.
20/06/2014 16:07:59 (Std) 	WindowRendererFactory for 'Falagard/Listbox' WindowRenderers removed. (046B3830)
20/06/2014 16:07:59 (Std) 	Deleted WindowRendererFactory for 'Falagard/Listbox' WindowRenderers.
20/06/2014 16:07:59 (Std) 	WindowRendererFactory for 'Falagard/Menubar' WindowRenderers removed. (046B6E28)
20/06/2014 16:07:59 (Std) 	Deleted WindowRendererFactory for 'Falagard/Menubar' WindowRenderers.
20/06/2014 16:07:59 (Std) 	WindowRendererFactory for 'Falagard/MenuItem' WindowRenderers removed. (0469D508)
20/06/2014 16:07:59 (Std) 	Deleted WindowRendererFactory for 'Falagard/MenuItem' WindowRenderers.
20/06/2014 16:07:59 (Std) 	WindowRendererFactory for 'Falagard/MultiColumnList' WindowRenderers removed. (08853C10)
20/06/2014 16:07:59 (Std) 	Deleted WindowRendererFactory for 'Falagard/MultiColumnList' WindowRenderers.
20/06/2014 16:07:59 (Std) 	WindowRendererFactory for 'Falagard/MultiLineEditbox' WindowRenderers removed. (0885DE78)
20/06/2014 16:07:59 (Std) 	Deleted WindowRendererFactory for 'Falagard/MultiLineEditbox' WindowRenderers.
20/06/2014 16:07:59 (Std) 	WindowRendererFactory for 'Falagard/PopupMenu' WindowRenderers removed. (088295B0)
20/06/2014 16:07:59 (Std) 	Deleted WindowRendererFactory for 'Falagard/PopupMenu' WindowRenderers.
20/06/2014 16:07:59 (Std) 	WindowRendererFactory for 'Falagard/ProgressBar' WindowRenderers removed. (08803118)
20/06/2014 16:07:59 (Std) 	Deleted WindowRendererFactory for 'Falagard/ProgressBar' WindowRenderers.
20/06/2014 16:07:59 (Std) 	WindowRendererFactory for 'Falagard/ScrollablePane' WindowRenderers removed. (0875E910)
20/06/2014 16:07:59 (Std) 	Deleted WindowRendererFactory for 'Falagard/ScrollablePane' WindowRenderers.
20/06/2014 16:07:59 (Std) 	WindowRendererFactory for 'Falagard/Scrollbar' WindowRenderers removed. (0875E9E8)
20/06/2014 16:07:59 (Std) 	Deleted WindowRendererFactory for 'Falagard/Scrollbar' WindowRenderers.
20/06/2014 16:07:59 (Std) 	WindowRendererFactory for 'Falagard/Slider' WindowRenderers removed. (08829978)
20/06/2014 16:07:59 (Std) 	Deleted WindowRendererFactory for 'Falagard/Slider' WindowRenderers.
20/06/2014 16:07:59 (Std) 	WindowRendererFactory for 'Falagard/Static' WindowRenderers removed. (0469E1C0)
20/06/2014 16:07:59 (Std) 	Deleted WindowRendererFactory for 'Falagard/Static' WindowRenderers.
20/06/2014 16:07:59 (Std) 	WindowRendererFactory for 'Falagard/StaticImage' WindowRenderers removed. (0469E380)
20/06/2014 16:07:59 (Std) 	Deleted WindowRendererFactory for 'Falagard/StaticImage' WindowRenderers.
20/06/2014 16:07:59 (Std) 	WindowRendererFactory for 'Falagard/StaticText' WindowRenderers removed. (0469E540)
20/06/2014 16:07:59 (Std) 	Deleted WindowRendererFactory for 'Falagard/StaticText' WindowRenderers.
20/06/2014 16:07:59 (Std) 	WindowRendererFactory for 'Falagard/SystemButton' WindowRenderers removed. (0469E700)
20/06/2014 16:07:59 (Std) 	Deleted WindowRendererFactory for 'Falagard/SystemButton' WindowRenderers.
20/06/2014 16:07:59 (Std) 	WindowRendererFactory for 'Falagard/TabButton' WindowRenderers removed. (04697D78)
20/06/2014 16:07:59 (Std) 	Deleted WindowRendererFactory for 'Falagard/TabButton' WindowRenderers.
20/06/2014 16:07:59 (Std) 	WindowRendererFactory for 'Falagard/TabControl' WindowRenderers removed. (04697F38)
20/06/2014 16:07:59 (Std) 	Deleted WindowRendererFactory for 'Falagard/TabControl' WindowRenderers.
20/06/2014 16:07:59 (Std) 	WindowRendererFactory for 'Falagard/Titlebar' WindowRenderers removed. (046980F8)
20/06/2014 16:07:59 (Std) 	Deleted WindowRendererFactory for 'Falagard/Titlebar' WindowRenderers.
20/06/2014 16:07:59 (Std) 	WindowRendererFactory for 'Falagard/ToggleButton' WindowRenderers removed. (046982B8)
20/06/2014 16:07:59 (Std) 	Deleted WindowRendererFactory for 'Falagard/ToggleButton' WindowRenderers.
20/06/2014 16:07:59 (Std) 	WindowRendererFactory for 'Falagard/Tooltip' WindowRenderers removed. (08854318)
20/06/2014 16:07:59 (Std) 	Deleted WindowRendererFactory for 'Falagard/Tooltip' WindowRenderers.
20/06/2014 16:07:59 (Std) 	WindowRendererFactory for 'Falagard/ItemListbox' WindowRenderers removed. (088544D8)
20/06/2014 16:07:59 (Std) 	Deleted WindowRendererFactory for 'Falagard/ItemListbox' WindowRenderers.
20/06/2014 16:07:59 (Std) 	WindowRendererFactory for 'Falagard/Tree' WindowRenderers removed. (08854698)
20/06/2014 16:07:59 (Std) 	Deleted WindowRendererFactory for 'Falagard/Tree' WindowRenderers.
20/06/2014 16:07:59 (Info) 	---- Resource cleanup for GUI scheme 'TaharezLook' completed ----
20/06/2014 16:07:59 (Info) 	GUI scheme 'TaharezLook' has been unloaded (object destructor). (0469D150)
20/06/2014 16:07:59 (Std) 	CEGUI::SchemeManager singleton destroyed. (0468F9F8)
20/06/2014 16:07:59 (Std) 	CEGUI::WindowManager singleton destroyed (0468F6C0)
20/06/2014 16:07:59 (Std) 	CEGUI::WindowFactoryManager singleton destroyed
20/06/2014 16:07:59 (Std) 	CEGUI::WidgetLookManager singleton destroyed. (04691898)
20/06/2014 16:07:59 (Std) 	CEGUI::WindowRendererManager singleton destroyed (04691B60)
20/06/2014 16:07:59 (Std) 	CEGUI::AnimationManager singleton destroyed (04690250)
20/06/2014 16:07:59 (Std) 	CEGUI::RenderEffectManager singleton destroyed (04691CE0)
20/06/2014 16:07:59 (Std) 	---- Begining cleanup of Font system ----
20/06/2014 16:07:59 (Std) 	CEGUI::FontManager singleton destroyed. (0468DC50)
20/06/2014 16:07:59 (Std) 	CEGUI::MouseCursor singleton destroyed. (0468FD60)
20/06/2014 16:07:59 (Std) 	---- Begining cleanup of Imageset system ----
20/06/2014 16:07:59 (Info) 	Object of type 'Imageset' named 'cegui_logo' has been destroyed. (04697258)
20/06/2014 16:07:59 (Std) 	CEGUI::ImagesetManager singleton destroyed (0468D738)
20/06/2014 16:07:59 (Std) 	CEGUI::GlobalEventSet singleton destroyed. (046900C0)
20/06/2014 16:07:59 (Std) 	CEGUI::System singleton destroyed. (0468B7A8)
20/06/2014 16:07:59 (Std) 	---- CEGUI System destruction completed ----
20/06/2014 16:07:59 (Std) 	CEGUI::Logger singleton destroyed. (0468BD80)
