20/06/2014 11:03:51 (Std) 	+-+-+-+-+-+-+-+-+-+-+-+-+-+-+-+-+-+-+-+-+-+-+-+-+-+-+-+-+-+-+-+-+-+-+-+-+-+-+-+
20/06/2014 11:03:51 (Std) 	+                     Crazy Eddie's GUI System - Event log                    +
20/06/2014 11:03:51 (Std) 	+                          (http://www.cegui.org.uk/)                         +
20/06/2014 11:03:51 (Std) 	+-+-+-+-+-+-+-+-+-+-+-+-+-+-+-+-+-+-+-+-+-+-+-+-+-+-+-+-+-+-+-+-+-+-+-+-+-+-+-+

20/06/2014 11:03:51 (Std) 	CEGUI::Logger singleton created. (0309D6E8)
20/06/2014 11:03:51 (Std) 	
20/06/2014 11:03:51 (Std) 	********************************************************************************
20/06/2014 11:03:51 (Std) 	* Important:                                                                   *
20/06/2014 11:03:51 (Std) 	*     To get support at the CEGUI forums, you must post _at least_ the section *
20/06/2014 11:03:51 (Std) 	*     of this log file indicated below.  Failure to do this will result in no  *
20/06/2014 11:03:51 (Std) 	*     support being given; please do not waste our time.                       *
20/06/2014 11:03:51 (Std) 	********************************************************************************
20/06/2014 11:03:51 (Std) 	********************************************************************************
20/06/2014 11:03:51 (Std) 	* -------- START OF ESSENTIAL SECTION TO BE POSTED ON THE FORUM       -------- *
20/06/2014 11:03:51 (Std) 	********************************************************************************
20/06/2014 11:03:51 (Std) 	---- Version 0.7.9 (Build: Jun 18 2014 Debug Microsoft Windows MSVC++ 10.0 32 bit) ----
20/06/2014 11:03:51 (Std) 	---- Renderer module is: CEGUI::Direct3D9Renderer - Official Direct3D 9 based 2nd generation renderer module. ----
20/06/2014 11:03:51 (Std) 	---- XML Parser module is: CEGUI::ExpatParser - Official expat based parser module for CEGUI ----
20/06/2014 11:03:51 (Std) 	---- Image Codec module is: SILLYImageCodec - Official SILLY based image codec ----
20/06/2014 11:03:51 (Std) 	---- Scripting module is: None ----
20/06/2014 11:03:51 (Std) 	********************************************************************************
20/06/2014 11:03:51 (Std) 	* -------- END OF ESSENTIAL SECTION TO BE POSTED ON THE FORUM         -------- *
20/06/2014 11:03:51 (Std) 	********************************************************************************
20/06/2014 11:03:51 (Std) 	
20/06/2014 11:03:51 (Std) 	---- Begining CEGUI System initialisation ----
20/06/2014 11:03:51 (Std) 	CEGUI::ImagesetManager singleton created (0309EA98)
20/06/2014 11:03:51 (Std) 	CEGUI::FontManager singleton created. (0309F258)
20/06/2014 11:03:51 (Std) 	CEGUI::WindowFactoryManager singleton created
20/06/2014 11:03:51 (Std) 	CEGUI::WindowManager singleton created (0309D880)
20/06/2014 11:03:51 (Std) 	CEGUI::SchemeManager singleton created. (0309E3E8)
20/06/2014 11:03:51 (Std) 	CEGUI::MouseCursor singleton created. (030A0940)
20/06/2014 11:03:51 (Std) 	CEGUI::GlobalEventSet singleton created. (03094B98)
20/06/2014 11:03:51 (Std) 	CEGUI::AnimationManager singleton created (0309E4E0)
20/06/2014 11:03:51 (Std) 	CEGUI::WidgetLookManager singleton created. (0309F350)
20/06/2014 11:03:51 (Std) 	CEGUI::WindowRendererManager singleton created (0309D6A8)
20/06/2014 11:03:51 (Std) 	CEGUI::RenderEffectManager singleton created (030A3470)
20/06/2014 11:03:51 (Std) 	Created WindowFactory for 'DefaultWindow' windows.
20/06/2014 11:03:51 (Std) 	WindowFactory for 'DefaultWindow' windows added. (030A3890)
20/06/2014 11:03:51 (Std) 	Created WindowFactory for 'DragContainer' windows.
20/06/2014 11:03:51 (Std) 	WindowFactory for 'DragContainer' windows added. (030A3790)
20/06/2014 11:03:51 (Std) 	Created WindowFactory for 'ScrolledContainer' windows.
20/06/2014 11:03:51 (Std) 	WindowFactory for 'ScrolledContainer' windows added. (030A3958)
20/06/2014 11:03:51 (Std) 	Created WindowFactory for 'ClippedContainer' windows.
20/06/2014 11:03:51 (Std) 	WindowFactory for 'ClippedContainer' windows added. (030A3A20)
20/06/2014 11:03:51 (Std) 	Created WindowFactory for 'CEGUI/Checkbox' windows.
20/06/2014 11:03:51 (Std) 	WindowFactory for 'CEGUI/Checkbox' windows added. (030A3AE8)
20/06/2014 11:03:51 (Std) 	Created WindowFactory for 'CEGUI/PushButton' windows.
20/06/2014 11:03:51 (Std) 	WindowFactory for 'CEGUI/PushButton' windows added. (030A3BB0)
20/06/2014 11:03:51 (Std) 	Created WindowFactory for 'CEGUI/RadioButton' windows.
20/06/2014 11:03:51 (Std) 	WindowFactory for 'CEGUI/RadioButton' windows added. (030A3C78)
20/06/2014 11:03:51 (Std) 	Created WindowFactory for 'CEGUI/Combobox' windows.
20/06/2014 11:03:51 (Std) 	WindowFactory for 'CEGUI/Combobox' windows added. (030A3D40)
20/06/2014 11:03:51 (Std) 	Created WindowFactory for 'CEGUI/ComboDropList' windows.
20/06/2014 11:03:51 (Std) 	WindowFactory for 'CEGUI/ComboDropList' windows added. (030A3E08)
20/06/2014 11:03:51 (Std) 	Created WindowFactory for 'CEGUI/Editbox' windows.
20/06/2014 11:03:51 (Std) 	WindowFactory for 'CEGUI/Editbox' windows added. (030A3ED0)
20/06/2014 11:03:51 (Std) 	Created WindowFactory for 'CEGUI/FrameWindow' windows.
20/06/2014 11:03:51 (Std) 	WindowFactory for 'CEGUI/FrameWindow' windows added. (030A3F98)
20/06/2014 11:03:51 (Std) 	Created WindowFactory for 'CEGUI/ItemEntry' windows.
20/06/2014 11:03:51 (Std) 	WindowFactory for 'CEGUI/ItemEntry' windows added. (030A4060)
20/06/2014 11:03:51 (Std) 	Created WindowFactory for 'CEGUI/Listbox' windows.
20/06/2014 11:03:51 (Std) 	WindowFactory for 'CEGUI/Listbox' windows added. (030A4128)
20/06/2014 11:03:51 (Std) 	Created WindowFactory for 'CEGUI/ListHeader' windows.
20/06/2014 11:03:51 (Std) 	WindowFactory for 'CEGUI/ListHeader' windows added. (030A41F0)
20/06/2014 11:03:51 (Std) 	Created WindowFactory for 'CEGUI/ListHeaderSegment' windows.
20/06/2014 11:03:51 (Std) 	WindowFactory for 'CEGUI/ListHeaderSegment' windows added. (030A42B8)
20/06/2014 11:03:51 (Std) 	Created WindowFactory for 'CEGUI/Menubar' windows.
20/06/2014 11:03:51 (Std) 	WindowFactory for 'CEGUI/Menubar' windows added. (030A4618)
20/06/2014 11:03:51 (Std) 	Created WindowFactory for 'CEGUI/PopupMenu' windows.
20/06/2014 11:03:51 (Std) 	WindowFactory for 'CEGUI/PopupMenu' windows added. (030A46E0)
20/06/2014 11:03:51 (Std) 	Created WindowFactory for 'CEGUI/MenuItem' windows.
20/06/2014 11:03:51 (Std) 	WindowFactory for 'CEGUI/MenuItem' windows added. (030A47A8)
20/06/2014 11:03:51 (Std) 	Created WindowFactory for 'CEGUI/MultiColumnList' windows.
20/06/2014 11:03:51 (Std) 	WindowFactory for 'CEGUI/MultiColumnList' windows added. (030A4870)
20/06/2014 11:03:51 (Std) 	Created WindowFactory for 'CEGUI/MultiLineEditbox' windows.
20/06/2014 11:03:51 (Std) 	WindowFactory for 'CEGUI/MultiLineEditbox' windows added. (030A4938)
20/06/2014 11:03:51 (Std) 	Created WindowFactory for 'CEGUI/ProgressBar' windows.
20/06/2014 11:03:51 (Std) 	WindowFactory for 'CEGUI/ProgressBar' windows added. (030A4A00)
20/06/2014 11:03:51 (Std) 	Created WindowFactory for 'CEGUI/ScrollablePane' windows.
20/06/2014 11:03:51 (Std) 	WindowFactory for 'CEGUI/ScrollablePane' windows added. (030A4AC8)
20/06/2014 11:03:51 (Std) 	Created WindowFactory for 'CEGUI/Scrollbar' windows.
20/06/2014 11:03:51 (Std) 	WindowFactory for 'CEGUI/Scrollbar' windows added. (030A4B90)
20/06/2014 11:03:51 (Std) 	Created WindowFactory for 'CEGUI/Slider' windows.
20/06/2014 11:03:51 (Std) 	WindowFactory for 'CEGUI/Slider' windows added. (030A4C58)
20/06/2014 11:03:51 (Std) 	Created WindowFactory for 'CEGUI/Spinner' windows.
20/06/2014 11:03:51 (Std) 	WindowFactory for 'CEGUI/Spinner' windows added. (030A4D20)
20/06/2014 11:03:51 (Std) 	Created WindowFactory for 'CEGUI/TabButton' windows.
20/06/2014 11:03:51 (Std) 	WindowFactory for 'CEGUI/TabButton' windows added. (030A4DE8)
20/06/2014 11:03:51 (Std) 	Created WindowFactory for 'CEGUI/TabControl' windows.
20/06/2014 11:03:51 (Std) 	WindowFactory for 'CEGUI/TabControl' windows added. (030A4EB0)
20/06/2014 11:03:51 (Std) 	Created WindowFactory for 'CEGUI/Thumb' windows.
20/06/2014 11:03:51 (Std) 	WindowFactory for 'CEGUI/Thumb' windows added. (030A4F78)
20/06/2014 11:03:51 (Std) 	Created WindowFactory for 'CEGUI/Titlebar' windows.
20/06/2014 11:03:51 (Std) 	WindowFactory for 'CEGUI/Titlebar' windows added. (030A5108)
20/06/2014 11:03:51 (Std) 	Created WindowFactory for 'CEGUI/Tooltip' windows.
20/06/2014 11:03:51 (Std) 	WindowFactory for 'CEGUI/Tooltip' windows added. (030A5040)
20/06/2014 11:03:51 (Std) 	Created WindowFactory for 'CEGUI/ItemListbox' windows.
20/06/2014 11:03:51 (Std) 	WindowFactory for 'CEGUI/ItemListbox' windows added. (030A51D0)
20/06/2014 11:03:51 (Std) 	Created WindowFactory for 'CEGUI/GroupBox' windows.
20/06/2014 11:03:51 (Std) 	WindowFactory for 'CEGUI/GroupBox' windows added. (030A5298)
20/06/2014 11:03:51 (Std) 	Created WindowFactory for 'CEGUI/Tree' windows.
20/06/2014 11:03:51 (Std) 	WindowFactory for 'CEGUI/Tree' windows added. (030A5360)
20/06/2014 11:03:51 (Std) 	Created WindowFactory for 'HorizontalLayoutContainer' windows.
20/06/2014 11:03:51 (Std) 	WindowFactory for 'HorizontalLayoutContainer' windows added. (030A54F0)
20/06/2014 11:03:51 (Std) 	Created WindowFactory for 'VerticalLayoutContainer' windows.
20/06/2014 11:03:51 (Std) 	WindowFactory for 'VerticalLayoutContainer' windows added. (030A5428)
20/06/2014 11:03:51 (Std) 	Created WindowFactory for 'GridLayoutContainer' windows.
20/06/2014 11:03:51 (Std) 	WindowFactory for 'GridLayoutContainer' windows added. (030A55B8)
20/06/2014 11:03:51 (Std) 	Window type alias named 'DefaultGUISheet' added for window type 'DefaultWindow'.
20/06/2014 11:03:51 (Std) 	CEGUI::System singleton created. (0309C998)
20/06/2014 11:03:51 (Std) 	---- CEGUI System initialisation completed ----
20/06/2014 11:03:51 (Std) 	
20/06/2014 11:03:51 (Std) 	Attempting to create Imageset 'cegui_logo' using image file 'logo.png'.
20/06/2014 11:03:51 (Std) 	Started creation of Scheme from XML specification:
20/06/2014 11:03:51 (Std) 	---- CEGUI GUIScheme name: TaharezLook
20/06/2014 11:03:51 (Info) 	Finished creation of GUIScheme 'TaharezLook' via XML file. (030AECA0)
20/06/2014 11:03:51 (Info) 	---- Begining resource loading for GUI scheme 'TaharezLook' ----
20/06/2014 11:03:51 (Std) 	Started creation of Imageset from XML specification:
20/06/2014 11:03:51 (Std) 	---- CEGUI Imageset name: TaharezLook
20/06/2014 11:03:51 (Std) 	---- Source texture file: TaharezLook.tga in resource group: (Default)
20/06/2014 11:03:51 (Info) 	Finished creation of Imageset 'TaharezLook' via XML file. (030B26C0)
20/06/2014 11:03:51 (Std) 	Started creation of Font from XML specification:
20/06/2014 11:03:51 (Std) 	---- CEGUI font name: DejaVuSans-10
20/06/2014 11:03:51 (Std) 	----       Font type: FreeType
20/06/2014 11:03:51 (Std) 	----     Source file: DejaVuSans.ttf in resource group: (Default)
20/06/2014 11:03:51 (Std) 	---- Real point size: 10
20/06/2014 11:03:52 (Info) 	Successfully loaded 3045 glyphs
20/06/2014 11:03:52 (Info) 	Finished creation of Font 'DejaVuSans-10' via XML file. (030A98C0)
20/06/2014 11:03:52 (Std) 	===== Falagard 'root' element: look and feel parsing begins =====
20/06/2014 11:03:52 (Info) 	---> Start of definition for widget look 'TaharezLook/Button'.
20/06/2014 11:03:52 (Info) 	---< End of definition for widget look 'TaharezLook/Button'.
20/06/2014 11:03:52 (Info) 	---> Start of definition for widget look 'TaharezLook/RadioButton'.
20/06/2014 11:03:52 (Info) 	---< End of definition for widget look 'TaharezLook/RadioButton'.
20/06/2014 11:03:52 (Info) 	---> Start of definition for widget look 'TaharezLook/Checkbox'.
20/06/2014 11:03:52 (Info) 	---< End of definition for widget look 'TaharezLook/Checkbox'.
20/06/2014 11:03:52 (Info) 	---> Start of definition for widget look 'TaharezLook/Editbox'.
20/06/2014 11:03:52 (Info) 	---< End of definition for widget look 'TaharezLook/Editbox'.
20/06/2014 11:03:52 (Info) 	---> Start of definition for widget look 'TaharezLook/Titlebar'.
20/06/2014 11:03:52 (Info) 	---< End of definition for widget look 'TaharezLook/Titlebar'.
20/06/2014 11:03:52 (Info) 	---> Start of definition for widget look 'TaharezLook/FrameWindow'.
20/06/2014 11:03:52 (Info) 	---< End of definition for widget look 'TaharezLook/FrameWindow'.
20/06/2014 11:03:52 (Info) 	---> Start of definition for widget look 'TaharezLook/GroupBox'.
20/06/2014 11:03:52 (Info) 	---< End of definition for widget look 'TaharezLook/GroupBox'.
20/06/2014 11:03:52 (Info) 	---> Start of definition for widget look 'TaharezLook/ProgressBar'.
20/06/2014 11:03:52 (Info) 	---< End of definition for widget look 'TaharezLook/ProgressBar'.
20/06/2014 11:03:52 (Info) 	---> Start of definition for widget look 'TaharezLook/AltProgressBar'.
20/06/2014 11:03:52 (Info) 	---< End of definition for widget look 'TaharezLook/AltProgressBar'.
20/06/2014 11:03:52 (Info) 	---> Start of definition for widget look 'TaharezLook/VUMeter'.
20/06/2014 11:03:52 (Info) 	---< End of definition for widget look 'TaharezLook/VUMeter'.
20/06/2014 11:03:52 (Info) 	---> Start of definition for widget look 'TaharezLook/SliderThumb'.
20/06/2014 11:03:52 (Info) 	---< End of definition for widget look 'TaharezLook/SliderThumb'.
20/06/2014 11:03:52 (Info) 	---> Start of definition for widget look 'TaharezLook/Slider'.
20/06/2014 11:03:52 (Info) 	---< End of definition for widget look 'TaharezLook/Slider'.
20/06/2014 11:03:52 (Info) 	---> Start of definition for widget look 'TaharezLook/HorizontalScrollbarThumb'.
20/06/2014 11:03:52 (Info) 	---< End of definition for widget look 'TaharezLook/HorizontalScrollbarThumb'.
20/06/2014 11:03:52 (Info) 	---> Start of definition for widget look 'TaharezLook/HorizontalScrollbar'.
20/06/2014 11:03:52 (Info) 	---< End of definition for widget look 'TaharezLook/HorizontalScrollbar'.
20/06/2014 11:03:52 (Info) 	---> Start of definition for widget look 'TaharezLook/VerticalScrollbarThumb'.
20/06/2014 11:03:52 (Info) 	---< End of definition for widget look 'TaharezLook/VerticalScrollbarThumb'.
20/06/2014 11:03:52 (Info) 	---> Start of definition for widget look 'TaharezLook/VerticalScrollbar'.
20/06/2014 11:03:52 (Info) 	---< End of definition for widget look 'TaharezLook/VerticalScrollbar'.
20/06/2014 11:03:52 (Info) 	---> Start of definition for widget look 'TaharezLook/Listbox'.
20/06/2014 11:03:52 (Info) 	---< End of definition for widget look 'TaharezLook/Listbox'.
20/06/2014 11:03:52 (Info) 	---> Start of definition for widget look 'TaharezLook/ComboDropList'.
20/06/2014 11:03:52 (Info) 	---< End of definition for widget look 'TaharezLook/ComboDropList'.
20/06/2014 11:03:52 (Info) 	---> Start of definition for widget look 'TaharezLook/ComboEditbox'.
20/06/2014 11:03:52 (Info) 	---< End of definition for widget look 'TaharezLook/ComboEditbox'.
20/06/2014 11:03:52 (Info) 	---> Start of definition for widget look 'TaharezLook/Combobox'.
20/06/2014 11:03:52 (Info) 	---< End of definition for widget look 'TaharezLook/Combobox'.
20/06/2014 11:03:52 (Info) 	---> Start of definition for widget look 'TaharezLook/Spinner'.
20/06/2014 11:03:52 (Info) 	---< End of definition for widget look 'TaharezLook/Spinner'.
20/06/2014 11:03:52 (Info) 	---> Start of definition for widget look 'TaharezLook/StaticShared'.
20/06/2014 11:03:52 (Info) 	---< End of definition for widget look 'TaharezLook/StaticShared'.
20/06/2014 11:03:52 (Info) 	---> Start of definition for widget look 'TaharezLook/StaticImage'.
20/06/2014 11:03:52 (Info) 	---< End of definition for widget look 'TaharezLook/StaticImage'.
20/06/2014 11:03:52 (Info) 	---> Start of definition for widget look 'TaharezLook/StaticText'.
20/06/2014 11:03:52 (Info) 	---< End of definition for widget look 'TaharezLook/StaticText'.
20/06/2014 11:03:52 (Info) 	---> Start of definition for widget look 'TaharezLook/ListHeaderSegment'.
20/06/2014 11:03:52 (Info) 	---< End of definition for widget look 'TaharezLook/ListHeaderSegment'.
20/06/2014 11:03:52 (Info) 	---> Start of definition for widget look 'TaharezLook/ListHeader'.
20/06/2014 11:03:52 (Info) 	---< End of definition for widget look 'TaharezLook/ListHeader'.
20/06/2014 11:03:52 (Info) 	---> Start of definition for widget look 'TaharezLook/MultiColumnList'.
20/06/2014 11:03:52 (Info) 	---< End of definition for widget look 'TaharezLook/MultiColumnList'.
20/06/2014 11:03:52 (Info) 	---> Start of definition for widget look 'TaharezLook/MultiLineEditbox'.
20/06/2014 11:03:52 (Info) 	---< End of definition for widget look 'TaharezLook/MultiLineEditbox'.
20/06/2014 11:03:52 (Info) 	---> Start of definition for widget look 'TaharezLook/Tooltip'.
20/06/2014 11:03:52 (Info) 	---< End of definition for widget look 'TaharezLook/Tooltip'.
20/06/2014 11:03:52 (Info) 	---> Start of definition for widget look 'TaharezLook/ScrollablePane'.
20/06/2014 11:03:52 (Info) 	---< End of definition for widget look 'TaharezLook/ScrollablePane'.
20/06/2014 11:03:52 (Info) 	---> Start of definition for widget look 'TaharezLook/TabButton'.
20/06/2014 11:03:52 (Info) 	---< End of definition for widget look 'TaharezLook/TabButton'.
20/06/2014 11:03:52 (Info) 	---> Start of definition for widget look 'TaharezLook/TabContentPane'.
20/06/2014 11:03:52 (Info) 	---< End of definition for widget look 'TaharezLook/TabContentPane'.
20/06/2014 11:03:52 (Info) 	---> Start of definition for widget look 'TaharezLook/TabButtonPane'.
20/06/2014 11:03:52 (Info) 	---< End of definition for widget look 'TaharezLook/TabButtonPane'.
20/06/2014 11:03:52 (Info) 	---> Start of definition for widget look 'TaharezLook/TabControl'.
20/06/2014 11:03:52 (Info) 	---< End of definition for widget look 'TaharezLook/TabControl'.
20/06/2014 11:03:52 (Info) 	---> Start of definition for widget look 'TaharezLook/MenuItem'.
20/06/2014 11:03:52 (Info) 	---< End of definition for widget look 'TaharezLook/MenuItem'.
20/06/2014 11:03:52 (Info) 	---> Start of definition for widget look 'TaharezLook/PopupMenu'.
20/06/2014 11:03:52 (Info) 	---< End of definition for widget look 'TaharezLook/PopupMenu'.
20/06/2014 11:03:52 (Info) 	---> Start of definition for widget look 'TaharezLook/Menubar'.
20/06/2014 11:03:52 (Info) 	---< End of definition for widget look 'TaharezLook/Menubar'.
20/06/2014 11:03:52 (Info) 	---> Start of definition for widget look 'TaharezLook/LargeVerticalScrollbarThumb'.
20/06/2014 11:03:52 (Info) 	---< End of definition for widget look 'TaharezLook/LargeVerticalScrollbarThumb'.
20/06/2014 11:03:52 (Info) 	---> Start of definition for widget look 'TaharezLook/LargeVerticalScrollbar'.
20/06/2014 11:03:52 (Info) 	---< End of definition for widget look 'TaharezLook/LargeVerticalScrollbar'.
20/06/2014 11:03:52 (Info) 	---> Start of definition for widget look 'TaharezLook/ImageButton'.
20/06/2014 11:03:52 (Info) 	---< End of definition for widget look 'TaharezLook/ImageButton'.
20/06/2014 11:03:52 (Info) 	---> Start of definition for widget look 'TaharezLook/ItemListbox'.
20/06/2014 11:03:52 (Info) 	---< End of definition for widget look 'TaharezLook/ItemListbox'.
20/06/2014 11:03:52 (Info) 	---> Start of definition for widget look 'TaharezLook/ListboxItem'.
20/06/2014 11:03:52 (Info) 	---< End of definition for widget look 'TaharezLook/ListboxItem'.
20/06/2014 11:03:52 (Info) 	---> Start of definition for widget look 'TaharezLook/Tree'.
20/06/2014 11:03:52 (Info) 	---< End of definition for widget look 'TaharezLook/Tree'.
20/06/2014 11:03:52 (Std) 	===== Look and feel parsing completed =====
20/06/2014 11:03:52 (Std) 	No window renderer factories specified for module 'CEGUIFalagardWRBase' - adding all available factories...
20/06/2014 11:03:52 (Std) 	Created WindowRendererFactory for 'Falagard/Button' WindowRenderers.
20/06/2014 11:03:52 (Std) 	WindowRendererFactory 'Falagard/Button' added. (030A5BF8)
20/06/2014 11:03:52 (Std) 	Created WindowRendererFactory for 'Falagard/Default' WindowRenderers.
20/06/2014 11:03:52 (Std) 	WindowRendererFactory 'Falagard/Default' added. (030A6238)
20/06/2014 11:03:52 (Std) 	Created WindowRendererFactory for 'Falagard/Editbox' WindowRenderers.
20/06/2014 11:03:52 (Std) 	WindowRendererFactory 'Falagard/Editbox' added. (030A6170)
20/06/2014 11:03:52 (Std) 	Created WindowRendererFactory for 'Falagard/FrameWindow' WindowRenderers.
20/06/2014 11:03:52 (Std) 	WindowRendererFactory 'Falagard/FrameWindow' added. (030A6300)
20/06/2014 11:03:52 (Std) 	Created WindowRendererFactory for 'Falagard/ItemEntry' WindowRenderers.
20/06/2014 11:03:52 (Std) 	WindowRendererFactory 'Falagard/ItemEntry' added. (030A63C8)
20/06/2014 11:03:52 (Std) 	Created WindowRendererFactory for 'Falagard/ListHeader' WindowRenderers.
20/06/2014 11:03:52 (Std) 	WindowRendererFactory 'Falagard/ListHeader' added. (030A6490)
20/06/2014 11:03:52 (Std) 	Created WindowRendererFactory for 'Falagard/ListHeaderSegment' WindowRenderers.
20/06/2014 11:03:52 (Std) 	WindowRendererFactory 'Falagard/ListHeaderSegment' added. (0757BEC8)
20/06/2014 11:03:52 (Std) 	Created WindowRendererFactory for 'Falagard/Listbox' WindowRenderers.
20/06/2014 11:03:52 (Std) 	WindowRendererFactory 'Falagard/Listbox' added. (0757BF90)
20/06/2014 11:03:52 (Std) 	Created WindowRendererFactory for 'Falagard/Menubar' WindowRenderers.
20/06/2014 11:03:52 (Std) 	WindowRendererFactory 'Falagard/Menubar' added. (0757C058)
20/06/2014 11:03:52 (Std) 	Created WindowRendererFactory for 'Falagard/MenuItem' WindowRenderers.
20/06/2014 11:03:52 (Std) 	WindowRendererFactory 'Falagard/MenuItem' added. (0757C120)
20/06/2014 11:03:52 (Std) 	Created WindowRendererFactory for 'Falagard/MultiColumnList' WindowRenderers.
20/06/2014 11:03:52 (Std) 	WindowRendererFactory 'Falagard/MultiColumnList' added. (0757C1E8)
20/06/2014 11:03:52 (Std) 	Created WindowRendererFactory for 'Falagard/MultiLineEditbox' WindowRenderers.
20/06/2014 11:03:52 (Std) 	WindowRendererFactory 'Falagard/MultiLineEditbox' added. (0757C2B0)
20/06/2014 11:03:52 (Std) 	Created WindowRendererFactory for 'Falagard/PopupMenu' WindowRenderers.
20/06/2014 11:03:52 (Std) 	WindowRendererFactory 'Falagard/PopupMenu' added. (0757C378)
20/06/2014 11:03:52 (Std) 	Created WindowRendererFactory for 'Falagard/ProgressBar' WindowRenderers.
20/06/2014 11:03:52 (Std) 	WindowRendererFactory 'Falagard/ProgressBar' added. (0757C440)
20/06/2014 11:03:52 (Std) 	Created WindowRendererFactory for 'Falagard/ScrollablePane' WindowRenderers.
20/06/2014 11:03:52 (Std) 	WindowRendererFactory 'Falagard/ScrollablePane' added. (0757C508)
20/06/2014 11:03:52 (Std) 	Created WindowRendererFactory for 'Falagard/Scrollbar' WindowRenderers.
20/06/2014 11:03:52 (Std) 	WindowRendererFactory 'Falagard/Scrollbar' added. (0757C5D0)
20/06/2014 11:03:52 (Std) 	Created WindowRendererFactory for 'Falagard/Slider' WindowRenderers.
20/06/2014 11:03:52 (Std) 	WindowRendererFactory 'Falagard/Slider' added. (0757C698)
20/06/2014 11:03:52 (Std) 	Created WindowRendererFactory for 'Falagard/Static' WindowRenderers.
20/06/2014 11:03:52 (Std) 	WindowRendererFactory 'Falagard/Static' added. (0757C828)
20/06/2014 11:03:52 (Std) 	Created WindowRendererFactory for 'Falagard/StaticImage' WindowRenderers.
20/06/2014 11:03:52 (Std) 	WindowRendererFactory 'Falagard/StaticImage' added. (0757C8F0)
20/06/2014 11:03:52 (Std) 	Created WindowRendererFactory for 'Falagard/StaticText' WindowRenderers.
20/06/2014 11:03:52 (Std) 	WindowRendererFactory 'Falagard/StaticText' added. (0757C760)
20/06/2014 11:03:52 (Std) 	Created WindowRendererFactory for 'Falagard/SystemButton' WindowRenderers.
20/06/2014 11:03:52 (Std) 	WindowRendererFactory 'Falagard/SystemButton' added. (0757C9B8)
20/06/2014 11:03:52 (Std) 	Created WindowRendererFactory for 'Falagard/TabButton' WindowRenderers.
20/06/2014 11:03:52 (Std) 	WindowRendererFactory 'Falagard/TabButton' added. (0757CA80)
20/06/2014 11:03:52 (Std) 	Created WindowRendererFactory for 'Falagard/TabControl' WindowRenderers.
20/06/2014 11:03:52 (Std) 	WindowRendererFactory 'Falagard/TabControl' added. (0757CB48)
20/06/2014 11:03:52 (Std) 	Created WindowRendererFactory for 'Falagard/Titlebar' WindowRenderers.
20/06/2014 11:03:52 (Std) 	WindowRendererFactory 'Falagard/Titlebar' added. (0757CC10)
20/06/2014 11:03:52 (Std) 	Created WindowRendererFactory for 'Falagard/ToggleButton' WindowRenderers.
20/06/2014 11:03:52 (Std) 	WindowRendererFactory 'Falagard/ToggleButton' added. (0757CCD8)
20/06/2014 11:03:52 (Std) 	Created WindowRendererFactory for 'Falagard/Tooltip' WindowRenderers.
20/06/2014 11:03:52 (Std) 	WindowRendererFactory 'Falagard/Tooltip' added. (0757CDA0)
20/06/2014 11:03:52 (Std) 	Created WindowRendererFactory for 'Falagard/ItemListbox' WindowRenderers.
20/06/2014 11:03:52 (Std) 	WindowRendererFactory 'Falagard/ItemListbox' added. (0757CE68)
20/06/2014 11:03:52 (Std) 	Created WindowRendererFactory for 'Falagard/Tree' WindowRenderers.
20/06/2014 11:03:52 (Std) 	WindowRendererFactory 'Falagard/Tree' added. (0757CF30)
20/06/2014 11:03:52 (Std) 	Creating falagard mapping for type 'TaharezLook/Button' using base type 'CEGUI/PushButton', window renderer 'Falagard/Button' Look'N'Feel 'TaharezLook/Button' and RenderEffect ''. (002CB49C)
20/06/2014 11:03:52 (Std) 	Creating falagard mapping for type 'TaharezLook/Checkbox' using base type 'CEGUI/Checkbox', window renderer 'Falagard/ToggleButton' Look'N'Feel 'TaharezLook/Checkbox' and RenderEffect ''. (002CB49C)
20/06/2014 11:03:52 (Std) 	Creating falagard mapping for type 'TaharezLook/ImageButton' using base type 'CEGUI/PushButton', window renderer 'Falagard/Button' Look'N'Feel 'TaharezLook/ImageButton' and RenderEffect ''. (002CB49C)
20/06/2014 11:03:52 (Std) 	Creating falagard mapping for type 'TaharezLook/RadioButton' using base type 'CEGUI/RadioButton', window renderer 'Falagard/ToggleButton' Look'N'Feel 'TaharezLook/RadioButton' and RenderEffect ''. (002CB49C)
20/06/2014 11:03:52 (Std) 	Creating falagard mapping for type 'TaharezLook/FrameWindow' using base type 'CEGUI/FrameWindow', window renderer 'Falagard/FrameWindow' Look'N'Feel 'TaharezLook/FrameWindow' and RenderEffect ''. (002CB49C)
20/06/2014 11:03:52 (Std) 	Creating falagard mapping for type 'TaharezLook/Titlebar' using base type 'CEGUI/Titlebar', window renderer 'Falagard/Titlebar' Look'N'Feel 'TaharezLook/Titlebar' and RenderEffect ''. (002CB49C)
20/06/2014 11:03:52 (Std) 	Creating falagard mapping for type 'TaharezLook/SystemButton' using base type 'CEGUI/PushButton', window renderer 'Falagard/Button' Look'N'Feel 'TaharezLook/Button' and RenderEffect ''. (002CB49C)
20/06/2014 11:03:52 (Std) 	Creating falagard mapping for type 'TaharezLook/Editbox' using base type 'CEGUI/Editbox', window renderer 'Falagard/Editbox' Look'N'Feel 'TaharezLook/Editbox' and RenderEffect ''. (002CB49C)
20/06/2014 11:03:52 (Std) 	Creating falagard mapping for type 'TaharezLook/MultiLineEditbox' using base type 'CEGUI/MultiLineEditbox', window renderer 'Falagard/MultiLineEditbox' Look'N'Feel 'TaharezLook/MultiLineEditbox' and RenderEffect ''. (002CB49C)
20/06/2014 11:03:52 (Std) 	Creating falagard mapping for type 'TaharezLook/Menubar' using base type 'CEGUI/Menubar', window renderer 'Falagard/Menubar' Look'N'Feel 'TaharezLook/Menubar' and RenderEffect ''. (002CB49C)
20/06/2014 11:03:52 (Std) 	Creating falagard mapping for type 'TaharezLook/PopupMenu' using base type 'CEGUI/PopupMenu', window renderer 'Falagard/PopupMenu' Look'N'Feel 'TaharezLook/PopupMenu' and RenderEffect ''. (002CB49C)
20/06/2014 11:03:52 (Std) 	Creating falagard mapping for type 'TaharezLook/MenuItem' using base type 'CEGUI/MenuItem', window renderer 'Falagard/MenuItem' Look'N'Feel 'TaharezLook/MenuItem' and RenderEffect ''. (002CB49C)
20/06/2014 11:03:52 (Std) 	Creating falagard mapping for type 'TaharezLook/AlternateProgressBar' using base type 'CEGUI/ProgressBar', window renderer 'Falagard/ProgressBar' Look'N'Feel 'TaharezLook/AltProgressBar' and RenderEffect ''. (002CB49C)
20/06/2014 11:03:52 (Std) 	Creating falagard mapping for type 'TaharezLook/ProgressBar' using base type 'CEGUI/ProgressBar', window renderer 'Falagard/ProgressBar' Look'N'Feel 'TaharezLook/ProgressBar' and RenderEffect ''. (002CB49C)
20/06/2014 11:03:52 (Std) 	Creating falagard mapping for type 'TaharezLook/VUMeter' using base type 'CEGUI/ProgressBar', window renderer 'Falagard/ProgressBar' Look'N'Feel 'TaharezLook/VUMeter' and RenderEffect ''. (002CB49C)
20/06/2014 11:03:52 (Std) 	Creating falagard mapping for type 'TaharezLook/VerticalScrollbar' using base type 'CEGUI/Scrollbar', window renderer 'Falagard/Scrollbar' Look'N'Feel 'TaharezLook/VerticalScrollbar' and RenderEffect ''. (002CB49C)
20/06/2014 11:03:52 (Std) 	Creating falagard mapping for type 'TaharezLook/HorizontalScrollbar' using base type 'CEGUI/Scrollbar', window renderer 'Falagard/Scrollbar' Look'N'Feel 'TaharezLook/HorizontalScrollbar' and RenderEffect ''. (002CB49C)
20/06/2014 11:03:52 (Std) 	Creating falagard mapping for type 'TaharezLook/VerticalScrollbarThumb' using base type 'CEGUI/Thumb', window renderer 'Falagard/Button' Look'N'Feel 'TaharezLook/VerticalScrollbarThumb' and RenderEffect ''. (002CB49C)
20/06/2014 11:03:52 (Std) 	Creating falagard mapping for type 'TaharezLook/HorizontalScrollbarThumb' using base type 'CEGUI/Thumb', window renderer 'Falagard/Button' Look'N'Feel 'TaharezLook/HorizontalScrollbarThumb' and RenderEffect ''. (002CB49C)
20/06/2014 11:03:52 (Std) 	Creating falagard mapping for type 'TaharezLook/LargeVerticalScrollbar' using base type 'CEGUI/Scrollbar', window renderer 'Falagard/Scrollbar' Look'N'Feel 'TaharezLook/LargeVerticalScrollbar' and RenderEffect ''. (002CB49C)
20/06/2014 11:03:52 (Std) 	Creating falagard mapping for type 'TaharezLook/LargeVerticalScrollbarThumb' using base type 'CEGUI/Thumb', window renderer 'Falagard/Button' Look'N'Feel 'TaharezLook/LargeVerticalScrollbarThumb' and RenderEffect ''. (002CB49C)
20/06/2014 11:03:52 (Std) 	Creating falagard mapping for type 'TaharezLook/TabButton' using base type 'CEGUI/TabButton', window renderer 'Falagard/TabButton' Look'N'Feel 'TaharezLook/TabButton' and RenderEffect ''. (002CB49C)
20/06/2014 11:03:52 (Std) 	Creating falagard mapping for type 'TaharezLook/TabControl' using base type 'CEGUI/TabControl', window renderer 'Falagard/TabControl' Look'N'Feel 'TaharezLook/TabControl' and RenderEffect ''. (002CB49C)
20/06/2014 11:03:52 (Std) 	Creating falagard mapping for type 'TaharezLook/TabContentPane' using base type 'DefaultWindow', window renderer 'Falagard/Default' Look'N'Feel 'TaharezLook/TabContentPane' and RenderEffect ''. (002CB49C)
20/06/2014 11:03:52 (Std) 	Creating falagard mapping for type 'TaharezLook/TabButtonPane' using base type 'DefaultWindow', window renderer 'Falagard/Default' Look'N'Feel 'TaharezLook/TabButtonPane' and RenderEffect ''. (002CB49C)
20/06/2014 11:03:52 (Std) 	Creating falagard mapping for type 'TaharezLook/ComboDropList' using base type 'CEGUI/ComboDropList', window renderer 'Falagard/Listbox' Look'N'Feel 'TaharezLook/ComboDropList' and RenderEffect ''. (002CB49C)
20/06/2014 11:03:52 (Std) 	Creating falagard mapping for type 'TaharezLook/ComboEditbox' using base type 'CEGUI/Editbox', window renderer 'Falagard/Editbox' Look'N'Feel 'TaharezLook/ComboEditbox' and RenderEffect ''. (002CB49C)
20/06/2014 11:03:52 (Std) 	Creating falagard mapping for type 'TaharezLook/Combobox' using base type 'CEGUI/Combobox', window renderer 'Falagard/Default' Look'N'Feel 'TaharezLook/Combobox' and RenderEffect ''. (002CB49C)
20/06/2014 11:03:52 (Std) 	Creating falagard mapping for type 'TaharezLook/Listbox' using base type 'CEGUI/Listbox', window renderer 'Falagard/Listbox' Look'N'Feel 'TaharezLook/Listbox' and RenderEffect ''. (002CB49C)
20/06/2014 11:03:52 (Std) 	Creating falagard mapping for type 'TaharezLook/ListHeader' using base type 'CEGUI/ListHeader', window renderer 'Falagard/ListHeader' Look'N'Feel 'TaharezLook/ListHeader' and RenderEffect ''. (002CB49C)
20/06/2014 11:03:52 (Std) 	Creating falagard mapping for type 'TaharezLook/ListHeaderSegment' using base type 'CEGUI/ListHeaderSegment', window renderer 'Falagard/ListHeaderSegment' Look'N'Feel 'TaharezLook/ListHeaderSegment' and RenderEffect ''. (002CB49C)
20/06/2014 11:03:52 (Std) 	Creating falagard mapping for type 'TaharezLook/MultiColumnList' using base type 'CEGUI/MultiColumnList', window renderer 'Falagard/MultiColumnList' Look'N'Feel 'TaharezLook/MultiColumnList' and RenderEffect ''. (002CB49C)
20/06/2014 11:03:52 (Std) 	Creating falagard mapping for type 'TaharezLook/Slider' using base type 'CEGUI/Slider', window renderer 'Falagard/Slider' Look'N'Feel 'TaharezLook/Slider' and RenderEffect ''. (002CB49C)
20/06/2014 11:03:52 (Std) 	Creating falagard mapping for type 'TaharezLook/SliderThumb' using base type 'CEGUI/Thumb', window renderer 'Falagard/Button' Look'N'Feel 'TaharezLook/SliderThumb' and RenderEffect ''. (002CB49C)
20/06/2014 11:03:52 (Std) 	Creating falagard mapping for type 'TaharezLook/ScrollablePane' using base type 'CEGUI/ScrollablePane', window renderer 'Falagard/ScrollablePane' Look'N'Feel 'TaharezLook/ScrollablePane' and RenderEffect ''. (002CB49C)
20/06/2014 11:03:52 (Std) 	Creating falagard mapping for type 'TaharezLook/Spinner' using base type 'CEGUI/Spinner', window renderer 'Falagard/Default' Look'N'Feel 'TaharezLook/Spinner' and RenderEffect ''. (002CB49C)
20/06/2014 11:03:52 (Std) 	Creating falagard mapping for type 'TaharezLook/Tooltip' using base type 'CEGUI/Tooltip', window renderer 'Falagard/Tooltip' Look'N'Feel 'TaharezLook/Tooltip' and RenderEffect ''. (002CB49C)
20/06/2014 11:03:52 (Std) 	Creating falagard mapping for type 'TaharezLook/StaticImage' using base type 'DefaultWindow', window renderer 'Falagard/StaticImage' Look'N'Feel 'TaharezLook/StaticImage' and RenderEffect ''. (002CB49C)
20/06/2014 11:03:52 (Std) 	Creating falagard mapping for type 'TaharezLook/StaticText' using base type 'DefaultWindow', window renderer 'Falagard/StaticText' Look'N'Feel 'TaharezLook/StaticText' and RenderEffect ''. (002CB49C)
20/06/2014 11:03:52 (Std) 	Creating falagard mapping for type 'TaharezLook/ItemListbox' using base type 'CEGUI/ItemListbox', window renderer 'Falagard/ItemListbox' Look'N'Feel 'TaharezLook/ItemListbox' and RenderEffect ''. (002CB49C)
20/06/2014 11:03:52 (Std) 	Creating falagard mapping for type 'TaharezLook/ListboxItem' using base type 'CEGUI/ItemEntry', window renderer 'Falagard/ItemEntry' Look'N'Feel 'TaharezLook/ListboxItem' and RenderEffect ''. (002CB49C)
20/06/2014 11:03:52 (Std) 	Creating falagard mapping for type 'TaharezLook/GroupBox' using base type 'CEGUI/GroupBox', window renderer 'Falagard/Default' Look'N'Feel 'TaharezLook/GroupBox' and RenderEffect ''. (002CB49C)
20/06/2014 11:03:52 (Std) 	Creating falagard mapping for type 'TaharezLook/Tree' using base type 'CEGUI/Tree', window renderer 'Falagard/Tree' Look'N'Feel 'TaharezLook/Tree' and RenderEffect ''. (002CB49C)
20/06/2014 11:03:52 (Info) 	---- Resource loading for GUI scheme 'TaharezLook' completed ----
20/06/2014 11:03:52 (Std) 	Started creation of Scheme from XML specification:
20/06/2014 11:03:52 (Std) 	---- CEGUI GUIScheme name: OgreTray
20/06/2014 11:03:52 (Info) 	Finished creation of GUIScheme 'OgreTray' via XML file. (075B2C18)
20/06/2014 11:03:52 (Info) 	---- Begining resource loading for GUI scheme 'OgreTray' ----
20/06/2014 11:03:52 (Std) 	Started creation of Imageset from XML specification:
20/06/2014 11:03:52 (Std) 	---- CEGUI Imageset name: OgreTrayImages
20/06/2014 11:03:52 (Std) 	---- Source texture file: OgreTrayImages.png in resource group: (Default)
20/06/2014 11:03:52 (Info) 	Finished creation of Imageset 'OgreTrayImages' via XML file. (0756FC18)
20/06/2014 11:03:52 (Std) 	Started creation of Font from XML specification:
20/06/2014 11:03:52 (Std) 	---- CEGUI font name: DejaVuSans-10
20/06/2014 11:03:52 (Std) 	----       Font type: FreeType
20/06/2014 11:03:52 (Std) 	----     Source file: DejaVuSans.ttf in resource group: (Default)
20/06/2014 11:03:52 (Std) 	---- Real point size: 10
20/06/2014 11:03:52 (Info) 	Successfully loaded 3045 glyphs
20/06/2014 11:03:52 (Info) 	Finished creation of Font 'DejaVuSans-10' via XML file. (0315BF48)
20/06/2014 11:03:52 (Std) 	---- Returning existing instance of Font named 'DejaVuSans-10'.
20/06/2014 11:03:52 (Std) 	===== Falagard 'root' element: look and feel parsing begins =====
20/06/2014 11:03:52 (Info) 	---> Start of definition for widget look 'OgreTray/BGTest'.
20/06/2014 11:03:52 (Info) 	---< End of definition for widget look 'OgreTray/BGTest'.
20/06/2014 11:03:52 (Info) 	---> Start of definition for widget look 'OgreTray/Titlebar'.
20/06/2014 11:03:52 (Info) 	---< End of definition for widget look 'OgreTray/Titlebar'.
20/06/2014 11:03:52 (Info) 	---> Start of definition for widget look 'OgreTray/FrameWindow'.
20/06/2014 11:03:52 (Info) 	---< End of definition for widget look 'OgreTray/FrameWindow'.
20/06/2014 11:03:52 (Info) 	---> Start of definition for widget look 'OgreTray/Thumb'.
20/06/2014 11:03:52 (Info) 	---< End of definition for widget look 'OgreTray/Thumb'.
20/06/2014 11:03:52 (Info) 	---> Start of definition for widget look 'OgreTray/VerticalScrollbar'.
20/06/2014 11:03:52 (Info) 	---< End of definition for widget look 'OgreTray/VerticalScrollbar'.
20/06/2014 11:03:52 (Info) 	---> Start of definition for widget look 'OgreTray/HorizontalScrollbar'.
20/06/2014 11:03:52 (Info) 	---< End of definition for widget look 'OgreTray/HorizontalScrollbar'.
20/06/2014 11:03:52 (Info) 	---> Start of definition for widget look 'OgreTray/StaticShared'.
20/06/2014 11:03:52 (Info) 	---< End of definition for widget look 'OgreTray/StaticShared'.
20/06/2014 11:03:52 (Info) 	---> Start of definition for widget look 'OgreTray/StaticText'.
20/06/2014 11:03:52 (Info) 	---< End of definition for widget look 'OgreTray/StaticText'.
20/06/2014 11:03:52 (Info) 	---> Start of definition for widget look 'OgreTray/CaptionedStaticText'.
20/06/2014 11:03:52 (Info) 	---< End of definition for widget look 'OgreTray/CaptionedStaticText'.
20/06/2014 11:03:52 (Info) 	---> Start of definition for widget look 'OgreTray/MiniTray'.
20/06/2014 11:03:52 (Info) 	---< End of definition for widget look 'OgreTray/MiniTray'.
20/06/2014 11:03:52 (Info) 	---> Start of definition for widget look 'OgreTray/PushButton'.
20/06/2014 11:03:52 (Info) 	---< End of definition for widget look 'OgreTray/PushButton'.
20/06/2014 11:03:52 (Info) 	---> Start of definition for widget look 'OgreTray/ProgressBar'.
20/06/2014 11:03:52 (Info) 	---< End of definition for widget look 'OgreTray/ProgressBar'.
20/06/2014 11:03:52 (Info) 	---> Start of definition for widget look 'OgreTray/Editbox'.
20/06/2014 11:03:52 (Info) 	---< End of definition for widget look 'OgreTray/Editbox'.
20/06/2014 11:03:52 (Info) 	---> Start of definition for widget look 'OgreTray/MultiLineEditbox'.
20/06/2014 11:03:52 (Info) 	---< End of definition for widget look 'OgreTray/MultiLineEditbox'.
20/06/2014 11:03:52 (Info) 	---> Start of definition for widget look 'OgreTray/Listbox'.
20/06/2014 11:03:52 (Info) 	---< End of definition for widget look 'OgreTray/Listbox'.
20/06/2014 11:03:52 (Info) 	---> Start of definition for widget look 'OgreTray/Combobox'.
20/06/2014 11:03:52 (Info) 	---< End of definition for widget look 'OgreTray/Combobox'.
20/06/2014 11:03:52 (Info) 	---> Start of definition for widget look 'OgreTray/DropDownMenu'.
20/06/2014 11:03:52 (Info) 	---< End of definition for widget look 'OgreTray/DropDownMenu'.
20/06/2014 11:03:52 (Info) 	---> Start of definition for widget look 'OgreTray/Group'.
20/06/2014 11:03:52 (Info) 	---< End of definition for widget look 'OgreTray/Group'.
20/06/2014 11:03:52 (Info) 	---> Start of definition for widget look 'OgreTray/Checkbox'.
20/06/2014 11:03:52 (Info) 	---< End of definition for widget look 'OgreTray/Checkbox'.
20/06/2014 11:03:52 (Info) 	---> Start of definition for widget look 'OgreTray/RadioButton'.
20/06/2014 11:03:52 (Info) 	---< End of definition for widget look 'OgreTray/RadioButton'.
20/06/2014 11:03:52 (Info) 	---> Start of definition for widget look 'OgreTray/Slider'.
20/06/2014 11:03:52 (Info) 	---< End of definition for widget look 'OgreTray/Slider'.
20/06/2014 11:03:52 (Info) 	---> Start of definition for widget look 'OgreTray/StaticImage'.
20/06/2014 11:03:52 (Info) 	---< End of definition for widget look 'OgreTray/StaticImage'.
20/06/2014 11:03:52 (Info) 	---> Start of definition for widget look 'OgreTray/AltStaticImage'.
20/06/2014 11:03:52 (Info) 	---< End of definition for widget look 'OgreTray/AltStaticImage'.
20/06/2014 11:03:52 (Info) 	---> Start of definition for widget look 'OgreTray/Tooltip'.
20/06/2014 11:03:52 (Info) 	---< End of definition for widget look 'OgreTray/Tooltip'.
20/06/2014 11:03:52 (Info) 	---> Start of definition for widget look 'OgreTray/ItemListbox'.
20/06/2014 11:03:52 (Info) 	---< End of definition for widget look 'OgreTray/ItemListbox'.
20/06/2014 11:03:52 (Info) 	---> Start of definition for widget look 'OgreTray/ListboxItem'.
20/06/2014 11:03:52 (Info) 	---< End of definition for widget look 'OgreTray/ListboxItem'.
20/06/2014 11:03:52 (Info) 	---> Start of definition for widget look 'OgreTray/Spinner'.
20/06/2014 11:03:52 (Info) 	---< End of definition for widget look 'OgreTray/Spinner'.
20/06/2014 11:03:52 (Info) 	---> Start of definition for widget look 'OgreTray/ScrollablePane'.
20/06/2014 11:03:52 (Info) 	---< End of definition for widget look 'OgreTray/ScrollablePane'.
20/06/2014 11:03:52 (Info) 	---> Start of definition for widget look 'OgreTray/ListHeaderSegment'.
20/06/2014 11:03:52 (Info) 	---< End of definition for widget look 'OgreTray/ListHeaderSegment'.
20/06/2014 11:03:52 (Info) 	---> Start of definition for widget look 'OgreTray/ListHeader'.
20/06/2014 11:03:52 (Info) 	---< End of definition for widget look 'OgreTray/ListHeader'.
20/06/2014 11:03:52 (Info) 	---> Start of definition for widget look 'OgreTray/MultiColumnList'.
20/06/2014 11:03:52 (Info) 	---< End of definition for widget look 'OgreTray/MultiColumnList'.
20/06/2014 11:03:52 (Info) 	---> Start of definition for widget look 'OgreTray/BasicListboxItem'.
20/06/2014 11:03:52 (Info) 	---< End of definition for widget look 'OgreTray/BasicListboxItem'.
20/06/2014 11:03:52 (Info) 	---> Start of definition for widget look 'OgreTray/MenuItem'.
20/06/2014 11:03:52 (Info) 	---< End of definition for widget look 'OgreTray/MenuItem'.
20/06/2014 11:03:52 (Info) 	---> Start of definition for widget look 'OgreTray/Menubar'.
20/06/2014 11:03:52 (Info) 	---< End of definition for widget look 'OgreTray/Menubar'.
20/06/2014 11:03:52 (Info) 	---> Start of definition for widget look 'OgreTray/PopupMenu'.
20/06/2014 11:03:52 (Info) 	---< End of definition for widget look 'OgreTray/PopupMenu'.
20/06/2014 11:03:52 (Info) 	---> Start of definition for widget look 'OgreTray/TabButton'.
20/06/2014 11:03:52 (Info) 	---< End of definition for widget look 'OgreTray/TabButton'.
20/06/2014 11:03:52 (Info) 	---> Start of definition for widget look 'OgreTray/TabButtonPane'.
20/06/2014 11:03:52 (Info) 	---< End of definition for widget look 'OgreTray/TabButtonPane'.
20/06/2014 11:03:52 (Info) 	---> Start of definition for widget look 'OgreTray/TabContentPane'.
20/06/2014 11:03:52 (Info) 	---< End of definition for widget look 'OgreTray/TabContentPane'.
20/06/2014 11:03:52 (Info) 	---> Start of definition for widget look 'OgreTray/TabControl'.
20/06/2014 11:03:52 (Info) 	---< End of definition for widget look 'OgreTray/TabControl'.
20/06/2014 11:03:52 (Std) 	===== Look and feel parsing completed =====
20/06/2014 11:03:52 (Std) 	No window renderer factories specified for module 'CEGUIFalagardWRBase' - adding all available factories...
20/06/2014 11:03:52 (Info) 	Factory for 'Falagard/Button' appears to be  already registered, skipping.
20/06/2014 11:03:52 (Info) 	Factory for 'Falagard/Default' appears to be  already registered, skipping.
20/06/2014 11:03:52 (Info) 	Factory for 'Falagard/Editbox' appears to be  already registered, skipping.
20/06/2014 11:03:52 (Info) 	Factory for 'Falagard/FrameWindow' appears to be  already registered, skipping.
20/06/2014 11:03:52 (Info) 	Factory for 'Falagard/ItemEntry' appears to be  already registered, skipping.
20/06/2014 11:03:52 (Info) 	Factory for 'Falagard/ListHeader' appears to be  already registered, skipping.
20/06/2014 11:03:52 (Info) 	Factory for 'Falagard/ListHeaderSegment' appears to be  already registered, skipping.
20/06/2014 11:03:52 (Info) 	Factory for 'Falagard/Listbox' appears to be  already registered, skipping.
20/06/2014 11:03:52 (Info) 	Factory for 'Falagard/Menubar' appears to be  already registered, skipping.
20/06/2014 11:03:52 (Info) 	Factory for 'Falagard/MenuItem' appears to be  already registered, skipping.
20/06/2014 11:03:52 (Info) 	Factory for 'Falagard/MultiColumnList' appears to be  already registered, skipping.
20/06/2014 11:03:52 (Info) 	Factory for 'Falagard/MultiLineEditbox' appears to be  already registered, skipping.
20/06/2014 11:03:52 (Info) 	Factory for 'Falagard/PopupMenu' appears to be  already registered, skipping.
20/06/2014 11:03:52 (Info) 	Factory for 'Falagard/ProgressBar' appears to be  already registered, skipping.
20/06/2014 11:03:52 (Info) 	Factory for 'Falagard/ScrollablePane' appears to be  already registered, skipping.
20/06/2014 11:03:52 (Info) 	Factory for 'Falagard/Scrollbar' appears to be  already registered, skipping.
20/06/2014 11:03:52 (Info) 	Factory for 'Falagard/Slider' appears to be  already registered, skipping.
20/06/2014 11:03:52 (Info) 	Factory for 'Falagard/Static' appears to be  already registered, skipping.
20/06/2014 11:03:52 (Info) 	Factory for 'Falagard/StaticImage' appears to be  already registered, skipping.
20/06/2014 11:03:52 (Info) 	Factory for 'Falagard/StaticText' appears to be  already registered, skipping.
20/06/2014 11:03:52 (Info) 	Factory for 'Falagard/SystemButton' appears to be  already registered, skipping.
20/06/2014 11:03:52 (Info) 	Factory for 'Falagard/TabButton' appears to be  already registered, skipping.
20/06/2014 11:03:52 (Info) 	Factory for 'Falagard/TabControl' appears to be  already registered, skipping.
20/06/2014 11:03:52 (Info) 	Factory for 'Falagard/Titlebar' appears to be  already registered, skipping.
20/06/2014 11:03:52 (Info) 	Factory for 'Falagard/ToggleButton' appears to be  already registered, skipping.
20/06/2014 11:03:52 (Info) 	Factory for 'Falagard/Tooltip' appears to be  already registered, skipping.
20/06/2014 11:03:52 (Info) 	Factory for 'Falagard/ItemListbox' appears to be  already registered, skipping.
20/06/2014 11:03:52 (Info) 	Factory for 'Falagard/Tree' appears to be  already registered, skipping.
20/06/2014 11:03:52 (Std) 	Creating falagard mapping for type 'OgreTray/Button' using base type 'CEGUI/PushButton', window renderer 'Falagard/Button' Look'N'Feel 'OgreTray/PushButton' and RenderEffect ''. (002CB49C)
20/06/2014 11:03:52 (Std) 	Creating falagard mapping for type 'OgreTray/Titlebar' using base type 'CEGUI/Titlebar', window renderer 'Falagard/Titlebar' Look'N'Feel 'OgreTray/Titlebar' and RenderEffect ''. (002CB49C)
20/06/2014 11:03:52 (Std) 	Creating falagard mapping for type 'OgreTray/FrameWindow' using base type 'CEGUI/FrameWindow', window renderer 'Falagard/FrameWindow' Look'N'Feel 'OgreTray/FrameWindow' and RenderEffect ''. (002CB49C)
20/06/2014 11:03:52 (Std) 	Creating falagard mapping for type 'OgreTray/Thumb' using base type 'CEGUI/Thumb', window renderer 'Falagard/Button' Look'N'Feel 'OgreTray/Thumb' and RenderEffect ''. (002CB49C)
20/06/2014 11:03:52 (Std) 	Creating falagard mapping for type 'OgreTray/VerticalScrollbar' using base type 'CEGUI/Scrollbar', window renderer 'Falagard/Scrollbar' Look'N'Feel 'OgreTray/VerticalScrollbar' and RenderEffect ''. (002CB49C)
20/06/2014 11:03:52 (Std) 	Creating falagard mapping for type 'OgreTray/HorizontalScrollbar' using base type 'CEGUI/Scrollbar', window renderer 'Falagard/Scrollbar' Look'N'Feel 'OgreTray/HorizontalScrollbar' and RenderEffect ''. (002CB49C)
20/06/2014 11:03:52 (Std) 	Creating falagard mapping for type 'OgreTray/StaticText' using base type 'DefaultWindow', window renderer 'Falagard/StaticText' Look'N'Feel 'OgreTray/StaticText' and RenderEffect ''. (002CB49C)
20/06/2014 11:03:52 (Std) 	Creating falagard mapping for type 'OgreTray/Title' using base type 'DefaultWindow', window renderer 'Falagard/Default' Look'N'Feel 'OgreTray/MiniTray' and RenderEffect ''. (002CB49C)
20/06/2014 11:03:52 (Std) 	Creating falagard mapping for type 'OgreTray/CaptionedStaticText' using base type 'DefaultWindow', window renderer 'Falagard/StaticText' Look'N'Feel 'OgreTray/CaptionedStaticText' and RenderEffect ''. (002CB49C)
20/06/2014 11:03:52 (Std) 	Creating falagard mapping for type 'OgreTray/ProgressBar' using base type 'CEGUI/ProgressBar', window renderer 'Falagard/ProgressBar' Look'N'Feel 'OgreTray/ProgressBar' and RenderEffect ''. (002CB49C)
20/06/2014 11:03:52 (Std) 	Creating falagard mapping for type 'OgreTray/Editbox' using base type 'CEGUI/Editbox', window renderer 'Falagard/Editbox' Look'N'Feel 'OgreTray/Editbox' and RenderEffect ''. (002CB49C)
20/06/2014 11:03:52 (Std) 	Creating falagard mapping for type 'OgreTray/MultiLineEditbox' using base type 'CEGUI/MultiLineEditbox', window renderer 'Falagard/MultiLineEditbox' Look'N'Feel 'OgreTray/MultiLineEditbox' and RenderEffect ''. (002CB49C)
20/06/2014 11:03:52 (Std) 	Creating falagard mapping for type 'OgreTray/Listbox' using base type 'CEGUI/Listbox', window renderer 'Falagard/Listbox' Look'N'Feel 'OgreTray/Listbox' and RenderEffect ''. (002CB49C)
20/06/2014 11:03:52 (Std) 	Creating falagard mapping for type 'OgreTray/ComboDropList' using base type 'CEGUI/ComboDropList', window renderer 'Falagard/Listbox' Look'N'Feel 'OgreTray/Listbox' and RenderEffect ''. (002CB49C)
20/06/2014 11:03:52 (Std) 	Creating falagard mapping for type 'OgreTray/Combobox' using base type 'CEGUI/Combobox', window renderer 'Falagard/Default' Look'N'Feel 'OgreTray/Combobox' and RenderEffect ''. (002CB49C)
20/06/2014 11:03:52 (Std) 	Creating falagard mapping for type 'OgreTray/DropDownMenu' using base type 'CEGUI/Combobox', window renderer 'Falagard/Default' Look'N'Feel 'OgreTray/DropDownMenu' and RenderEffect ''. (002CB49C)
20/06/2014 11:03:52 (Std) 	Creating falagard mapping for type 'OgreTray/Group' using base type 'DefaultWindow', window renderer 'Falagard/Default' Look'N'Feel 'OgreTray/Group' and RenderEffect ''. (002CB49C)
20/06/2014 11:03:52 (Std) 	Creating falagard mapping for type 'OgreTray/Checkbox' using base type 'CEGUI/Checkbox', window renderer 'Falagard/ToggleButton' Look'N'Feel 'OgreTray/Checkbox' and RenderEffect ''. (002CB49C)
20/06/2014 11:03:52 (Std) 	Creating falagard mapping for type 'OgreTray/RadioButton' using base type 'CEGUI/RadioButton', window renderer 'Falagard/ToggleButton' Look'N'Feel 'OgreTray/RadioButton' and RenderEffect ''. (002CB49C)
20/06/2014 11:03:52 (Std) 	Creating falagard mapping for type 'OgreTray/Slider' using base type 'CEGUI/Slider', window renderer 'Falagard/Slider' Look'N'Feel 'OgreTray/Slider' and RenderEffect ''. (002CB49C)
20/06/2014 11:03:52 (Std) 	Creating falagard mapping for type 'OgreTray/StaticImage' using base type 'DefaultWindow', window renderer 'Falagard/StaticImage' Look'N'Feel 'OgreTray/StaticImage' and RenderEffect ''. (002CB49C)
20/06/2014 11:03:52 (Std) 	Creating falagard mapping for type 'OgreTray/AltStaticImage' using base type 'DefaultWindow', window renderer 'Falagard/Default' Look'N'Feel 'OgreTray/AltStaticImage' and RenderEffect ''. (002CB49C)
20/06/2014 11:03:52 (Std) 	Creating falagard mapping for type 'OgreTray/Tooltip' using base type 'CEGUI/Tooltip', window renderer 'Falagard/Tooltip' Look'N'Feel 'OgreTray/Tooltip' and RenderEffect ''. (002CB49C)
20/06/2014 11:03:52 (Std) 	Creating falagard mapping for type 'OgreTray/ItemListbox' using base type 'CEGUI/ItemListbox', window renderer 'Falagard/ItemListbox' Look'N'Feel 'OgreTray/ItemListbox' and RenderEffect ''. (002CB49C)
20/06/2014 11:03:52 (Std) 	Creating falagard mapping for type 'OgreTray/ListboxItem' using base type 'CEGUI/ItemEntry', window renderer 'Falagard/ItemEntry' Look'N'Feel 'OgreTray/ListboxItem' and RenderEffect ''. (002CB49C)
20/06/2014 11:03:52 (Std) 	Creating falagard mapping for type 'OgreTray/Spinner' using base type 'CEGUI/Spinner', window renderer 'Falagard/Default' Look'N'Feel 'OgreTray/Spinner' and RenderEffect ''. (002CB49C)
20/06/2014 11:03:52 (Std) 	Creating falagard mapping for type 'OgreTray/ScrollablePane' using base type 'CEGUI/ScrollablePane', window renderer 'Falagard/ScrollablePane' Look'N'Feel 'OgreTray/ScrollablePane' and RenderEffect ''. (002CB49C)
20/06/2014 11:03:52 (Std) 	Creating falagard mapping for type 'OgreTray/ListHeaderSegment' using base type 'CEGUI/ListHeaderSegment', window renderer 'Falagard/ListHeaderSegment' Look'N'Feel 'OgreTray/ListHeaderSegment' and RenderEffect ''. (002CB49C)
20/06/2014 11:03:52 (Std) 	Creating falagard mapping for type 'OgreTray/ListHeader' using base type 'CEGUI/ListHeader', window renderer 'Falagard/ListHeader' Look'N'Feel 'OgreTray/ListHeader' and RenderEffect ''. (002CB49C)
20/06/2014 11:03:52 (Std) 	Creating falagard mapping for type 'OgreTray/MultiColumnList' using base type 'CEGUI/MultiColumnList', window renderer 'Falagard/MultiColumnList' Look'N'Feel 'OgreTray/MultiColumnList' and RenderEffect ''. (002CB49C)
20/06/2014 11:03:52 (Std) 	Creating falagard mapping for type 'OgreTray/MenuItem' using base type 'CEGUI/MenuItem', window renderer 'Falagard/MenuItem' Look'N'Feel 'OgreTray/MenuItem' and RenderEffect ''. (002CB49C)
20/06/2014 11:03:52 (Std) 	Creating falagard mapping for type 'OgreTray/Menubar' using base type 'CEGUI/Menubar', window renderer 'Falagard/Menubar' Look'N'Feel 'OgreTray/Menubar' and RenderEffect ''. (002CB49C)
20/06/2014 11:03:52 (Std) 	Creating falagard mapping for type 'OgreTray/PopupMenu' using base type 'CEGUI/PopupMenu', window renderer 'Falagard/PopupMenu' Look'N'Feel 'OgreTray/PopupMenu' and RenderEffect ''. (002CB49C)
20/06/2014 11:03:52 (Std) 	Creating falagard mapping for type 'OgreTray/TabButton' using base type 'CEGUI/TabButton', window renderer 'Falagard/TabButton' Look'N'Feel 'OgreTray/TabButton' and RenderEffect ''. (002CB49C)
20/06/2014 11:03:52 (Std) 	Creating falagard mapping for type 'OgreTray/TabButtonPane' using base type 'DefaultWindow', window renderer 'Falagard/Default' Look'N'Feel 'OgreTray/TabButtonPane' and RenderEffect ''. (002CB49C)
20/06/2014 11:03:52 (Std) 	Creating falagard mapping for type 'OgreTray/TabContentPane' using base type 'DefaultWindow', window renderer 'Falagard/Default' Look'N'Feel 'OgreTray/TabContentPane' and RenderEffect ''. (002CB49C)
20/06/2014 11:03:52 (Std) 	Creating falagard mapping for type 'OgreTray/TabControl' using base type 'CEGUI/TabControl', window renderer 'Falagard/TabControl' Look'N'Feel 'OgreTray/TabControl' and RenderEffect ''. (002CB49C)
20/06/2014 11:03:52 (Std) 	Creating falagard mapping for type 'OgreTray/BG' using base type 'DefaultWindow', window renderer 'Falagard/Default' Look'N'Feel 'OgreTray/BGTest' and RenderEffect ''. (002CB49C)
20/06/2014 11:03:52 (Info) 	---- Resource loading for GUI scheme 'OgreTray' completed ----
20/06/2014 11:03:52 (Std) 	Attempting to create FreeType font 'DefaultFont' using font file 'DejaVuSans.ttf'.
20/06/2014 11:03:52 (Info) 	Successfully loaded 3045 glyphs
20/06/2014 11:03:52 (Std) 	Started creation of Font from XML specification:
20/06/2014 11:03:52 (Std) 	---- CEGUI font name: Batang-26
20/06/2014 11:03:52 (Std) 	----       Font type: FreeType
20/06/2014 11:03:52 (Std) 	----     Source file: batang.ttf in resource group: (Default)
20/06/2014 11:03:52 (Std) 	---- Real point size: 26
20/06/2014 11:03:54 (Info) 	Successfully loaded 17237 glyphs
20/06/2014 11:03:54 (Info) 	Finished creation of Font 'Batang-26' via XML file. (0315BC48)
20/06/2014 11:03:54 (Std) 	Started creation of Font from XML specification:
20/06/2014 11:03:54 (Std) 	---- CEGUI font name: DejaVuSans-10
20/06/2014 11:03:54 (Std) 	----       Font type: FreeType
20/06/2014 11:03:54 (Std) 	----     Source file: DejaVuSans.ttf in resource group: (Default)
20/06/2014 11:03:54 (Std) 	---- Real point size: 10
20/06/2014 11:03:54 (Info) 	Successfully loaded 3045 glyphs
20/06/2014 11:03:54 (Info) 	Finished creation of Font 'DejaVuSans-10' via XML file. (07945CA0)
20/06/2014 11:03:54 (Std) 	---- Returning existing instance of Font named 'DejaVuSans-10'.
20/06/2014 11:03:54 (Std) 	Started creation of Font from XML specification:
20/06/2014 11:03:54 (Std) 	---- CEGUI font name: FairChar-30
20/06/2014 11:03:54 (Std) 	----       Font type: Pixmap
20/06/2014 11:03:54 (Std) 	----     Source file: FairChar.imageset in resource group: (Default)
20/06/2014 11:03:54 (Std) 	Started creation of Imageset from XML specification:
20/06/2014 11:03:54 (Std) 	---- CEGUI Imageset name: FairChar
20/06/2014 11:03:54 (Std) 	---- Source texture file: FairChar.tga in resource group: (Default)
20/06/2014 11:03:54 (Info) 	Finished creation of Imageset 'FairChar' via XML file. (07782558)
20/06/2014 11:03:54 (Info) 	Finished creation of Font 'FairChar-30' via XML file. (07728240)
20/06/2014 11:03:54 (Std) 	Started creation of Font from XML specification:
20/06/2014 11:03:54 (Std) 	---- CEGUI font name: fkp-16
20/06/2014 11:03:54 (Std) 	----       Font type: FreeType
20/06/2014 11:03:54 (Std) 	----     Source file: fkp.de.pcf in resource group: (Default)
20/06/2014 11:03:54 (Std) 	---- Real point size: 16
20/06/2014 11:03:54 (Info) 	Successfully loaded 256 glyphs
20/06/2014 11:03:54 (Info) 	Finished creation of Font 'fkp-16' via XML file. (07712160)
20/06/2014 11:03:54 (Std) 	Started creation of Font from XML specification:
20/06/2014 11:03:54 (Std) 	---- CEGUI font name: test_chinese_fnt
20/06/2014 11:03:54 (Std) 	----       Font type: FreeType
20/06/2014 11:03:54 (Std) 	----     Source file: simhei.ttf in resource group: (Default)
20/06/2014 11:03:54 (Std) 	---- Real point size: 12
20/06/2014 11:03:57 (Info) 	Successfully loaded 28522 glyphs
20/06/2014 11:03:57 (Info) 	Finished creation of Font 'test_chinese_fnt' via XML file. (077142D0)
20/06/2014 11:03:57 (Std) 	Attempting to create Imageset 'BackgroundImage' using image file 'GPN-2000-001437.tga'.
20/06/2014 11:03:57 (Info) 	Window '__cewin_uid_0' of type 'TaharezLook/StaticImage' has been created. (077E7568)
20/06/2014 11:03:57 (Info) 	Assigning the window renderer 'Falagard/StaticImage' to the window '__cewin_uid_0'
20/06/2014 11:03:57 (Info) 	Assigning LookNFeel 'TaharezLook/StaticImage' to window '__cewin_uid_0'.
20/06/2014 11:03:57 (Info) 	---- Beginning loading of GUI layout from 'FontDemo.layout' ----
20/06/2014 11:03:57 (Info) 	Window 'CEGUI::System::default__auto_tooltip__' of type 'TaharezLook/Tooltip' has been created. (0799AE88)
20/06/2014 11:03:57 (Info) 	Assigning the window renderer 'Falagard/Tooltip' to the window 'CEGUI::System::default__auto_tooltip__'
20/06/2014 11:03:57 (Info) 	Assigning LookNFeel 'TaharezLook/Tooltip' to window 'CEGUI::System::default__auto_tooltip__'.
20/06/2014 11:03:57 (Info) 	Window 'root' of type 'DefaultGUISheet' has been created. (07A96A38)
20/06/2014 11:03:57 (Info) 	Window 'FontDemo/Window' of type 'TaharezLook/FrameWindow' has been created. (079A3468)
20/06/2014 11:03:57 (Info) 	Assigning the window renderer 'Falagard/FrameWindow' to the window 'FontDemo/Window'
20/06/2014 11:03:57 (Info) 	Assigning LookNFeel 'TaharezLook/FrameWindow' to window 'FontDemo/Window'.
20/06/2014 11:03:57 (Info) 	Window 'FontDemo/Window__auto_titlebar__' of type 'TaharezLook/Titlebar' has been created. (079A5A58)
20/06/2014 11:03:57 (Info) 	Assigning the window renderer 'Falagard/Titlebar' to the window 'FontDemo/Window__auto_titlebar__'
20/06/2014 11:03:57 (Info) 	Assigning LookNFeel 'TaharezLook/Titlebar' to window 'FontDemo/Window__auto_titlebar__'.
20/06/2014 11:03:57 (Info) 	Window 'FontDemo/Window__auto_closebutton__' of type 'TaharezLook/ImageButton' has been created. (079AA040)
20/06/2014 11:03:57 (Info) 	Assigning the window renderer 'Falagard/Button' to the window 'FontDemo/Window__auto_closebutton__'
20/06/2014 11:03:57 (Info) 	Assigning LookNFeel 'TaharezLook/ImageButton' to window 'FontDemo/Window__auto_closebutton__'.
20/06/2014 11:03:57 (Info) 	Window 'FontDemo/FontSample' of type 'TaharezLook/MultiLineEditbox' has been created. (079AC608)
20/06/2014 11:03:57 (Info) 	Assigning the window renderer 'Falagard/MultiLineEditbox' to the window 'FontDemo/FontSample'
20/06/2014 11:03:57 (Info) 	Assigning LookNFeel 'TaharezLook/MultiLineEditbox' to window 'FontDemo/FontSample'.
20/06/2014 11:03:57 (Info) 	Window 'FontDemo/FontSample__auto_hscrollbar__' of type 'TaharezLook/HorizontalScrollbar' has been created. (09298068)
20/06/2014 11:03:57 (Info) 	Assigning the window renderer 'Falagard/Scrollbar' to the window 'FontDemo/FontSample__auto_hscrollbar__'
20/06/2014 11:03:57 (Info) 	Assigning LookNFeel 'TaharezLook/HorizontalScrollbar' to window 'FontDemo/FontSample__auto_hscrollbar__'.
20/06/2014 11:03:57 (Info) 	Window 'FontDemo/FontSample__auto_hscrollbar____auto_incbtn__' of type 'TaharezLook/ImageButton' has been created. (0929A648)
20/06/2014 11:03:57 (Info) 	Assigning the window renderer 'Falagard/Button' to the window 'FontDemo/FontSample__auto_hscrollbar____auto_incbtn__'
20/06/2014 11:03:57 (Info) 	Assigning LookNFeel 'TaharezLook/ImageButton' to window 'FontDemo/FontSample__auto_hscrollbar____auto_incbtn__'.
20/06/2014 11:03:57 (Info) 	Window 'FontDemo/FontSample__auto_hscrollbar____auto_decbtn__' of type 'TaharezLook/ImageButton' has been created. (092A0C10)
20/06/2014 11:03:57 (Info) 	Assigning the window renderer 'Falagard/Button' to the window 'FontDemo/FontSample__auto_hscrollbar____auto_decbtn__'
20/06/2014 11:03:57 (Info) 	Assigning LookNFeel 'TaharezLook/ImageButton' to window 'FontDemo/FontSample__auto_hscrollbar____auto_decbtn__'.
20/06/2014 11:03:57 (Info) 	Window 'FontDemo/FontSample__auto_hscrollbar____auto_thumb__' of type 'TaharezLook/HorizontalScrollbarThumb' has been created. (092AB1D8)
20/06/2014 11:03:57 (Info) 	Assigning the window renderer 'Falagard/Button' to the window 'FontDemo/FontSample__auto_hscrollbar____auto_thumb__'
20/06/2014 11:03:57 (Info) 	Assigning LookNFeel 'TaharezLook/HorizontalScrollbarThumb' to window 'FontDemo/FontSample__auto_hscrollbar____auto_thumb__'.
20/06/2014 11:03:57 (Info) 	Window 'FontDemo/FontSample__auto_vscrollbar__' of type 'TaharezLook/VerticalScrollbar' has been created. (092B5FC0)
20/06/2014 11:03:57 (Info) 	Assigning the window renderer 'Falagard/Scrollbar' to the window 'FontDemo/FontSample__auto_vscrollbar__'
20/06/2014 11:03:57 (Info) 	Assigning LookNFeel 'TaharezLook/VerticalScrollbar' to window 'FontDemo/FontSample__auto_vscrollbar__'.
20/06/2014 11:03:57 (Info) 	Window 'FontDemo/FontSample__auto_vscrollbar____auto_incbtn__' of type 'TaharezLook/ImageButton' has been created. (092BA5A0)
20/06/2014 11:03:57 (Info) 	Assigning the window renderer 'Falagard/Button' to the window 'FontDemo/FontSample__auto_vscrollbar____auto_incbtn__'
20/06/2014 11:03:57 (Info) 	Assigning LookNFeel 'TaharezLook/ImageButton' to window 'FontDemo/FontSample__auto_vscrollbar____auto_incbtn__'.
20/06/2014 11:03:57 (Info) 	Window 'FontDemo/FontSample__auto_vscrollbar____auto_decbtn__' of type 'TaharezLook/ImageButton' has been created. (092BEB68)
20/06/2014 11:03:57 (Info) 	Assigning the window renderer 'Falagard/Button' to the window 'FontDemo/FontSample__auto_vscrollbar____auto_decbtn__'
20/06/2014 11:03:57 (Info) 	Assigning LookNFeel 'TaharezLook/ImageButton' to window 'FontDemo/FontSample__auto_vscrollbar____auto_decbtn__'.
20/06/2014 11:03:57 (Info) 	Window 'FontDemo/FontSample__auto_vscrollbar____auto_thumb__' of type 'TaharezLook/VerticalScrollbarThumb' has been created. (092CB130)
20/06/2014 11:03:57 (Info) 	Assigning the window renderer 'Falagard/Button' to the window 'FontDemo/FontSample__auto_vscrollbar____auto_thumb__'
20/06/2014 11:03:57 (Info) 	Assigning LookNFeel 'TaharezLook/VerticalScrollbarThumb' to window 'FontDemo/FontSample__auto_vscrollbar____auto_thumb__'.
20/06/2014 11:03:57 (Std) 	Attempting to create Imageset 'DefaultFont_auto_glyph_images_ ' with texture only.
20/06/2014 11:03:57 (Info) 	Window 'FontDemo/LangList' of type 'TaharezLook/Listbox' has been created. (0932F748)
20/06/2014 11:03:57 (Info) 	Assigning the window renderer 'Falagard/Listbox' to the window 'FontDemo/LangList'
20/06/2014 11:03:57 (Info) 	Assigning LookNFeel 'TaharezLook/Listbox' to window 'FontDemo/LangList'.
20/06/2014 11:03:57 (Info) 	Window 'FontDemo/LangList__auto_hscrollbar__' of type 'TaharezLook/HorizontalScrollbar' has been created. (09337D30)
20/06/2014 11:03:57 (Info) 	Assigning the window renderer 'Falagard/Scrollbar' to the window 'FontDemo/LangList__auto_hscrollbar__'
20/06/2014 11:03:57 (Info) 	Assigning LookNFeel 'TaharezLook/HorizontalScrollbar' to window 'FontDemo/LangList__auto_hscrollbar__'.
20/06/2014 11:03:57 (Info) 	Window 'FontDemo/LangList__auto_hscrollbar____auto_incbtn__' of type 'TaharezLook/ImageButton' has been created. (09338310)
20/06/2014 11:03:57 (Info) 	Assigning the window renderer 'Falagard/Button' to the window 'FontDemo/LangList__auto_hscrollbar____auto_incbtn__'
20/06/2014 11:03:57 (Info) 	Assigning LookNFeel 'TaharezLook/ImageButton' to window 'FontDemo/LangList__auto_hscrollbar____auto_incbtn__'.
20/06/2014 11:03:57 (Info) 	Window 'FontDemo/LangList__auto_hscrollbar____auto_decbtn__' of type 'TaharezLook/ImageButton' has been created. (093448D8)
20/06/2014 11:03:57 (Info) 	Assigning the window renderer 'Falagard/Button' to the window 'FontDemo/LangList__auto_hscrollbar____auto_decbtn__'
20/06/2014 11:03:57 (Info) 	Assigning LookNFeel 'TaharezLook/ImageButton' to window 'FontDemo/LangList__auto_hscrollbar____auto_decbtn__'.
20/06/2014 11:03:57 (Info) 	Window 'FontDemo/LangList__auto_hscrollbar____auto_thumb__' of type 'TaharezLook/HorizontalScrollbarThumb' has been created. (09344EA0)
20/06/2014 11:03:57 (Info) 	Assigning the window renderer 'Falagard/Button' to the window 'FontDemo/LangList__auto_hscrollbar____auto_thumb__'
20/06/2014 11:03:57 (Info) 	Assigning LookNFeel 'TaharezLook/HorizontalScrollbarThumb' to window 'FontDemo/LangList__auto_hscrollbar____auto_thumb__'.
20/06/2014 11:03:57 (Info) 	Window 'FontDemo/LangList__auto_vscrollbar__' of type 'TaharezLook/VerticalScrollbar' has been created. (09345488)
20/06/2014 11:03:57 (Info) 	Assigning the window renderer 'Falagard/Scrollbar' to the window 'FontDemo/LangList__auto_vscrollbar__'
20/06/2014 11:03:57 (Info) 	Assigning LookNFeel 'TaharezLook/VerticalScrollbar' to window 'FontDemo/LangList__auto_vscrollbar__'.
20/06/2014 11:03:57 (Info) 	Window 'FontDemo/LangList__auto_vscrollbar____auto_incbtn__' of type 'TaharezLook/ImageButton' has been created. (09345A68)
20/06/2014 11:03:57 (Info) 	Assigning the window renderer 'Falagard/Button' to the window 'FontDemo/LangList__auto_vscrollbar____auto_incbtn__'
20/06/2014 11:03:57 (Info) 	Assigning LookNFeel 'TaharezLook/ImageButton' to window 'FontDemo/LangList__auto_vscrollbar____auto_incbtn__'.
20/06/2014 11:03:57 (Info) 	Window 'FontDemo/LangList__auto_vscrollbar____auto_decbtn__' of type 'TaharezLook/ImageButton' has been created. (09346030)
20/06/2014 11:03:57 (Info) 	Assigning the window renderer 'Falagard/Button' to the window 'FontDemo/LangList__auto_vscrollbar____auto_decbtn__'
20/06/2014 11:03:57 (Info) 	Assigning LookNFeel 'TaharezLook/ImageButton' to window 'FontDemo/LangList__auto_vscrollbar____auto_decbtn__'.
20/06/2014 11:03:57 (Info) 	Window 'FontDemo/LangList__auto_vscrollbar____auto_thumb__' of type 'TaharezLook/VerticalScrollbarThumb' has been created. (093465F8)
20/06/2014 11:03:57 (Info) 	Assigning the window renderer 'Falagard/Button' to the window 'FontDemo/LangList__auto_vscrollbar____auto_thumb__'
20/06/2014 11:03:57 (Info) 	Assigning LookNFeel 'TaharezLook/VerticalScrollbarThumb' to window 'FontDemo/LangList__auto_vscrollbar____auto_thumb__'.
20/06/2014 11:03:57 (Info) 	Window 'FontDemo/FontList' of type 'TaharezLook/Listbox' has been created. (093473E0)
20/06/2014 11:03:57 (Info) 	Assigning the window renderer 'Falagard/Listbox' to the window 'FontDemo/FontList'
20/06/2014 11:03:57 (Info) 	Assigning LookNFeel 'TaharezLook/Listbox' to window 'FontDemo/FontList'.
20/06/2014 11:03:57 (Info) 	Window 'FontDemo/FontList__auto_hscrollbar__' of type 'TaharezLook/HorizontalScrollbar' has been created. (093479C8)
20/06/2014 11:03:57 (Info) 	Assigning the window renderer 'Falagard/Scrollbar' to the window 'FontDemo/FontList__auto_hscrollbar__'
20/06/2014 11:03:57 (Info) 	Assigning LookNFeel 'TaharezLook/HorizontalScrollbar' to window 'FontDemo/FontList__auto_hscrollbar__'.
20/06/2014 11:03:57 (Info) 	Window 'FontDemo/FontList__auto_hscrollbar____auto_incbtn__' of type 'TaharezLook/ImageButton' has been created. (092EFB18)
20/06/2014 11:03:57 (Info) 	Assigning the window renderer 'Falagard/Button' to the window 'FontDemo/FontList__auto_hscrollbar____auto_incbtn__'
20/06/2014 11:03:57 (Info) 	Assigning LookNFeel 'TaharezLook/ImageButton' to window 'FontDemo/FontList__auto_hscrollbar____auto_incbtn__'.
20/06/2014 11:03:57 (Info) 	Window 'FontDemo/FontList__auto_hscrollbar____auto_decbtn__' of type 'TaharezLook/ImageButton' has been created. (092F00E0)
20/06/2014 11:03:57 (Info) 	Assigning the window renderer 'Falagard/Button' to the window 'FontDemo/FontList__auto_hscrollbar____auto_decbtn__'
20/06/2014 11:03:57 (Info) 	Assigning LookNFeel 'TaharezLook/ImageButton' to window 'FontDemo/FontList__auto_hscrollbar____auto_decbtn__'.
20/06/2014 11:03:57 (Info) 	Window 'FontDemo/FontList__auto_hscrollbar____auto_thumb__' of type 'TaharezLook/HorizontalScrollbarThumb' has been created. (092F86A8)
20/06/2014 11:03:57 (Info) 	Assigning the window renderer 'Falagard/Button' to the window 'FontDemo/FontList__auto_hscrollbar____auto_thumb__'
20/06/2014 11:03:57 (Info) 	Assigning LookNFeel 'TaharezLook/HorizontalScrollbarThumb' to window 'FontDemo/FontList__auto_hscrollbar____auto_thumb__'.
20/06/2014 11:03:57 (Info) 	Window 'FontDemo/FontList__auto_vscrollbar__' of type 'TaharezLook/VerticalScrollbar' has been created. (092F8C90)
20/06/2014 11:03:57 (Info) 	Assigning the window renderer 'Falagard/Scrollbar' to the window 'FontDemo/FontList__auto_vscrollbar__'
20/06/2014 11:03:57 (Info) 	Assigning LookNFeel 'TaharezLook/VerticalScrollbar' to window 'FontDemo/FontList__auto_vscrollbar__'.
20/06/2014 11:03:57 (Info) 	Window 'FontDemo/FontList__auto_vscrollbar____auto_incbtn__' of type 'TaharezLook/ImageButton' has been created. (09309270)
20/06/2014 11:03:57 (Info) 	Assigning the window renderer 'Falagard/Button' to the window 'FontDemo/FontList__auto_vscrollbar____auto_incbtn__'
20/06/2014 11:03:57 (Info) 	Assigning LookNFeel 'TaharezLook/ImageButton' to window 'FontDemo/FontList__auto_vscrollbar____auto_incbtn__'.
20/06/2014 11:03:57 (Info) 	Window 'FontDemo/FontList__auto_vscrollbar____auto_decbtn__' of type 'TaharezLook/ImageButton' has been created. (09309838)
20/06/2014 11:03:57 (Info) 	Assigning the window renderer 'Falagard/Button' to the window 'FontDemo/FontList__auto_vscrollbar____auto_decbtn__'
20/06/2014 11:03:57 (Info) 	Assigning LookNFeel 'TaharezLook/ImageButton' to window 'FontDemo/FontList__auto_vscrollbar____auto_decbtn__'.
20/06/2014 11:03:57 (Info) 	Window 'FontDemo/FontList__auto_vscrollbar____auto_thumb__' of type 'TaharezLook/VerticalScrollbarThumb' has been created. (09309E00)
20/06/2014 11:03:57 (Info) 	Assigning the window renderer 'Falagard/Button' to the window 'FontDemo/FontList__auto_vscrollbar____auto_thumb__'
20/06/2014 11:03:57 (Info) 	Assigning LookNFeel 'TaharezLook/VerticalScrollbarThumb' to window 'FontDemo/FontList__auto_vscrollbar____auto_thumb__'.
20/06/2014 11:03:57 (Info) 	Window 'FontDemo/FontDesc' of type 'TaharezLook/StaticText' has been created. (0930A770)
20/06/2014 11:03:57 (Info) 	Assigning the window renderer 'Falagard/StaticText' to the window 'FontDemo/FontDesc'
20/06/2014 11:03:57 (Info) 	Assigning LookNFeel 'TaharezLook/StaticText' to window 'FontDemo/FontDesc'.
20/06/2014 11:03:57 (Info) 	Window 'FontDemo/FontDesc__auto_hscrollbar__' of type 'TaharezLook/HorizontalScrollbar' has been created. (0930AD38)
20/06/2014 11:03:57 (Info) 	Assigning the window renderer 'Falagard/Scrollbar' to the window 'FontDemo/FontDesc__auto_hscrollbar__'
20/06/2014 11:03:57 (Info) 	Assigning LookNFeel 'TaharezLook/HorizontalScrollbar' to window 'FontDemo/FontDesc__auto_hscrollbar__'.
20/06/2014 11:03:57 (Info) 	Window 'FontDemo/FontDesc__auto_hscrollbar____auto_incbtn__' of type 'TaharezLook/ImageButton' has been created. (07A9D008)
20/06/2014 11:03:57 (Info) 	Assigning the window renderer 'Falagard/Button' to the window 'FontDemo/FontDesc__auto_hscrollbar____auto_incbtn__'
20/06/2014 11:03:57 (Info) 	Assigning LookNFeel 'TaharezLook/ImageButton' to window 'FontDemo/FontDesc__auto_hscrollbar____auto_incbtn__'.
20/06/2014 11:03:57 (Info) 	Window 'FontDemo/FontDesc__auto_hscrollbar____auto_decbtn__' of type 'TaharezLook/ImageButton' has been created. (0773ABF8)
20/06/2014 11:03:57 (Info) 	Assigning the window renderer 'Falagard/Button' to the window 'FontDemo/FontDesc__auto_hscrollbar____auto_decbtn__'
20/06/2014 11:03:57 (Info) 	Assigning LookNFeel 'TaharezLook/ImageButton' to window 'FontDemo/FontDesc__auto_hscrollbar____auto_decbtn__'.
20/06/2014 11:03:57 (Info) 	Window 'FontDemo/FontDesc__auto_hscrollbar____auto_thumb__' of type 'TaharezLook/HorizontalScrollbarThumb' has been created. (07A9F5D0)
20/06/2014 11:03:57 (Info) 	Assigning the window renderer 'Falagard/Button' to the window 'FontDemo/FontDesc__auto_hscrollbar____auto_thumb__'
20/06/2014 11:03:57 (Info) 	Assigning LookNFeel 'TaharezLook/HorizontalScrollbarThumb' to window 'FontDemo/FontDesc__auto_hscrollbar____auto_thumb__'.
20/06/2014 11:03:57 (Info) 	Window 'FontDemo/FontDesc__auto_vscrollbar__' of type 'TaharezLook/VerticalScrollbar' has been created. (0936A7A8)
20/06/2014 11:03:57 (Info) 	Assigning the window renderer 'Falagard/Scrollbar' to the window 'FontDemo/FontDesc__auto_vscrollbar__'
20/06/2014 11:03:57 (Info) 	Assigning LookNFeel 'TaharezLook/VerticalScrollbar' to window 'FontDemo/FontDesc__auto_vscrollbar__'.
20/06/2014 11:03:57 (Info) 	Window 'FontDemo/FontDesc__auto_vscrollbar____auto_incbtn__' of type 'TaharezLook/ImageButton' has been created. (0773A630)
20/06/2014 11:03:57 (Info) 	Assigning the window renderer 'Falagard/Button' to the window 'FontDemo/FontDesc__auto_vscrollbar____auto_incbtn__'
20/06/2014 11:03:57 (Info) 	Assigning LookNFeel 'TaharezLook/ImageButton' to window 'FontDemo/FontDesc__auto_vscrollbar____auto_incbtn__'.
20/06/2014 11:03:57 (Info) 	Window 'FontDemo/FontDesc__auto_vscrollbar____auto_decbtn__' of type 'TaharezLook/ImageButton' has been created. (0773DA38)
20/06/2014 11:03:57 (Info) 	Assigning the window renderer 'Falagard/Button' to the window 'FontDemo/FontDesc__auto_vscrollbar____auto_decbtn__'
20/06/2014 11:03:57 (Info) 	Assigning LookNFeel 'TaharezLook/ImageButton' to window 'FontDemo/FontDesc__auto_vscrollbar____auto_decbtn__'.
20/06/2014 11:03:57 (Info) 	Window 'FontDemo/FontDesc__auto_vscrollbar____auto_thumb__' of type 'TaharezLook/VerticalScrollbarThumb' has been created. (09378D88)
20/06/2014 11:03:57 (Info) 	Assigning the window renderer 'Falagard/Button' to the window 'FontDemo/FontDesc__auto_vscrollbar____auto_thumb__'
20/06/2014 11:03:57 (Info) 	Assigning LookNFeel 'TaharezLook/VerticalScrollbarThumb' to window 'FontDemo/FontDesc__auto_vscrollbar____auto_thumb__'.
20/06/2014 11:03:57 (Info) 	Window 'FontDemo/AutoScaled' of type 'TaharezLook/Checkbox' has been created. (09389D00)
20/06/2014 11:03:57 (Info) 	Assigning the window renderer 'Falagard/ToggleButton' to the window 'FontDemo/AutoScaled'
20/06/2014 11:03:57 (Info) 	Assigning LookNFeel 'TaharezLook/Checkbox' to window 'FontDemo/AutoScaled'.
20/06/2014 11:03:57 (Info) 	Window 'FontDemo/Antialiased' of type 'TaharezLook/Checkbox' has been created. (09389370)
20/06/2014 11:03:57 (Info) 	Assigning the window renderer 'Falagard/ToggleButton' to the window 'FontDemo/Antialiased'
20/06/2014 11:03:57 (Info) 	Assigning LookNFeel 'TaharezLook/Checkbox' to window 'FontDemo/Antialiased'.
20/06/2014 11:03:57 (Info) 	Window 'FontDemo/PointSize' of type 'TaharezLook/HorizontalScrollbar' has been created. (0938A2D0)
20/06/2014 11:03:57 (Info) 	Assigning the window renderer 'Falagard/Scrollbar' to the window 'FontDemo/PointSize'
20/06/2014 11:03:57 (Info) 	Assigning LookNFeel 'TaharezLook/HorizontalScrollbar' to window 'FontDemo/PointSize'.
20/06/2014 11:03:57 (Info) 	Window 'FontDemo/PointSize__auto_incbtn__' of type 'TaharezLook/ImageButton' has been created. (0773E5C8)
20/06/2014 11:03:57 (Info) 	Assigning the window renderer 'Falagard/Button' to the window 'FontDemo/PointSize__auto_incbtn__'
20/06/2014 11:03:57 (Info) 	Assigning LookNFeel 'TaharezLook/ImageButton' to window 'FontDemo/PointSize__auto_incbtn__'.
20/06/2014 11:03:57 (Info) 	Window 'FontDemo/PointSize__auto_decbtn__' of type 'TaharezLook/ImageButton' has been created. (0773E000)
20/06/2014 11:03:57 (Info) 	Assigning the window renderer 'Falagard/Button' to the window 'FontDemo/PointSize__auto_decbtn__'
20/06/2014 11:03:57 (Info) 	Assigning LookNFeel 'TaharezLook/ImageButton' to window 'FontDemo/PointSize__auto_decbtn__'.
20/06/2014 11:03:57 (Info) 	Window 'FontDemo/PointSize__auto_thumb__' of type 'TaharezLook/HorizontalScrollbarThumb' has been created. (0939D000)
20/06/2014 11:03:57 (Info) 	Assigning the window renderer 'Falagard/Button' to the window 'FontDemo/PointSize__auto_thumb__'
20/06/2014 11:03:57 (Info) 	Assigning LookNFeel 'TaharezLook/HorizontalScrollbarThumb' to window 'FontDemo/PointSize__auto_thumb__'.
20/06/2014 11:03:57 (Std) 	---- Successfully completed loading of GUI layout from 'FontDemo.layout' ----
20/06/2014 11:03:57 (Std) 	Attempting to create Imageset 'DefaultFont_auto_glyph_images_Ѐ' with texture only.
20/06/2014 11:03:57 (Std) 	Attempting to create Imageset 'DefaultFont_auto_glyph_images_Ā' with texture only.
20/06/2014 11:03:57 (Std) 	Attempting to create Imageset 'DefaultFont_auto_glyph_images_Ḁ' with texture only.
20/06/2014 11:03:57 (Std) 	Attempting to create Imageset 'DejaVuSans-10_auto_glyph_images_ ' with texture only.
