18:35:18: Creating resource group General
18:35:18: Creating resource group Internal
18:35:18: Creating resource group Autodetect
18:35:18: SceneManagerFactory for type 'DefaultSceneManager' registered.
18:35:18: Registering ResourceManager for type Material
18:35:18: Registering ResourceManager for type Mesh
18:35:18: Registering ResourceManager for type Skeleton
18:35:18: MovableObjectFactory for type 'ParticleSystem' registered.
18:35:18: OverlayElementFactory for type Panel registered.
18:35:18: OverlayElementFactory for type BorderPanel registered.
18:35:18: OverlayElementFactory for type TextArea registered.
18:35:18: Registering ResourceManager for type Font
18:35:18: ArchiveFactory for archive type FileSystem registered.
18:35:18: ArchiveFactory for archive type Zip registered.
18:35:18: ArchiveFactory for archive type EmbeddedZip registered.
18:35:18: DDS codec registering
18:35:18: FreeImage version: 3.13.1
18:35:18: This program uses FreeImage, a free, open source image library supporting all common bitmap formats. See http://freeimage.sourceforge.net for details
18:35:18: Supported formats: bmp,ico,jpg,jif,jpeg,jpe,jng,koa,iff,lbm,mng,pbm,pbm,pcd,pcx,pgm,pgm,png,ppm,ppm,ras,tga,targa,tif,tiff,wap,wbmp,wbm,psd,cut,xbm,xpm,gif,hdr,g3,sgi,exr,j2k,j2c,jp2,pfm,pct,pict,pic,bay,bmq,cr2,crw,cs1,dc2,dcr,dng,erf,fff,hdr,k25,kdc,mdc,mos,mrw,nef,orf,pef,pxn,raf,raw,rdc,sr2,srf,arw,3fr,cine,ia,kc2,mef,nrw,qtk,rw2,sti,drf,dsc,ptx,cap,iiq,rwz
18:35:18: Registering ResourceManager for type HighLevelGpuProgram
18:35:18: Registering ResourceManager for type Compositor
18:35:18: MovableObjectFactory for type 'Entity' registered.
18:35:18: MovableObjectFactory for type 'Light' registered.
18:35:18: MovableObjectFactory for type 'BillboardSet' registered.
18:35:18: MovableObjectFactory for type 'ManualObject' registered.
18:35:18: MovableObjectFactory for type 'BillboardChain' registered.
18:35:18: MovableObjectFactory for type 'RibbonTrail' registered.
18:35:18: OGRE EXCEPTION(6:FileNotFoundException): 'plugins.cfg' file not found! in ConfigFile::load at ..\..\ogre_src_v1-8-1\OgreMain\src\OgreConfigFile.cpp (line 88)
18:35:18: plugins.cfg not found, automatic plugin loading disabled.
18:35:18: *-*-* OGRE Initialising
18:35:18: *-*-* Version 1.8.1 (Byatis)
18:35:18: OGRE EXCEPTION(6:FileNotFoundException): 'ogre.cfg' file not found! in ConfigFile::load at ..\..\ogre_src_v1-8-1\OgreMain\src\OgreConfigFile.cpp (line 88)
18:35:23: *-*-* OGRE Shutdown
18:35:23: Unregistering ResourceManager for type Compositor
18:35:23: Unregistering ResourceManager for type Font
18:35:23: Unregistering ResourceManager for type Skeleton
18:35:24: Unregistering ResourceManager for type Mesh
18:35:24: Unregistering ResourceManager for type HighLevelGpuProgram
18:35:24: Unregistering ResourceManager for type Material
