e:\mt3\common\ljfm\release.win32\ljfm.lib
e:\mt3\common\ljfm\release.win32\common.obj
e:\mt3\common\ljfm\release.win32\ljfileinfo.obj
e:\mt3\common\ljfm\release.win32\ljfm.obj
e:\mt3\common\ljfm\release.win32\ljfmasync.obj
e:\mt3\common\ljfm\release.win32\ljfmbase.obj
e:\mt3\common\ljfm\release.win32\ljfmfex.obj
e:\mt3\common\ljfm\release.win32\ljfmfs.obj
e:\mt3\common\ljfm\release.win32\ljfmfsmanager.obj
e:\mt3\common\ljfm\release.win32\ljfmimage.obj
e:\mt3\common\ljfm\release.win32\ljfmopen.obj
e:\mt3\common\ljfm\release.win32\ljfmpq.obj
e:\mt3\common\ljfm\release.win32\ljfsfile.obj
e:\mt3\common\ljfm\release.win32\ljfszipfile.obj
e:\mt3\common\ljfm\release.win32\pch.obj
e:\mt3\common\ljfm\release.win32\timelog.obj
e:\mt3\common\ljfm\release.win32\updateengine.obj
e:\mt3\common\ljfm\release.win32\updatemanagerex_win.obj
e:\mt3\common\ljfm\release.win32\ljfm.tlog\cl.command.1.tlog
e:\mt3\common\ljfm\release.win32\ljfm.tlog\cl.read.1.tlog
e:\mt3\common\ljfm\release.win32\ljfm.tlog\lib-link.read.1.tlog
e:\mt3\common\ljfm\release.win32\ljfm.tlog\lib-link.write.1.tlog
e:\mt3\common\ljfm\release.win32\ljfm.tlog\lib.command.1.tlog
