Error: Unable to access jarfile sdkserver.jar
Error: Unable to access jarfile sdkserver.jar
Error: Unable to access jarfile sdkserver.jar
Deprecated attribute "flushFatalTime" in node "nsdb"
Deprecated attribute "flushPeriod" in node "nsdb"
Java HotSpot(TM) 64-Bit Server VM warning: You have loaded library /www/game/common/name_server/libdb_amd64.so which might have disabled stack guard. The VM will try to fix the stack guard now.
It's highly recommended that you fix the library with 'execstack -c <libfile>', or link it with '-z noexecstack'.
Deprecated attribute "flushFatalTime" in node "nsdb"
Deprecated attribute "flushPeriod" in node "nsdb"
Java HotSpot(TM) 64-Bit Server VM warning: You have loaded library /www/game/common/name_server/libdb_amd64.so which might have disabled stack guard. The VM will try to fix the stack guard now.
It's highly recommended that you fix the library with 'execstack -c <libfile>', or link it with '-z noexecstack'.
Exception in thread "main" java.lang.IllegalStateException: java.net.BindException: 地址已在使用
	at mkio.Acceptor.open(Acceptor.java:52)
	at mkio.Manager.open(Manager.java:132)
	at mkio.MkioConf.open(MkioConf.java:28)
	at mkio.Engine.open(Engine.java:84)
	at mkio.Engine.open(Engine.java:56)
	at mkdb.Mkdb.startNetwork(Mkdb.java:245)
	at com.locojoy.ns.Main.main(Main.java:57)
Caused by: java.net.BindException: 地址已在使用
	at sun.nio.ch.Net.bind0(Native Method)
	at sun.nio.ch.Net.bind(Net.java:433)
	at sun.nio.ch.Net.bind(Net.java:425)
	at sun.nio.ch.ServerSocketChannelImpl.bind(ServerSocketChannelImpl.java:223)
	at sun.nio.ch.ServerSocketAdaptor.bind(ServerSocketAdaptor.java:74)
	at mkio.Acceptor.open(Acceptor.java:48)
	... 6 more
start.sh: 行 3: 13778 已杀死               java -cp ./lib/jio.jar:./lib/monkeyking.jar:ns.jar com.locojoy.ns.Main nsdb.xml
Deprecated attribute "flushFatalTime" in node "nsdb"
Deprecated attribute "flushPeriod" in node "nsdb"
Java HotSpot(TM) 64-Bit Server VM warning: You have loaded library /www/game/common/name_server/libdb_amd64.so which might have disabled stack guard. The VM will try to fix the stack guard now.
It's highly recommended that you fix the library with 'execstack -c <libfile>', or link it with '-z noexecstack'.
start.sh: 行 3: 15032 已杀死               java -cp ./lib/jio.jar:./lib/monkeyking.jar:ns.jar com.locojoy.ns.Main nsdb.xml
Deprecated attribute "flushFatalTime" in node "nsdb"
Deprecated attribute "flushPeriod" in node "nsdb"
Java HotSpot(TM) 64-Bit Server VM warning: You have loaded library /www/game/common/name_server/libdb_amd64.so which might have disabled stack guard. The VM will try to fix the stack guard now.
It's highly recommended that you fix the library with 'execstack -c <libfile>', or link it with '-z noexecstack'.
Deprecated attribute "flushFatalTime" in node "nsdb"
Deprecated attribute "flushPeriod" in node "nsdb"
Java HotSpot(TM) 64-Bit Server VM warning: You have loaded library /www/game/common/name_server/libdb_amd64.so which might have disabled stack guard. The VM will try to fix the stack guard now.
It's highly recommended that you fix the library with 'execstack -c <libfile>', or link it with '-z noexecstack'.
start.sh: 行 3:  6583 已杀死               java -cp ./lib/jio.jar:./lib/monkeyking.jar:ns.jar com.locojoy.ns.Main nsdb.xml
Deprecated attribute "flushFatalTime" in node "nsdb"
Deprecated attribute "flushPeriod" in node "nsdb"
Java HotSpot(TM) 64-Bit Server VM warning: You have loaded library /www/game/common/name_server/libdb_amd64.so which might have disabled stack guard. The VM will try to fix the stack guard now.
It's highly recommended that you fix the library with 'execstack -c <libfile>', or link it with '-z noexecstack'.
start.sh: 行 3: 32740 已杀死               java -cp ./lib/jio.jar:./lib/monkeyking.jar:ns.jar com.locojoy.ns.Main nsdb.xml
Deprecated attribute "flushFatalTime" in node "nsdb"
Deprecated attribute "flushPeriod" in node "nsdb"
Java HotSpot(TM) 64-Bit Server VM warning: You have loaded library /home/game/common/name_server/libdb_amd64.so which might have disabled stack guard. The VM will try to fix the stack guard now.
It's highly recommended that you fix the library with 'execstack -c <libfile>', or link it with '-z noexecstack'.
start.sh: 行 3: 96025 已杀死               java -cp ./lib/jio.jar:./lib/monkeyking.jar:ns.jar com.locojoy.ns.Main nsdb.xml
Deprecated attribute "flushFatalTime" in node "nsdb"
Deprecated attribute "flushPeriod" in node "nsdb"
Java HotSpot(TM) 64-Bit Server VM warning: You have loaded library /home/game/common/name_server/libdb_amd64.so which might have disabled stack guard. The VM will try to fix the stack guard now.
It's highly recommended that you fix the library with 'execstack -c <libfile>', or link it with '-z noexecstack'.
start.sh: 行 3: 118850 已杀死               java -cp ./lib/jio.jar:./lib/monkeyking.jar:ns.jar com.locojoy.ns.Main nsdb.xml
Deprecated attribute "flushFatalTime" in node "nsdb"
Deprecated attribute "flushPeriod" in node "nsdb"
Java HotSpot(TM) 64-Bit Server VM warning: You have loaded library /home/game/common/name_server/libdb_amd64.so which might have disabled stack guard. The VM will try to fix the stack guard now.
It's highly recommended that you fix the library with 'execstack -c <libfile>', or link it with '-z noexecstack'.
start.sh: 行 3: 29703 已杀死               java -cp ./lib/jio.jar:./lib/monkeyking.jar:ns.jar com.locojoy.ns.Main nsdb.xml
Deprecated attribute "flushFatalTime" in node "nsdb"
Deprecated attribute "flushPeriod" in node "nsdb"
Java HotSpot(TM) 64-Bit Server VM warning: You have loaded library /home/game/common/name_server/libdb_amd64.so which might have disabled stack guard. The VM will try to fix the stack guard now.
It's highly recommended that you fix the library with 'execstack -c <libfile>', or link it with '-z noexecstack'.
start.sh: 行 3: 80886 已杀死               java -cp ./lib/jio.jar:./lib/monkeyking.jar:ns.jar com.locojoy.ns.Main nsdb.xml
Deprecated attribute "flushFatalTime" in node "nsdb"
Deprecated attribute "flushPeriod" in node "nsdb"
Java HotSpot(TM) 64-Bit Server VM warning: You have loaded library /home/game/common/name_server/libdb_amd64.so which might have disabled stack guard. The VM will try to fix the stack guard now.
It's highly recommended that you fix the library with 'execstack -c <libfile>', or link it with '-z noexecstack'.
