e:\mt3\common\platform\debug.win32\vc120.pdb
e:\mt3\common\platform\debug.win32\platform.lib
e:\mt3\common\platform\debug.win32\corelog.obj
e:\mt3\common\platform\debug.win32\encoder.obj
e:\mt3\common\platform\debug.win32\fileutil.obj
e:\mt3\common\platform\debug.win32\inifile.obj
e:\mt3\common\platform\debug.win32\ksemaphore.obj
e:\mt3\common\platform\debug.win32\pch.obj
e:\mt3\common\platform\debug.win32\platform_types.obj
e:\mt3\common\platform\debug.win32\stringbuilder.obj
e:\mt3\common\platform\debug.win32\stringcover.obj
e:\mt3\common\platform\debug.win32\stringutil.obj
e:\mt3\common\platform\debug.win32\thread.obj
e:\mt3\common\platform\debug.win32\usememory.obj
e:\mt3\common\platform\debug.win32\utils.obj
e:\mt3\common\platform\debug.win32\platform.tlog\cl.command.1.tlog
e:\mt3\common\platform\debug.win32\platform.tlog\cl.read.1.tlog
e:\mt3\common\platform\debug.win32\platform.tlog\cl.write.1.tlog
e:\mt3\common\platform\debug.win32\platform.tlog\lib-link.read.1.tlog
e:\mt3\common\platform\debug.win32\platform.tlog\lib-link.write.1.tlog
e:\mt3\common\platform\debug.win32\platform.tlog\lib.command.1.tlog
